2026-03-20 05:39:51,348 - INFO - 로그 파일이 'log/Sewer_ML_params/baseline_xie2019_l1_20260320_053951/log_20260320_053951.log'에 저장됩니다.
2026-03-20 05:39:51,350 - INFO - ==================================================
2026-03-20 05:39:51,350 - INFO - config.yaml:
2026-03-20 05:39:51,350 - INFO - 
run:
  global_seed: 42
  cuda: true
  mode: train
  pth_best_name: best_model.pth
  only_inference: false
  show_log: true
  dataset:
    name: Sewer_ML_params
    type: csv
    train_split_ratio: 0.8
    paths:
      train_img_dir: /home/tai/workspace/ssd1/data/Sewer/Sewer-ML/train
      valid_img_dir: /home/tai/workspace/ssd1/data/Sewer/Sewer-ML/valid
      test_img_dir: /home/tai/workspace/ssd1/data/Sewer/Sewer-ML/valid
      train_csv: /home/tai/workspace/ssd1/data/Sewer/Sewer-ML/SewerML_Train.csv
      valid_csv: /home/tai/workspace/ssd1/data/Sewer/Sewer-ML/SewerML_Val.csv
      test_csv: /home/tai/workspace/ssd1/data/Sewer/Sewer-ML/SewerML_Val.csv
      img_folder: /home/tai/workspace/ssd1/data/Sewer/Sewer-TAPNEW
  random_sampling_ratio:
    train: 1.0
    valid: 1.0
    test: 1.0
  num_workers: 16
model:
  img_size: 224
  num_patches_per_side: 7
  num_decoder_patches: 1
  num_decoder_layers: 6
  num_heads: 4
  cnn_feature_extractor:
    name: custom32
  encoder_dim: 32
  emb_dim: 32
  adaptive_initial_query: true
  decoder_ff_ratio: 2
  dropout: 0.1
  positional_encoding: true
  drop_path_ratio: 0.2
  visualize_attention: true
  num_plot_attention: 1500
training_main:
  epochs: 10
  batch_size: 256
  pre_trained: false
  optimizer: adamw
  lr: 0.001
  weight_decay: 0.0001
  loss_function: CrossEntropyLoss
  label_smoothing: 0.1
  scheduler: cosineannealinglr
  scheduler_params:
    T_max: 10
    eta_min: 0.0001
  best_model_criterion: val_loss
training_baseline:
  model_name: xie2019
  epochs: 10
  batch_size: 256
  pre_trained: false
  optimizer: adamw
  lr: 0.001
  weight_decay: 0.0001
  loss_function: CrossEntropyLoss
  label_smoothing: 0.1
  scheduler: cosineannealinglr
  scheduler_params:
    T_max: 10
    eta_min: 0.0001
  best_model_criterion: val_loss
finetuning_pruned:
  epochs: 80
  batch_size: 256
  optimizer: adamw
  lr: 0.001
  weight_decay: 0.0001
  loss_function: CrossEntropyLoss
  label_smoothing: 0.1
  scheduler: cosineannealinglr
  scheduler_params:
    T_max: 80
    eta_min: 0.0001
  best_model_criterion: val_loss
  use_l1_pruning: true
  pruning_sparsity: 0.9069
  exclude_attention_qkv_pruning: true
  exclude_embedding_bridge_pruning: true
  exclude_learnable_queries_pruning: true

2026-03-20 05:39:51,350 - INFO - ==================================================
2026-03-20 05:39:51,499 - INFO - CUDA 사용 가능. GPU 사용을 시작합니다. (Device: NVIDIA GeForce RTX 5090)
2026-03-20 05:39:51,499 - INFO - 'Sewer_ML_params' 데이터 로드를 시작합니다 (Type: csv).
2026-03-20 05:39:52,080 - INFO - 데이터셋 클래스: ['Normal', 'Defect'] (총 2개)
2026-03-20 05:39:52,080 - INFO - 훈련 데이터: 1040129개, 검증 데이터: 130046개, 테스트 데이터: 130046개
2026-03-20 05:39:52,080 - INFO - Baseline 모델 'xie2019'을(를) 생성합니다 (사전 훈련 가중치: 미사용).
2026-03-20 05:39:52,164 - INFO - ==================================================
2026-03-20 05:39:52,164 - INFO - 모델 파라미터 수:
2026-03-20 05:39:52,164 - INFO -   - 총 파라미터: 9,160,194 개
2026-03-20 05:39:52,164 - INFO -   - 학습 가능한 파라미터: 9,160,194 개
2026-03-20 05:39:52,164 - INFO - ================================================================================
2026-03-20 05:39:52,164 - INFO - 단계 1/2: 사전 훈련(Pre-training)을 시작합니다.
2026-03-20 05:39:52,164 - INFO - ================================================================================
2026-03-20 05:39:52,164 - INFO - 옵티마이저: AdamW (lr=0.001, weight_decay=0.0001)
2026-03-20 05:39:52,164 - INFO - 스케줄러: CosineAnnealingLR (T_max=10, eta_min=0.0001)
2026-03-20 05:39:52,164 - INFO - ==================================================
2026-03-20 05:39:52,164 - INFO - train 모드를 시작합니다.
2026-03-20 05:39:52,164 - INFO - 손실 함수: CrossEntropyLoss (label_smoothing: 0.1)
2026-03-20 05:39:52,164 - INFO - Best metric을 초기값(inf)으로 설정합니다.
2026-03-20 05:39:52,164 - INFO - --------------------------------------------------
2026-03-20 05:39:52,164 - INFO - [LR]    [1/10] | Learning Rate: 0.001000
2026-03-20 05:47:17,713 - INFO - [Train] [1/10] | Loss: 0.4747 | Train Acc: 82.03%
2026-03-20 05:47:57,827 - INFO - [Valid] [1/10] | Loss: 0.4421 | Val Acc: 84.21%
2026-03-20 05:47:58,003 - INFO - [Metrics for 'Normal'] | Precision: 0.8310 | Recall: 0.8800 | F1: 0.8548
2026-03-20 05:47:58,003 - INFO - [Metrics for 'Defect'] | Precision: 0.8562 | Recall: 0.7997 | F1: 0.8270
2026-03-20 05:47:58,122 - INFO - [Best Model Saved] (val loss: 0.4421) -> 'log/Sewer_ML_params/baseline_xie2019_l1_20260320_053951/best_model.pth'
2026-03-20 05:47:58,122 - INFO - --------------------------------------------------
2026-03-20 05:47:58,122 - INFO - [LR]    [2/10] | Learning Rate: 0.000978
2026-03-20 05:55:29,804 - INFO - [Train] [2/10] | Loss: 0.4474 | Train Acc: 84.25%
2026-03-20 05:56:10,002 - INFO - [Valid] [2/10] | Loss: 0.4300 | Val Acc: 85.59%
2026-03-20 05:56:10,178 - INFO - [Metrics for 'Normal'] | Precision: 0.8960 | Recall: 0.8225 | F1: 0.8577
2026-03-20 05:56:10,178 - INFO - [Metrics for 'Defect'] | Precision: 0.8180 | Recall: 0.8932 | F1: 0.8540
2026-03-20 05:56:10,304 - INFO - [Best Model Saved] (val loss: 0.4300) -> 'log/Sewer_ML_params/baseline_xie2019_l1_20260320_053951/best_model.pth'
2026-03-20 05:56:10,305 - INFO - --------------------------------------------------
2026-03-20 05:56:10,305 - INFO - [LR]    [3/10] | Learning Rate: 0.000914
2026-03-20 06:03:41,847 - INFO - [Train] [3/10] | Loss: 0.4379 | Train Acc: 85.02%
2026-03-20 06:04:22,557 - INFO - [Valid] [3/10] | Loss: 0.4239 | Val Acc: 86.09%
2026-03-20 06:04:22,689 - INFO - [Metrics for 'Normal'] | Precision: 0.8625 | Recall: 0.8764 | F1: 0.8694
2026-03-20 06:04:22,689 - INFO - [Metrics for 'Defect'] | Precision: 0.8591 | Recall: 0.8436 | F1: 0.8513
2026-03-20 06:04:22,817 - INFO - [Best Model Saved] (val loss: 0.4239) -> 'log/Sewer_ML_params/baseline_xie2019_l1_20260320_053951/best_model.pth'
2026-03-20 06:04:22,817 - INFO - --------------------------------------------------
2026-03-20 06:04:22,817 - INFO - [LR]    [4/10] | Learning Rate: 0.000815
2026-03-20 06:11:58,696 - INFO - [Train] [4/10] | Loss: 0.4301 | Train Acc: 85.62%
2026-03-20 06:12:39,576 - INFO - [Valid] [4/10] | Loss: 0.4182 | Val Acc: 86.73%
2026-03-20 06:12:39,750 - INFO - [Metrics for 'Normal'] | Precision: 0.8759 | Recall: 0.8724 | F1: 0.8741
2026-03-20 06:12:39,750 - INFO - [Metrics for 'Defect'] | Precision: 0.8578 | Recall: 0.8616 | F1: 0.8597
2026-03-20 06:12:39,875 - INFO - [Best Model Saved] (val loss: 0.4182) -> 'log/Sewer_ML_params/baseline_xie2019_l1_20260320_053951/best_model.pth'
2026-03-20 06:12:39,876 - INFO - --------------------------------------------------
2026-03-20 06:12:39,876 - INFO - [LR]    [5/10] | Learning Rate: 0.000689
2026-03-20 06:20:12,660 - INFO - [Train] [5/10] | Loss: 0.4221 | Train Acc: 86.17%
2026-03-20 06:20:53,545 - INFO - [Valid] [5/10] | Loss: 0.4135 | Val Acc: 87.02%
2026-03-20 06:20:53,722 - INFO - [Metrics for 'Normal'] | Precision: 0.8660 | Recall: 0.8925 | F1: 0.8790
2026-03-20 06:20:53,722 - INFO - [Metrics for 'Defect'] | Precision: 0.8754 | Recall: 0.8454 | F1: 0.8601
2026-03-20 06:20:53,845 - INFO - [Best Model Saved] (val loss: 0.4135) -> 'log/Sewer_ML_params/baseline_xie2019_l1_20260320_053951/best_model.pth'
2026-03-20 06:20:53,845 - INFO - --------------------------------------------------
2026-03-20 06:20:53,845 - INFO - [LR]    [6/10] | Learning Rate: 0.000550
2026-03-20 06:28:26,984 - INFO - [Train] [6/10] | Loss: 0.4147 | Train Acc: 86.64%
2026-03-20 06:29:07,746 - INFO - [Valid] [6/10] | Loss: 0.4110 | Val Acc: 87.34%
2026-03-20 06:29:07,890 - INFO - [Metrics for 'Normal'] | Precision: 0.8681 | Recall: 0.8963 | F1: 0.8820
2026-03-20 06:29:07,890 - INFO - [Metrics for 'Defect'] | Precision: 0.8796 | Recall: 0.8476 | F1: 0.8633
2026-03-20 06:29:08,000 - INFO - [Best Model Saved] (val loss: 0.4110) -> 'log/Sewer_ML_params/baseline_xie2019_l1_20260320_053951/best_model.pth'
2026-03-20 06:29:08,000 - INFO - --------------------------------------------------
2026-03-20 06:29:08,000 - INFO - [LR]    [7/10] | Learning Rate: 0.000411
2026-03-20 06:36:42,160 - INFO - [Train] [7/10] | Loss: 0.4076 | Train Acc: 87.14%
2026-03-20 06:37:22,371 - INFO - [Valid] [7/10] | Loss: 0.4098 | Val Acc: 87.83%
2026-03-20 06:37:22,515 - INFO - [Metrics for 'Normal'] | Precision: 0.8825 | Recall: 0.8878 | F1: 0.8851
2026-03-20 06:37:22,515 - INFO - [Metrics for 'Defect'] | Precision: 0.8736 | Recall: 0.8677 | F1: 0.8706
2026-03-20 06:37:22,631 - INFO - [Best Model Saved] (val loss: 0.4098) -> 'log/Sewer_ML_params/baseline_xie2019_l1_20260320_053951/best_model.pth'
2026-03-20 06:37:22,631 - INFO - --------------------------------------------------
2026-03-20 06:37:22,631 - INFO - [LR]    [8/10] | Learning Rate: 0.000285
2026-03-20 06:44:56,520 - INFO - [Train] [8/10] | Loss: 0.4008 | Train Acc: 87.55%
2026-03-20 06:45:36,895 - INFO - [Valid] [8/10] | Loss: 0.3987 | Val Acc: 88.00%
2026-03-20 06:45:37,072 - INFO - [Metrics for 'Normal'] | Precision: 0.8945 | Recall: 0.8762 | F1: 0.8853
2026-03-20 06:45:37,073 - INFO - [Metrics for 'Defect'] | Precision: 0.8645 | Recall: 0.8843 | F1: 0.8743
2026-03-20 06:45:37,202 - INFO - [Best Model Saved] (val loss: 0.3987) -> 'log/Sewer_ML_params/baseline_xie2019_l1_20260320_053951/best_model.pth'
2026-03-20 06:45:37,202 - INFO - --------------------------------------------------
2026-03-20 06:45:37,202 - INFO - [LR]    [9/10] | Learning Rate: 0.000186
2026-03-20 06:53:10,989 - INFO - [Train] [9/10] | Loss: 0.3951 | Train Acc: 87.91%
2026-03-20 06:53:51,684 - INFO - [Valid] [9/10] | Loss: 0.3949 | Val Acc: 88.35%
2026-03-20 06:53:51,852 - INFO - [Metrics for 'Normal'] | Precision: 0.8988 | Recall: 0.8783 | F1: 0.8884
2026-03-20 06:53:51,852 - INFO - [Metrics for 'Defect'] | Precision: 0.8672 | Recall: 0.8893 | F1: 0.8781
2026-03-20 06:53:51,976 - INFO - [Best Model Saved] (val loss: 0.3949) -> 'log/Sewer_ML_params/baseline_xie2019_l1_20260320_053951/best_model.pth'
2026-03-20 06:53:51,976 - INFO - --------------------------------------------------
2026-03-20 06:53:51,976 - INFO - [LR]    [10/10] | Learning Rate: 0.000122
2026-03-20 07:01:25,846 - INFO - [Train] [10/10] | Loss: 0.3910 | Train Acc: 88.17%
2026-03-20 07:02:06,387 - INFO - [Valid] [10/10] | Loss: 0.3921 | Val Acc: 88.54%
2026-03-20 07:02:06,522 - INFO - [Metrics for 'Normal'] | Precision: 0.8944 | Recall: 0.8879 | F1: 0.8911
2026-03-20 07:02:06,522 - INFO - [Metrics for 'Defect'] | Precision: 0.8755 | Recall: 0.8826 | F1: 0.8790
2026-03-20 07:02:06,643 - INFO - [Best Model Saved] (val loss: 0.3921) -> 'log/Sewer_ML_params/baseline_xie2019_l1_20260320_053951/best_model.pth'
2026-03-20 07:02:06,645 - INFO - ================================================================================
2026-03-20 07:02:06,645 - INFO - 단계 2/2: Pruning 및 미세 조정(Fine-tuning)을 시작합니다.
2026-03-20 07:02:06,645 - INFO - ================================================================================
2026-03-20 07:02:06,658 - INFO - 사전 훈련된 모델 'log/Sewer_ML_params/baseline_xie2019_l1_20260320_053951/best_model.pth'을(를) 불러왔습니다.
2026-03-20 07:02:06,672 - INFO - Pruning 전 원본 모델의 FLOPs를 측정합니다.
2026-03-20 07:02:06,676 - INFO - torch-pruning을 사용한 L1 Norm Pruning을 시작합니다.
2026-03-20 07:02:06,676 - INFO - 분류 레이어 'Linear'을(를) Pruning 대상에서 제외합니다.
2026-03-20 07:02:06,938 - INFO - torch-pruning 완료. 모델 구조가 희소도(0.9069)에 맞춰 변경되었습니다.
2026-03-20 07:02:06,938 - INFO - ==================================================
2026-03-20 07:02:06,938 - INFO - ==================================================
2026-03-20 07:02:06,938 - INFO - 모델 파라미터 수:
2026-03-20 07:02:06,939 - INFO -   - 총 파라미터: 75,009 개
2026-03-20 07:02:06,939 - INFO -   - 학습 가능한 파라미터: 75,009 개
2026-03-20 07:02:06,942 - INFO - Pruning 후 모델의 FLOPs를 측정합니다.
2026-03-20 07:02:06,945 - INFO - FLOPs가 2.8695 GFLOPs에서 0.1858 GFLOPs로 감소했습니다 (감소율: 93.52%).
2026-03-20 07:02:06,958 - INFO - Pruning 정보(희소도: 0.9069)를 'log/Sewer_ML_params/baseline_xie2019_l1_20260320_053951/pruning_info.yaml'에 저장했습니다.
2026-03-20 07:02:06,958 - INFO - 미세 조정을 위한 새로운 옵티마이저와 스케줄러를 생성합니다.
2026-03-20 07:02:06,958 - INFO - 옵티마이저: AdamW (lr=0.001, weight_decay=0.0001)
2026-03-20 07:02:06,958 - INFO - 스케줄러: CosineAnnealingLR (T_max=80, eta_min=0.0001)
2026-03-20 07:02:06,958 - INFO - ==================================================
2026-03-20 07:02:06,958 - INFO - train 모드를 시작합니다.
2026-03-20 07:02:06,959 - INFO - 손실 함수: CrossEntropyLoss (label_smoothing: 0.1)
2026-03-20 07:02:06,959 - INFO - Best metric을 초기값(inf)으로 설정합니다.
2026-03-20 07:02:06,959 - INFO - --------------------------------------------------
2026-03-20 07:02:06,959 - INFO - [LR]    [11/90] | Learning Rate: 0.001000
2026-03-20 07:09:27,043 - INFO - [Train] [11/90] | Loss: 0.4915 | Train Acc: 81.72%
2026-03-20 07:10:05,816 - INFO - [Valid] [11/90] | Loss: 0.4518 | Val Acc: 83.31%
2026-03-20 07:10:05,978 - INFO - [Metrics for 'Normal'] | Precision: 0.8036 | Recall: 0.9052 | F1: 0.8514
2026-03-20 07:10:05,978 - INFO - [Metrics for 'Defect'] | Precision: 0.8764 | Recall: 0.7524 | F1: 0.8097
2026-03-20 07:10:06,033 - INFO - [Best Model Saved] (val loss: 0.4518) -> 'log/Sewer_ML_params/baseline_xie2019_l1_20260320_053951/best_model.pth'
2026-03-20 07:10:06,033 - INFO - --------------------------------------------------
2026-03-20 07:10:06,033 - INFO - [LR]    [12/90] | Learning Rate: 0.001000
2026-03-20 07:17:24,097 - INFO - [Train] [12/90] | Loss: 0.4668 | Train Acc: 83.51%
2026-03-20 07:18:03,085 - INFO - [Valid] [12/90] | Loss: 0.4347 | Val Acc: 84.81%
2026-03-20 07:18:03,247 - INFO - [Metrics for 'Normal'] | Precision: 0.8406 | Recall: 0.8790 | F1: 0.8594
2026-03-20 07:18:03,247 - INFO - [Metrics for 'Defect'] | Precision: 0.8573 | Recall: 0.8135 | F1: 0.8348
2026-03-20 07:18:03,302 - INFO - [Best Model Saved] (val loss: 0.4347) -> 'log/Sewer_ML_params/baseline_xie2019_l1_20260320_053951/best_model.pth'
2026-03-20 07:18:03,302 - INFO - --------------------------------------------------
2026-03-20 07:18:03,302 - INFO - [LR]    [13/90] | Learning Rate: 0.000999
2026-03-20 07:25:20,998 - INFO - [Train] [13/90] | Loss: 0.4596 | Train Acc: 83.97%
2026-03-20 07:25:59,857 - INFO - [Valid] [13/90] | Loss: 0.4306 | Val Acc: 85.69%
2026-03-20 07:26:00,018 - INFO - [Metrics for 'Normal'] | Precision: 0.8776 | Recall: 0.8471 | F1: 0.8621
2026-03-20 07:26:00,019 - INFO - [Metrics for 'Defect'] | Precision: 0.8353 | Recall: 0.8678 | F1: 0.8512
2026-03-20 07:26:00,075 - INFO - [Best Model Saved] (val loss: 0.4306) -> 'log/Sewer_ML_params/baseline_xie2019_l1_20260320_053951/best_model.pth'
2026-03-20 07:26:00,075 - INFO - --------------------------------------------------
2026-03-20 07:26:00,075 - INFO - [LR]    [14/90] | Learning Rate: 0.000997
2026-03-20 07:33:17,522 - INFO - [Train] [14/90] | Loss: 0.4563 | Train Acc: 84.28%
2026-03-20 07:33:56,878 - INFO - [Valid] [14/90] | Loss: 0.4320 | Val Acc: 85.14%
2026-03-20 07:33:57,047 - INFO - [Metrics for 'Normal'] | Precision: 0.8304 | Recall: 0.9031 | F1: 0.8652
2026-03-20 07:33:57,047 - INFO - [Metrics for 'Defect'] | Precision: 0.8798 | Recall: 0.7936 | F1: 0.8345
2026-03-20 07:33:57,102 - INFO - --------------------------------------------------
2026-03-20 07:33:57,102 - INFO - [LR]    [15/90] | Learning Rate: 0.000994
2026-03-20 07:41:14,272 - INFO - [Train] [15/90] | Loss: 0.4542 | Train Acc: 84.45%
2026-03-20 07:41:53,415 - INFO - [Valid] [15/90] | Loss: 0.4228 | Val Acc: 86.10%
2026-03-20 07:41:53,546 - INFO - [Metrics for 'Normal'] | Precision: 0.8820 | Recall: 0.8506 | F1: 0.8660
2026-03-20 07:41:53,546 - INFO - [Metrics for 'Defect'] | Precision: 0.8392 | Recall: 0.8726 | F1: 0.8556
2026-03-20 07:41:53,591 - INFO - [Best Model Saved] (val loss: 0.4228) -> 'log/Sewer_ML_params/baseline_xie2019_l1_20260320_053951/best_model.pth'
2026-03-20 07:41:53,591 - INFO - --------------------------------------------------
2026-03-20 07:41:53,591 - INFO - [LR]    [16/90] | Learning Rate: 0.000991
2026-03-20 07:49:10,003 - INFO - [Train] [16/90] | Loss: 0.4527 | Train Acc: 84.56%
2026-03-20 07:49:49,252 - INFO - [Valid] [16/90] | Loss: 0.4264 | Val Acc: 85.56%
2026-03-20 07:49:49,393 - INFO - [Metrics for 'Normal'] | Precision: 0.8406 | Recall: 0.8966 | F1: 0.8677
2026-03-20 07:49:49,393 - INFO - [Metrics for 'Defect'] | Precision: 0.8750 | Recall: 0.8098 | F1: 0.8411
2026-03-20 07:49:49,438 - INFO - --------------------------------------------------
2026-03-20 07:49:49,438 - INFO - [LR]    [17/90] | Learning Rate: 0.000988
2026-03-20 07:57:05,982 - INFO - [Train] [17/90] | Loss: 0.4514 | Train Acc: 84.68%
2026-03-20 07:57:45,336 - INFO - [Valid] [17/90] | Loss: 0.4259 | Val Acc: 85.63%
2026-03-20 07:57:45,512 - INFO - [Metrics for 'Normal'] | Precision: 0.8571 | Recall: 0.8736 | F1: 0.8652
2026-03-20 07:57:45,512 - INFO - [Metrics for 'Defect'] | Precision: 0.8554 | Recall: 0.8370 | F1: 0.8461
2026-03-20 07:57:45,566 - INFO - --------------------------------------------------
2026-03-20 07:57:45,567 - INFO - [LR]    [18/90] | Learning Rate: 0.000983
2026-03-20 08:05:01,911 - INFO - [Train] [18/90] | Loss: 0.4505 | Train Acc: 84.72%
2026-03-20 08:05:41,551 - INFO - [Valid] [18/90] | Loss: 0.4237 | Val Acc: 85.52%
2026-03-20 08:05:41,721 - INFO - [Metrics for 'Normal'] | Precision: 0.8389 | Recall: 0.8983 | F1: 0.8676
2026-03-20 08:05:41,721 - INFO - [Metrics for 'Defect'] | Precision: 0.8764 | Recall: 0.8069 | F1: 0.8402
2026-03-20 08:05:41,776 - INFO - --------------------------------------------------
2026-03-20 08:05:41,776 - INFO - [LR]    [19/90] | Learning Rate: 0.000978
2026-03-20 08:12:59,612 - INFO - [Train] [19/90] | Loss: 0.4494 | Train Acc: 84.84%
2026-03-20 08:13:38,643 - INFO - [Valid] [19/90] | Loss: 0.4204 | Val Acc: 86.35%
2026-03-20 08:13:38,817 - INFO - [Metrics for 'Normal'] | Precision: 0.8808 | Recall: 0.8577 | F1: 0.8691
2026-03-20 08:13:38,818 - INFO - [Metrics for 'Defect'] | Precision: 0.8452 | Recall: 0.8701 | F1: 0.8575
2026-03-20 08:13:38,874 - INFO - [Best Model Saved] (val loss: 0.4204) -> 'log/Sewer_ML_params/baseline_xie2019_l1_20260320_053951/best_model.pth'
2026-03-20 08:13:38,874 - INFO - --------------------------------------------------
2026-03-20 08:13:38,874 - INFO - [LR]    [20/90] | Learning Rate: 0.000972
2026-03-20 08:20:54,754 - INFO - [Train] [20/90] | Loss: 0.4489 | Train Acc: 84.88%
2026-03-20 08:21:33,828 - INFO - [Valid] [20/90] | Loss: 0.4191 | Val Acc: 86.28%
2026-03-20 08:21:34,002 - INFO - [Metrics for 'Normal'] | Precision: 0.8842 | Recall: 0.8519 | F1: 0.8677
2026-03-20 08:21:34,002 - INFO - [Metrics for 'Defect'] | Precision: 0.8407 | Recall: 0.8751 | F1: 0.8576
2026-03-20 08:21:34,059 - INFO - [Best Model Saved] (val loss: 0.4191) -> 'log/Sewer_ML_params/baseline_xie2019_l1_20260320_053951/best_model.pth'
2026-03-20 08:21:34,059 - INFO - --------------------------------------------------
2026-03-20 08:21:34,059 - INFO - [LR]    [21/90] | Learning Rate: 0.000966
2026-03-20 08:28:48,925 - INFO - [Train] [21/90] | Loss: 0.4484 | Train Acc: 84.88%
2026-03-20 08:29:28,098 - INFO - [Valid] [21/90] | Loss: 0.4245 | Val Acc: 85.67%
2026-03-20 08:29:28,260 - INFO - [Metrics for 'Normal'] | Precision: 0.8418 | Recall: 0.8973 | F1: 0.8687
2026-03-20 08:29:28,261 - INFO - [Metrics for 'Defect'] | Precision: 0.8759 | Recall: 0.8113 | F1: 0.8424
2026-03-20 08:29:28,316 - INFO - --------------------------------------------------
2026-03-20 08:29:28,316 - INFO - [LR]    [22/90] | Learning Rate: 0.000959
2026-03-20 08:36:48,851 - INFO - [Train] [22/90] | Loss: 0.4474 | Train Acc: 84.96%
2026-03-20 08:37:27,830 - INFO - [Valid] [22/90] | Loss: 0.4212 | Val Acc: 85.85%
2026-03-20 08:37:27,961 - INFO - [Metrics for 'Normal'] | Precision: 0.8441 | Recall: 0.8979 | F1: 0.8702
2026-03-20 08:37:27,961 - INFO - [Metrics for 'Defect'] | Precision: 0.8770 | Recall: 0.8144 | F1: 0.8445
2026-03-20 08:37:28,005 - INFO - --------------------------------------------------
2026-03-20 08:37:28,005 - INFO - [LR]    [23/90] | Learning Rate: 0.000951
2026-03-20 08:44:45,386 - INFO - [Train] [23/90] | Loss: 0.4466 | Train Acc: 84.99%
2026-03-20 08:45:24,409 - INFO - [Valid] [23/90] | Loss: 0.4241 | Val Acc: 85.99%
2026-03-20 08:45:24,581 - INFO - [Metrics for 'Normal'] | Precision: 0.8831 | Recall: 0.8468 | F1: 0.8646
2026-03-20 08:45:24,581 - INFO - [Metrics for 'Defect'] | Precision: 0.8361 | Recall: 0.8745 | F1: 0.8549
2026-03-20 08:45:24,637 - INFO - --------------------------------------------------
2026-03-20 08:45:24,637 - INFO - [LR]    [24/90] | Learning Rate: 0.000943
2026-03-20 08:52:41,160 - INFO - [Train] [24/90] | Loss: 0.4464 | Train Acc: 85.07%
2026-03-20 08:53:20,512 - INFO - [Valid] [24/90] | Loss: 0.4189 | Val Acc: 86.38%
2026-03-20 08:53:20,688 - INFO - [Metrics for 'Normal'] | Precision: 0.8749 | Recall: 0.8659 | F1: 0.8704
2026-03-20 08:53:20,688 - INFO - [Metrics for 'Defect'] | Precision: 0.8516 | Recall: 0.8614 | F1: 0.8565
2026-03-20 08:53:20,745 - INFO - [Best Model Saved] (val loss: 0.4189) -> 'log/Sewer_ML_params/baseline_xie2019_l1_20260320_053951/best_model.pth'
2026-03-20 08:53:20,745 - INFO - --------------------------------------------------
2026-03-20 08:53:20,746 - INFO - [LR]    [25/90] | Learning Rate: 0.000934
2026-03-20 09:00:38,109 - INFO - [Train] [25/90] | Loss: 0.4464 | Train Acc: 85.07%
2026-03-20 09:01:16,907 - INFO - [Valid] [25/90] | Loss: 0.4159 | Val Acc: 86.48%
2026-03-20 09:01:17,073 - INFO - [Metrics for 'Normal'] | Precision: 0.8691 | Recall: 0.8759 | F1: 0.8725
2026-03-20 09:01:17,073 - INFO - [Metrics for 'Defect'] | Precision: 0.8599 | Recall: 0.8524 | F1: 0.8561
2026-03-20 09:01:17,119 - INFO - [Best Model Saved] (val loss: 0.4159) -> 'log/Sewer_ML_params/baseline_xie2019_l1_20260320_053951/best_model.pth'
2026-03-20 09:01:17,119 - INFO - --------------------------------------------------
2026-03-20 09:01:17,119 - INFO - [LR]    [26/90] | Learning Rate: 0.000924
2026-03-20 09:08:33,909 - INFO - [Train] [26/90] | Loss: 0.4457 | Train Acc: 85.13%
2026-03-20 09:09:13,152 - INFO - [Valid] [26/90] | Loss: 0.4178 | Val Acc: 86.28%
2026-03-20 09:09:13,293 - INFO - [Metrics for 'Normal'] | Precision: 0.8608 | Recall: 0.8831 | F1: 0.8718
2026-03-20 09:09:13,293 - INFO - [Metrics for 'Defect'] | Precision: 0.8653 | Recall: 0.8401 | F1: 0.8525
2026-03-20 09:09:13,338 - INFO - --------------------------------------------------
2026-03-20 09:09:13,338 - INFO - [LR]    [27/90] | Learning Rate: 0.000914
2026-03-20 09:16:30,046 - INFO - [Train] [27/90] | Loss: 0.4455 | Train Acc: 85.12%
2026-03-20 09:17:09,377 - INFO - [Valid] [27/90] | Loss: 0.4166 | Val Acc: 86.45%
2026-03-20 09:17:09,551 - INFO - [Metrics for 'Normal'] | Precision: 0.8616 | Recall: 0.8857 | F1: 0.8735
2026-03-20 09:17:09,551 - INFO - [Metrics for 'Defect'] | Precision: 0.8680 | Recall: 0.8407 | F1: 0.8541
2026-03-20 09:17:09,607 - INFO - --------------------------------------------------
2026-03-20 09:17:09,607 - INFO - [LR]    [28/90] | Learning Rate: 0.000903
2026-03-20 09:24:25,897 - INFO - [Train] [28/90] | Loss: 0.4450 | Train Acc: 85.18%
2026-03-20 09:25:04,919 - INFO - [Valid] [28/90] | Loss: 0.4189 | Val Acc: 86.36%
2026-03-20 09:25:05,060 - INFO - [Metrics for 'Normal'] | Precision: 0.8793 | Recall: 0.8598 | F1: 0.8695
2026-03-20 09:25:05,061 - INFO - [Metrics for 'Defect'] | Precision: 0.8469 | Recall: 0.8680 | F1: 0.8573
2026-03-20 09:25:05,105 - INFO - --------------------------------------------------
2026-03-20 09:25:05,105 - INFO - [LR]    [29/90] | Learning Rate: 0.000892
2026-03-20 09:32:25,701 - INFO - [Train] [29/90] | Loss: 0.4444 | Train Acc: 85.22%
2026-03-20 09:33:04,557 - INFO - [Valid] [29/90] | Loss: 0.4174 | Val Acc: 86.07%
2026-03-20 09:33:04,699 - INFO - [Metrics for 'Normal'] | Precision: 0.8516 | Recall: 0.8916 | F1: 0.8711
2026-03-20 09:33:04,699 - INFO - [Metrics for 'Defect'] | Precision: 0.8720 | Recall: 0.8261 | F1: 0.8484
2026-03-20 09:33:04,744 - INFO - --------------------------------------------------
2026-03-20 09:33:04,744 - INFO - [LR]    [30/90] | Learning Rate: 0.000880
2026-03-20 09:40:22,702 - INFO - [Train] [30/90] | Loss: 0.4438 | Train Acc: 85.27%
2026-03-20 09:41:02,262 - INFO - [Valid] [30/90] | Loss: 0.4137 | Val Acc: 86.48%
2026-03-20 09:41:02,423 - INFO - [Metrics for 'Normal'] | Precision: 0.8615 | Recall: 0.8864 | F1: 0.8738
2026-03-20 09:41:02,424 - INFO - [Metrics for 'Defect'] | Precision: 0.8686 | Recall: 0.8406 | F1: 0.8543
2026-03-20 09:41:02,469 - INFO - [Best Model Saved] (val loss: 0.4137) -> 'log/Sewer_ML_params/baseline_xie2019_l1_20260320_053951/best_model.pth'
2026-03-20 09:41:02,470 - INFO - --------------------------------------------------
2026-03-20 09:41:02,470 - INFO - [LR]    [31/90] | Learning Rate: 0.000868
2026-03-20 09:48:19,939 - INFO - [Train] [31/90] | Loss: 0.4437 | Train Acc: 85.30%
2026-03-20 09:48:58,899 - INFO - [Valid] [31/90] | Loss: 0.4163 | Val Acc: 86.44%
2026-03-20 09:48:59,031 - INFO - [Metrics for 'Normal'] | Precision: 0.8641 | Recall: 0.8819 | F1: 0.8729
2026-03-20 09:48:59,031 - INFO - [Metrics for 'Defect'] | Precision: 0.8647 | Recall: 0.8448 | F1: 0.8546
2026-03-20 09:48:59,077 - INFO - --------------------------------------------------
2026-03-20 09:48:59,077 - INFO - [LR]    [32/90] | Learning Rate: 0.000855
2026-03-20 09:56:15,424 - INFO - [Train] [32/90] | Loss: 0.4431 | Train Acc: 85.33%
2026-03-20 09:56:53,979 - INFO - [Valid] [32/90] | Loss: 0.4176 | Val Acc: 86.34%
2026-03-20 09:56:54,157 - INFO - [Metrics for 'Normal'] | Precision: 0.8634 | Recall: 0.8808 | F1: 0.8720
2026-03-20 09:56:54,157 - INFO - [Metrics for 'Defect'] | Precision: 0.8635 | Recall: 0.8440 | F1: 0.8536
2026-03-20 09:56:54,214 - INFO - --------------------------------------------------
2026-03-20 09:56:54,214 - INFO - [LR]    [33/90] | Learning Rate: 0.000842
2026-03-20 10:04:12,174 - INFO - [Train] [33/90] | Loss: 0.4430 | Train Acc: 85.32%
2026-03-20 10:04:51,164 - INFO - [Valid] [33/90] | Loss: 0.4133 | Val Acc: 86.60%
2026-03-20 10:04:51,296 - INFO - [Metrics for 'Normal'] | Precision: 0.8658 | Recall: 0.8832 | F1: 0.8744
2026-03-20 10:04:51,296 - INFO - [Metrics for 'Defect'] | Precision: 0.8663 | Recall: 0.8467 | F1: 0.8564
2026-03-20 10:04:51,342 - INFO - [Best Model Saved] (val loss: 0.4133) -> 'log/Sewer_ML_params/baseline_xie2019_l1_20260320_053951/best_model.pth'
2026-03-20 10:04:51,342 - INFO - --------------------------------------------------
2026-03-20 10:04:51,342 - INFO - [LR]    [34/90] | Learning Rate: 0.000829
2026-03-20 10:12:09,975 - INFO - [Train] [34/90] | Loss: 0.4429 | Train Acc: 85.35%
2026-03-20 10:12:49,364 - INFO - [Valid] [34/90] | Loss: 0.4191 | Val Acc: 86.40%
2026-03-20 10:12:49,538 - INFO - [Metrics for 'Normal'] | Precision: 0.8543 | Recall: 0.8951 | F1: 0.8742
2026-03-20 10:12:49,538 - INFO - [Metrics for 'Defect'] | Precision: 0.8760 | Recall: 0.8291 | F1: 0.8519
2026-03-20 10:12:49,595 - INFO - --------------------------------------------------
2026-03-20 10:12:49,596 - INFO - [LR]    [35/90] | Learning Rate: 0.000815
2026-03-20 10:20:07,065 - INFO - [Train] [35/90] | Loss: 0.4419 | Train Acc: 85.38%
2026-03-20 10:20:46,038 - INFO - [Valid] [35/90] | Loss: 0.4132 | Val Acc: 86.62%
2026-03-20 10:20:46,203 - INFO - [Metrics for 'Normal'] | Precision: 0.8813 | Recall: 0.8629 | F1: 0.8720
2026-03-20 10:20:46,203 - INFO - [Metrics for 'Defect'] | Precision: 0.8500 | Recall: 0.8699 | F1: 0.8599
2026-03-20 10:20:46,261 - INFO - [Best Model Saved] (val loss: 0.4132) -> 'log/Sewer_ML_params/baseline_xie2019_l1_20260320_053951/best_model.pth'
2026-03-20 10:20:46,261 - INFO - --------------------------------------------------
2026-03-20 10:20:46,261 - INFO - [LR]    [36/90] | Learning Rate: 0.000800
2026-03-20 10:28:03,942 - INFO - [Train] [36/90] | Loss: 0.4421 | Train Acc: 85.39%
2026-03-20 10:28:42,947 - INFO - [Valid] [36/90] | Loss: 0.4132 | Val Acc: 86.63%
2026-03-20 10:28:43,124 - INFO - [Metrics for 'Normal'] | Precision: 0.8845 | Recall: 0.8589 | F1: 0.8715
2026-03-20 10:28:43,125 - INFO - [Metrics for 'Defect'] | Precision: 0.8471 | Recall: 0.8745 | F1: 0.8605
2026-03-20 10:28:43,182 - INFO - --------------------------------------------------
2026-03-20 10:28:43,182 - INFO - [LR]    [37/90] | Learning Rate: 0.000785
2026-03-20 10:36:00,878 - INFO - [Train] [37/90] | Loss: 0.4415 | Train Acc: 85.39%
2026-03-20 10:36:39,774 - INFO - [Valid] [37/90] | Loss: 0.4123 | Val Acc: 86.78%
2026-03-20 10:36:39,952 - INFO - [Metrics for 'Normal'] | Precision: 0.8732 | Recall: 0.8771 | F1: 0.8751
2026-03-20 10:36:39,952 - INFO - [Metrics for 'Defect'] | Precision: 0.8617 | Recall: 0.8574 | F1: 0.8596
2026-03-20 10:36:40,011 - INFO - [Best Model Saved] (val loss: 0.4123) -> 'log/Sewer_ML_params/baseline_xie2019_l1_20260320_053951/best_model.pth'
2026-03-20 10:36:40,011 - INFO - --------------------------------------------------
2026-03-20 10:36:40,011 - INFO - [LR]    [38/90] | Learning Rate: 0.000770
2026-03-20 10:43:56,663 - INFO - [Train] [38/90] | Loss: 0.4412 | Train Acc: 85.45%
2026-03-20 10:44:35,605 - INFO - [Valid] [38/90] | Loss: 0.4178 | Val Acc: 86.15%
2026-03-20 10:44:35,738 - INFO - [Metrics for 'Normal'] | Precision: 0.8510 | Recall: 0.8943 | F1: 0.8721
2026-03-20 10:44:35,738 - INFO - [Metrics for 'Defect'] | Precision: 0.8746 | Recall: 0.8247 | F1: 0.8489
2026-03-20 10:44:35,783 - INFO - --------------------------------------------------
2026-03-20 10:44:35,783 - INFO - [LR]    [39/90] | Learning Rate: 0.000754
2026-03-20 10:51:52,216 - INFO - [Train] [39/90] | Loss: 0.4412 | Train Acc: 85.48%
2026-03-20 10:52:31,836 - INFO - [Valid] [39/90] | Loss: 0.4133 | Val Acc: 86.70%
2026-03-20 10:52:32,014 - INFO - [Metrics for 'Normal'] | Precision: 0.8747 | Recall: 0.8732 | F1: 0.8739
2026-03-20 10:52:32,014 - INFO - [Metrics for 'Defect'] | Precision: 0.8584 | Recall: 0.8600 | F1: 0.8592
2026-03-20 10:52:32,072 - INFO - --------------------------------------------------
2026-03-20 10:52:32,072 - INFO - [LR]    [40/90] | Learning Rate: 0.000738
2026-03-20 10:59:49,469 - INFO - [Train] [40/90] | Loss: 0.4402 | Train Acc: 85.56%
2026-03-20 11:00:27,933 - INFO - [Valid] [40/90] | Loss: 0.4110 | Val Acc: 86.75%
2026-03-20 11:00:28,068 - INFO - [Metrics for 'Normal'] | Precision: 0.8805 | Recall: 0.8667 | F1: 0.8736
2026-03-20 11:00:28,068 - INFO - [Metrics for 'Defect'] | Precision: 0.8534 | Recall: 0.8684 | F1: 0.8608
2026-03-20 11:00:28,115 - INFO - [Best Model Saved] (val loss: 0.4110) -> 'log/Sewer_ML_params/baseline_xie2019_l1_20260320_053951/best_model.pth'
2026-03-20 11:00:28,115 - INFO - --------------------------------------------------
2026-03-20 11:00:28,115 - INFO - [LR]    [41/90] | Learning Rate: 0.000722
2026-03-20 11:07:43,988 - INFO - [Train] [41/90] | Loss: 0.4411 | Train Acc: 85.48%
2026-03-20 11:08:23,427 - INFO - [Valid] [41/90] | Loss: 0.4174 | Val Acc: 86.74%
2026-03-20 11:08:23,603 - INFO - [Metrics for 'Normal'] | Precision: 0.8742 | Recall: 0.8748 | F1: 0.8745
2026-03-20 11:08:23,604 - INFO - [Metrics for 'Defect'] | Precision: 0.8597 | Recall: 0.8591 | F1: 0.8594
2026-03-20 11:08:23,661 - INFO - --------------------------------------------------
2026-03-20 11:08:23,661 - INFO - [LR]    [42/90] | Learning Rate: 0.000706
2026-03-20 11:15:39,801 - INFO - [Train] [42/90] | Loss: 0.4401 | Train Acc: 85.55%
2026-03-20 11:16:18,038 - INFO - [Valid] [42/90] | Loss: 0.4123 | Val Acc: 86.77%
2026-03-20 11:16:18,214 - INFO - [Metrics for 'Normal'] | Precision: 0.8755 | Recall: 0.8736 | F1: 0.8746
2026-03-20 11:16:18,214 - INFO - [Metrics for 'Defect'] | Precision: 0.8589 | Recall: 0.8610 | F1: 0.8599
2026-03-20 11:16:18,271 - INFO - --------------------------------------------------
2026-03-20 11:16:18,272 - INFO - [LR]    [43/90] | Learning Rate: 0.000689
2026-03-20 11:23:36,410 - INFO - [Train] [43/90] | Loss: 0.4398 | Train Acc: 85.54%
2026-03-20 11:24:15,300 - INFO - [Valid] [43/90] | Loss: 0.4137 | Val Acc: 86.73%
2026-03-20 11:24:15,443 - INFO - [Metrics for 'Normal'] | Precision: 0.8899 | Recall: 0.8544 | F1: 0.8718
2026-03-20 11:24:15,443 - INFO - [Metrics for 'Defect'] | Precision: 0.8440 | Recall: 0.8817 | F1: 0.8624
2026-03-20 11:24:15,488 - INFO - --------------------------------------------------
2026-03-20 11:24:15,488 - INFO - [LR]    [44/90] | Learning Rate: 0.000672
2026-03-20 11:31:31,102 - INFO - [Train] [44/90] | Loss: 0.4392 | Train Acc: 85.63%
2026-03-20 11:32:10,459 - INFO - [Valid] [44/90] | Loss: 0.4127 | Val Acc: 86.88%
2026-03-20 11:32:10,637 - INFO - [Metrics for 'Normal'] | Precision: 0.8822 | Recall: 0.8673 | F1: 0.8747
2026-03-20 11:32:10,637 - INFO - [Metrics for 'Defect'] | Precision: 0.8543 | Recall: 0.8704 | F1: 0.8623
2026-03-20 11:32:10,695 - INFO - --------------------------------------------------
2026-03-20 11:32:10,695 - INFO - [LR]    [45/90] | Learning Rate: 0.000655
2026-03-20 11:39:27,977 - INFO - [Train] [45/90] | Loss: 0.4384 | Train Acc: 85.65%
2026-03-20 11:40:07,254 - INFO - [Valid] [45/90] | Loss: 0.4103 | Val Acc: 86.76%
2026-03-20 11:40:07,388 - INFO - [Metrics for 'Normal'] | Precision: 0.8668 | Recall: 0.8853 | F1: 0.8759
2026-03-20 11:40:07,388 - INFO - [Metrics for 'Defect'] | Precision: 0.8684 | Recall: 0.8478 | F1: 0.8580
2026-03-20 11:40:07,435 - INFO - [Best Model Saved] (val loss: 0.4103) -> 'log/Sewer_ML_params/baseline_xie2019_l1_20260320_053951/best_model.pth'
2026-03-20 11:40:07,435 - INFO - --------------------------------------------------
2026-03-20 11:40:07,435 - INFO - [LR]    [46/90] | Learning Rate: 0.000638
2026-03-20 11:47:23,225 - INFO - [Train] [46/90] | Loss: 0.4386 | Train Acc: 85.66%
2026-03-20 11:48:02,407 - INFO - [Valid] [46/90] | Loss: 0.4124 | Val Acc: 86.68%
2026-03-20 11:48:02,540 - INFO - [Metrics for 'Normal'] | Precision: 0.8657 | Recall: 0.8851 | F1: 0.8753
2026-03-20 11:48:02,540 - INFO - [Metrics for 'Defect'] | Precision: 0.8681 | Recall: 0.8463 | F1: 0.8570
2026-03-20 11:48:02,587 - INFO - --------------------------------------------------
2026-03-20 11:48:02,587 - INFO - [LR]    [47/90] | Learning Rate: 0.000620
2026-03-20 11:55:19,486 - INFO - [Train] [47/90] | Loss: 0.4383 | Train Acc: 85.66%
2026-03-20 11:55:58,264 - INFO - [Valid] [47/90] | Loss: 0.4123 | Val Acc: 86.70%
2026-03-20 11:55:58,398 - INFO - [Metrics for 'Normal'] | Precision: 0.8735 | Recall: 0.8749 | F1: 0.8742
2026-03-20 11:55:58,398 - INFO - [Metrics for 'Defect'] | Precision: 0.8597 | Recall: 0.8582 | F1: 0.8590
2026-03-20 11:55:58,443 - INFO - --------------------------------------------------
2026-03-20 11:55:58,444 - INFO - [LR]    [48/90] | Learning Rate: 0.000603
2026-03-20 12:03:14,998 - INFO - [Train] [48/90] | Loss: 0.4379 | Train Acc: 85.68%
2026-03-20 12:03:54,332 - INFO - [Valid] [48/90] | Loss: 0.4106 | Val Acc: 86.84%
2026-03-20 12:03:54,511 - INFO - [Metrics for 'Normal'] | Precision: 0.8711 | Recall: 0.8812 | F1: 0.8762
2026-03-20 12:03:54,511 - INFO - [Metrics for 'Defect'] | Precision: 0.8653 | Recall: 0.8541 | F1: 0.8597
2026-03-20 12:03:54,569 - INFO - --------------------------------------------------
2026-03-20 12:03:54,569 - INFO - [LR]    [49/90] | Learning Rate: 0.000585
2026-03-20 12:11:11,570 - INFO - [Train] [49/90] | Loss: 0.4374 | Train Acc: 85.70%
2026-03-20 12:11:50,487 - INFO - [Valid] [49/90] | Loss: 0.4109 | Val Acc: 86.82%
2026-03-20 12:11:50,632 - INFO - [Metrics for 'Normal'] | Precision: 0.8699 | Recall: 0.8824 | F1: 0.8761
2026-03-20 12:11:50,632 - INFO - [Metrics for 'Defect'] | Precision: 0.8662 | Recall: 0.8523 | F1: 0.8592
2026-03-20 12:11:50,678 - INFO - --------------------------------------------------
2026-03-20 12:11:50,678 - INFO - [LR]    [50/90] | Learning Rate: 0.000568
2026-03-20 12:19:06,058 - INFO - [Train] [50/90] | Loss: 0.4369 | Train Acc: 85.73%
2026-03-20 12:19:45,263 - INFO - [Valid] [50/90] | Loss: 0.4129 | Val Acc: 86.61%
2026-03-20 12:19:45,442 - INFO - [Metrics for 'Normal'] | Precision: 0.8577 | Recall: 0.8949 | F1: 0.8759
2026-03-20 12:19:45,442 - INFO - [Metrics for 'Defect'] | Precision: 0.8763 | Recall: 0.8338 | F1: 0.8546
2026-03-20 12:19:45,500 - INFO - --------------------------------------------------
2026-03-20 12:19:45,500 - INFO - [LR]    [51/90] | Learning Rate: 0.000550
2026-03-20 12:27:02,809 - INFO - [Train] [51/90] | Loss: 0.4366 | Train Acc: 85.76%
2026-03-20 12:27:42,041 - INFO - [Valid] [51/90] | Loss: 0.4135 | Val Acc: 86.43%
2026-03-20 12:27:42,186 - INFO - [Metrics for 'Normal'] | Precision: 0.8531 | Recall: 0.8976 | F1: 0.8748
2026-03-20 12:27:42,186 - INFO - [Metrics for 'Defect'] | Precision: 0.8783 | Recall: 0.8271 | F1: 0.8519
2026-03-20 12:27:42,232 - INFO - --------------------------------------------------
2026-03-20 12:27:42,232 - INFO - [LR]    [52/90] | Learning Rate: 0.000532
2026-03-20 12:34:59,807 - INFO - [Train] [52/90] | Loss: 0.4365 | Train Acc: 85.78%
2026-03-20 12:35:38,863 - INFO - [Valid] [52/90] | Loss: 0.4086 | Val Acc: 86.97%
2026-03-20 12:35:39,006 - INFO - [Metrics for 'Normal'] | Precision: 0.8798 | Recall: 0.8725 | F1: 0.8761
2026-03-20 12:35:39,006 - INFO - [Metrics for 'Defect'] | Precision: 0.8586 | Recall: 0.8665 | F1: 0.8626
2026-03-20 12:35:39,052 - INFO - [Best Model Saved] (val loss: 0.4086) -> 'log/Sewer_ML_params/baseline_xie2019_l1_20260320_053951/best_model.pth'
2026-03-20 12:35:39,053 - INFO - --------------------------------------------------
2026-03-20 12:35:39,053 - INFO - [LR]    [53/90] | Learning Rate: 0.000515
2026-03-20 12:42:56,077 - INFO - [Train] [53/90] | Loss: 0.4353 | Train Acc: 85.85%
2026-03-20 12:43:35,072 - INFO - [Valid] [53/90] | Loss: 0.4082 | Val Acc: 86.98%
2026-03-20 12:43:35,245 - INFO - [Metrics for 'Normal'] | Precision: 0.8724 | Recall: 0.8826 | F1: 0.8775
2026-03-20 12:43:35,245 - INFO - [Metrics for 'Defect'] | Precision: 0.8669 | Recall: 0.8555 | F1: 0.8611
2026-03-20 12:43:35,304 - INFO - [Best Model Saved] (val loss: 0.4082) -> 'log/Sewer_ML_params/baseline_xie2019_l1_20260320_053951/best_model.pth'
2026-03-20 12:43:35,305 - INFO - --------------------------------------------------
2026-03-20 12:43:35,305 - INFO - [LR]    [54/90] | Learning Rate: 0.000497
2026-03-20 12:50:52,501 - INFO - [Train] [54/90] | Loss: 0.4356 | Train Acc: 85.86%
2026-03-20 12:51:32,335 - INFO - [Valid] [54/90] | Loss: 0.4072 | Val Acc: 86.97%
2026-03-20 12:51:32,509 - INFO - [Metrics for 'Normal'] | Precision: 0.8767 | Recall: 0.8766 | F1: 0.8766
2026-03-20 12:51:32,509 - INFO - [Metrics for 'Defect'] | Precision: 0.8619 | Recall: 0.8620 | F1: 0.8620
2026-03-20 12:51:32,556 - INFO - [Best Model Saved] (val loss: 0.4072) -> 'log/Sewer_ML_params/baseline_xie2019_l1_20260320_053951/best_model.pth'
2026-03-20 12:51:32,556 - INFO - --------------------------------------------------
2026-03-20 12:51:32,556 - INFO - [LR]    [55/90] | Learning Rate: 0.000480
2026-03-20 12:58:48,908 - INFO - [Train] [55/90] | Loss: 0.4349 | Train Acc: 85.89%
2026-03-20 12:59:28,303 - INFO - [Valid] [55/90] | Loss: 0.4090 | Val Acc: 86.96%
2026-03-20 12:59:28,447 - INFO - [Metrics for 'Normal'] | Precision: 0.8768 | Recall: 0.8763 | F1: 0.8765
2026-03-20 12:59:28,447 - INFO - [Metrics for 'Defect'] | Precision: 0.8616 | Recall: 0.8623 | F1: 0.8619
2026-03-20 12:59:28,492 - INFO - --------------------------------------------------
2026-03-20 12:59:28,493 - INFO - [LR]    [56/90] | Learning Rate: 0.000462
2026-03-20 13:06:45,714 - INFO - [Train] [56/90] | Loss: 0.4344 | Train Acc: 85.94%
2026-03-20 13:07:24,600 - INFO - [Valid] [56/90] | Loss: 0.4084 | Val Acc: 86.93%
2026-03-20 13:07:24,736 - INFO - [Metrics for 'Normal'] | Precision: 0.8936 | Recall: 0.8543 | F1: 0.8735
2026-03-20 13:07:24,736 - INFO - [Metrics for 'Defect'] | Precision: 0.8446 | Recall: 0.8861 | F1: 0.8649
2026-03-20 13:07:24,782 - INFO - --------------------------------------------------
2026-03-20 13:07:24,782 - INFO - [LR]    [57/90] | Learning Rate: 0.000445
2026-03-20 13:14:41,981 - INFO - [Train] [57/90] | Loss: 0.4341 | Train Acc: 85.95%
2026-03-20 13:15:20,886 - INFO - [Valid] [57/90] | Loss: 0.4073 | Val Acc: 86.98%
2026-03-20 13:15:21,031 - INFO - [Metrics for 'Normal'] | Precision: 0.8831 | Recall: 0.8684 | F1: 0.8757
2026-03-20 13:15:21,031 - INFO - [Metrics for 'Defect'] | Precision: 0.8554 | Recall: 0.8713 | F1: 0.8633
2026-03-20 13:15:21,077 - INFO - --------------------------------------------------
2026-03-20 13:15:21,077 - INFO - [LR]    [58/90] | Learning Rate: 0.000428
2026-03-20 13:22:36,595 - INFO - [Train] [58/90] | Loss: 0.4338 | Train Acc: 85.97%
2026-03-20 13:23:16,048 - INFO - [Valid] [58/90] | Loss: 0.4071 | Val Acc: 87.04%
2026-03-20 13:23:16,183 - INFO - [Metrics for 'Normal'] | Precision: 0.8777 | Recall: 0.8767 | F1: 0.8772
2026-03-20 13:23:16,183 - INFO - [Metrics for 'Defect'] | Precision: 0.8622 | Recall: 0.8633 | F1: 0.8628
2026-03-20 13:23:16,230 - INFO - [Best Model Saved] (val loss: 0.4071) -> 'log/Sewer_ML_params/baseline_xie2019_l1_20260320_053951/best_model.pth'
2026-03-20 13:23:16,230 - INFO - --------------------------------------------------
2026-03-20 13:23:16,230 - INFO - [LR]    [59/90] | Learning Rate: 0.000411
2026-03-20 13:30:31,553 - INFO - [Train] [59/90] | Loss: 0.4339 | Train Acc: 85.97%
2026-03-20 13:31:11,093 - INFO - [Valid] [59/90] | Loss: 0.4100 | Val Acc: 86.80%
2026-03-20 13:31:11,230 - INFO - [Metrics for 'Normal'] | Precision: 0.8921 | Recall: 0.8533 | F1: 0.8723
2026-03-20 13:31:11,230 - INFO - [Metrics for 'Defect'] | Precision: 0.8434 | Recall: 0.8845 | F1: 0.8635
2026-03-20 13:31:11,277 - INFO - --------------------------------------------------
2026-03-20 13:31:11,277 - INFO - [LR]    [60/90] | Learning Rate: 0.000394
2026-03-20 13:38:28,018 - INFO - [Train] [60/90] | Loss: 0.4336 | Train Acc: 85.95%
2026-03-20 13:39:07,038 - INFO - [Valid] [60/90] | Loss: 0.4080 | Val Acc: 86.92%
2026-03-20 13:39:07,171 - INFO - [Metrics for 'Normal'] | Precision: 0.8666 | Recall: 0.8893 | F1: 0.8778
2026-03-20 13:39:07,171 - INFO - [Metrics for 'Defect'] | Precision: 0.8723 | Recall: 0.8468 | F1: 0.8594
2026-03-20 13:39:07,217 - INFO - --------------------------------------------------
2026-03-20 13:39:07,218 - INFO - [LR]    [61/90] | Learning Rate: 0.000378
2026-03-20 13:46:24,670 - INFO - [Train] [61/90] | Loss: 0.4330 | Train Acc: 86.03%
2026-03-20 13:47:04,212 - INFO - [Valid] [61/90] | Loss: 0.4070 | Val Acc: 87.03%
2026-03-20 13:47:04,384 - INFO - [Metrics for 'Normal'] | Precision: 0.8715 | Recall: 0.8848 | F1: 0.8781
2026-03-20 13:47:04,384 - INFO - [Metrics for 'Defect'] | Precision: 0.8689 | Recall: 0.8540 | F1: 0.8614
2026-03-20 13:47:04,444 - INFO - [Best Model Saved] (val loss: 0.4070) -> 'log/Sewer_ML_params/baseline_xie2019_l1_20260320_053951/best_model.pth'
2026-03-20 13:47:04,444 - INFO - --------------------------------------------------
2026-03-20 13:47:04,444 - INFO - [LR]    [62/90] | Learning Rate: 0.000362
2026-03-20 13:54:26,445 - INFO - [Train] [62/90] | Loss: 0.4331 | Train Acc: 86.02%
2026-03-20 13:55:05,448 - INFO - [Valid] [62/90] | Loss: 0.4106 | Val Acc: 86.77%
2026-03-20 13:55:05,584 - INFO - [Metrics for 'Normal'] | Precision: 0.8600 | Recall: 0.8953 | F1: 0.8773
2026-03-20 13:55:05,584 - INFO - [Metrics for 'Defect'] | Precision: 0.8772 | Recall: 0.8369 | F1: 0.8566
2026-03-20 13:55:05,630 - INFO - --------------------------------------------------
2026-03-20 13:55:05,630 - INFO - [LR]    [63/90] | Learning Rate: 0.000346
2026-03-20 14:02:23,014 - INFO - [Train] [63/90] | Loss: 0.4325 | Train Acc: 86.06%
2026-03-20 14:03:01,918 - INFO - [Valid] [63/90] | Loss: 0.4071 | Val Acc: 87.04%
2026-03-20 14:03:02,063 - INFO - [Metrics for 'Normal'] | Precision: 0.8868 | Recall: 0.8650 | F1: 0.8758
2026-03-20 14:03:02,063 - INFO - [Metrics for 'Defect'] | Precision: 0.8529 | Recall: 0.8764 | F1: 0.8645
2026-03-20 14:03:02,109 - INFO - --------------------------------------------------
2026-03-20 14:03:02,109 - INFO - [LR]    [64/90] | Learning Rate: 0.000330
2026-03-20 14:10:18,054 - INFO - [Train] [64/90] | Loss: 0.4322 | Train Acc: 86.07%
2026-03-20 14:10:57,229 - INFO - [Valid] [64/90] | Loss: 0.4058 | Val Acc: 87.09%
2026-03-20 14:10:57,366 - INFO - [Metrics for 'Normal'] | Precision: 0.8808 | Recall: 0.8739 | F1: 0.8773
2026-03-20 14:10:57,366 - INFO - [Metrics for 'Defect'] | Precision: 0.8601 | Recall: 0.8677 | F1: 0.8639
2026-03-20 14:10:57,413 - INFO - [Best Model Saved] (val loss: 0.4058) -> 'log/Sewer_ML_params/baseline_xie2019_l1_20260320_053951/best_model.pth'
2026-03-20 14:10:57,413 - INFO - --------------------------------------------------
2026-03-20 14:10:57,413 - INFO - [LR]    [65/90] | Learning Rate: 0.000315
2026-03-20 14:18:14,405 - INFO - [Train] [65/90] | Loss: 0.4322 | Train Acc: 86.07%
2026-03-20 14:18:53,629 - INFO - [Valid] [65/90] | Loss: 0.4083 | Val Acc: 86.75%
2026-03-20 14:18:53,766 - INFO - [Metrics for 'Normal'] | Precision: 0.8585 | Recall: 0.8969 | F1: 0.8773
2026-03-20 14:18:53,766 - INFO - [Metrics for 'Defect'] | Precision: 0.8785 | Recall: 0.8345 | F1: 0.8560
2026-03-20 14:18:53,813 - INFO - --------------------------------------------------
2026-03-20 14:18:53,813 - INFO - [LR]    [66/90] | Learning Rate: 0.000300
2026-03-20 14:26:09,527 - INFO - [Train] [66/90] | Loss: 0.4315 | Train Acc: 86.12%
2026-03-20 14:26:48,355 - INFO - [Valid] [66/90] | Loss: 0.4064 | Val Acc: 87.05%
2026-03-20 14:26:48,501 - INFO - [Metrics for 'Normal'] | Precision: 0.8725 | Recall: 0.8841 | F1: 0.8782
2026-03-20 14:26:48,501 - INFO - [Metrics for 'Defect'] | Precision: 0.8683 | Recall: 0.8553 | F1: 0.8618
2026-03-20 14:26:48,547 - INFO - --------------------------------------------------
2026-03-20 14:26:48,547 - INFO - [LR]    [67/90] | Learning Rate: 0.000285
2026-03-20 14:34:04,893 - INFO - [Train] [67/90] | Loss: 0.4314 | Train Acc: 86.13%
2026-03-20 14:34:44,191 - INFO - [Valid] [67/90] | Loss: 0.4061 | Val Acc: 87.10%
2026-03-20 14:34:44,362 - INFO - [Metrics for 'Normal'] | Precision: 0.8714 | Recall: 0.8865 | F1: 0.8789
2026-03-20 14:34:44,362 - INFO - [Metrics for 'Defect'] | Precision: 0.8705 | Recall: 0.8536 | F1: 0.8620
2026-03-20 14:34:44,421 - INFO - --------------------------------------------------
2026-03-20 14:34:44,421 - INFO - [LR]    [68/90] | Learning Rate: 0.000271
2026-03-20 14:42:01,624 - INFO - [Train] [68/90] | Loss: 0.4311 | Train Acc: 86.13%
2026-03-20 14:42:40,966 - INFO - [Valid] [68/90] | Loss: 0.4064 | Val Acc: 87.04%
2026-03-20 14:42:41,115 - INFO - [Metrics for 'Normal'] | Precision: 0.8773 | Recall: 0.8772 | F1: 0.8773
2026-03-20 14:42:41,115 - INFO - [Metrics for 'Defect'] | Precision: 0.8626 | Recall: 0.8627 | F1: 0.8627
2026-03-20 14:42:41,164 - INFO - --------------------------------------------------
2026-03-20 14:42:41,164 - INFO - [LR]    [69/90] | Learning Rate: 0.000258
2026-03-20 14:49:57,568 - INFO - [Train] [69/90] | Loss: 0.4310 | Train Acc: 86.09%
2026-03-20 14:50:36,352 - INFO - [Valid] [69/90] | Loss: 0.4065 | Val Acc: 87.06%
2026-03-20 14:50:36,498 - INFO - [Metrics for 'Normal'] | Precision: 0.8694 | Recall: 0.8884 | F1: 0.8788
2026-03-20 14:50:36,498 - INFO - [Metrics for 'Defect'] | Precision: 0.8720 | Recall: 0.8506 | F1: 0.8612
2026-03-20 14:50:36,546 - INFO - --------------------------------------------------
2026-03-20 14:50:36,546 - INFO - [LR]    [70/90] | Learning Rate: 0.000245
2026-03-20 14:57:52,711 - INFO - [Train] [70/90] | Loss: 0.4306 | Train Acc: 86.16%
2026-03-20 14:58:32,086 - INFO - [Valid] [70/90] | Loss: 0.4048 | Val Acc: 87.17%
2026-03-20 14:58:32,265 - INFO - [Metrics for 'Normal'] | Precision: 0.8844 | Recall: 0.8708 | F1: 0.8776
2026-03-20 14:58:32,265 - INFO - [Metrics for 'Defect'] | Precision: 0.8579 | Recall: 0.8726 | F1: 0.8652
2026-03-20 14:58:32,325 - INFO - [Best Model Saved] (val loss: 0.4048) -> 'log/Sewer_ML_params/baseline_xie2019_l1_20260320_053951/best_model.pth'
2026-03-20 14:58:32,326 - INFO - --------------------------------------------------
2026-03-20 14:58:32,326 - INFO - [LR]    [71/90] | Learning Rate: 0.000232
2026-03-20 15:05:48,946 - INFO - [Train] [71/90] | Loss: 0.4302 | Train Acc: 86.19%
2026-03-20 15:06:27,906 - INFO - [Valid] [71/90] | Loss: 0.4076 | Val Acc: 87.05%
2026-03-20 15:06:28,051 - INFO - [Metrics for 'Normal'] | Precision: 0.8932 | Recall: 0.8572 | F1: 0.8749
2026-03-20 15:06:28,051 - INFO - [Metrics for 'Defect'] | Precision: 0.8471 | Recall: 0.8853 | F1: 0.8658
2026-03-20 15:06:28,097 - INFO - --------------------------------------------------
2026-03-20 15:06:28,097 - INFO - [LR]    [72/90] | Learning Rate: 0.000220
2026-03-20 15:13:44,871 - INFO - [Train] [72/90] | Loss: 0.4298 | Train Acc: 86.17%
2026-03-20 15:14:24,131 - INFO - [Valid] [72/90] | Loss: 0.4043 | Val Acc: 87.22%
2026-03-20 15:14:24,265 - INFO - [Metrics for 'Normal'] | Precision: 0.8802 | Recall: 0.8774 | F1: 0.8788
2026-03-20 15:14:24,265 - INFO - [Metrics for 'Defect'] | Precision: 0.8632 | Recall: 0.8663 | F1: 0.8648
2026-03-20 15:14:24,312 - INFO - [Best Model Saved] (val loss: 0.4043) -> 'log/Sewer_ML_params/baseline_xie2019_l1_20260320_053951/best_model.pth'
2026-03-20 15:14:24,312 - INFO - --------------------------------------------------
2026-03-20 15:14:24,312 - INFO - [LR]    [73/90] | Learning Rate: 0.000208
2026-03-20 15:21:40,501 - INFO - [Train] [73/90] | Loss: 0.4294 | Train Acc: 86.20%
2026-03-20 15:22:20,202 - INFO - [Valid] [73/90] | Loss: 0.4048 | Val Acc: 87.13%
2026-03-20 15:22:20,374 - INFO - [Metrics for 'Normal'] | Precision: 0.8797 | Recall: 0.8763 | F1: 0.8780
2026-03-20 15:22:20,374 - INFO - [Metrics for 'Defect'] | Precision: 0.8621 | Recall: 0.8659 | F1: 0.8640
2026-03-20 15:22:20,434 - INFO - --------------------------------------------------
2026-03-20 15:22:20,434 - INFO - [LR]    [74/90] | Learning Rate: 0.000197
2026-03-20 15:29:36,501 - INFO - [Train] [74/90] | Loss: 0.4298 | Train Acc: 86.18%
2026-03-20 15:30:15,862 - INFO - [Valid] [74/90] | Loss: 0.4039 | Val Acc: 87.18%
2026-03-20 15:30:16,046 - INFO - [Metrics for 'Normal'] | Precision: 0.8751 | Recall: 0.8834 | F1: 0.8792
2026-03-20 15:30:16,046 - INFO - [Metrics for 'Defect'] | Precision: 0.8681 | Recall: 0.8588 | F1: 0.8635
2026-03-20 15:30:16,106 - INFO - [Best Model Saved] (val loss: 0.4039) -> 'log/Sewer_ML_params/baseline_xie2019_l1_20260320_053951/best_model.pth'
2026-03-20 15:30:16,106 - INFO - --------------------------------------------------
2026-03-20 15:30:16,106 - INFO - [LR]    [75/90] | Learning Rate: 0.000186
2026-03-20 15:37:32,904 - INFO - [Train] [75/90] | Loss: 0.4295 | Train Acc: 86.25%
2026-03-20 15:38:12,175 - INFO - [Valid] [75/90] | Loss: 0.4051 | Val Acc: 87.19%
2026-03-20 15:38:12,320 - INFO - [Metrics for 'Normal'] | Precision: 0.8737 | Recall: 0.8856 | F1: 0.8796
2026-03-20 15:38:12,320 - INFO - [Metrics for 'Defect'] | Precision: 0.8699 | Recall: 0.8567 | F1: 0.8633
2026-03-20 15:38:12,366 - INFO - --------------------------------------------------
2026-03-20 15:38:12,366 - INFO - [LR]    [76/90] | Learning Rate: 0.000176
2026-03-20 15:45:28,587 - INFO - [Train] [76/90] | Loss: 0.4291 | Train Acc: 86.27%
2026-03-20 15:46:07,670 - INFO - [Valid] [76/90] | Loss: 0.4045 | Val Acc: 87.18%
2026-03-20 15:46:07,816 - INFO - [Metrics for 'Normal'] | Precision: 0.8771 | Recall: 0.8807 | F1: 0.8789
2026-03-20 15:46:07,817 - INFO - [Metrics for 'Defect'] | Precision: 0.8658 | Recall: 0.8619 | F1: 0.8638
2026-03-20 15:46:07,863 - INFO - --------------------------------------------------
2026-03-20 15:46:07,863 - INFO - [LR]    [77/90] | Learning Rate: 0.000166
2026-03-20 15:53:23,769 - INFO - [Train] [77/90] | Loss: 0.4291 | Train Acc: 86.27%
2026-03-20 15:54:03,326 - INFO - [Valid] [77/90] | Loss: 0.4044 | Val Acc: 87.27%
2026-03-20 15:54:03,508 - INFO - [Metrics for 'Normal'] | Precision: 0.8873 | Recall: 0.8695 | F1: 0.8783
2026-03-20 15:54:03,508 - INFO - [Metrics for 'Defect'] | Precision: 0.8571 | Recall: 0.8763 | F1: 0.8666
2026-03-20 15:54:03,567 - INFO - --------------------------------------------------
2026-03-20 15:54:03,567 - INFO - [LR]    [78/90] | Learning Rate: 0.000157
2026-03-20 16:01:22,384 - INFO - [Train] [78/90] | Loss: 0.4292 | Train Acc: 86.24%
2026-03-20 16:02:01,468 - INFO - [Valid] [78/90] | Loss: 0.4042 | Val Acc: 87.15%
2026-03-20 16:02:01,614 - INFO - [Metrics for 'Normal'] | Precision: 0.8808 | Recall: 0.8751 | F1: 0.8779
2026-03-20 16:02:01,614 - INFO - [Metrics for 'Defect'] | Precision: 0.8612 | Recall: 0.8675 | F1: 0.8643
2026-03-20 16:02:01,660 - INFO - --------------------------------------------------
2026-03-20 16:02:01,660 - INFO - [LR]    [79/90] | Learning Rate: 0.000149
2026-03-20 16:09:17,336 - INFO - [Train] [79/90] | Loss: 0.4286 | Train Acc: 86.28%
2026-03-20 16:09:55,825 - INFO - [Valid] [79/90] | Loss: 0.4036 | Val Acc: 87.30%
2026-03-20 16:09:55,973 - INFO - [Metrics for 'Normal'] | Precision: 0.8788 | Recall: 0.8810 | F1: 0.8799
2026-03-20 16:09:55,973 - INFO - [Metrics for 'Defect'] | Precision: 0.8664 | Recall: 0.8640 | F1: 0.8652
2026-03-20 16:09:56,021 - INFO - [Best Model Saved] (val loss: 0.4036) -> 'log/Sewer_ML_params/baseline_xie2019_l1_20260320_053951/best_model.pth'
2026-03-20 16:09:56,021 - INFO - --------------------------------------------------
2026-03-20 16:09:56,021 - INFO - [LR]    [80/90] | Learning Rate: 0.000141
2026-03-20 16:17:13,358 - INFO - [Train] [80/90] | Loss: 0.4291 | Train Acc: 86.25%
2026-03-20 16:17:52,305 - INFO - [Valid] [80/90] | Loss: 0.4046 | Val Acc: 87.17%
2026-03-20 16:17:52,488 - INFO - [Metrics for 'Normal'] | Precision: 0.8828 | Recall: 0.8730 | F1: 0.8779
2026-03-20 16:17:52,488 - INFO - [Metrics for 'Defect'] | Precision: 0.8596 | Recall: 0.8703 | F1: 0.8649
2026-03-20 16:17:52,547 - INFO - --------------------------------------------------
2026-03-20 16:17:52,547 - INFO - [LR]    [81/90] | Learning Rate: 0.000134
2026-03-20 16:25:10,527 - INFO - [Train] [81/90] | Loss: 0.4286 | Train Acc: 86.27%
2026-03-20 16:25:49,813 - INFO - [Valid] [81/90] | Loss: 0.4042 | Val Acc: 87.24%
2026-03-20 16:25:49,949 - INFO - [Metrics for 'Normal'] | Precision: 0.8932 | Recall: 0.8613 | F1: 0.8770
2026-03-20 16:25:49,949 - INFO - [Metrics for 'Defect'] | Precision: 0.8508 | Recall: 0.8848 | F1: 0.8674
2026-03-20 16:25:49,996 - INFO - --------------------------------------------------
2026-03-20 16:25:49,996 - INFO - [LR]    [82/90] | Learning Rate: 0.000128
2026-03-20 16:33:08,210 - INFO - [Train] [82/90] | Loss: 0.4281 | Train Acc: 86.29%
2026-03-20 16:33:47,670 - INFO - [Valid] [82/90] | Loss: 0.4038 | Val Acc: 87.28%
2026-03-20 16:33:47,837 - INFO - [Metrics for 'Normal'] | Precision: 0.8822 | Recall: 0.8762 | F1: 0.8792
2026-03-20 16:33:47,837 - INFO - [Metrics for 'Defect'] | Precision: 0.8625 | Recall: 0.8690 | F1: 0.8657
2026-03-20 16:33:47,895 - INFO - --------------------------------------------------
2026-03-20 16:33:47,895 - INFO - [LR]    [83/90] | Learning Rate: 0.000122
2026-03-20 16:41:04,226 - INFO - [Train] [83/90] | Loss: 0.4285 | Train Acc: 86.30%
2026-03-20 16:41:43,304 - INFO - [Valid] [83/90] | Loss: 0.4033 | Val Acc: 87.27%
2026-03-20 16:41:43,441 - INFO - [Metrics for 'Normal'] | Precision: 0.8815 | Recall: 0.8769 | F1: 0.8792
2026-03-20 16:41:43,441 - INFO - [Metrics for 'Defect'] | Precision: 0.8630 | Recall: 0.8681 | F1: 0.8655
2026-03-20 16:41:43,488 - INFO - [Best Model Saved] (val loss: 0.4033) -> 'log/Sewer_ML_params/baseline_xie2019_l1_20260320_053951/best_model.pth'
2026-03-20 16:41:43,488 - INFO - --------------------------------------------------
2026-03-20 16:41:43,488 - INFO - [LR]    [84/90] | Learning Rate: 0.000117
2026-03-20 16:49:00,962 - INFO - [Train] [84/90] | Loss: 0.4284 | Train Acc: 86.31%
2026-03-20 16:49:40,136 - INFO - [Valid] [84/90] | Loss: 0.4040 | Val Acc: 87.22%
2026-03-20 16:49:40,273 - INFO - [Metrics for 'Normal'] | Precision: 0.8779 | Recall: 0.8804 | F1: 0.8792
2026-03-20 16:49:40,273 - INFO - [Metrics for 'Defect'] | Precision: 0.8657 | Recall: 0.8630 | F1: 0.8644
2026-03-20 16:49:40,321 - INFO - --------------------------------------------------
2026-03-20 16:49:40,321 - INFO - [LR]    [85/90] | Learning Rate: 0.000112
2026-03-20 16:56:57,256 - INFO - [Train] [85/90] | Loss: 0.4283 | Train Acc: 86.33%
2026-03-20 16:57:36,621 - INFO - [Valid] [85/90] | Loss: 0.4039 | Val Acc: 87.24%
2026-03-20 16:57:36,806 - INFO - [Metrics for 'Normal'] | Precision: 0.8841 | Recall: 0.8729 | F1: 0.8785
2026-03-20 16:57:36,806 - INFO - [Metrics for 'Defect'] | Precision: 0.8598 | Recall: 0.8719 | F1: 0.8658
2026-03-20 16:57:36,865 - INFO - --------------------------------------------------
2026-03-20 16:57:36,865 - INFO - [LR]    [86/90] | Learning Rate: 0.000109
2026-03-20 17:04:52,989 - INFO - [Train] [86/90] | Loss: 0.4280 | Train Acc: 86.31%
2026-03-20 17:05:31,953 - INFO - [Valid] [86/90] | Loss: 0.4029 | Val Acc: 87.25%
2026-03-20 17:05:32,134 - INFO - [Metrics for 'Normal'] | Precision: 0.8817 | Recall: 0.8762 | F1: 0.8789
2026-03-20 17:05:32,134 - INFO - [Metrics for 'Defect'] | Precision: 0.8624 | Recall: 0.8685 | F1: 0.8654
2026-03-20 17:05:32,194 - INFO - [Best Model Saved] (val loss: 0.4029) -> 'log/Sewer_ML_params/baseline_xie2019_l1_20260320_053951/best_model.pth'
2026-03-20 17:05:32,195 - INFO - --------------------------------------------------
2026-03-20 17:05:32,195 - INFO - [LR]    [87/90] | Learning Rate: 0.000106
2026-03-20 17:12:49,925 - INFO - [Train] [87/90] | Loss: 0.4276 | Train Acc: 86.34%
2026-03-20 17:13:29,090 - INFO - [Valid] [87/90] | Loss: 0.4033 | Val Acc: 87.29%
2026-03-20 17:13:29,268 - INFO - [Metrics for 'Normal'] | Precision: 0.8808 | Recall: 0.8781 | F1: 0.8795
2026-03-20 17:13:29,268 - INFO - [Metrics for 'Defect'] | Precision: 0.8640 | Recall: 0.8670 | F1: 0.8655
2026-03-20 17:13:29,327 - INFO - --------------------------------------------------
2026-03-20 17:13:29,327 - INFO - [LR]    [88/90] | Learning Rate: 0.000103
2026-03-20 17:20:44,756 - INFO - [Train] [88/90] | Loss: 0.4276 | Train Acc: 86.33%
2026-03-20 17:21:23,883 - INFO - [Valid] [88/90] | Loss: 0.4034 | Val Acc: 87.25%
2026-03-20 17:21:24,030 - INFO - [Metrics for 'Normal'] | Precision: 0.8762 | Recall: 0.8833 | F1: 0.8797
2026-03-20 17:21:24,030 - INFO - [Metrics for 'Defect'] | Precision: 0.8682 | Recall: 0.8604 | F1: 0.8643
2026-03-20 17:21:24,076 - INFO - --------------------------------------------------
2026-03-20 17:21:24,076 - INFO - [LR]    [89/90] | Learning Rate: 0.000101
2026-03-20 17:28:40,347 - INFO - [Train] [89/90] | Loss: 0.4275 | Train Acc: 86.34%
2026-03-20 17:29:19,096 - INFO - [Valid] [89/90] | Loss: 0.4034 | Val Acc: 87.21%
2026-03-20 17:29:19,235 - INFO - [Metrics for 'Normal'] | Precision: 0.8860 | Recall: 0.8697 | F1: 0.8778
2026-03-20 17:29:19,235 - INFO - [Metrics for 'Defect'] | Precision: 0.8571 | Recall: 0.8747 | F1: 0.8658
2026-03-20 17:29:19,282 - INFO - --------------------------------------------------
2026-03-20 17:29:19,282 - INFO - [LR]    [90/90] | Learning Rate: 0.000100
2026-03-20 17:36:36,298 - INFO - [Train] [90/90] | Loss: 0.4278 | Train Acc: 86.32%
2026-03-20 17:37:15,713 - INFO - [Valid] [90/90] | Loss: 0.4035 | Val Acc: 87.25%
2026-03-20 17:37:15,859 - INFO - [Metrics for 'Normal'] | Precision: 0.8784 | Recall: 0.8803 | F1: 0.8794
2026-03-20 17:37:15,859 - INFO - [Metrics for 'Defect'] | Precision: 0.8657 | Recall: 0.8637 | F1: 0.8647
2026-03-20 17:37:15,907 - INFO - ==================================================
2026-03-20 17:37:15,907 - INFO - 훈련 완료. 최고 성능 모델을 불러와 테스트 세트로 최종 평가합니다.
2026-03-20 17:37:15,907 - INFO - 최종 평가를 위해 새로운 모델 객체를 생성합니다.
2026-03-20 17:37:15,907 - INFO - Baseline 모델 'xie2019'을(를) 생성합니다 (사전 훈련 가중치: 미사용).
2026-03-20 17:37:15,930 - INFO - 최종 평가 모델에 Pruning 구조를 재적용합니다.
2026-03-20 17:37:15,955 - INFO - torch-pruning을 사용한 L1 Norm Pruning을 시작합니다.
2026-03-20 17:37:15,955 - INFO - 분류 레이어 'Linear'을(를) Pruning 대상에서 제외합니다.
2026-03-20 17:37:16,093 - INFO - 저장된 pruning_history를 사용해 Pruning 구조를 재현했습니다.
2026-03-20 17:37:16,093 - INFO - torch-pruning 완료. 모델 구조가 희소도(0.9069)에 맞춰 변경되었습니다.
2026-03-20 17:37:16,093 - INFO - ==================================================
2026-03-20 17:37:16,097 - INFO - 최고 성능 모델 가중치를 새로 생성된 모델 객체에 로드 완료: 'log/Sewer_ML_params/baseline_xie2019_l1_20260320_053951/best_model.pth'
2026-03-20 17:37:16,097 - INFO - ==================================================
2026-03-20 17:37:16,097 - INFO - Test 모드를 시작합니다.
2026-03-20 17:37:16,097 - INFO - FLOPs 및 MACs 측정을 시작합니다...
2026-03-20 17:37:16,099 - INFO - Model FLOPs: 0.1858 GFLOPs
2026-03-20 17:37:16,099 - INFO - Model MACs: 0.0929 GMACs
2026-03-20 17:37:16,204 - INFO - 테스트 데이터셋에 대한 추론을 시작합니다.
2026-03-20 17:37:54,372 - INFO - [Test] Loss: 0.3258 | Test Acc: 87.25%
2026-03-20 17:37:54,509 - INFO - [Metrics for 'Normal'] | Precision: 0.8817 | Recall: 0.8762 | F1: 0.8789
2026-03-20 17:37:54,509 - INFO - [Metrics for 'Defect'] | Precision: 0.8624 | Recall: 0.8685 | F1: 0.8654
2026-03-20 17:37:54,716 - INFO - ==================================================
2026-03-20 17:37:54,716 - INFO - 혼동 행렬 저장 완료. 'log/Sewer_ML_params/baseline_xie2019_l1_20260320_053951/confusion_matrix_20260320_053951.png' and 'log/Sewer_ML_params/baseline_xie2019_l1_20260320_053951/confusion_matrix_20260320_053951.pdf'
2026-03-20 17:37:54,810 - INFO - Val Acc 그래프 저장 완료: 'log/Sewer_ML_params/baseline_xie2019_l1_20260320_053951/graph_20260320_053951/val_acc.png' and 'log/Sewer_ML_params/baseline_xie2019_l1_20260320_053951/graph_20260320_053951/val_acc.pdf'
2026-03-20 17:37:54,915 - INFO - Train/Val Acc 그래프 저장 완료: 'log/Sewer_ML_params/baseline_xie2019_l1_20260320_053951/graph_20260320_053951/train_val_acc.png' and 'log/Sewer_ML_params/baseline_xie2019_l1_20260320_053951/graph_20260320_053951/train_val_acc.pdf'
2026-03-20 17:37:54,999 - INFO - F1 (Normal) 그래프 저장 완료: 'log/Sewer_ML_params/baseline_xie2019_l1_20260320_053951/graph_20260320_053951/F1_normal.png' and 'log/Sewer_ML_params/baseline_xie2019_l1_20260320_053951/graph_20260320_053951/F1_normal.pdf'
2026-03-20 17:37:55,096 - INFO - Validation Loss 그래프 저장 완료: 'log/Sewer_ML_params/baseline_xie2019_l1_20260320_053951/graph_20260320_053951/val_loss.png' and 'log/Sewer_ML_params/baseline_xie2019_l1_20260320_053951/graph_20260320_053951/val_loss.pdf'
2026-03-20 17:37:55,184 - INFO - Learning Rate 그래프 저장 완료: 'log/Sewer_ML_params/baseline_xie2019_l1_20260320_053951/graph_20260320_053951/learning_rate.png' and 'log/Sewer_ML_params/baseline_xie2019_l1_20260320_053951/graph_20260320_053951/learning_rate.pdf'
2026-03-20 17:38:21,416 - INFO - 종합 그래프 저장 완료: 'log/Sewer_ML_params/baseline_xie2019_l1_20260320_053951/graph_20260320_053951/compile.png' and 'log/Sewer_ML_params/baseline_xie2019_l1_20260320_053951/graph_20260320_053951/compile.pdf'
