2026-03-17 13:11:22,193 - INFO - 로그 파일이 'log/Sewer_ML_params/baseline_deit_tiny_wanda_20260317_131122/log_20260317_131122.log'에 저장됩니다.
2026-03-17 13:11:22,195 - INFO - ==================================================
2026-03-17 13:11:22,195 - INFO - config.yaml:
2026-03-17 13:11:22,195 - INFO - 
run:
  global_seed: 42
  cuda: true
  mode: train
  pth_best_name: best_model.pth
  only_inference: false
  show_log: true
  dataset:
    name: Sewer_ML_params
    type: csv
    train_split_ratio: 0.8
    paths:
      train_img_dir: /home/tai/workspace/ssd1/data/Sewer/Sewer-ML/train
      valid_img_dir: /home/tai/workspace/ssd1/data/Sewer/Sewer-ML/valid
      test_img_dir: /home/tai/workspace/ssd1/data/Sewer/Sewer-ML/valid
      train_csv: /home/tai/workspace/ssd1/data/Sewer/Sewer-ML/SewerML_Train.csv
      valid_csv: /home/tai/workspace/ssd1/data/Sewer/Sewer-ML/SewerML_Val.csv
      test_csv: /home/tai/workspace/ssd1/data/Sewer/Sewer-ML/SewerML_Val.csv
      img_folder: /home/tai/workspace/ssd1/data/Sewer/Sewer-TAPNEW
  random_sampling_ratio:
    train: 1.0
    valid: 1.0
    test: 1.0
  num_workers: 16
model:
  img_size: 224
  num_patches_per_side: 7
  num_decoder_patches: 1
  num_decoder_layers: 6
  num_heads: 4
  cnn_feature_extractor:
    name: custom32
  encoder_dim: 32
  emb_dim: 32
  adaptive_initial_query: true
  decoder_ff_ratio: 2
  dropout: 0.1
  positional_encoding: true
  drop_path_ratio: 0.2
  visualize_attention: true
  num_plot_attention: 1500
training_main:
  epochs: 10
  batch_size: 256
  pre_trained: false
  optimizer: adamw
  lr: 0.001
  weight_decay: 0.0001
  loss_function: CrossEntropyLoss
  label_smoothing: 0.1
  scheduler: cosineannealinglr
  scheduler_params:
    T_max: 10
    eta_min: 0.0001
  best_model_criterion: val_loss
training_baseline:
  model_name: deit_tiny
  epochs: 10
  batch_size: 256
  pre_trained: false
  optimizer: adamw
  lr: 0.001
  weight_decay: 0.0001
  loss_function: CrossEntropyLoss
  label_smoothing: 0.1
  scheduler: cosineannealinglr
  scheduler_params:
    T_max: 10
    eta_min: 0.0001
  best_model_criterion: val_loss
finetuning_pruned:
  epochs: 80
  batch_size: 256
  optimizer: adamw
  lr: 0.001
  weight_decay: 0.0001
  loss_function: CrossEntropyLoss
  label_smoothing: 0.1
  scheduler: cosineannealinglr
  scheduler_params:
    T_max: 80
    eta_min: 0.0001
  best_model_criterion: val_loss
  use_wanda_pruning: true
  num_wanda_calib_samples: 4096
  pruning_sparsity: 0.9629
  exclude_attention_qkv_pruning: true
  exclude_embedding_bridge_pruning: true
  exclude_learnable_queries_pruning: true

2026-03-17 13:11:22,195 - INFO - ==================================================
2026-03-17 13:11:22,328 - INFO - CUDA 사용 가능. GPU 사용을 시작합니다. (Device: NVIDIA GeForce RTX 5090)
2026-03-17 13:11:22,328 - INFO - 'Sewer_ML_params' 데이터 로드를 시작합니다 (Type: csv).
2026-03-17 13:11:22,885 - INFO - 데이터셋 클래스: ['Normal', 'Defect'] (총 2개)
2026-03-17 13:11:22,885 - INFO - 훈련 데이터: 1040129개, 검증 데이터: 130046개, 테스트 데이터: 130046개
2026-03-17 13:11:22,885 - INFO - Baseline 모델 'deit_tiny'을(를) 생성합니다 (사전 훈련 가중치: 미사용).
2026-03-17 13:11:22,973 - INFO - timm 모델(deit_tiny)의 Attention.forward를 Pruning 호환성을 위해 Monkey-patching 합니다.
2026-03-17 13:11:22,973 - INFO - ==================================================
2026-03-17 13:11:22,973 - INFO - 모델 파라미터 수:
2026-03-17 13:11:22,973 - INFO -   - 총 파라미터: 5,524,802 개
2026-03-17 13:11:22,973 - INFO -   - 학습 가능한 파라미터: 5,524,802 개
2026-03-17 13:11:22,973 - INFO - ================================================================================
2026-03-17 13:11:22,973 - INFO - 단계 1/2: 사전 훈련(Pre-training)을 시작합니다.
2026-03-17 13:11:22,973 - INFO - ================================================================================
2026-03-17 13:11:22,973 - INFO - 옵티마이저: AdamW (lr=0.001, weight_decay=0.0001)
2026-03-17 13:11:22,974 - INFO - 스케줄러: CosineAnnealingLR (T_max=10, eta_min=0.0001)
2026-03-17 13:11:22,974 - INFO - ==================================================
2026-03-17 13:11:22,974 - INFO - train 모드를 시작합니다.
2026-03-17 13:11:22,974 - INFO - 손실 함수: CrossEntropyLoss (label_smoothing: 0.1)
2026-03-17 13:11:22,974 - INFO - Best metric을 초기값(inf)으로 설정합니다.
2026-03-17 13:11:22,974 - INFO - --------------------------------------------------
2026-03-17 13:11:22,974 - INFO - [LR]    [1/10] | Learning Rate: 0.001000
2026-03-17 13:18:51,736 - INFO - [Train] [1/10] | Loss: 0.5226 | Train Acc: 77.41%
2026-03-17 13:19:32,197 - INFO - [Valid] [1/10] | Loss: 0.4686 | Val Acc: 82.04%
2026-03-17 13:19:32,342 - INFO - [Metrics for 'Normal'] | Precision: 0.8397 | Recall: 0.8157 | F1: 0.8276
2026-03-17 13:19:32,342 - INFO - [Metrics for 'Defect'] | Precision: 0.8002 | Recall: 0.8257 | F1: 0.8127
2026-03-17 13:19:32,400 - INFO - [Best Model Saved] (val loss: 0.4686) -> 'log/Sewer_ML_params/baseline_deit_tiny_wanda_20260317_131122/best_model.pth'
2026-03-17 13:19:32,400 - INFO - --------------------------------------------------
2026-03-17 13:19:32,400 - INFO - [LR]    [2/10] | Learning Rate: 0.000978
2026-03-17 13:27:08,587 - INFO - [Train] [2/10] | Loss: 0.4743 | Train Acc: 81.69%
2026-03-17 13:27:48,700 - INFO - [Valid] [2/10] | Loss: 0.4619 | Val Acc: 82.72%
2026-03-17 13:27:48,866 - INFO - [Metrics for 'Normal'] | Precision: 0.8531 | Recall: 0.8128 | F1: 0.8324
2026-03-17 13:27:48,866 - INFO - [Metrics for 'Defect'] | Precision: 0.8010 | Recall: 0.8433 | F1: 0.8216
2026-03-17 13:27:48,941 - INFO - [Best Model Saved] (val loss: 0.4619) -> 'log/Sewer_ML_params/baseline_deit_tiny_wanda_20260317_131122/best_model.pth'
2026-03-17 13:27:48,941 - INFO - --------------------------------------------------
2026-03-17 13:27:48,941 - INFO - [LR]    [3/10] | Learning Rate: 0.000914
2026-03-17 13:35:36,709 - INFO - [Train] [3/10] | Loss: 0.4541 | Train Acc: 83.32%
2026-03-17 13:36:17,412 - INFO - [Valid] [3/10] | Loss: 0.4408 | Val Acc: 84.27%
2026-03-17 13:36:17,591 - INFO - [Metrics for 'Normal'] | Precision: 0.8338 | Recall: 0.8770 | F1: 0.8549
2026-03-17 13:36:17,591 - INFO - [Metrics for 'Defect'] | Precision: 0.8539 | Recall: 0.8043 | F1: 0.8283
2026-03-17 13:36:17,667 - INFO - [Best Model Saved] (val loss: 0.4408) -> 'log/Sewer_ML_params/baseline_deit_tiny_wanda_20260317_131122/best_model.pth'
2026-03-17 13:36:17,667 - INFO - --------------------------------------------------
2026-03-17 13:36:17,668 - INFO - [LR]    [4/10] | Learning Rate: 0.000815
2026-03-17 13:44:02,907 - INFO - [Train] [4/10] | Loss: 0.4392 | Train Acc: 84.41%
2026-03-17 13:44:43,800 - INFO - [Valid] [4/10] | Loss: 0.4334 | Val Acc: 84.86%
2026-03-17 13:44:43,937 - INFO - [Metrics for 'Normal'] | Precision: 0.8935 | Recall: 0.8099 | F1: 0.8497
2026-03-17 13:44:43,937 - INFO - [Metrics for 'Defect'] | Precision: 0.8074 | Recall: 0.8919 | F1: 0.8476
2026-03-17 13:44:44,000 - INFO - [Best Model Saved] (val loss: 0.4334) -> 'log/Sewer_ML_params/baseline_deit_tiny_wanda_20260317_131122/best_model.pth'
2026-03-17 13:44:44,000 - INFO - --------------------------------------------------
2026-03-17 13:44:44,001 - INFO - [LR]    [5/10] | Learning Rate: 0.000689
2026-03-17 13:52:28,849 - INFO - [Train] [5/10] | Loss: 0.4249 | Train Acc: 85.46%
2026-03-17 13:53:09,497 - INFO - [Valid] [5/10] | Loss: 0.4179 | Val Acc: 85.94%
2026-03-17 13:53:09,634 - INFO - [Metrics for 'Normal'] | Precision: 0.8535 | Recall: 0.8858 | F1: 0.8693
2026-03-17 13:53:09,634 - INFO - [Metrics for 'Defect'] | Precision: 0.8665 | Recall: 0.8298 | F1: 0.8477
2026-03-17 13:53:09,697 - INFO - [Best Model Saved] (val loss: 0.4179) -> 'log/Sewer_ML_params/baseline_deit_tiny_wanda_20260317_131122/best_model.pth'
2026-03-17 13:53:09,697 - INFO - --------------------------------------------------
2026-03-17 13:53:09,698 - INFO - [LR]    [6/10] | Learning Rate: 0.000550
2026-03-17 14:00:54,773 - INFO - [Train] [6/10] | Loss: 0.4123 | Train Acc: 86.36%
2026-03-17 14:01:35,765 - INFO - [Valid] [6/10] | Loss: 0.4065 | Val Acc: 86.88%
2026-03-17 14:01:35,913 - INFO - [Metrics for 'Normal'] | Precision: 0.8969 | Recall: 0.8493 | F1: 0.8725
2026-03-17 14:01:35,914 - INFO - [Metrics for 'Defect'] | Precision: 0.8408 | Recall: 0.8907 | F1: 0.8650
2026-03-17 14:01:35,992 - INFO - [Best Model Saved] (val loss: 0.4065) -> 'log/Sewer_ML_params/baseline_deit_tiny_wanda_20260317_131122/best_model.pth'
2026-03-17 14:01:35,992 - INFO - --------------------------------------------------
2026-03-17 14:01:35,993 - INFO - [LR]    [7/10] | Learning Rate: 0.000411
2026-03-17 14:09:24,132 - INFO - [Train] [7/10] | Loss: 0.4013 | Train Acc: 87.11%
2026-03-17 14:10:04,849 - INFO - [Valid] [7/10] | Loss: 0.4037 | Val Acc: 87.03%
2026-03-17 14:10:04,986 - INFO - [Metrics for 'Normal'] | Precision: 0.9024 | Recall: 0.8460 | F1: 0.8733
2026-03-17 14:10:04,986 - INFO - [Metrics for 'Defect'] | Precision: 0.8389 | Recall: 0.8975 | F1: 0.8672
2026-03-17 14:10:05,050 - INFO - [Best Model Saved] (val loss: 0.4037) -> 'log/Sewer_ML_params/baseline_deit_tiny_wanda_20260317_131122/best_model.pth'
2026-03-17 14:10:05,051 - INFO - --------------------------------------------------
2026-03-17 14:10:05,051 - INFO - [LR]    [8/10] | Learning Rate: 0.000285
2026-03-17 14:17:52,336 - INFO - [Train] [8/10] | Loss: 0.3912 | Train Acc: 87.80%
2026-03-17 14:18:32,668 - INFO - [Valid] [8/10] | Loss: 0.3919 | Val Acc: 87.76%
2026-03-17 14:18:32,816 - INFO - [Metrics for 'Normal'] | Precision: 0.8832 | Recall: 0.8854 | F1: 0.8843
2026-03-17 14:18:32,816 - INFO - [Metrics for 'Defect'] | Precision: 0.8714 | Recall: 0.8689 | F1: 0.8702
2026-03-17 14:18:32,879 - INFO - [Best Model Saved] (val loss: 0.3919) -> 'log/Sewer_ML_params/baseline_deit_tiny_wanda_20260317_131122/best_model.pth'
2026-03-17 14:18:32,880 - INFO - --------------------------------------------------
2026-03-17 14:18:32,880 - INFO - [LR]    [9/10] | Learning Rate: 0.000186
2026-03-17 14:26:20,010 - INFO - [Train] [9/10] | Loss: 0.3826 | Train Acc: 88.39%
2026-03-17 14:27:00,778 - INFO - [Valid] [9/10] | Loss: 0.3875 | Val Acc: 88.15%
2026-03-17 14:27:00,926 - INFO - [Metrics for 'Normal'] | Precision: 0.8980 | Recall: 0.8750 | F1: 0.8863
2026-03-17 14:27:00,926 - INFO - [Metrics for 'Defect'] | Precision: 0.8640 | Recall: 0.8887 | F1: 0.8762
2026-03-17 14:27:00,989 - INFO - [Best Model Saved] (val loss: 0.3875) -> 'log/Sewer_ML_params/baseline_deit_tiny_wanda_20260317_131122/best_model.pth'
2026-03-17 14:27:00,989 - INFO - --------------------------------------------------
2026-03-17 14:27:00,990 - INFO - [LR]    [10/10] | Learning Rate: 0.000122
2026-03-17 14:34:48,210 - INFO - [Train] [10/10] | Loss: 0.3759 | Train Acc: 88.85%
2026-03-17 14:35:29,506 - INFO - [Valid] [10/10] | Loss: 0.3859 | Val Acc: 88.32%
2026-03-17 14:35:29,654 - INFO - [Metrics for 'Normal'] | Precision: 0.8937 | Recall: 0.8840 | F1: 0.8888
2026-03-17 14:35:29,654 - INFO - [Metrics for 'Defect'] | Precision: 0.8717 | Recall: 0.8824 | F1: 0.8770
2026-03-17 14:35:29,717 - INFO - [Best Model Saved] (val loss: 0.3859) -> 'log/Sewer_ML_params/baseline_deit_tiny_wanda_20260317_131122/best_model.pth'
2026-03-17 14:35:29,718 - INFO - ================================================================================
2026-03-17 14:35:29,718 - INFO - 단계 2/2: Pruning 및 미세 조정(Fine-tuning)을 시작합니다.
2026-03-17 14:35:29,718 - INFO - ================================================================================
2026-03-17 14:35:29,730 - INFO - 사전 훈련된 모델 'log/Sewer_ML_params/baseline_deit_tiny_wanda_20260317_131122/best_model.pth'을(를) 불러왔습니다.
2026-03-17 14:35:29,740 - INFO - Pruning 전 원본 모델의 FLOPs를 측정합니다.
2026-03-17 14:35:29,758 - INFO - Wanda Pruning을 시작합니다.
2026-03-17 14:35:29,758 - INFO - Wanda 중요도 계산을 위해 Calibration을 수행합니다.
2026-03-17 14:35:29,758 - INFO -   - Calibration Samples: 4096 (approx 16 batches)
2026-03-17 14:35:33,291 - INFO - 분류 레이어 'Linear'을(를) Pruning 대상에서 제외합니다.
2026-03-17 14:35:33,292 - INFO - ViT 계열 모델의 모든 qkv 레이어를 Pruning 대상에서 제외합니다.
2026-03-17 14:35:33,571 - INFO - torch-pruning 완료. 모델 구조가 희소도(0.9629)에 맞춰 변경되었습니다.
2026-03-17 14:35:33,571 - INFO - ==================================================
2026-03-17 14:35:33,572 - INFO - ==================================================
2026-03-17 14:35:33,573 - INFO - 모델 파라미터 수:
2026-03-17 14:35:33,573 - INFO -   - 총 파라미터: 83,767 개
2026-03-17 14:35:33,573 - INFO -   - 학습 가능한 파라미터: 83,767 개
2026-03-17 14:35:33,596 - INFO - Pruning 후 모델의 FLOPs를 측정합니다.
2026-03-17 14:35:33,644 - INFO - FLOPs가 2.1493 GFLOPs에서 0.0294 GFLOPs로 감소했습니다 (감소율: 98.63%).
2026-03-17 14:35:33,706 - INFO - Pruning 정보(희소도: 0.9629)를 'log/Sewer_ML_params/baseline_deit_tiny_wanda_20260317_131122/pruning_info.yaml'에 저장했습니다.
2026-03-17 14:35:33,706 - INFO - 미세 조정을 위한 새로운 옵티마이저와 스케줄러를 생성합니다.
2026-03-17 14:35:33,706 - INFO - 옵티마이저: AdamW (lr=0.001, weight_decay=0.0001)
2026-03-17 14:35:33,707 - INFO - 스케줄러: CosineAnnealingLR (T_max=80, eta_min=0.0001)
2026-03-17 14:35:33,707 - INFO - ==================================================
2026-03-17 14:35:33,707 - INFO - train 모드를 시작합니다.
2026-03-17 14:35:33,707 - INFO - 손실 함수: CrossEntropyLoss (label_smoothing: 0.1)
2026-03-17 14:35:33,707 - INFO - Best metric을 초기값(inf)으로 설정합니다.
2026-03-17 14:35:33,707 - INFO - --------------------------------------------------
2026-03-17 14:35:33,707 - INFO - [LR]    [11/90] | Learning Rate: 0.001000
2026-03-17 14:43:08,619 - INFO - [Train] [11/90] | Loss: 0.5259 | Train Acc: 77.17%
2026-03-17 14:43:48,107 - INFO - [Valid] [11/90] | Loss: 0.4809 | Val Acc: 81.01%
2026-03-17 14:43:48,240 - INFO - [Metrics for 'Normal'] | Precision: 0.8410 | Recall: 0.7898 | F1: 0.8146
2026-03-17 14:43:48,240 - INFO - [Metrics for 'Defect'] | Precision: 0.7797 | Recall: 0.8329 | F1: 0.8054
2026-03-17 14:43:48,288 - INFO - [Best Model Saved] (val loss: 0.4809) -> 'log/Sewer_ML_params/baseline_deit_tiny_wanda_20260317_131122/best_model.pth'
2026-03-17 14:43:48,288 - INFO - --------------------------------------------------
2026-03-17 14:43:48,289 - INFO - [LR]    [12/90] | Learning Rate: 0.001000
2026-03-17 14:51:15,701 - INFO - [Train] [12/90] | Loss: 0.4761 | Train Acc: 81.52%
2026-03-17 14:51:54,743 - INFO - [Valid] [12/90] | Loss: 0.4556 | Val Acc: 83.11%
2026-03-17 14:51:54,878 - INFO - [Metrics for 'Normal'] | Precision: 0.8526 | Recall: 0.8223 | F1: 0.8372
2026-03-17 14:51:54,878 - INFO - [Metrics for 'Defect'] | Precision: 0.8087 | Recall: 0.8409 | F1: 0.8245
2026-03-17 14:51:54,928 - INFO - [Best Model Saved] (val loss: 0.4556) -> 'log/Sewer_ML_params/baseline_deit_tiny_wanda_20260317_131122/best_model.pth'
2026-03-17 14:51:54,929 - INFO - --------------------------------------------------
2026-03-17 14:51:54,929 - INFO - [LR]    [13/90] | Learning Rate: 0.000999
2026-03-17 14:59:21,919 - INFO - [Train] [13/90] | Loss: 0.4631 | Train Acc: 82.59%
2026-03-17 15:00:01,122 - INFO - [Valid] [13/90] | Loss: 0.4517 | Val Acc: 83.37%
2026-03-17 15:00:01,257 - INFO - [Metrics for 'Normal'] | Precision: 0.8405 | Recall: 0.8457 | F1: 0.8431
2026-03-17 15:00:01,257 - INFO - [Metrics for 'Defect'] | Precision: 0.8261 | Recall: 0.8204 | F1: 0.8232
2026-03-17 15:00:01,314 - INFO - [Best Model Saved] (val loss: 0.4517) -> 'log/Sewer_ML_params/baseline_deit_tiny_wanda_20260317_131122/best_model.pth'
2026-03-17 15:00:01,314 - INFO - --------------------------------------------------
2026-03-17 15:00:01,315 - INFO - [LR]    [14/90] | Learning Rate: 0.000997
2026-03-17 15:07:26,853 - INFO - [Train] [14/90] | Loss: 0.4567 | Train Acc: 83.09%
2026-03-17 15:08:05,871 - INFO - [Valid] [14/90] | Loss: 0.4498 | Val Acc: 83.53%
2026-03-17 15:08:06,005 - INFO - [Metrics for 'Normal'] | Precision: 0.8205 | Recall: 0.8808 | F1: 0.8496
2026-03-17 15:08:06,005 - INFO - [Metrics for 'Defect'] | Precision: 0.8547 | Recall: 0.7843 | F1: 0.8180
2026-03-17 15:08:06,056 - INFO - [Best Model Saved] (val loss: 0.4498) -> 'log/Sewer_ML_params/baseline_deit_tiny_wanda_20260317_131122/best_model.pth'
2026-03-17 15:08:06,056 - INFO - --------------------------------------------------
2026-03-17 15:08:06,056 - INFO - [LR]    [15/90] | Learning Rate: 0.000994
2026-03-17 15:15:32,185 - INFO - [Train] [15/90] | Loss: 0.4521 | Train Acc: 83.41%
2026-03-17 15:16:11,595 - INFO - [Valid] [15/90] | Loss: 0.4423 | Val Acc: 84.07%
2026-03-17 15:16:11,764 - INFO - [Metrics for 'Normal'] | Precision: 0.8555 | Recall: 0.8402 | F1: 0.8478
2026-03-17 15:16:11,764 - INFO - [Metrics for 'Defect'] | Precision: 0.8247 | Recall: 0.8412 | F1: 0.8329
2026-03-17 15:16:11,829 - INFO - [Best Model Saved] (val loss: 0.4423) -> 'log/Sewer_ML_params/baseline_deit_tiny_wanda_20260317_131122/best_model.pth'
2026-03-17 15:16:11,830 - INFO - --------------------------------------------------
2026-03-17 15:16:11,830 - INFO - [LR]    [16/90] | Learning Rate: 0.000991
2026-03-17 15:23:37,804 - INFO - [Train] [16/90] | Loss: 0.4486 | Train Acc: 83.69%
2026-03-17 15:24:17,425 - INFO - [Valid] [16/90] | Loss: 0.4427 | Val Acc: 84.12%
2026-03-17 15:24:17,570 - INFO - [Metrics for 'Normal'] | Precision: 0.8342 | Recall: 0.8728 | F1: 0.8531
2026-03-17 15:24:17,570 - INFO - [Metrics for 'Defect'] | Precision: 0.8499 | Recall: 0.8059 | F1: 0.8273
2026-03-17 15:24:17,615 - INFO - --------------------------------------------------
2026-03-17 15:24:17,616 - INFO - [LR]    [17/90] | Learning Rate: 0.000988
2026-03-17 15:31:42,589 - INFO - [Train] [17/90] | Loss: 0.4457 | Train Acc: 83.88%
2026-03-17 15:32:21,563 - INFO - [Valid] [17/90] | Loss: 0.4367 | Val Acc: 84.55%
2026-03-17 15:32:21,730 - INFO - [Metrics for 'Normal'] | Precision: 0.8575 | Recall: 0.8485 | F1: 0.8530
2026-03-17 15:32:21,730 - INFO - [Metrics for 'Defect'] | Precision: 0.8324 | Recall: 0.8422 | F1: 0.8373
2026-03-17 15:32:21,794 - INFO - [Best Model Saved] (val loss: 0.4367) -> 'log/Sewer_ML_params/baseline_deit_tiny_wanda_20260317_131122/best_model.pth'
2026-03-17 15:32:21,794 - INFO - --------------------------------------------------
2026-03-17 15:32:21,794 - INFO - [LR]    [18/90] | Learning Rate: 0.000983
2026-03-17 15:39:47,725 - INFO - [Train] [18/90] | Loss: 0.4437 | Train Acc: 84.04%
2026-03-17 15:40:27,174 - INFO - [Valid] [18/90] | Loss: 0.4375 | Val Acc: 84.53%
2026-03-17 15:40:27,339 - INFO - [Metrics for 'Normal'] | Precision: 0.8581 | Recall: 0.8472 | F1: 0.8526
2026-03-17 15:40:27,339 - INFO - [Metrics for 'Defect'] | Precision: 0.8314 | Recall: 0.8432 | F1: 0.8373
2026-03-17 15:40:27,397 - INFO - --------------------------------------------------
2026-03-17 15:40:27,397 - INFO - [LR]    [19/90] | Learning Rate: 0.000978
2026-03-17 15:47:54,267 - INFO - [Train] [19/90] | Loss: 0.4415 | Train Acc: 84.18%
2026-03-17 15:48:33,355 - INFO - [Valid] [19/90] | Loss: 0.4323 | Val Acc: 84.91%
2026-03-17 15:48:33,500 - INFO - [Metrics for 'Normal'] | Precision: 0.8669 | Recall: 0.8438 | F1: 0.8552
2026-03-17 15:48:33,500 - INFO - [Metrics for 'Defect'] | Precision: 0.8302 | Recall: 0.8550 | F1: 0.8424
2026-03-17 15:48:33,551 - INFO - [Best Model Saved] (val loss: 0.4323) -> 'log/Sewer_ML_params/baseline_deit_tiny_wanda_20260317_131122/best_model.pth'
2026-03-17 15:48:33,551 - INFO - --------------------------------------------------
2026-03-17 15:48:33,551 - INFO - [LR]    [20/90] | Learning Rate: 0.000972
2026-03-17 15:56:04,328 - INFO - [Train] [20/90] | Loss: 0.4400 | Train Acc: 84.31%
2026-03-17 15:56:43,945 - INFO - [Valid] [20/90] | Loss: 0.4314 | Val Acc: 84.88%
2026-03-17 15:56:44,123 - INFO - [Metrics for 'Normal'] | Precision: 0.8698 | Recall: 0.8395 | F1: 0.8544
2026-03-17 15:56:44,123 - INFO - [Metrics for 'Defect'] | Precision: 0.8271 | Recall: 0.8593 | F1: 0.8429
2026-03-17 15:56:44,175 - INFO - [Best Model Saved] (val loss: 0.4314) -> 'log/Sewer_ML_params/baseline_deit_tiny_wanda_20260317_131122/best_model.pth'
2026-03-17 15:56:44,175 - INFO - --------------------------------------------------
2026-03-17 15:56:44,176 - INFO - [LR]    [21/90] | Learning Rate: 0.000966
2026-03-17 16:04:13,978 - INFO - [Train] [21/90] | Loss: 0.4379 | Train Acc: 84.45%
2026-03-17 16:04:53,726 - INFO - [Valid] [21/90] | Loss: 0.4310 | Val Acc: 84.99%
2026-03-17 16:04:53,904 - INFO - [Metrics for 'Normal'] | Precision: 0.8648 | Recall: 0.8484 | F1: 0.8565
2026-03-17 16:04:53,904 - INFO - [Metrics for 'Defect'] | Precision: 0.8339 | Recall: 0.8515 | F1: 0.8426
2026-03-17 16:04:53,961 - INFO - [Best Model Saved] (val loss: 0.4310) -> 'log/Sewer_ML_params/baseline_deit_tiny_wanda_20260317_131122/best_model.pth'
2026-03-17 16:04:53,961 - INFO - --------------------------------------------------
2026-03-17 16:04:53,961 - INFO - [LR]    [22/90] | Learning Rate: 0.000959
2026-03-17 16:12:24,414 - INFO - [Train] [22/90] | Loss: 0.4368 | Train Acc: 84.57%
2026-03-17 16:13:04,210 - INFO - [Valid] [22/90] | Loss: 0.4313 | Val Acc: 84.93%
2026-03-17 16:13:04,362 - INFO - [Metrics for 'Normal'] | Precision: 0.8720 | Recall: 0.8376 | F1: 0.8545
2026-03-17 16:13:04,362 - INFO - [Metrics for 'Defect'] | Precision: 0.8260 | Recall: 0.8623 | F1: 0.8438
2026-03-17 16:13:04,419 - INFO - --------------------------------------------------
2026-03-17 16:13:04,419 - INFO - [LR]    [23/90] | Learning Rate: 0.000951
2026-03-17 16:20:33,476 - INFO - [Train] [23/90] | Loss: 0.4353 | Train Acc: 84.68%
2026-03-17 16:21:12,945 - INFO - [Valid] [23/90] | Loss: 0.4277 | Val Acc: 85.30%
2026-03-17 16:21:13,090 - INFO - [Metrics for 'Normal'] | Precision: 0.8603 | Recall: 0.8616 | F1: 0.8609
2026-03-17 16:21:13,090 - INFO - [Metrics for 'Defect'] | Precision: 0.8448 | Recall: 0.8434 | F1: 0.8441
2026-03-17 16:21:13,141 - INFO - [Best Model Saved] (val loss: 0.4277) -> 'log/Sewer_ML_params/baseline_deit_tiny_wanda_20260317_131122/best_model.pth'
2026-03-17 16:21:13,141 - INFO - --------------------------------------------------
2026-03-17 16:21:13,141 - INFO - [LR]    [24/90] | Learning Rate: 0.000943
2026-03-17 16:28:42,491 - INFO - [Train] [24/90] | Loss: 0.4343 | Train Acc: 84.74%
2026-03-17 16:29:21,498 - INFO - [Valid] [24/90] | Loss: 0.4289 | Val Acc: 85.23%
2026-03-17 16:29:21,668 - INFO - [Metrics for 'Normal'] | Precision: 0.8789 | Recall: 0.8355 | F1: 0.8566
2026-03-17 16:29:21,668 - INFO - [Metrics for 'Defect'] | Precision: 0.8255 | Recall: 0.8711 | F1: 0.8477
2026-03-17 16:29:21,726 - INFO - --------------------------------------------------
2026-03-17 16:29:21,727 - INFO - [LR]    [25/90] | Learning Rate: 0.000934
2026-03-17 16:36:52,096 - INFO - [Train] [25/90] | Loss: 0.4329 | Train Acc: 84.82%
2026-03-17 16:37:31,380 - INFO - [Valid] [25/90] | Loss: 0.4273 | Val Acc: 85.25%
2026-03-17 16:37:31,526 - INFO - [Metrics for 'Normal'] | Precision: 0.8542 | Recall: 0.8690 | F1: 0.8615
2026-03-17 16:37:31,526 - INFO - [Metrics for 'Defect'] | Precision: 0.8505 | Recall: 0.8340 | F1: 0.8422
2026-03-17 16:37:31,577 - INFO - [Best Model Saved] (val loss: 0.4273) -> 'log/Sewer_ML_params/baseline_deit_tiny_wanda_20260317_131122/best_model.pth'
2026-03-17 16:37:31,577 - INFO - --------------------------------------------------
2026-03-17 16:37:31,577 - INFO - [LR]    [26/90] | Learning Rate: 0.000924
2026-03-17 16:45:00,949 - INFO - [Train] [26/90] | Loss: 0.4322 | Train Acc: 84.91%
2026-03-17 16:45:39,972 - INFO - [Valid] [26/90] | Loss: 0.4252 | Val Acc: 85.51%
2026-03-17 16:45:40,140 - INFO - [Metrics for 'Normal'] | Precision: 0.8687 | Recall: 0.8547 | F1: 0.8617
2026-03-17 16:45:40,140 - INFO - [Metrics for 'Defect'] | Precision: 0.8403 | Recall: 0.8555 | F1: 0.8478
2026-03-17 16:45:40,193 - INFO - [Best Model Saved] (val loss: 0.4252) -> 'log/Sewer_ML_params/baseline_deit_tiny_wanda_20260317_131122/best_model.pth'
2026-03-17 16:45:40,193 - INFO - --------------------------------------------------
2026-03-17 16:45:40,193 - INFO - [LR]    [27/90] | Learning Rate: 0.000914
2026-03-17 16:53:09,140 - INFO - [Train] [27/90] | Loss: 0.4310 | Train Acc: 85.00%
2026-03-17 16:53:48,611 - INFO - [Valid] [27/90] | Loss: 0.4261 | Val Acc: 85.40%
2026-03-17 16:53:48,791 - INFO - [Metrics for 'Normal'] | Precision: 0.8569 | Recall: 0.8686 | F1: 0.8627
2026-03-17 16:53:48,792 - INFO - [Metrics for 'Defect'] | Precision: 0.8506 | Recall: 0.8376 | F1: 0.8441
2026-03-17 16:53:48,841 - INFO - --------------------------------------------------
2026-03-17 16:53:48,842 - INFO - [LR]    [28/90] | Learning Rate: 0.000903
2026-03-17 17:01:17,155 - INFO - [Train] [28/90] | Loss: 0.4302 | Train Acc: 85.06%
2026-03-17 17:01:56,735 - INFO - [Valid] [28/90] | Loss: 0.4240 | Val Acc: 85.49%
2026-03-17 17:01:56,913 - INFO - [Metrics for 'Normal'] | Precision: 0.8696 | Recall: 0.8533 | F1: 0.8614
2026-03-17 17:01:56,913 - INFO - [Metrics for 'Defect'] | Precision: 0.8392 | Recall: 0.8567 | F1: 0.8479
2026-03-17 17:01:56,965 - INFO - [Best Model Saved] (val loss: 0.4240) -> 'log/Sewer_ML_params/baseline_deit_tiny_wanda_20260317_131122/best_model.pth'
2026-03-17 17:01:56,965 - INFO - --------------------------------------------------
2026-03-17 17:01:56,965 - INFO - [LR]    [29/90] | Learning Rate: 0.000892
2026-03-17 17:09:26,522 - INFO - [Train] [29/90] | Loss: 0.4295 | Train Acc: 85.11%
2026-03-17 17:10:06,035 - INFO - [Valid] [29/90] | Loss: 0.4330 | Val Acc: 84.82%
2026-03-17 17:10:06,194 - INFO - [Metrics for 'Normal'] | Precision: 0.8290 | Recall: 0.8976 | F1: 0.8620
2026-03-17 17:10:06,194 - INFO - [Metrics for 'Defect'] | Precision: 0.8737 | Recall: 0.7928 | F1: 0.8313
2026-03-17 17:10:06,241 - INFO - --------------------------------------------------
2026-03-17 17:10:06,241 - INFO - [LR]    [30/90] | Learning Rate: 0.000880
2026-03-17 17:17:35,435 - INFO - [Train] [30/90] | Loss: 0.4286 | Train Acc: 85.19%
2026-03-17 17:18:14,864 - INFO - [Valid] [30/90] | Loss: 0.4259 | Val Acc: 85.27%
2026-03-17 17:18:15,027 - INFO - [Metrics for 'Normal'] | Precision: 0.8501 | Recall: 0.8755 | F1: 0.8626
2026-03-17 17:18:15,027 - INFO - [Metrics for 'Defect'] | Precision: 0.8558 | Recall: 0.8273 | F1: 0.8413
2026-03-17 17:18:15,084 - INFO - --------------------------------------------------
2026-03-17 17:18:15,085 - INFO - [LR]    [31/90] | Learning Rate: 0.000868
2026-03-17 17:25:45,193 - INFO - [Train] [31/90] | Loss: 0.4278 | Train Acc: 85.25%
2026-03-17 17:26:24,684 - INFO - [Valid] [31/90] | Loss: 0.4234 | Val Acc: 85.53%
2026-03-17 17:26:24,820 - INFO - [Metrics for 'Normal'] | Precision: 0.8532 | Recall: 0.8767 | F1: 0.8648
2026-03-17 17:26:24,820 - INFO - [Metrics for 'Defect'] | Precision: 0.8576 | Recall: 0.8312 | F1: 0.8442
2026-03-17 17:26:24,872 - INFO - [Best Model Saved] (val loss: 0.4234) -> 'log/Sewer_ML_params/baseline_deit_tiny_wanda_20260317_131122/best_model.pth'
2026-03-17 17:26:24,872 - INFO - --------------------------------------------------
2026-03-17 17:26:24,872 - INFO - [LR]    [32/90] | Learning Rate: 0.000855
2026-03-17 17:33:54,456 - INFO - [Train] [32/90] | Loss: 0.4273 | Train Acc: 85.29%
2026-03-17 17:34:33,289 - INFO - [Valid] [32/90] | Loss: 0.4218 | Val Acc: 85.71%
2026-03-17 17:34:33,469 - INFO - [Metrics for 'Normal'] | Precision: 0.8789 | Recall: 0.8459 | F1: 0.8621
2026-03-17 17:34:33,470 - INFO - [Metrics for 'Defect'] | Precision: 0.8345 | Recall: 0.8695 | F1: 0.8517
2026-03-17 17:34:33,535 - INFO - [Best Model Saved] (val loss: 0.4218) -> 'log/Sewer_ML_params/baseline_deit_tiny_wanda_20260317_131122/best_model.pth'
2026-03-17 17:34:33,535 - INFO - --------------------------------------------------
2026-03-17 17:34:33,536 - INFO - [LR]    [33/90] | Learning Rate: 0.000842
2026-03-17 17:42:02,823 - INFO - [Train] [33/90] | Loss: 0.4267 | Train Acc: 85.31%
2026-03-17 17:42:42,094 - INFO - [Valid] [33/90] | Loss: 0.4226 | Val Acc: 85.55%
2026-03-17 17:42:42,277 - INFO - [Metrics for 'Normal'] | Precision: 0.8798 | Recall: 0.8413 | F1: 0.8601
2026-03-17 17:42:42,278 - INFO - [Metrics for 'Defect'] | Precision: 0.8307 | Recall: 0.8714 | F1: 0.8505
2026-03-17 17:42:42,336 - INFO - --------------------------------------------------
2026-03-17 17:42:42,336 - INFO - [LR]    [34/90] | Learning Rate: 0.000829
2026-03-17 17:50:10,800 - INFO - [Train] [34/90] | Loss: 0.4260 | Train Acc: 85.38%
2026-03-17 17:50:49,709 - INFO - [Valid] [34/90] | Loss: 0.4211 | Val Acc: 85.69%
2026-03-17 17:50:49,869 - INFO - [Metrics for 'Normal'] | Precision: 0.8669 | Recall: 0.8614 | F1: 0.8641
2026-03-17 17:50:49,870 - INFO - [Metrics for 'Defect'] | Precision: 0.8459 | Recall: 0.8520 | F1: 0.8489
2026-03-17 17:50:49,934 - INFO - [Best Model Saved] (val loss: 0.4211) -> 'log/Sewer_ML_params/baseline_deit_tiny_wanda_20260317_131122/best_model.pth'
2026-03-17 17:50:49,935 - INFO - --------------------------------------------------
2026-03-17 17:50:49,935 - INFO - [LR]    [35/90] | Learning Rate: 0.000815
2026-03-17 17:58:19,022 - INFO - [Train] [35/90] | Loss: 0.4250 | Train Acc: 85.43%
2026-03-17 17:58:58,943 - INFO - [Valid] [35/90] | Loss: 0.4208 | Val Acc: 85.72%
2026-03-17 17:58:59,090 - INFO - [Metrics for 'Normal'] | Precision: 0.8840 | Recall: 0.8399 | F1: 0.8614
2026-03-17 17:58:59,090 - INFO - [Metrics for 'Defect'] | Precision: 0.8303 | Recall: 0.8766 | F1: 0.8528
2026-03-17 17:58:59,141 - INFO - [Best Model Saved] (val loss: 0.4208) -> 'log/Sewer_ML_params/baseline_deit_tiny_wanda_20260317_131122/best_model.pth'
2026-03-17 17:58:59,141 - INFO - --------------------------------------------------
2026-03-17 17:58:59,142 - INFO - [LR]    [36/90] | Learning Rate: 0.000800
2026-03-17 18:06:28,819 - INFO - [Train] [36/90] | Loss: 0.4245 | Train Acc: 85.51%
2026-03-17 18:07:08,677 - INFO - [Valid] [36/90] | Loss: 0.4202 | Val Acc: 85.74%
2026-03-17 18:07:08,851 - INFO - [Metrics for 'Normal'] | Precision: 0.8661 | Recall: 0.8634 | F1: 0.8647
2026-03-17 18:07:08,851 - INFO - [Metrics for 'Defect'] | Precision: 0.8476 | Recall: 0.8506 | F1: 0.8491
2026-03-17 18:07:08,916 - INFO - [Best Model Saved] (val loss: 0.4202) -> 'log/Sewer_ML_params/baseline_deit_tiny_wanda_20260317_131122/best_model.pth'
2026-03-17 18:07:08,916 - INFO - --------------------------------------------------
2026-03-17 18:07:08,917 - INFO - [LR]    [37/90] | Learning Rate: 0.000785
2026-03-17 18:14:38,074 - INFO - [Train] [37/90] | Loss: 0.4243 | Train Acc: 85.50%
2026-03-17 18:15:17,790 - INFO - [Valid] [37/90] | Loss: 0.4205 | Val Acc: 85.70%
2026-03-17 18:15:17,938 - INFO - [Metrics for 'Normal'] | Precision: 0.8561 | Recall: 0.8765 | F1: 0.8662
2026-03-17 18:15:17,938 - INFO - [Metrics for 'Defect'] | Precision: 0.8580 | Recall: 0.8351 | F1: 0.8464
2026-03-17 18:15:17,985 - INFO - --------------------------------------------------
2026-03-17 18:15:17,985 - INFO - [LR]    [38/90] | Learning Rate: 0.000770
2026-03-17 18:22:47,464 - INFO - [Train] [38/90] | Loss: 0.4233 | Train Acc: 85.58%
2026-03-17 18:23:26,849 - INFO - [Valid] [38/90] | Loss: 0.4195 | Val Acc: 85.83%
2026-03-17 18:23:27,011 - INFO - [Metrics for 'Normal'] | Precision: 0.8814 | Recall: 0.8455 | F1: 0.8631
2026-03-17 18:23:27,011 - INFO - [Metrics for 'Defect'] | Precision: 0.8346 | Recall: 0.8727 | F1: 0.8532
2026-03-17 18:23:27,063 - INFO - [Best Model Saved] (val loss: 0.4195) -> 'log/Sewer_ML_params/baseline_deit_tiny_wanda_20260317_131122/best_model.pth'
2026-03-17 18:23:27,063 - INFO - --------------------------------------------------
2026-03-17 18:23:27,063 - INFO - [LR]    [39/90] | Learning Rate: 0.000754
2026-03-17 18:30:55,556 - INFO - [Train] [39/90] | Loss: 0.4231 | Train Acc: 85.56%
2026-03-17 18:31:34,808 - INFO - [Valid] [39/90] | Loss: 0.4211 | Val Acc: 85.71%
2026-03-17 18:31:34,956 - INFO - [Metrics for 'Normal'] | Precision: 0.8891 | Recall: 0.8333 | F1: 0.8603
2026-03-17 18:31:34,956 - INFO - [Metrics for 'Defect'] | Precision: 0.8257 | Recall: 0.8837 | F1: 0.8537
2026-03-17 18:31:35,003 - INFO - --------------------------------------------------
2026-03-17 18:31:35,003 - INFO - [LR]    [40/90] | Learning Rate: 0.000738
2026-03-17 18:39:04,545 - INFO - [Train] [40/90] | Loss: 0.4225 | Train Acc: 85.63%
2026-03-17 18:39:44,456 - INFO - [Valid] [40/90] | Loss: 0.4199 | Val Acc: 85.79%
2026-03-17 18:39:44,640 - INFO - [Metrics for 'Normal'] | Precision: 0.8641 | Recall: 0.8675 | F1: 0.8658
2026-03-17 18:39:44,640 - INFO - [Metrics for 'Defect'] | Precision: 0.8510 | Recall: 0.8473 | F1: 0.8491
2026-03-17 18:39:44,700 - INFO - --------------------------------------------------
2026-03-17 18:39:44,701 - INFO - [LR]    [41/90] | Learning Rate: 0.000722
2026-03-17 18:47:13,352 - INFO - [Train] [41/90] | Loss: 0.4220 | Train Acc: 85.66%
2026-03-17 18:47:53,229 - INFO - [Valid] [41/90] | Loss: 0.4167 | Val Acc: 86.03%
2026-03-17 18:47:53,399 - INFO - [Metrics for 'Normal'] | Precision: 0.8723 | Recall: 0.8615 | F1: 0.8669
2026-03-17 18:47:53,399 - INFO - [Metrics for 'Defect'] | Precision: 0.8471 | Recall: 0.8589 | F1: 0.8530
2026-03-17 18:47:53,452 - INFO - [Best Model Saved] (val loss: 0.4167) -> 'log/Sewer_ML_params/baseline_deit_tiny_wanda_20260317_131122/best_model.pth'
2026-03-17 18:47:53,452 - INFO - --------------------------------------------------
2026-03-17 18:47:53,452 - INFO - [LR]    [42/90] | Learning Rate: 0.000706
2026-03-17 18:55:22,265 - INFO - [Train] [42/90] | Loss: 0.4216 | Train Acc: 85.72%
2026-03-17 18:56:01,885 - INFO - [Valid] [42/90] | Loss: 0.4188 | Val Acc: 85.87%
2026-03-17 18:56:02,024 - INFO - [Metrics for 'Normal'] | Precision: 0.8616 | Recall: 0.8727 | F1: 0.8671
2026-03-17 18:56:02,024 - INFO - [Metrics for 'Defect'] | Precision: 0.8554 | Recall: 0.8431 | F1: 0.8492
2026-03-17 18:56:02,071 - INFO - --------------------------------------------------
2026-03-17 18:56:02,072 - INFO - [LR]    [43/90] | Learning Rate: 0.000689
2026-03-17 19:03:30,822 - INFO - [Train] [43/90] | Loss: 0.4208 | Train Acc: 85.77%
2026-03-17 19:04:10,131 - INFO - [Valid] [43/90] | Loss: 0.4149 | Val Acc: 86.19%
2026-03-17 19:04:10,315 - INFO - [Metrics for 'Normal'] | Precision: 0.8713 | Recall: 0.8665 | F1: 0.8689
2026-03-17 19:04:10,315 - INFO - [Metrics for 'Defect'] | Precision: 0.8515 | Recall: 0.8567 | F1: 0.8541
2026-03-17 19:04:10,381 - INFO - [Best Model Saved] (val loss: 0.4149) -> 'log/Sewer_ML_params/baseline_deit_tiny_wanda_20260317_131122/best_model.pth'
2026-03-17 19:04:10,381 - INFO - --------------------------------------------------
2026-03-17 19:04:10,382 - INFO - [LR]    [44/90] | Learning Rate: 0.000672
2026-03-17 19:11:39,453 - INFO - [Train] [44/90] | Loss: 0.4203 | Train Acc: 85.80%
2026-03-17 19:12:19,041 - INFO - [Valid] [44/90] | Loss: 0.4171 | Val Acc: 86.03%
2026-03-17 19:12:19,222 - INFO - [Metrics for 'Normal'] | Precision: 0.8768 | Recall: 0.8557 | F1: 0.8661
2026-03-17 19:12:19,222 - INFO - [Metrics for 'Defect'] | Precision: 0.8428 | Recall: 0.8654 | F1: 0.8539
2026-03-17 19:12:19,281 - INFO - --------------------------------------------------
2026-03-17 19:12:19,281 - INFO - [LR]    [45/90] | Learning Rate: 0.000655
2026-03-17 19:19:47,215 - INFO - [Train] [45/90] | Loss: 0.4197 | Train Acc: 85.84%
2026-03-17 19:20:26,872 - INFO - [Valid] [45/90] | Loss: 0.4188 | Val Acc: 85.78%
2026-03-17 19:20:27,054 - INFO - [Metrics for 'Normal'] | Precision: 0.8581 | Recall: 0.8755 | F1: 0.8667
2026-03-17 19:20:27,054 - INFO - [Metrics for 'Defect'] | Precision: 0.8574 | Recall: 0.8380 | F1: 0.8476
2026-03-17 19:20:27,106 - INFO - --------------------------------------------------
2026-03-17 19:20:27,106 - INFO - [LR]    [46/90] | Learning Rate: 0.000638
2026-03-17 19:27:56,428 - INFO - [Train] [46/90] | Loss: 0.4198 | Train Acc: 85.82%
2026-03-17 19:28:36,260 - INFO - [Valid] [46/90] | Loss: 0.4167 | Val Acc: 86.02%
2026-03-17 19:28:36,409 - INFO - [Metrics for 'Normal'] | Precision: 0.8584 | Recall: 0.8806 | F1: 0.8694
2026-03-17 19:28:36,409 - INFO - [Metrics for 'Defect'] | Precision: 0.8624 | Recall: 0.8375 | F1: 0.8497
2026-03-17 19:28:36,456 - INFO - --------------------------------------------------
2026-03-17 19:28:36,456 - INFO - [LR]    [47/90] | Learning Rate: 0.000620
2026-03-17 19:36:05,099 - INFO - [Train] [47/90] | Loss: 0.4192 | Train Acc: 85.86%
2026-03-17 19:36:44,477 - INFO - [Valid] [47/90] | Loss: 0.4222 | Val Acc: 85.67%
2026-03-17 19:36:44,663 - INFO - [Metrics for 'Normal'] | Precision: 0.8945 | Recall: 0.8261 | F1: 0.8589
2026-03-17 19:36:44,663 - INFO - [Metrics for 'Defect'] | Precision: 0.8207 | Recall: 0.8909 | F1: 0.8544
2026-03-17 19:36:44,723 - INFO - --------------------------------------------------
2026-03-17 19:36:44,724 - INFO - [LR]    [48/90] | Learning Rate: 0.000603
2026-03-17 19:44:12,266 - INFO - [Train] [48/90] | Loss: 0.4185 | Train Acc: 85.93%
2026-03-17 19:44:51,411 - INFO - [Valid] [48/90] | Loss: 0.4154 | Val Acc: 86.12%
2026-03-17 19:44:51,548 - INFO - [Metrics for 'Normal'] | Precision: 0.8832 | Recall: 0.8494 | F1: 0.8660
2026-03-17 19:44:51,548 - INFO - [Metrics for 'Defect'] | Precision: 0.8384 | Recall: 0.8743 | F1: 0.8560
2026-03-17 19:44:51,595 - INFO - --------------------------------------------------
2026-03-17 19:44:51,596 - INFO - [LR]    [49/90] | Learning Rate: 0.000585
2026-03-17 19:52:19,342 - INFO - [Train] [49/90] | Loss: 0.4183 | Train Acc: 85.94%
2026-03-17 19:52:59,390 - INFO - [Valid] [49/90] | Loss: 0.4143 | Val Acc: 86.15%
2026-03-17 19:52:59,573 - INFO - [Metrics for 'Normal'] | Precision: 0.8636 | Recall: 0.8761 | F1: 0.8698
2026-03-17 19:52:59,574 - INFO - [Metrics for 'Defect'] | Precision: 0.8591 | Recall: 0.8451 | F1: 0.8521
2026-03-17 19:52:59,640 - INFO - [Best Model Saved] (val loss: 0.4143) -> 'log/Sewer_ML_params/baseline_deit_tiny_wanda_20260317_131122/best_model.pth'
2026-03-17 19:52:59,640 - INFO - --------------------------------------------------
2026-03-17 19:52:59,641 - INFO - [LR]    [50/90] | Learning Rate: 0.000568
2026-03-17 20:00:28,129 - INFO - [Train] [50/90] | Loss: 0.4179 | Train Acc: 85.97%
2026-03-17 20:01:07,824 - INFO - [Valid] [50/90] | Loss: 0.4144 | Val Acc: 86.19%
2026-03-17 20:01:07,972 - INFO - [Metrics for 'Normal'] | Precision: 0.8700 | Recall: 0.8682 | F1: 0.8691
2026-03-17 20:01:07,972 - INFO - [Metrics for 'Defect'] | Precision: 0.8528 | Recall: 0.8548 | F1: 0.8538
2026-03-17 20:01:08,019 - INFO - --------------------------------------------------
2026-03-17 20:01:08,019 - INFO - [LR]    [51/90] | Learning Rate: 0.000550
2026-03-17 20:08:35,583 - INFO - [Train] [51/90] | Loss: 0.4177 | Train Acc: 85.98%
2026-03-17 20:09:15,351 - INFO - [Valid] [51/90] | Loss: 0.4148 | Val Acc: 86.15%
2026-03-17 20:09:15,500 - INFO - [Metrics for 'Normal'] | Precision: 0.8679 | Recall: 0.8702 | F1: 0.8691
2026-03-17 20:09:15,500 - INFO - [Metrics for 'Defect'] | Precision: 0.8543 | Recall: 0.8518 | F1: 0.8530
2026-03-17 20:09:15,547 - INFO - --------------------------------------------------
2026-03-17 20:09:15,548 - INFO - [LR]    [52/90] | Learning Rate: 0.000532
2026-03-17 20:16:43,328 - INFO - [Train] [52/90] | Loss: 0.4169 | Train Acc: 86.03%
2026-03-17 20:17:23,069 - INFO - [Valid] [52/90] | Loss: 0.4155 | Val Acc: 86.09%
2026-03-17 20:17:23,254 - INFO - [Metrics for 'Normal'] | Precision: 0.8882 | Recall: 0.8427 | F1: 0.8649
2026-03-17 20:17:23,255 - INFO - [Metrics for 'Defect'] | Precision: 0.8335 | Recall: 0.8813 | F1: 0.8567
2026-03-17 20:17:23,315 - INFO - --------------------------------------------------
2026-03-17 20:17:23,315 - INFO - [LR]    [53/90] | Learning Rate: 0.000515
2026-03-17 20:24:51,690 - INFO - [Train] [53/90] | Loss: 0.4168 | Train Acc: 86.03%
2026-03-17 20:25:31,084 - INFO - [Valid] [53/90] | Loss: 0.4158 | Val Acc: 86.13%
2026-03-17 20:25:31,233 - INFO - [Metrics for 'Normal'] | Precision: 0.8946 | Recall: 0.8359 | F1: 0.8642
2026-03-17 20:25:31,233 - INFO - [Metrics for 'Defect'] | Precision: 0.8289 | Recall: 0.8898 | F1: 0.8583
2026-03-17 20:25:31,280 - INFO - --------------------------------------------------
2026-03-17 20:25:31,281 - INFO - [LR]    [54/90] | Learning Rate: 0.000497
2026-03-17 20:32:59,756 - INFO - [Train] [54/90] | Loss: 0.4162 | Train Acc: 86.09%
2026-03-17 20:33:39,216 - INFO - [Valid] [54/90] | Loss: 0.4141 | Val Acc: 86.22%
2026-03-17 20:33:39,365 - INFO - [Metrics for 'Normal'] | Precision: 0.8722 | Recall: 0.8659 | F1: 0.8691
2026-03-17 20:33:39,365 - INFO - [Metrics for 'Defect'] | Precision: 0.8511 | Recall: 0.8580 | F1: 0.8546
2026-03-17 20:33:39,424 - INFO - [Best Model Saved] (val loss: 0.4141) -> 'log/Sewer_ML_params/baseline_deit_tiny_wanda_20260317_131122/best_model.pth'
2026-03-17 20:33:39,424 - INFO - --------------------------------------------------
2026-03-17 20:33:39,424 - INFO - [LR]    [55/90] | Learning Rate: 0.000480
2026-03-17 20:41:07,157 - INFO - [Train] [55/90] | Loss: 0.4161 | Train Acc: 86.08%
2026-03-17 20:41:47,109 - INFO - [Valid] [55/90] | Loss: 0.4133 | Val Acc: 86.25%
2026-03-17 20:41:47,303 - INFO - [Metrics for 'Normal'] | Precision: 0.8742 | Recall: 0.8641 | F1: 0.8691
2026-03-17 20:41:47,303 - INFO - [Metrics for 'Defect'] | Precision: 0.8498 | Recall: 0.8608 | F1: 0.8553
2026-03-17 20:41:47,373 - INFO - [Best Model Saved] (val loss: 0.4133) -> 'log/Sewer_ML_params/baseline_deit_tiny_wanda_20260317_131122/best_model.pth'
2026-03-17 20:41:47,373 - INFO - --------------------------------------------------
2026-03-17 20:41:47,374 - INFO - [LR]    [56/90] | Learning Rate: 0.000462
2026-03-17 20:49:16,620 - INFO - [Train] [56/90] | Loss: 0.4155 | Train Acc: 86.14%
2026-03-17 20:49:55,842 - INFO - [Valid] [56/90] | Loss: 0.4153 | Val Acc: 86.15%
2026-03-17 20:49:56,026 - INFO - [Metrics for 'Normal'] | Precision: 0.8830 | Recall: 0.8505 | F1: 0.8664
2026-03-17 20:49:56,026 - INFO - [Metrics for 'Defect'] | Precision: 0.8393 | Recall: 0.8739 | F1: 0.8562
2026-03-17 20:49:56,086 - INFO - --------------------------------------------------
2026-03-17 20:49:56,087 - INFO - [LR]    [57/90] | Learning Rate: 0.000445
2026-03-17 20:57:24,353 - INFO - [Train] [57/90] | Loss: 0.4151 | Train Acc: 86.13%
2026-03-17 20:58:04,161 - INFO - [Valid] [57/90] | Loss: 0.4119 | Val Acc: 86.37%
2026-03-17 20:58:04,311 - INFO - [Metrics for 'Normal'] | Precision: 0.8790 | Recall: 0.8604 | F1: 0.8696
2026-03-17 20:58:04,311 - INFO - [Metrics for 'Defect'] | Precision: 0.8474 | Recall: 0.8674 | F1: 0.8573
2026-03-17 20:58:04,364 - INFO - [Best Model Saved] (val loss: 0.4119) -> 'log/Sewer_ML_params/baseline_deit_tiny_wanda_20260317_131122/best_model.pth'
2026-03-17 20:58:04,365 - INFO - --------------------------------------------------
2026-03-17 20:58:04,365 - INFO - [LR]    [58/90] | Learning Rate: 0.000428
2026-03-17 21:05:32,362 - INFO - [Train] [58/90] | Loss: 0.4148 | Train Acc: 86.18%
2026-03-17 21:06:11,638 - INFO - [Valid] [58/90] | Loss: 0.4118 | Val Acc: 86.37%
2026-03-17 21:06:11,787 - INFO - [Metrics for 'Normal'] | Precision: 0.8805 | Recall: 0.8585 | F1: 0.8694
2026-03-17 21:06:11,787 - INFO - [Metrics for 'Defect'] | Precision: 0.8459 | Recall: 0.8696 | F1: 0.8576
2026-03-17 21:06:11,840 - INFO - [Best Model Saved] (val loss: 0.4118) -> 'log/Sewer_ML_params/baseline_deit_tiny_wanda_20260317_131122/best_model.pth'
2026-03-17 21:06:11,840 - INFO - --------------------------------------------------
2026-03-17 21:06:11,840 - INFO - [LR]    [59/90] | Learning Rate: 0.000411
2026-03-17 21:13:40,396 - INFO - [Train] [59/90] | Loss: 0.4144 | Train Acc: 86.20%
2026-03-17 21:14:20,378 - INFO - [Valid] [59/90] | Loss: 0.4126 | Val Acc: 86.30%
2026-03-17 21:14:20,517 - INFO - [Metrics for 'Normal'] | Precision: 0.8833 | Recall: 0.8535 | F1: 0.8681
2026-03-17 21:14:20,517 - INFO - [Metrics for 'Defect'] | Precision: 0.8420 | Recall: 0.8738 | F1: 0.8576
2026-03-17 21:14:20,564 - INFO - --------------------------------------------------
2026-03-17 21:14:20,565 - INFO - [LR]    [60/90] | Learning Rate: 0.000394
2026-03-17 21:21:51,986 - INFO - [Train] [60/90] | Loss: 0.4143 | Train Acc: 86.21%
2026-03-17 21:22:31,835 - INFO - [Valid] [60/90] | Loss: 0.4125 | Val Acc: 86.36%
2026-03-17 21:22:32,020 - INFO - [Metrics for 'Normal'] | Precision: 0.8643 | Recall: 0.8799 | F1: 0.8720
2026-03-17 21:22:32,020 - INFO - [Metrics for 'Defect'] | Precision: 0.8628 | Recall: 0.8453 | F1: 0.8540
2026-03-17 21:22:32,080 - INFO - --------------------------------------------------
2026-03-17 21:22:32,080 - INFO - [LR]    [61/90] | Learning Rate: 0.000378
2026-03-17 21:29:59,722 - INFO - [Train] [61/90] | Loss: 0.4141 | Train Acc: 86.25%
2026-03-17 21:30:39,216 - INFO - [Valid] [61/90] | Loss: 0.4116 | Val Acc: 86.44%
2026-03-17 21:30:39,366 - INFO - [Metrics for 'Normal'] | Precision: 0.8830 | Recall: 0.8568 | F1: 0.8697
2026-03-17 21:30:39,366 - INFO - [Metrics for 'Defect'] | Precision: 0.8449 | Recall: 0.8730 | F1: 0.8587
2026-03-17 21:30:39,419 - INFO - [Best Model Saved] (val loss: 0.4116) -> 'log/Sewer_ML_params/baseline_deit_tiny_wanda_20260317_131122/best_model.pth'
2026-03-17 21:30:39,419 - INFO - --------------------------------------------------
2026-03-17 21:30:39,420 - INFO - [LR]    [62/90] | Learning Rate: 0.000362
2026-03-17 21:38:07,494 - INFO - [Train] [62/90] | Loss: 0.4135 | Train Acc: 86.28%
2026-03-17 21:38:46,943 - INFO - [Valid] [62/90] | Loss: 0.4119 | Val Acc: 86.40%
2026-03-17 21:38:47,082 - INFO - [Metrics for 'Normal'] | Precision: 0.8674 | Recall: 0.8766 | F1: 0.8720
2026-03-17 21:38:47,082 - INFO - [Metrics for 'Defect'] | Precision: 0.8602 | Recall: 0.8500 | F1: 0.8551
2026-03-17 21:38:47,130 - INFO - --------------------------------------------------
2026-03-17 21:38:47,130 - INFO - [LR]    [63/90] | Learning Rate: 0.000346
2026-03-17 21:46:16,047 - INFO - [Train] [63/90] | Loss: 0.4131 | Train Acc: 86.30%
2026-03-17 21:46:55,108 - INFO - [Valid] [63/90] | Loss: 0.4111 | Val Acc: 86.47%
2026-03-17 21:46:55,296 - INFO - [Metrics for 'Normal'] | Precision: 0.8795 | Recall: 0.8620 | F1: 0.8706
2026-03-17 21:46:55,296 - INFO - [Metrics for 'Defect'] | Precision: 0.8489 | Recall: 0.8678 | F1: 0.8582
2026-03-17 21:46:55,364 - INFO - [Best Model Saved] (val loss: 0.4111) -> 'log/Sewer_ML_params/baseline_deit_tiny_wanda_20260317_131122/best_model.pth'
2026-03-17 21:46:55,364 - INFO - --------------------------------------------------
2026-03-17 21:46:55,364 - INFO - [LR]    [64/90] | Learning Rate: 0.000330
2026-03-17 21:54:23,535 - INFO - [Train] [64/90] | Loss: 0.4129 | Train Acc: 86.32%
2026-03-17 21:55:02,894 - INFO - [Valid] [64/90] | Loss: 0.4099 | Val Acc: 86.52%
2026-03-17 21:55:03,068 - INFO - [Metrics for 'Normal'] | Precision: 0.8759 | Recall: 0.8677 | F1: 0.8718
2026-03-17 21:55:03,068 - INFO - [Metrics for 'Defect'] | Precision: 0.8534 | Recall: 0.8624 | F1: 0.8579
2026-03-17 21:55:03,135 - INFO - [Best Model Saved] (val loss: 0.4099) -> 'log/Sewer_ML_params/baseline_deit_tiny_wanda_20260317_131122/best_model.pth'
2026-03-17 21:55:03,135 - INFO - --------------------------------------------------
2026-03-17 21:55:03,135 - INFO - [LR]    [65/90] | Learning Rate: 0.000315
2026-03-17 22:02:33,935 - INFO - [Train] [65/90] | Loss: 0.4126 | Train Acc: 86.34%
2026-03-17 22:03:13,963 - INFO - [Valid] [65/90] | Loss: 0.4094 | Val Acc: 86.54%
2026-03-17 22:03:14,113 - INFO - [Metrics for 'Normal'] | Precision: 0.8772 | Recall: 0.8666 | F1: 0.8718
2026-03-17 22:03:14,113 - INFO - [Metrics for 'Defect'] | Precision: 0.8527 | Recall: 0.8642 | F1: 0.8584
2026-03-17 22:03:14,170 - INFO - [Best Model Saved] (val loss: 0.4094) -> 'log/Sewer_ML_params/baseline_deit_tiny_wanda_20260317_131122/best_model.pth'
2026-03-17 22:03:14,170 - INFO - --------------------------------------------------
2026-03-17 22:03:14,170 - INFO - [LR]    [66/90] | Learning Rate: 0.000300
2026-03-17 22:10:41,835 - INFO - [Train] [66/90] | Loss: 0.4121 | Train Acc: 86.35%
2026-03-17 22:11:21,717 - INFO - [Valid] [66/90] | Loss: 0.4122 | Val Acc: 86.37%
2026-03-17 22:11:21,901 - INFO - [Metrics for 'Normal'] | Precision: 0.8680 | Recall: 0.8750 | F1: 0.8715
2026-03-17 22:11:21,901 - INFO - [Metrics for 'Defect'] | Precision: 0.8589 | Recall: 0.8511 | F1: 0.8549
2026-03-17 22:11:21,961 - INFO - --------------------------------------------------
2026-03-17 22:11:21,962 - INFO - [LR]    [67/90] | Learning Rate: 0.000285
2026-03-17 22:18:49,181 - INFO - [Train] [67/90] | Loss: 0.4120 | Train Acc: 86.39%
2026-03-17 22:19:28,836 - INFO - [Valid] [67/90] | Loss: 0.4112 | Val Acc: 86.47%
2026-03-17 22:19:28,985 - INFO - [Metrics for 'Normal'] | Precision: 0.8820 | Recall: 0.8587 | F1: 0.8702
2026-03-17 22:19:28,985 - INFO - [Metrics for 'Defect'] | Precision: 0.8464 | Recall: 0.8714 | F1: 0.8587
2026-03-17 22:19:29,032 - INFO - --------------------------------------------------
2026-03-17 22:19:29,033 - INFO - [LR]    [68/90] | Learning Rate: 0.000271
2026-03-17 22:26:55,926 - INFO - [Train] [68/90] | Loss: 0.4118 | Train Acc: 86.42%
2026-03-17 22:27:35,510 - INFO - [Valid] [68/90] | Loss: 0.4102 | Val Acc: 86.53%
2026-03-17 22:27:35,700 - INFO - [Metrics for 'Normal'] | Precision: 0.8766 | Recall: 0.8670 | F1: 0.8718
2026-03-17 22:27:35,700 - INFO - [Metrics for 'Defect'] | Precision: 0.8530 | Recall: 0.8634 | F1: 0.8581
2026-03-17 22:27:35,760 - INFO - --------------------------------------------------
2026-03-17 22:27:35,761 - INFO - [LR]    [69/90] | Learning Rate: 0.000258
2026-03-17 22:35:03,442 - INFO - [Train] [69/90] | Loss: 0.4115 | Train Acc: 86.43%
2026-03-17 22:35:42,722 - INFO - [Valid] [69/90] | Loss: 0.4095 | Val Acc: 86.54%
2026-03-17 22:35:42,907 - INFO - [Metrics for 'Normal'] | Precision: 0.8820 | Recall: 0.8602 | F1: 0.8710
2026-03-17 22:35:42,907 - INFO - [Metrics for 'Defect'] | Precision: 0.8477 | Recall: 0.8712 | F1: 0.8593
2026-03-17 22:35:42,968 - INFO - --------------------------------------------------
2026-03-17 22:35:42,969 - INFO - [LR]    [70/90] | Learning Rate: 0.000245
2026-03-17 22:43:10,336 - INFO - [Train] [70/90] | Loss: 0.4111 | Train Acc: 86.45%
2026-03-17 22:43:49,699 - INFO - [Valid] [70/90] | Loss: 0.4103 | Val Acc: 86.52%
2026-03-17 22:43:49,849 - INFO - [Metrics for 'Normal'] | Precision: 0.8715 | Recall: 0.8736 | F1: 0.8725
2026-03-17 22:43:49,849 - INFO - [Metrics for 'Defect'] | Precision: 0.8581 | Recall: 0.8558 | F1: 0.8570
2026-03-17 22:43:49,897 - INFO - --------------------------------------------------
2026-03-17 22:43:49,897 - INFO - [LR]    [71/90] | Learning Rate: 0.000232
2026-03-17 22:51:16,148 - INFO - [Train] [71/90] | Loss: 0.4110 | Train Acc: 86.46%
2026-03-17 22:51:55,635 - INFO - [Valid] [71/90] | Loss: 0.4108 | Val Acc: 86.46%
2026-03-17 22:51:55,776 - INFO - [Metrics for 'Normal'] | Precision: 0.8848 | Recall: 0.8550 | F1: 0.8696
2026-03-17 22:51:55,776 - INFO - [Metrics for 'Defect'] | Precision: 0.8436 | Recall: 0.8754 | F1: 0.8592
2026-03-17 22:51:55,823 - INFO - --------------------------------------------------
2026-03-17 22:51:55,824 - INFO - [LR]    [72/90] | Learning Rate: 0.000220
2026-03-17 22:59:22,262 - INFO - [Train] [72/90] | Loss: 0.4104 | Train Acc: 86.49%
2026-03-17 23:00:01,253 - INFO - [Valid] [72/90] | Loss: 0.4092 | Val Acc: 86.60%
2026-03-17 23:00:01,392 - INFO - [Metrics for 'Normal'] | Precision: 0.8838 | Recall: 0.8592 | F1: 0.8713
2026-03-17 23:00:01,392 - INFO - [Metrics for 'Defect'] | Precision: 0.8472 | Recall: 0.8736 | F1: 0.8602
2026-03-17 23:00:01,446 - INFO - [Best Model Saved] (val loss: 0.4092) -> 'log/Sewer_ML_params/baseline_deit_tiny_wanda_20260317_131122/best_model.pth'
2026-03-17 23:00:01,446 - INFO - --------------------------------------------------
2026-03-17 23:00:01,446 - INFO - [LR]    [73/90] | Learning Rate: 0.000208
2026-03-17 23:07:29,324 - INFO - [Train] [73/90] | Loss: 0.4104 | Train Acc: 86.53%
2026-03-17 23:08:08,718 - INFO - [Valid] [73/90] | Loss: 0.4112 | Val Acc: 86.45%
2026-03-17 23:08:08,869 - INFO - [Metrics for 'Normal'] | Precision: 0.8915 | Recall: 0.8465 | F1: 0.8684
2026-03-17 23:08:08,869 - INFO - [Metrics for 'Defect'] | Precision: 0.8373 | Recall: 0.8847 | F1: 0.8604
2026-03-17 23:08:08,916 - INFO - --------------------------------------------------
2026-03-17 23:08:08,917 - INFO - [LR]    [74/90] | Learning Rate: 0.000197
2026-03-17 23:15:36,484 - INFO - [Train] [74/90] | Loss: 0.4100 | Train Acc: 86.52%
2026-03-17 23:16:16,280 - INFO - [Valid] [74/90] | Loss: 0.4096 | Val Acc: 86.57%
2026-03-17 23:16:16,421 - INFO - [Metrics for 'Normal'] | Precision: 0.8856 | Recall: 0.8562 | F1: 0.8707
2026-03-17 23:16:16,421 - INFO - [Metrics for 'Defect'] | Precision: 0.8449 | Recall: 0.8762 | F1: 0.8603
2026-03-17 23:16:16,468 - INFO - --------------------------------------------------
2026-03-17 23:16:16,469 - INFO - [LR]    [75/90] | Learning Rate: 0.000186
2026-03-17 23:23:43,054 - INFO - [Train] [75/90] | Loss: 0.4100 | Train Acc: 86.53%
2026-03-17 23:24:22,828 - INFO - [Valid] [75/90] | Loss: 0.4099 | Val Acc: 86.50%
2026-03-17 23:24:22,969 - INFO - [Metrics for 'Normal'] | Precision: 0.8864 | Recall: 0.8539 | F1: 0.8698
2026-03-17 23:24:22,969 - INFO - [Metrics for 'Defect'] | Precision: 0.8429 | Recall: 0.8775 | F1: 0.8598
2026-03-17 23:24:23,017 - INFO - --------------------------------------------------
2026-03-17 23:24:23,017 - INFO - [LR]    [76/90] | Learning Rate: 0.000176
2026-03-17 23:31:49,777 - INFO - [Train] [76/90] | Loss: 0.4097 | Train Acc: 86.54%
2026-03-17 23:32:29,295 - INFO - [Valid] [76/90] | Loss: 0.4091 | Val Acc: 86.59%
2026-03-17 23:32:29,445 - INFO - [Metrics for 'Normal'] | Precision: 0.8732 | Recall: 0.8728 | F1: 0.8730
2026-03-17 23:32:29,445 - INFO - [Metrics for 'Defect'] | Precision: 0.8577 | Recall: 0.8581 | F1: 0.8579
2026-03-17 23:32:29,498 - INFO - [Best Model Saved] (val loss: 0.4091) -> 'log/Sewer_ML_params/baseline_deit_tiny_wanda_20260317_131122/best_model.pth'
2026-03-17 23:32:29,498 - INFO - --------------------------------------------------
2026-03-17 23:32:29,498 - INFO - [LR]    [77/90] | Learning Rate: 0.000166
2026-03-17 23:39:57,129 - INFO - [Train] [77/90] | Loss: 0.4097 | Train Acc: 86.57%
2026-03-17 23:40:36,775 - INFO - [Valid] [77/90] | Loss: 0.4084 | Val Acc: 86.65%
2026-03-17 23:40:36,926 - INFO - [Metrics for 'Normal'] | Precision: 0.8776 | Recall: 0.8683 | F1: 0.8730
2026-03-17 23:40:36,926 - INFO - [Metrics for 'Defect'] | Precision: 0.8544 | Recall: 0.8645 | F1: 0.8594
2026-03-17 23:40:36,980 - INFO - [Best Model Saved] (val loss: 0.4084) -> 'log/Sewer_ML_params/baseline_deit_tiny_wanda_20260317_131122/best_model.pth'
2026-03-17 23:40:36,980 - INFO - --------------------------------------------------
2026-03-17 23:40:36,980 - INFO - [LR]    [78/90] | Learning Rate: 0.000157
2026-03-17 23:48:03,609 - INFO - [Train] [78/90] | Loss: 0.4095 | Train Acc: 86.57%
2026-03-17 23:48:42,859 - INFO - [Valid] [78/90] | Loss: 0.4085 | Val Acc: 86.64%
2026-03-17 23:48:43,008 - INFO - [Metrics for 'Normal'] | Precision: 0.8751 | Recall: 0.8713 | F1: 0.8732
2026-03-17 23:48:43,008 - INFO - [Metrics for 'Defect'] | Precision: 0.8567 | Recall: 0.8608 | F1: 0.8587
2026-03-17 23:48:43,056 - INFO - --------------------------------------------------
2026-03-17 23:48:43,056 - INFO - [LR]    [79/90] | Learning Rate: 0.000149
2026-03-17 23:56:10,190 - INFO - [Train] [79/90] | Loss: 0.4094 | Train Acc: 86.59%
2026-03-17 23:56:49,825 - INFO - [Valid] [79/90] | Loss: 0.4090 | Val Acc: 86.61%
2026-03-17 23:56:49,965 - INFO - [Metrics for 'Normal'] | Precision: 0.8844 | Recall: 0.8588 | F1: 0.8714
2026-03-17 23:56:49,965 - INFO - [Metrics for 'Defect'] | Precision: 0.8469 | Recall: 0.8744 | F1: 0.8604
2026-03-17 23:56:50,012 - INFO - --------------------------------------------------
2026-03-17 23:56:50,013 - INFO - [LR]    [80/90] | Learning Rate: 0.000141
2026-03-18 00:04:16,250 - INFO - [Train] [80/90] | Loss: 0.4089 | Train Acc: 86.61%
2026-03-18 00:04:55,593 - INFO - [Valid] [80/90] | Loss: 0.4082 | Val Acc: 86.69%
2026-03-18 00:04:55,783 - INFO - [Metrics for 'Normal'] | Precision: 0.8738 | Recall: 0.8743 | F1: 0.8741
2026-03-18 00:04:55,784 - INFO - [Metrics for 'Defect'] | Precision: 0.8593 | Recall: 0.8587 | F1: 0.8590
2026-03-18 00:04:55,845 - INFO - [Best Model Saved] (val loss: 0.4082) -> 'log/Sewer_ML_params/baseline_deit_tiny_wanda_20260317_131122/best_model.pth'
2026-03-18 00:04:55,845 - INFO - --------------------------------------------------
2026-03-18 00:04:55,845 - INFO - [LR]    [81/90] | Learning Rate: 0.000134
2026-03-18 00:12:22,637 - INFO - [Train] [81/90] | Loss: 0.4089 | Train Acc: 86.60%
2026-03-18 00:13:02,063 - INFO - [Valid] [81/90] | Loss: 0.4083 | Val Acc: 86.67%
2026-03-18 00:13:02,239 - INFO - [Metrics for 'Normal'] | Precision: 0.8807 | Recall: 0.8646 | F1: 0.8726
2026-03-18 00:13:02,239 - INFO - [Metrics for 'Defect'] | Precision: 0.8515 | Recall: 0.8690 | F1: 0.8601
2026-03-18 00:13:02,299 - INFO - --------------------------------------------------
2026-03-18 00:13:02,300 - INFO - [LR]    [82/90] | Learning Rate: 0.000128
2026-03-18 00:20:28,311 - INFO - [Train] [82/90] | Loss: 0.4089 | Train Acc: 86.64%
2026-03-18 00:21:07,808 - INFO - [Valid] [82/90] | Loss: 0.4086 | Val Acc: 86.65%
2026-03-18 00:21:07,948 - INFO - [Metrics for 'Normal'] | Precision: 0.8717 | Recall: 0.8763 | F1: 0.8740
2026-03-18 00:21:07,948 - INFO - [Metrics for 'Defect'] | Precision: 0.8607 | Recall: 0.8556 | F1: 0.8581
2026-03-18 00:21:07,995 - INFO - --------------------------------------------------
2026-03-18 00:21:07,996 - INFO - [LR]    [83/90] | Learning Rate: 0.000122
2026-03-18 00:28:35,630 - INFO - [Train] [83/90] | Loss: 0.4086 | Train Acc: 86.63%
2026-03-18 00:29:15,534 - INFO - [Valid] [83/90] | Loss: 0.4077 | Val Acc: 86.67%
2026-03-18 00:29:15,684 - INFO - [Metrics for 'Normal'] | Precision: 0.8834 | Recall: 0.8612 | F1: 0.8722
2026-03-18 00:29:15,684 - INFO - [Metrics for 'Defect'] | Precision: 0.8489 | Recall: 0.8728 | F1: 0.8607
2026-03-18 00:29:15,738 - INFO - [Best Model Saved] (val loss: 0.4077) -> 'log/Sewer_ML_params/baseline_deit_tiny_wanda_20260317_131122/best_model.pth'
2026-03-18 00:29:15,738 - INFO - --------------------------------------------------
2026-03-18 00:29:15,738 - INFO - [LR]    [84/90] | Learning Rate: 0.000117
2026-03-18 00:36:43,182 - INFO - [Train] [84/90] | Loss: 0.4084 | Train Acc: 86.63%
2026-03-18 00:37:22,086 - INFO - [Valid] [84/90] | Loss: 0.4084 | Val Acc: 86.64%
2026-03-18 00:37:22,236 - INFO - [Metrics for 'Normal'] | Precision: 0.8804 | Recall: 0.8646 | F1: 0.8724
2026-03-18 00:37:22,237 - INFO - [Metrics for 'Defect'] | Precision: 0.8514 | Recall: 0.8685 | F1: 0.8599
2026-03-18 00:37:22,285 - INFO - --------------------------------------------------
2026-03-18 00:37:22,286 - INFO - [LR]    [85/90] | Learning Rate: 0.000112
2026-03-18 00:44:52,482 - INFO - [Train] [85/90] | Loss: 0.4084 | Train Acc: 86.65%
2026-03-18 00:45:31,666 - INFO - [Valid] [85/90] | Loss: 0.4079 | Val Acc: 86.74%
2026-03-18 00:45:31,815 - INFO - [Metrics for 'Normal'] | Precision: 0.8830 | Recall: 0.8634 | F1: 0.8731
2026-03-18 00:45:31,815 - INFO - [Metrics for 'Defect'] | Precision: 0.8508 | Recall: 0.8719 | F1: 0.8612
2026-03-18 00:45:31,863 - INFO - --------------------------------------------------
2026-03-18 00:45:31,863 - INFO - [LR]    [86/90] | Learning Rate: 0.000109
2026-03-18 00:52:59,584 - INFO - [Train] [86/90] | Loss: 0.4083 | Train Acc: 86.64%
2026-03-18 00:53:39,283 - INFO - [Valid] [86/90] | Loss: 0.4084 | Val Acc: 86.64%
2026-03-18 00:53:39,434 - INFO - [Metrics for 'Normal'] | Precision: 0.8797 | Recall: 0.8653 | F1: 0.8725
2026-03-18 00:53:39,434 - INFO - [Metrics for 'Defect'] | Precision: 0.8520 | Recall: 0.8675 | F1: 0.8597
2026-03-18 00:53:39,482 - INFO - --------------------------------------------------
2026-03-18 00:53:39,482 - INFO - [LR]    [87/90] | Learning Rate: 0.000106
2026-03-18 01:01:05,309 - INFO - [Train] [87/90] | Loss: 0.4083 | Train Acc: 86.64%
2026-03-18 01:01:44,278 - INFO - [Valid] [87/90] | Loss: 0.4075 | Val Acc: 86.70%
2026-03-18 01:01:44,428 - INFO - [Metrics for 'Normal'] | Precision: 0.8793 | Recall: 0.8672 | F1: 0.8732
2026-03-18 01:01:44,428 - INFO - [Metrics for 'Defect'] | Precision: 0.8536 | Recall: 0.8668 | F1: 0.8602
2026-03-18 01:01:44,481 - INFO - [Best Model Saved] (val loss: 0.4075) -> 'log/Sewer_ML_params/baseline_deit_tiny_wanda_20260317_131122/best_model.pth'
2026-03-18 01:01:44,481 - INFO - --------------------------------------------------
2026-03-18 01:01:44,482 - INFO - [LR]    [88/90] | Learning Rate: 0.000103
2026-03-18 01:09:09,970 - INFO - [Train] [88/90] | Loss: 0.4081 | Train Acc: 86.66%
2026-03-18 01:09:49,693 - INFO - [Valid] [88/90] | Loss: 0.4078 | Val Acc: 86.67%
2026-03-18 01:09:49,856 - INFO - [Metrics for 'Normal'] | Precision: 0.8816 | Recall: 0.8636 | F1: 0.8725
2026-03-18 01:09:49,857 - INFO - [Metrics for 'Defect'] | Precision: 0.8507 | Recall: 0.8702 | F1: 0.8603
2026-03-18 01:09:49,905 - INFO - --------------------------------------------------
2026-03-18 01:09:49,905 - INFO - [LR]    [89/90] | Learning Rate: 0.000101
2026-03-18 01:17:16,493 - INFO - [Train] [89/90] | Loss: 0.4080 | Train Acc: 86.64%
2026-03-18 01:17:55,601 - INFO - [Valid] [89/90] | Loss: 0.4076 | Val Acc: 86.72%
2026-03-18 01:17:55,743 - INFO - [Metrics for 'Normal'] | Precision: 0.8807 | Recall: 0.8657 | F1: 0.8732
2026-03-18 01:17:55,743 - INFO - [Metrics for 'Defect'] | Precision: 0.8525 | Recall: 0.8688 | F1: 0.8606
2026-03-18 01:17:55,791 - INFO - --------------------------------------------------
2026-03-18 01:17:55,791 - INFO - [LR]    [90/90] | Learning Rate: 0.000100
2026-03-18 01:25:23,325 - INFO - [Train] [90/90] | Loss: 0.4081 | Train Acc: 86.69%
2026-03-18 01:26:02,518 - INFO - [Valid] [90/90] | Loss: 0.4083 | Val Acc: 86.74%
2026-03-18 01:26:02,707 - INFO - [Metrics for 'Normal'] | Precision: 0.8708 | Recall: 0.8794 | F1: 0.8751
2026-03-18 01:26:02,707 - INFO - [Metrics for 'Defect'] | Precision: 0.8635 | Recall: 0.8540 | F1: 0.8587
2026-03-18 01:26:02,771 - INFO - ==================================================
2026-03-18 01:26:02,771 - INFO - 훈련 완료. 최고 성능 모델을 불러와 테스트 세트로 최종 평가합니다.
2026-03-18 01:26:02,771 - INFO - 최종 평가를 위해 새로운 모델 객체를 생성합니다.
2026-03-18 01:26:02,771 - INFO - Baseline 모델 'deit_tiny'을(를) 생성합니다 (사전 훈련 가중치: 미사용).
2026-03-18 01:26:02,808 - INFO - timm 모델(deit_tiny)의 Attention.forward를 Pruning 호환성을 위해 Monkey-patching 합니다.
2026-03-18 01:26:02,808 - INFO - 최종 평가 모델에 Pruning 구조를 재적용합니다.
2026-03-18 01:26:02,955 - INFO - Wanda Pruning을 시작합니다.
2026-03-18 01:26:02,956 - INFO - 저장된 pruning_history가 있어 Wanda calibration을 건너뜁니다.
2026-03-18 01:26:02,956 - INFO - 분류 레이어 'Linear'을(를) Pruning 대상에서 제외합니다.
2026-03-18 01:26:02,956 - INFO - ViT 계열 모델의 모든 qkv 레이어를 Pruning 대상에서 제외합니다.
2026-03-18 01:26:03,035 - INFO - 저장된 pruning_history를 사용해 Pruning 구조를 재현했습니다.
2026-03-18 01:26:03,036 - INFO - torch-pruning 완료. 모델 구조가 희소도(0.9629)에 맞춰 변경되었습니다.
2026-03-18 01:26:03,036 - INFO - ==================================================
2026-03-18 01:26:03,050 - INFO - 최고 성능 모델 가중치를 새로 생성된 모델 객체에 로드 완료: 'log/Sewer_ML_params/baseline_deit_tiny_wanda_20260317_131122/best_model.pth'
2026-03-18 01:26:03,050 - INFO - ==================================================
2026-03-18 01:26:03,050 - INFO - Test 모드를 시작합니다.
2026-03-18 01:26:03,050 - INFO - FLOPs 및 MACs 측정을 시작합니다...
2026-03-18 01:26:03,068 - INFO - Model FLOPs: 0.0294 GFLOPs
2026-03-18 01:26:03,069 - INFO - Model MACs: 0.0147 GMACs
2026-03-18 01:26:03,250 - INFO - 테스트 데이터셋에 대한 추론을 시작합니다.
2026-03-18 01:26:42,409 - INFO - [Test] Loss: 0.3305 | Test Acc: 86.70%
2026-03-18 01:26:42,553 - INFO - [Metrics for 'Normal'] | Precision: 0.8793 | Recall: 0.8672 | F1: 0.8732
2026-03-18 01:26:42,553 - INFO - [Metrics for 'Defect'] | Precision: 0.8536 | Recall: 0.8668 | F1: 0.8602
2026-03-18 01:26:42,758 - INFO - ==================================================
2026-03-18 01:26:42,758 - INFO - 혼동 행렬 저장 완료. 'log/Sewer_ML_params/baseline_deit_tiny_wanda_20260317_131122/confusion_matrix_20260317_131122.png' and 'log/Sewer_ML_params/baseline_deit_tiny_wanda_20260317_131122/confusion_matrix_20260317_131122.pdf'
2026-03-18 01:26:42,853 - INFO - Val Acc 그래프 저장 완료: 'log/Sewer_ML_params/baseline_deit_tiny_wanda_20260317_131122/graph_20260317_131122/val_acc.png' and 'log/Sewer_ML_params/baseline_deit_tiny_wanda_20260317_131122/graph_20260317_131122/val_acc.pdf'
2026-03-18 01:26:42,958 - INFO - Train/Val Acc 그래프 저장 완료: 'log/Sewer_ML_params/baseline_deit_tiny_wanda_20260317_131122/graph_20260317_131122/train_val_acc.png' and 'log/Sewer_ML_params/baseline_deit_tiny_wanda_20260317_131122/graph_20260317_131122/train_val_acc.pdf'
2026-03-18 01:26:43,044 - INFO - F1 (Normal) 그래프 저장 완료: 'log/Sewer_ML_params/baseline_deit_tiny_wanda_20260317_131122/graph_20260317_131122/F1_normal.png' and 'log/Sewer_ML_params/baseline_deit_tiny_wanda_20260317_131122/graph_20260317_131122/F1_normal.pdf'
2026-03-18 01:26:43,134 - INFO - Validation Loss 그래프 저장 완료: 'log/Sewer_ML_params/baseline_deit_tiny_wanda_20260317_131122/graph_20260317_131122/val_loss.png' and 'log/Sewer_ML_params/baseline_deit_tiny_wanda_20260317_131122/graph_20260317_131122/val_loss.pdf'
2026-03-18 01:26:43,223 - INFO - Learning Rate 그래프 저장 완료: 'log/Sewer_ML_params/baseline_deit_tiny_wanda_20260317_131122/graph_20260317_131122/learning_rate.png' and 'log/Sewer_ML_params/baseline_deit_tiny_wanda_20260317_131122/graph_20260317_131122/learning_rate.pdf'
2026-03-18 01:26:56,045 - INFO - 종합 그래프 저장 완료: 'log/Sewer_ML_params/baseline_deit_tiny_wanda_20260317_131122/graph_20260317_131122/compile.png' and 'log/Sewer_ML_params/baseline_deit_tiny_wanda_20260317_131122/graph_20260317_131122/compile.pdf'
