2026-03-13 15:10:23,389 - INFO - 로그 파일이 'log/Sewer_ML_flops/baseline_xie2019_wanda_20260313_151023/log_20260313_151023.log'에 저장됩니다.
2026-03-13 15:10:23,391 - INFO - ==================================================
2026-03-13 15:10:23,391 - INFO - config.yaml:
2026-03-13 15:10:23,391 - INFO - 
run:
  global_seed: 42
  cuda: true
  mode: train
  pth_best_name: best_model.pth
  only_inference: false
  show_log: true
  dataset:
    name: Sewer_ML_flops
    type: csv
    train_split_ratio: 0.8
    paths:
      train_img_dir: /home/tai/workspace/ssd1/data/Sewer/Sewer-ML/train
      valid_img_dir: /home/tai/workspace/ssd1/data/Sewer/Sewer-ML/valid
      test_img_dir: /home/tai/workspace/ssd1/data/Sewer/Sewer-ML/valid
      train_csv: /home/tai/workspace/ssd1/data/Sewer/Sewer-ML/SewerML_Train.csv
      valid_csv: /home/tai/workspace/ssd1/data/Sewer/Sewer-ML/SewerML_Val.csv
      test_csv: /home/tai/workspace/ssd1/data/Sewer/Sewer-ML/SewerML_Val.csv
      img_folder: /home/tai/workspace/ssd1/data/Sewer/Sewer-TAPNEW
  random_sampling_ratio:
    train: 1.0
    valid: 1.0
    test: 1.0
  num_workers: 16
model:
  img_size: 224
  num_patches_per_side: 7
  num_decoder_patches: 1
  num_decoder_layers: 6
  num_heads: 4
  cnn_feature_extractor:
    name: custom32
  encoder_dim: 32
  emb_dim: 32
  adaptive_initial_query: true
  decoder_ff_ratio: 2
  dropout: 0.1
  positional_encoding: true
  drop_path_ratio: 0.2
  visualize_attention: true
  num_plot_attention: 1500
training_main:
  epochs: 10
  batch_size: 256
  pre_trained: false
  optimizer: adamw
  lr: 0.001
  weight_decay: 0.0001
  loss_function: CrossEntropyLoss
  label_smoothing: 0.1
  scheduler: cosineannealinglr
  scheduler_params:
    T_max: 10
    eta_min: 0.0001
  best_model_criterion: val_loss
training_baseline:
  model_name: xie2019
  epochs: 10
  batch_size: 256
  pre_trained: false
  optimizer: adamw
  lr: 0.001
  weight_decay: 0.0001
  loss_function: CrossEntropyLoss
  label_smoothing: 0.1
  scheduler: cosineannealinglr
  scheduler_params:
    T_max: 10
    eta_min: 0.0001
  best_model_criterion: val_loss
finetuning_pruned:
  epochs: 80
  batch_size: 256
  optimizer: adamw
  lr: 0.001
  weight_decay: 0.0001
  loss_function: CrossEntropyLoss
  label_smoothing: 0.1
  scheduler: cosineannealinglr
  scheduler_params:
    T_max: 80
    eta_min: 0.0001
  best_model_criterion: val_loss
  use_wanda_pruning: true
  num_wanda_calib_samples: 4096
  pruning_sparsity: 0.8914
  exclude_attention_qkv_pruning: true
  exclude_embedding_bridge_pruning: true
  exclude_learnable_queries_pruning: true

2026-03-13 15:10:23,391 - INFO - ==================================================
2026-03-13 15:10:23,520 - INFO - CUDA 사용 가능. GPU 사용을 시작합니다. (Device: NVIDIA GeForce RTX 5090)
2026-03-13 15:10:23,521 - INFO - 'Sewer_ML_flops' 데이터 로드를 시작합니다 (Type: csv).
2026-03-13 15:10:24,076 - INFO - 데이터셋 클래스: ['Normal', 'Defect'] (총 2개)
2026-03-13 15:10:24,077 - INFO - 훈련 데이터: 1040129개, 검증 데이터: 130046개, 테스트 데이터: 130046개
2026-03-13 15:10:24,077 - INFO - Baseline 모델 'xie2019'을(를) 생성합니다 (사전 훈련 가중치: 미사용).
2026-03-13 15:10:24,165 - INFO - ==================================================
2026-03-13 15:10:24,165 - INFO - 모델 파라미터 수:
2026-03-13 15:10:24,165 - INFO -   - 총 파라미터: 9,160,194 개
2026-03-13 15:10:24,165 - INFO -   - 학습 가능한 파라미터: 9,160,194 개
2026-03-13 15:10:24,165 - INFO - ================================================================================
2026-03-13 15:10:24,165 - INFO - 단계 1/2: 사전 훈련(Pre-training)을 시작합니다.
2026-03-13 15:10:24,165 - INFO - ================================================================================
2026-03-13 15:10:24,165 - INFO - 옵티마이저: AdamW (lr=0.001, weight_decay=0.0001)
2026-03-13 15:10:24,165 - INFO - 스케줄러: CosineAnnealingLR (T_max=10, eta_min=0.0001)
2026-03-13 15:10:24,165 - INFO - ==================================================
2026-03-13 15:10:24,165 - INFO - train 모드를 시작합니다.
2026-03-13 15:10:24,165 - INFO - 손실 함수: CrossEntropyLoss (label_smoothing: 0.1)
2026-03-13 15:10:24,165 - INFO - Best metric을 초기값(inf)으로 설정합니다.
2026-03-13 15:10:24,165 - INFO - --------------------------------------------------
2026-03-13 15:10:24,165 - INFO - [LR]    [1/10] | Learning Rate: 0.001000
2026-03-13 15:17:46,667 - INFO - [Train] [1/10] | Loss: 0.4751 | Train Acc: 82.05%
2026-03-13 15:18:26,858 - INFO - [Valid] [1/10] | Loss: 0.4377 | Val Acc: 84.76%
2026-03-13 15:18:27,018 - INFO - [Metrics for 'Normal'] | Precision: 0.8614 | Recall: 0.8479 | F1: 0.8546
2026-03-13 15:18:27,018 - INFO - [Metrics for 'Defect'] | Precision: 0.8327 | Recall: 0.8474 | F1: 0.8400
2026-03-13 15:18:27,096 - INFO - [Best Model Saved] (val loss: 0.4377) -> 'log/Sewer_ML_flops/baseline_xie2019_wanda_20260313_151023/best_model.pth'
2026-03-13 15:18:27,096 - INFO - --------------------------------------------------
2026-03-13 15:18:27,096 - INFO - [LR]    [2/10] | Learning Rate: 0.000978
2026-03-13 15:25:55,484 - INFO - [Train] [2/10] | Loss: 0.4471 | Train Acc: 84.27%
2026-03-13 15:26:36,053 - INFO - [Valid] [2/10] | Loss: 0.4279 | Val Acc: 86.02%
2026-03-13 15:26:36,225 - INFO - [Metrics for 'Normal'] | Precision: 0.8725 | Recall: 0.8611 | F1: 0.8667
2026-03-13 15:26:36,225 - INFO - [Metrics for 'Defect'] | Precision: 0.8468 | Recall: 0.8591 | F1: 0.8529
2026-03-13 15:26:36,348 - INFO - [Best Model Saved] (val loss: 0.4279) -> 'log/Sewer_ML_flops/baseline_xie2019_wanda_20260313_151023/best_model.pth'
2026-03-13 15:26:36,348 - INFO - --------------------------------------------------
2026-03-13 15:26:36,348 - INFO - [LR]    [3/10] | Learning Rate: 0.000914
2026-03-13 15:34:07,379 - INFO - [Train] [3/10] | Loss: 0.4376 | Train Acc: 85.04%
2026-03-13 15:34:48,007 - INFO - [Valid] [3/10] | Loss: 0.4210 | Val Acc: 86.42%
2026-03-13 15:34:48,178 - INFO - [Metrics for 'Normal'] | Precision: 0.8595 | Recall: 0.8880 | F1: 0.8735
2026-03-13 15:34:48,179 - INFO - [Metrics for 'Defect'] | Precision: 0.8698 | Recall: 0.8375 | F1: 0.8534
2026-03-13 15:34:48,304 - INFO - [Best Model Saved] (val loss: 0.4210) -> 'log/Sewer_ML_flops/baseline_xie2019_wanda_20260313_151023/best_model.pth'
2026-03-13 15:34:48,304 - INFO - --------------------------------------------------
2026-03-13 15:34:48,304 - INFO - [LR]    [4/10] | Learning Rate: 0.000815
2026-03-13 15:42:21,414 - INFO - [Train] [4/10] | Loss: 0.4294 | Train Acc: 85.68%
2026-03-13 15:43:02,237 - INFO - [Valid] [4/10] | Loss: 0.4195 | Val Acc: 86.40%
2026-03-13 15:43:02,371 - INFO - [Metrics for 'Normal'] | Precision: 0.8522 | Recall: 0.8983 | F1: 0.8747
2026-03-13 15:43:02,371 - INFO - [Metrics for 'Defect'] | Precision: 0.8789 | Recall: 0.8257 | F1: 0.8514
2026-03-13 15:43:02,487 - INFO - [Best Model Saved] (val loss: 0.4195) -> 'log/Sewer_ML_flops/baseline_xie2019_wanda_20260313_151023/best_model.pth'
2026-03-13 15:43:02,487 - INFO - --------------------------------------------------
2026-03-13 15:43:02,487 - INFO - [LR]    [5/10] | Learning Rate: 0.000689
2026-03-13 15:50:37,075 - INFO - [Train] [5/10] | Loss: 0.4212 | Train Acc: 86.22%
2026-03-13 15:51:17,825 - INFO - [Valid] [5/10] | Loss: 0.4152 | Val Acc: 86.47%
2026-03-13 15:51:17,997 - INFO - [Metrics for 'Normal'] | Precision: 0.8455 | Recall: 0.9101 | F1: 0.8766
2026-03-13 15:51:17,997 - INFO - [Metrics for 'Defect'] | Precision: 0.8900 | Recall: 0.8139 | F1: 0.8502
2026-03-13 15:51:18,114 - INFO - [Best Model Saved] (val loss: 0.4152) -> 'log/Sewer_ML_flops/baseline_xie2019_wanda_20260313_151023/best_model.pth'
2026-03-13 15:51:18,114 - INFO - --------------------------------------------------
2026-03-13 15:51:18,114 - INFO - [LR]    [6/10] | Learning Rate: 0.000550
2026-03-13 15:58:52,545 - INFO - [Train] [6/10] | Loss: 0.4138 | Train Acc: 86.72%
2026-03-13 15:59:33,091 - INFO - [Valid] [6/10] | Loss: 0.4103 | Val Acc: 87.05%
2026-03-13 15:59:33,236 - INFO - [Metrics for 'Normal'] | Precision: 0.8684 | Recall: 0.8895 | F1: 0.8788
2026-03-13 15:59:33,236 - INFO - [Metrics for 'Defect'] | Precision: 0.8729 | Recall: 0.8491 | F1: 0.8608
2026-03-13 15:59:33,321 - INFO - [Best Model Saved] (val loss: 0.4103) -> 'log/Sewer_ML_flops/baseline_xie2019_wanda_20260313_151023/best_model.pth'
2026-03-13 15:59:33,321 - INFO - --------------------------------------------------
2026-03-13 15:59:33,321 - INFO - [LR]    [7/10] | Learning Rate: 0.000411
2026-03-13 16:07:10,256 - INFO - [Train] [7/10] | Loss: 0.4065 | Train Acc: 87.18%
2026-03-13 16:07:51,136 - INFO - [Valid] [7/10] | Loss: 0.4058 | Val Acc: 87.77%
2026-03-13 16:07:51,303 - INFO - [Metrics for 'Normal'] | Precision: 0.8820 | Recall: 0.8870 | F1: 0.8845
2026-03-13 16:07:51,303 - INFO - [Metrics for 'Defect'] | Precision: 0.8727 | Recall: 0.8672 | F1: 0.8700
2026-03-13 16:07:51,388 - INFO - [Best Model Saved] (val loss: 0.4058) -> 'log/Sewer_ML_flops/baseline_xie2019_wanda_20260313_151023/best_model.pth'
2026-03-13 16:07:51,388 - INFO - --------------------------------------------------
2026-03-13 16:07:51,389 - INFO - [LR]    [8/10] | Learning Rate: 0.000285
2026-03-13 16:15:28,369 - INFO - [Train] [8/10] | Loss: 0.3998 | Train Acc: 87.61%
2026-03-13 16:16:08,764 - INFO - [Valid] [8/10] | Loss: 0.4008 | Val Acc: 87.90%
2026-03-13 16:16:08,909 - INFO - [Metrics for 'Normal'] | Precision: 0.8891 | Recall: 0.8807 | F1: 0.8849
2026-03-13 16:16:08,909 - INFO - [Metrics for 'Defect'] | Precision: 0.8679 | Recall: 0.8770 | F1: 0.8724
2026-03-13 16:16:09,021 - INFO - [Best Model Saved] (val loss: 0.4008) -> 'log/Sewer_ML_flops/baseline_xie2019_wanda_20260313_151023/best_model.pth'
2026-03-13 16:16:09,022 - INFO - --------------------------------------------------
2026-03-13 16:16:09,022 - INFO - [LR]    [9/10] | Learning Rate: 0.000186
2026-03-13 16:23:46,160 - INFO - [Train] [9/10] | Loss: 0.3941 | Train Acc: 87.98%
2026-03-13 16:24:26,544 - INFO - [Valid] [9/10] | Loss: 0.3935 | Val Acc: 88.30%
2026-03-13 16:24:26,689 - INFO - [Metrics for 'Normal'] | Precision: 0.8897 | Recall: 0.8886 | F1: 0.8892
2026-03-13 16:24:26,689 - INFO - [Metrics for 'Defect'] | Precision: 0.8755 | Recall: 0.8767 | F1: 0.8761
2026-03-13 16:24:26,804 - INFO - [Best Model Saved] (val loss: 0.3935) -> 'log/Sewer_ML_flops/baseline_xie2019_wanda_20260313_151023/best_model.pth'
2026-03-13 16:24:26,805 - INFO - --------------------------------------------------
2026-03-13 16:24:26,805 - INFO - [LR]    [10/10] | Learning Rate: 0.000122
2026-03-13 16:32:04,576 - INFO - [Train] [10/10] | Loss: 0.3899 | Train Acc: 88.27%
2026-03-13 16:32:45,245 - INFO - [Valid] [10/10] | Loss: 0.3890 | Val Acc: 88.51%
2026-03-13 16:32:45,379 - INFO - [Metrics for 'Normal'] | Precision: 0.8948 | Recall: 0.8866 | F1: 0.8907
2026-03-13 16:32:45,379 - INFO - [Metrics for 'Defect'] | Precision: 0.8744 | Recall: 0.8834 | F1: 0.8788
2026-03-13 16:32:45,483 - INFO - [Best Model Saved] (val loss: 0.3890) -> 'log/Sewer_ML_flops/baseline_xie2019_wanda_20260313_151023/best_model.pth'
2026-03-13 16:32:45,484 - INFO - ================================================================================
2026-03-13 16:32:45,484 - INFO - 단계 2/2: Pruning 및 미세 조정(Fine-tuning)을 시작합니다.
2026-03-13 16:32:45,484 - INFO - ================================================================================
2026-03-13 16:32:45,495 - INFO - 사전 훈련된 모델 'log/Sewer_ML_flops/baseline_xie2019_wanda_20260313_151023/best_model.pth'을(를) 불러왔습니다.
2026-03-13 16:32:45,506 - INFO - Pruning 전 원본 모델의 FLOPs를 측정합니다.
2026-03-13 16:32:45,509 - INFO - Wanda Pruning을 시작합니다.
2026-03-13 16:32:45,509 - INFO - Wanda 중요도 계산을 위해 Calibration을 수행합니다.
2026-03-13 16:32:45,509 - INFO -   - Calibration Samples: 4096 (approx 16 batches)
2026-03-13 16:32:49,202 - INFO - 분류 레이어 'Linear'을(를) Pruning 대상에서 제외합니다.
2026-03-13 16:32:49,613 - INFO - torch-pruning 완료. 모델 구조가 희소도(0.8914)에 맞춰 변경되었습니다.
2026-03-13 16:32:49,613 - INFO - ==================================================
2026-03-13 16:32:49,613 - INFO - ==================================================
2026-03-13 16:32:49,613 - INFO - 모델 파라미터 수:
2026-03-13 16:32:49,613 - INFO -   - 총 파라미터: 103,168 개
2026-03-13 16:32:49,613 - INFO -   - 학습 가능한 파라미터: 103,168 개
2026-03-13 16:32:49,617 - INFO - Pruning 후 모델의 FLOPs를 측정합니다.
2026-03-13 16:32:49,622 - INFO - FLOPs가 2.8695 GFLOPs에서 0.2238 GFLOPs로 감소했습니다 (감소율: 92.20%).
2026-03-13 16:32:49,643 - INFO - Pruning 정보(희소도: 0.8914)를 'log/Sewer_ML_flops/baseline_xie2019_wanda_20260313_151023/pruning_info.yaml'에 저장했습니다.
2026-03-13 16:32:49,643 - INFO - 미세 조정을 위한 새로운 옵티마이저와 스케줄러를 생성합니다.
2026-03-13 16:32:49,643 - INFO - 옵티마이저: AdamW (lr=0.001, weight_decay=0.0001)
2026-03-13 16:32:49,643 - INFO - 스케줄러: CosineAnnealingLR (T_max=80, eta_min=0.0001)
2026-03-13 16:32:49,644 - INFO - ==================================================
2026-03-13 16:32:49,644 - INFO - train 모드를 시작합니다.
2026-03-13 16:32:49,644 - INFO - 손실 함수: CrossEntropyLoss (label_smoothing: 0.1)
2026-03-13 16:32:49,644 - INFO - Best metric을 초기값(inf)으로 설정합니다.
2026-03-13 16:32:49,644 - INFO - --------------------------------------------------
2026-03-13 16:32:49,644 - INFO - [LR]    [11/90] | Learning Rate: 0.001000
2026-03-13 16:40:14,190 - INFO - [Train] [11/90] | Loss: 0.5000 | Train Acc: 80.83%
2026-03-13 16:40:53,430 - INFO - [Valid] [11/90] | Loss: 0.4435 | Val Acc: 84.22%
2026-03-13 16:40:53,600 - INFO - [Metrics for 'Normal'] | Precision: 0.8798 | Recall: 0.8123 | F1: 0.8447
2026-03-13 16:40:53,600 - INFO - [Metrics for 'Defect'] | Precision: 0.8065 | Recall: 0.8757 | F1: 0.8397
2026-03-13 16:40:53,654 - INFO - [Best Model Saved] (val loss: 0.4435) -> 'log/Sewer_ML_flops/baseline_xie2019_wanda_20260313_151023/best_model.pth'
2026-03-13 16:40:53,654 - INFO - --------------------------------------------------
2026-03-13 16:40:53,655 - INFO - [LR]    [12/90] | Learning Rate: 0.001000
2026-03-13 16:48:14,957 - INFO - [Train] [12/90] | Loss: 0.4638 | Train Acc: 83.65%
2026-03-13 16:48:54,553 - INFO - [Valid] [12/90] | Loss: 0.4296 | Val Acc: 85.23%
2026-03-13 16:48:54,721 - INFO - [Metrics for 'Normal'] | Precision: 0.8570 | Recall: 0.8647 | F1: 0.8608
2026-03-13 16:48:54,721 - INFO - [Metrics for 'Defect'] | Precision: 0.8470 | Recall: 0.8385 | F1: 0.8427
2026-03-13 16:48:54,777 - INFO - [Best Model Saved] (val loss: 0.4296) -> 'log/Sewer_ML_flops/baseline_xie2019_wanda_20260313_151023/best_model.pth'
2026-03-13 16:48:54,777 - INFO - --------------------------------------------------
2026-03-13 16:48:54,777 - INFO - [LR]    [13/90] | Learning Rate: 0.000999
2026-03-13 16:56:14,952 - INFO - [Train] [13/90] | Loss: 0.4559 | Train Acc: 84.18%
2026-03-13 16:56:53,968 - INFO - [Valid] [13/90] | Loss: 0.4251 | Val Acc: 85.65%
2026-03-13 16:56:54,131 - INFO - [Metrics for 'Normal'] | Precision: 0.8581 | Recall: 0.8726 | F1: 0.8653
2026-03-13 16:56:54,131 - INFO - [Metrics for 'Defect'] | Precision: 0.8547 | Recall: 0.8384 | F1: 0.8465
2026-03-13 16:56:54,187 - INFO - [Best Model Saved] (val loss: 0.4251) -> 'log/Sewer_ML_flops/baseline_xie2019_wanda_20260313_151023/best_model.pth'
2026-03-13 16:56:54,188 - INFO - --------------------------------------------------
2026-03-13 16:56:54,188 - INFO - [LR]    [14/90] | Learning Rate: 0.000997
2026-03-13 17:04:13,766 - INFO - [Train] [14/90] | Loss: 0.4516 | Train Acc: 84.48%
2026-03-13 17:04:53,081 - INFO - [Valid] [14/90] | Loss: 0.4222 | Val Acc: 85.96%
2026-03-13 17:04:53,211 - INFO - [Metrics for 'Normal'] | Precision: 0.8724 | Recall: 0.8599 | F1: 0.8661
2026-03-13 17:04:53,211 - INFO - [Metrics for 'Defect'] | Precision: 0.8457 | Recall: 0.8593 | F1: 0.8524
2026-03-13 17:04:53,260 - INFO - [Best Model Saved] (val loss: 0.4222) -> 'log/Sewer_ML_flops/baseline_xie2019_wanda_20260313_151023/best_model.pth'
2026-03-13 17:04:53,260 - INFO - --------------------------------------------------
2026-03-13 17:04:53,260 - INFO - [LR]    [15/90] | Learning Rate: 0.000994
2026-03-13 17:12:11,897 - INFO - [Train] [15/90] | Loss: 0.4487 | Train Acc: 84.72%
2026-03-13 17:12:50,804 - INFO - [Valid] [15/90] | Loss: 0.4223 | Val Acc: 85.80%
2026-03-13 17:12:50,954 - INFO - [Metrics for 'Normal'] | Precision: 0.8542 | Recall: 0.8817 | F1: 0.8677
2026-03-13 17:12:50,954 - INFO - [Metrics for 'Defect'] | Precision: 0.8626 | Recall: 0.8315 | F1: 0.8468
2026-03-13 17:12:50,998 - INFO - --------------------------------------------------
2026-03-13 17:12:50,998 - INFO - [LR]    [16/90] | Learning Rate: 0.000991
2026-03-13 17:20:10,963 - INFO - [Train] [16/90] | Loss: 0.4469 | Train Acc: 84.84%
2026-03-13 17:20:50,074 - INFO - [Valid] [16/90] | Loss: 0.4194 | Val Acc: 86.10%
2026-03-13 17:20:50,204 - INFO - [Metrics for 'Normal'] | Precision: 0.8727 | Recall: 0.8626 | F1: 0.8676
2026-03-13 17:20:50,204 - INFO - [Metrics for 'Defect'] | Precision: 0.8481 | Recall: 0.8592 | F1: 0.8536
2026-03-13 17:20:50,249 - INFO - [Best Model Saved] (val loss: 0.4194) -> 'log/Sewer_ML_flops/baseline_xie2019_wanda_20260313_151023/best_model.pth'
2026-03-13 17:20:50,249 - INFO - --------------------------------------------------
2026-03-13 17:20:50,249 - INFO - [LR]    [17/90] | Learning Rate: 0.000988
2026-03-13 17:28:10,970 - INFO - [Train] [17/90] | Loss: 0.4447 | Train Acc: 84.98%
2026-03-13 17:28:50,623 - INFO - [Valid] [17/90] | Loss: 0.4194 | Val Acc: 86.07%
2026-03-13 17:28:50,765 - INFO - [Metrics for 'Normal'] | Precision: 0.8586 | Recall: 0.8813 | F1: 0.8698
2026-03-13 17:28:50,765 - INFO - [Metrics for 'Defect'] | Precision: 0.8631 | Recall: 0.8376 | F1: 0.8502
2026-03-13 17:28:50,809 - INFO - --------------------------------------------------
2026-03-13 17:28:50,810 - INFO - [LR]    [18/90] | Learning Rate: 0.000983
2026-03-13 17:36:10,904 - INFO - [Train] [18/90] | Loss: 0.4433 | Train Acc: 85.09%
2026-03-13 17:36:50,427 - INFO - [Valid] [18/90] | Loss: 0.4176 | Val Acc: 86.14%
2026-03-13 17:36:50,582 - INFO - [Metrics for 'Normal'] | Precision: 0.8920 | Recall: 0.8391 | F1: 0.8648
2026-03-13 17:36:50,582 - INFO - [Metrics for 'Defect'] | Precision: 0.8312 | Recall: 0.8863 | F1: 0.8578
2026-03-13 17:36:50,628 - INFO - [Best Model Saved] (val loss: 0.4176) -> 'log/Sewer_ML_flops/baseline_xie2019_wanda_20260313_151023/best_model.pth'
2026-03-13 17:36:50,628 - INFO - --------------------------------------------------
2026-03-13 17:36:50,628 - INFO - [LR]    [19/90] | Learning Rate: 0.000978
2026-03-13 17:44:10,891 - INFO - [Train] [19/90] | Loss: 0.4425 | Train Acc: 85.16%
2026-03-13 17:44:50,396 - INFO - [Valid] [19/90] | Loss: 0.4157 | Val Acc: 86.29%
2026-03-13 17:44:50,570 - INFO - [Metrics for 'Normal'] | Precision: 0.8749 | Recall: 0.8638 | F1: 0.8693
2026-03-13 17:44:50,570 - INFO - [Metrics for 'Defect'] | Precision: 0.8497 | Recall: 0.8618 | F1: 0.8557
2026-03-13 17:44:50,627 - INFO - [Best Model Saved] (val loss: 0.4157) -> 'log/Sewer_ML_flops/baseline_xie2019_wanda_20260313_151023/best_model.pth'
2026-03-13 17:44:50,627 - INFO - --------------------------------------------------
2026-03-13 17:44:50,627 - INFO - [LR]    [20/90] | Learning Rate: 0.000972
2026-03-13 17:52:10,547 - INFO - [Train] [20/90] | Loss: 0.4420 | Train Acc: 85.23%
2026-03-13 17:52:49,701 - INFO - [Valid] [20/90] | Loss: 0.4208 | Val Acc: 85.98%
2026-03-13 17:52:49,831 - INFO - [Metrics for 'Normal'] | Precision: 0.8648 | Recall: 0.8708 | F1: 0.8678
2026-03-13 17:52:49,831 - INFO - [Metrics for 'Defect'] | Precision: 0.8542 | Recall: 0.8476 | F1: 0.8509
2026-03-13 17:52:49,881 - INFO - --------------------------------------------------
2026-03-13 17:52:49,881 - INFO - [LR]    [21/90] | Learning Rate: 0.000966
2026-03-13 18:00:09,726 - INFO - [Train] [21/90] | Loss: 0.4411 | Train Acc: 85.29%
2026-03-13 18:00:48,944 - INFO - [Valid] [21/90] | Loss: 0.4277 | Val Acc: 85.57%
2026-03-13 18:00:49,098 - INFO - [Metrics for 'Normal'] | Precision: 0.8693 | Recall: 0.8554 | F1: 0.8623
2026-03-13 18:00:49,098 - INFO - [Metrics for 'Defect'] | Precision: 0.8410 | Recall: 0.8560 | F1: 0.8484
2026-03-13 18:00:49,143 - INFO - --------------------------------------------------
2026-03-13 18:00:49,143 - INFO - [LR]    [22/90] | Learning Rate: 0.000959
2026-03-13 18:08:09,244 - INFO - [Train] [22/90] | Loss: 0.4399 | Train Acc: 85.39%
2026-03-13 18:08:48,231 - INFO - [Valid] [22/90] | Loss: 0.4222 | Val Acc: 86.08%
2026-03-13 18:08:48,406 - INFO - [Metrics for 'Normal'] | Precision: 0.9061 | Recall: 0.8216 | F1: 0.8618
2026-03-13 18:08:48,406 - INFO - [Metrics for 'Defect'] | Precision: 0.8192 | Recall: 0.9047 | F1: 0.8598
2026-03-13 18:08:48,462 - INFO - --------------------------------------------------
2026-03-13 18:08:48,462 - INFO - [LR]    [23/90] | Learning Rate: 0.000951
2026-03-13 18:16:09,305 - INFO - [Train] [23/90] | Loss: 0.4393 | Train Acc: 85.39%
2026-03-13 18:16:48,560 - INFO - [Valid] [23/90] | Loss: 0.4158 | Val Acc: 86.39%
2026-03-13 18:16:48,701 - INFO - [Metrics for 'Normal'] | Precision: 0.8810 | Recall: 0.8583 | F1: 0.8695
2026-03-13 18:16:48,701 - INFO - [Metrics for 'Defect'] | Precision: 0.8458 | Recall: 0.8703 | F1: 0.8579
2026-03-13 18:16:48,746 - INFO - --------------------------------------------------
2026-03-13 18:16:48,746 - INFO - [LR]    [24/90] | Learning Rate: 0.000943
2026-03-13 18:24:08,736 - INFO - [Train] [24/90] | Loss: 0.4388 | Train Acc: 85.50%
2026-03-13 18:24:48,088 - INFO - [Valid] [24/90] | Loss: 0.4130 | Val Acc: 86.48%
2026-03-13 18:24:48,264 - INFO - [Metrics for 'Normal'] | Precision: 0.8619 | Recall: 0.8859 | F1: 0.8738
2026-03-13 18:24:48,264 - INFO - [Metrics for 'Defect'] | Precision: 0.8682 | Recall: 0.8412 | F1: 0.8545
2026-03-13 18:24:48,321 - INFO - [Best Model Saved] (val loss: 0.4130) -> 'log/Sewer_ML_flops/baseline_xie2019_wanda_20260313_151023/best_model.pth'
2026-03-13 18:24:48,321 - INFO - --------------------------------------------------
2026-03-13 18:24:48,321 - INFO - [LR]    [25/90] | Learning Rate: 0.000934
2026-03-13 18:32:09,035 - INFO - [Train] [25/90] | Loss: 0.4381 | Train Acc: 85.50%
2026-03-13 18:32:48,658 - INFO - [Valid] [25/90] | Loss: 0.4128 | Val Acc: 86.55%
2026-03-13 18:32:48,805 - INFO - [Metrics for 'Normal'] | Precision: 0.8874 | Recall: 0.8536 | F1: 0.8702
2026-03-13 18:32:48,805 - INFO - [Metrics for 'Defect'] | Precision: 0.8429 | Recall: 0.8788 | F1: 0.8605
2026-03-13 18:32:48,851 - INFO - [Best Model Saved] (val loss: 0.4128) -> 'log/Sewer_ML_flops/baseline_xie2019_wanda_20260313_151023/best_model.pth'
2026-03-13 18:32:48,851 - INFO - --------------------------------------------------
2026-03-13 18:32:48,851 - INFO - [LR]    [26/90] | Learning Rate: 0.000924
2026-03-13 18:40:08,659 - INFO - [Train] [26/90] | Loss: 0.4375 | Train Acc: 85.60%
2026-03-13 18:40:48,055 - INFO - [Valid] [26/90] | Loss: 0.4125 | Val Acc: 86.72%
2026-03-13 18:40:48,187 - INFO - [Metrics for 'Normal'] | Precision: 0.8875 | Recall: 0.8572 | F1: 0.8721
2026-03-13 18:40:48,187 - INFO - [Metrics for 'Defect'] | Precision: 0.8461 | Recall: 0.8784 | F1: 0.8619
2026-03-13 18:40:48,232 - INFO - [Best Model Saved] (val loss: 0.4125) -> 'log/Sewer_ML_flops/baseline_xie2019_wanda_20260313_151023/best_model.pth'
2026-03-13 18:40:48,233 - INFO - --------------------------------------------------
2026-03-13 18:40:48,233 - INFO - [LR]    [27/90] | Learning Rate: 0.000914
2026-03-13 18:48:07,952 - INFO - [Train] [27/90] | Loss: 0.4365 | Train Acc: 85.62%
2026-03-13 18:48:47,397 - INFO - [Valid] [27/90] | Loss: 0.4133 | Val Acc: 86.60%
2026-03-13 18:48:47,540 - INFO - [Metrics for 'Normal'] | Precision: 0.8785 | Recall: 0.8661 | F1: 0.8722
2026-03-13 18:48:47,540 - INFO - [Metrics for 'Defect'] | Precision: 0.8524 | Recall: 0.8660 | F1: 0.8591
2026-03-13 18:48:47,585 - INFO - --------------------------------------------------
2026-03-13 18:48:47,585 - INFO - [LR]    [28/90] | Learning Rate: 0.000903
2026-03-13 18:56:07,302 - INFO - [Train] [28/90] | Loss: 0.4359 | Train Acc: 85.67%
2026-03-13 18:56:46,906 - INFO - [Valid] [28/90] | Loss: 0.4126 | Val Acc: 86.67%
2026-03-13 18:56:47,062 - INFO - [Metrics for 'Normal'] | Precision: 0.8815 | Recall: 0.8637 | F1: 0.8725
2026-03-13 18:56:47,062 - INFO - [Metrics for 'Defect'] | Precision: 0.8508 | Recall: 0.8700 | F1: 0.8603
2026-03-13 18:56:47,107 - INFO - --------------------------------------------------
2026-03-13 18:56:47,108 - INFO - [LR]    [29/90] | Learning Rate: 0.000892
2026-03-13 19:04:07,692 - INFO - [Train] [29/90] | Loss: 0.4358 | Train Acc: 85.66%
2026-03-13 19:04:47,329 - INFO - [Valid] [29/90] | Loss: 0.4110 | Val Acc: 86.64%
2026-03-13 19:04:47,471 - INFO - [Metrics for 'Normal'] | Precision: 0.8770 | Recall: 0.8688 | F1: 0.8729
2026-03-13 19:04:47,472 - INFO - [Metrics for 'Defect'] | Precision: 0.8547 | Recall: 0.8636 | F1: 0.8592
2026-03-13 19:04:47,517 - INFO - [Best Model Saved] (val loss: 0.4110) -> 'log/Sewer_ML_flops/baseline_xie2019_wanda_20260313_151023/best_model.pth'
2026-03-13 19:04:47,517 - INFO - --------------------------------------------------
2026-03-13 19:04:47,518 - INFO - [LR]    [30/90] | Learning Rate: 0.000880
2026-03-13 19:12:08,747 - INFO - [Train] [30/90] | Loss: 0.4352 | Train Acc: 85.70%
2026-03-13 19:12:47,888 - INFO - [Valid] [30/90] | Loss: 0.4125 | Val Acc: 86.52%
2026-03-13 19:12:48,061 - INFO - [Metrics for 'Normal'] | Precision: 0.8800 | Recall: 0.8623 | F1: 0.8711
2026-03-13 19:12:48,062 - INFO - [Metrics for 'Defect'] | Precision: 0.8493 | Recall: 0.8684 | F1: 0.8587
2026-03-13 19:12:48,118 - INFO - --------------------------------------------------
2026-03-13 19:12:48,118 - INFO - [LR]    [31/90] | Learning Rate: 0.000868
2026-03-13 19:20:07,948 - INFO - [Train] [31/90] | Loss: 0.4352 | Train Acc: 85.73%
2026-03-13 19:20:47,145 - INFO - [Valid] [31/90] | Loss: 0.4095 | Val Acc: 86.70%
2026-03-13 19:20:47,320 - INFO - [Metrics for 'Normal'] | Precision: 0.8688 | Recall: 0.8814 | F1: 0.8750
2026-03-13 19:20:47,320 - INFO - [Metrics for 'Defect'] | Precision: 0.8650 | Recall: 0.8510 | F1: 0.8580
2026-03-13 19:20:47,378 - INFO - [Best Model Saved] (val loss: 0.4095) -> 'log/Sewer_ML_flops/baseline_xie2019_wanda_20260313_151023/best_model.pth'
2026-03-13 19:20:47,378 - INFO - --------------------------------------------------
2026-03-13 19:20:47,378 - INFO - [LR]    [32/90] | Learning Rate: 0.000855
2026-03-13 19:28:07,859 - INFO - [Train] [32/90] | Loss: 0.4342 | Train Acc: 85.80%
2026-03-13 19:28:46,894 - INFO - [Valid] [32/90] | Loss: 0.4104 | Val Acc: 86.79%
2026-03-13 19:28:47,070 - INFO - [Metrics for 'Normal'] | Precision: 0.8730 | Recall: 0.8775 | F1: 0.8752
2026-03-13 19:28:47,070 - INFO - [Metrics for 'Defect'] | Precision: 0.8621 | Recall: 0.8571 | F1: 0.8596
2026-03-13 19:28:47,127 - INFO - --------------------------------------------------
2026-03-13 19:28:47,127 - INFO - [LR]    [33/90] | Learning Rate: 0.000842
2026-03-13 19:36:08,269 - INFO - [Train] [33/90] | Loss: 0.4340 | Train Acc: 85.81%
2026-03-13 19:36:47,483 - INFO - [Valid] [33/90] | Loss: 0.4109 | Val Acc: 86.83%
2026-03-13 19:36:47,627 - INFO - [Metrics for 'Normal'] | Precision: 0.8749 | Recall: 0.8759 | F1: 0.8754
2026-03-13 19:36:47,627 - INFO - [Metrics for 'Defect'] | Precision: 0.8609 | Recall: 0.8598 | F1: 0.8604
2026-03-13 19:36:47,672 - INFO - --------------------------------------------------
2026-03-13 19:36:47,672 - INFO - [LR]    [34/90] | Learning Rate: 0.000829
2026-03-13 19:44:07,891 - INFO - [Train] [34/90] | Loss: 0.4335 | Train Acc: 85.84%
2026-03-13 19:44:47,063 - INFO - [Valid] [34/90] | Loss: 0.4073 | Val Acc: 86.83%
2026-03-13 19:44:47,238 - INFO - [Metrics for 'Normal'] | Precision: 0.8803 | Recall: 0.8687 | F1: 0.8744
2026-03-13 19:44:47,238 - INFO - [Metrics for 'Defect'] | Precision: 0.8551 | Recall: 0.8678 | F1: 0.8614
2026-03-13 19:44:47,296 - INFO - [Best Model Saved] (val loss: 0.4073) -> 'log/Sewer_ML_flops/baseline_xie2019_wanda_20260313_151023/best_model.pth'
2026-03-13 19:44:47,296 - INFO - --------------------------------------------------
2026-03-13 19:44:47,296 - INFO - [LR]    [35/90] | Learning Rate: 0.000815
2026-03-13 19:52:07,865 - INFO - [Train] [35/90] | Loss: 0.4329 | Train Acc: 85.89%
2026-03-13 19:52:47,081 - INFO - [Valid] [35/90] | Loss: 0.4070 | Val Acc: 86.84%
2026-03-13 19:52:47,223 - INFO - [Metrics for 'Normal'] | Precision: 0.8744 | Recall: 0.8768 | F1: 0.8756
2026-03-13 19:52:47,223 - INFO - [Metrics for 'Defect'] | Precision: 0.8617 | Recall: 0.8591 | F1: 0.8604
2026-03-13 19:52:47,269 - INFO - [Best Model Saved] (val loss: 0.4070) -> 'log/Sewer_ML_flops/baseline_xie2019_wanda_20260313_151023/best_model.pth'
2026-03-13 19:52:47,270 - INFO - --------------------------------------------------
2026-03-13 19:52:47,270 - INFO - [LR]    [36/90] | Learning Rate: 0.000800
2026-03-13 20:00:07,485 - INFO - [Train] [36/90] | Loss: 0.4327 | Train Acc: 85.88%
2026-03-13 20:00:46,965 - INFO - [Valid] [36/90] | Loss: 0.4132 | Val Acc: 86.44%
2026-03-13 20:00:47,141 - INFO - [Metrics for 'Normal'] | Precision: 0.8512 | Recall: 0.9008 | F1: 0.8753
2026-03-13 20:00:47,141 - INFO - [Metrics for 'Defect'] | Precision: 0.8812 | Recall: 0.8238 | F1: 0.8515
2026-03-13 20:00:47,198 - INFO - --------------------------------------------------
2026-03-13 20:00:47,198 - INFO - [LR]    [37/90] | Learning Rate: 0.000785
2026-03-13 20:08:09,273 - INFO - [Train] [37/90] | Loss: 0.4322 | Train Acc: 85.93%
2026-03-13 20:08:49,084 - INFO - [Valid] [37/90] | Loss: 0.4097 | Val Acc: 86.69%
2026-03-13 20:08:49,246 - INFO - [Metrics for 'Normal'] | Precision: 0.8589 | Recall: 0.8950 | F1: 0.8766
2026-03-13 20:08:49,246 - INFO - [Metrics for 'Defect'] | Precision: 0.8767 | Recall: 0.8354 | F1: 0.8555
2026-03-13 20:08:49,291 - INFO - --------------------------------------------------
2026-03-13 20:08:49,291 - INFO - [LR]    [38/90] | Learning Rate: 0.000770
2026-03-13 20:16:12,506 - INFO - [Train] [38/90] | Loss: 0.4314 | Train Acc: 85.99%
2026-03-13 20:16:51,716 - INFO - [Valid] [38/90] | Loss: 0.4088 | Val Acc: 86.98%
2026-03-13 20:16:51,892 - INFO - [Metrics for 'Normal'] | Precision: 0.8929 | Recall: 0.8562 | F1: 0.8741
2026-03-13 20:16:51,892 - INFO - [Metrics for 'Defect'] | Precision: 0.8461 | Recall: 0.8850 | F1: 0.8651
2026-03-13 20:16:51,949 - INFO - --------------------------------------------------
2026-03-13 20:16:51,949 - INFO - [LR]    [39/90] | Learning Rate: 0.000754
2026-03-13 20:24:13,064 - INFO - [Train] [39/90] | Loss: 0.4312 | Train Acc: 86.00%
2026-03-13 20:24:53,294 - INFO - [Valid] [39/90] | Loss: 0.4075 | Val Acc: 86.91%
2026-03-13 20:24:53,466 - INFO - [Metrics for 'Normal'] | Precision: 0.8912 | Recall: 0.8567 | F1: 0.8736
2026-03-13 20:24:53,466 - INFO - [Metrics for 'Defect'] | Precision: 0.8463 | Recall: 0.8830 | F1: 0.8642
2026-03-13 20:24:53,523 - INFO - --------------------------------------------------
2026-03-13 20:24:53,523 - INFO - [LR]    [40/90] | Learning Rate: 0.000738
2026-03-13 20:32:13,501 - INFO - [Train] [40/90] | Loss: 0.4311 | Train Acc: 86.03%
2026-03-13 20:32:52,732 - INFO - [Valid] [40/90] | Loss: 0.4057 | Val Acc: 87.19%
2026-03-13 20:32:52,877 - INFO - [Metrics for 'Normal'] | Precision: 0.8823 | Recall: 0.8740 | F1: 0.8782
2026-03-13 20:32:52,877 - INFO - [Metrics for 'Defect'] | Precision: 0.8605 | Recall: 0.8696 | F1: 0.8650
2026-03-13 20:32:52,923 - INFO - [Best Model Saved] (val loss: 0.4057) -> 'log/Sewer_ML_flops/baseline_xie2019_wanda_20260313_151023/best_model.pth'
2026-03-13 20:32:52,923 - INFO - --------------------------------------------------
2026-03-13 20:32:52,924 - INFO - [LR]    [41/90] | Learning Rate: 0.000722
2026-03-13 20:40:12,073 - INFO - [Train] [41/90] | Loss: 0.4299 | Train Acc: 86.10%
2026-03-13 20:40:50,849 - INFO - [Valid] [41/90] | Loss: 0.4049 | Val Acc: 87.09%
2026-03-13 20:40:50,983 - INFO - [Metrics for 'Normal'] | Precision: 0.8818 | Recall: 0.8726 | F1: 0.8772
2026-03-13 20:40:50,983 - INFO - [Metrics for 'Defect'] | Precision: 0.8591 | Recall: 0.8690 | F1: 0.8640
2026-03-13 20:40:51,029 - INFO - [Best Model Saved] (val loss: 0.4049) -> 'log/Sewer_ML_flops/baseline_xie2019_wanda_20260313_151023/best_model.pth'
2026-03-13 20:40:51,029 - INFO - --------------------------------------------------
2026-03-13 20:40:51,029 - INFO - [LR]    [42/90] | Learning Rate: 0.000706
2026-03-13 20:48:11,399 - INFO - [Train] [42/90] | Loss: 0.4299 | Train Acc: 86.08%
2026-03-13 20:48:51,141 - INFO - [Valid] [42/90] | Loss: 0.4081 | Val Acc: 86.71%
2026-03-13 20:48:51,317 - INFO - [Metrics for 'Normal'] | Precision: 0.8567 | Recall: 0.8987 | F1: 0.8772
2026-03-13 20:48:51,317 - INFO - [Metrics for 'Defect'] | Precision: 0.8801 | Recall: 0.8318 | F1: 0.8553
2026-03-13 20:48:51,365 - INFO - --------------------------------------------------
2026-03-13 20:48:51,365 - INFO - [LR]    [43/90] | Learning Rate: 0.000689
2026-03-13 20:56:12,748 - INFO - [Train] [43/90] | Loss: 0.4302 | Train Acc: 86.09%
2026-03-13 20:56:52,552 - INFO - [Valid] [43/90] | Loss: 0.4099 | Val Acc: 86.90%
2026-03-13 20:56:52,724 - INFO - [Metrics for 'Normal'] | Precision: 0.8918 | Recall: 0.8558 | F1: 0.8735
2026-03-13 20:56:52,724 - INFO - [Metrics for 'Defect'] | Precision: 0.8456 | Recall: 0.8838 | F1: 0.8643
2026-03-13 20:56:52,784 - INFO - --------------------------------------------------
2026-03-13 20:56:52,784 - INFO - [LR]    [44/90] | Learning Rate: 0.000672
2026-03-13 21:04:12,773 - INFO - [Train] [44/90] | Loss: 0.4296 | Train Acc: 86.13%
2026-03-13 21:04:52,278 - INFO - [Valid] [44/90] | Loss: 0.4054 | Val Acc: 87.06%
2026-03-13 21:04:52,439 - INFO - [Metrics for 'Normal'] | Precision: 0.8725 | Recall: 0.8843 | F1: 0.8783
2026-03-13 21:04:52,439 - INFO - [Metrics for 'Defect'] | Precision: 0.8685 | Recall: 0.8553 | F1: 0.8619
2026-03-13 21:04:52,496 - INFO - --------------------------------------------------
2026-03-13 21:04:52,497 - INFO - [LR]    [45/90] | Learning Rate: 0.000655
2026-03-13 21:12:12,024 - INFO - [Train] [45/90] | Loss: 0.4290 | Train Acc: 86.16%
2026-03-13 21:12:51,361 - INFO - [Valid] [45/90] | Loss: 0.4051 | Val Acc: 87.13%
2026-03-13 21:12:51,494 - INFO - [Metrics for 'Normal'] | Precision: 0.8857 | Recall: 0.8683 | F1: 0.8769
2026-03-13 21:12:51,495 - INFO - [Metrics for 'Defect'] | Precision: 0.8557 | Recall: 0.8746 | F1: 0.8651
2026-03-13 21:12:51,540 - INFO - --------------------------------------------------
2026-03-13 21:12:51,540 - INFO - [LR]    [46/90] | Learning Rate: 0.000638
2026-03-13 21:20:11,280 - INFO - [Train] [46/90] | Loss: 0.4284 | Train Acc: 86.19%
2026-03-13 21:20:50,532 - INFO - [Valid] [46/90] | Loss: 0.4047 | Val Acc: 87.21%
2026-03-13 21:20:50,713 - INFO - [Metrics for 'Normal'] | Precision: 0.8764 | Recall: 0.8823 | F1: 0.8793
2026-03-13 21:20:50,713 - INFO - [Metrics for 'Defect'] | Precision: 0.8672 | Recall: 0.8608 | F1: 0.8640
2026-03-13 21:20:50,774 - INFO - [Best Model Saved] (val loss: 0.4047) -> 'log/Sewer_ML_flops/baseline_xie2019_wanda_20260313_151023/best_model.pth'
2026-03-13 21:20:50,774 - INFO - --------------------------------------------------
2026-03-13 21:20:50,774 - INFO - [LR]    [47/90] | Learning Rate: 0.000620
2026-03-13 21:28:11,424 - INFO - [Train] [47/90] | Loss: 0.4277 | Train Acc: 86.26%
2026-03-13 21:28:50,946 - INFO - [Valid] [47/90] | Loss: 0.4057 | Val Acc: 87.10%
2026-03-13 21:28:51,090 - INFO - [Metrics for 'Normal'] | Precision: 0.8804 | Recall: 0.8745 | F1: 0.8774
2026-03-13 21:28:51,090 - INFO - [Metrics for 'Defect'] | Precision: 0.8606 | Recall: 0.8670 | F1: 0.8638
2026-03-13 21:28:51,135 - INFO - --------------------------------------------------
2026-03-13 21:28:51,135 - INFO - [LR]    [48/90] | Learning Rate: 0.000603
2026-03-13 21:36:12,518 - INFO - [Train] [48/90] | Loss: 0.4275 | Train Acc: 86.28%
2026-03-13 21:36:51,998 - INFO - [Valid] [48/90] | Loss: 0.4036 | Val Acc: 87.17%
2026-03-13 21:36:52,141 - INFO - [Metrics for 'Normal'] | Precision: 0.8772 | Recall: 0.8803 | F1: 0.8787
2026-03-13 21:36:52,141 - INFO - [Metrics for 'Defect'] | Precision: 0.8655 | Recall: 0.8620 | F1: 0.8638
2026-03-13 21:36:52,187 - INFO - [Best Model Saved] (val loss: 0.4036) -> 'log/Sewer_ML_flops/baseline_xie2019_wanda_20260313_151023/best_model.pth'
2026-03-13 21:36:52,187 - INFO - --------------------------------------------------
2026-03-13 21:36:52,188 - INFO - [LR]    [49/90] | Learning Rate: 0.000585
2026-03-13 21:44:12,765 - INFO - [Train] [49/90] | Loss: 0.4271 | Train Acc: 86.28%
2026-03-13 21:44:52,297 - INFO - [Valid] [49/90] | Loss: 0.4050 | Val Acc: 87.18%
2026-03-13 21:44:52,440 - INFO - [Metrics for 'Normal'] | Precision: 0.8866 | Recall: 0.8683 | F1: 0.8774
2026-03-13 21:44:52,440 - INFO - [Metrics for 'Defect'] | Precision: 0.8560 | Recall: 0.8757 | F1: 0.8657
2026-03-13 21:44:52,486 - INFO - --------------------------------------------------
2026-03-13 21:44:52,486 - INFO - [LR]    [50/90] | Learning Rate: 0.000568
2026-03-13 21:52:11,823 - INFO - [Train] [50/90] | Loss: 0.4269 | Train Acc: 86.31%
2026-03-13 21:52:50,915 - INFO - [Valid] [50/90] | Loss: 0.4031 | Val Acc: 87.11%
2026-03-13 21:52:51,085 - INFO - [Metrics for 'Normal'] | Precision: 0.8689 | Recall: 0.8904 | F1: 0.8795
2026-03-13 21:52:51,085 - INFO - [Metrics for 'Defect'] | Precision: 0.8738 | Recall: 0.8496 | F1: 0.8615
2026-03-13 21:52:51,132 - INFO - [Best Model Saved] (val loss: 0.4031) -> 'log/Sewer_ML_flops/baseline_xie2019_wanda_20260313_151023/best_model.pth'
2026-03-13 21:52:51,132 - INFO - --------------------------------------------------
2026-03-13 21:52:51,132 - INFO - [LR]    [51/90] | Learning Rate: 0.000550
2026-03-13 22:00:11,077 - INFO - [Train] [51/90] | Loss: 0.4260 | Train Acc: 86.35%
2026-03-13 22:00:50,798 - INFO - [Valid] [51/90] | Loss: 0.4003 | Val Acc: 87.36%
2026-03-13 22:00:50,972 - INFO - [Metrics for 'Normal'] | Precision: 0.8865 | Recall: 0.8725 | F1: 0.8794
2026-03-13 22:00:50,972 - INFO - [Metrics for 'Defect'] | Precision: 0.8597 | Recall: 0.8749 | F1: 0.8673
2026-03-13 22:00:51,030 - INFO - [Best Model Saved] (val loss: 0.4003) -> 'log/Sewer_ML_flops/baseline_xie2019_wanda_20260313_151023/best_model.pth'
2026-03-13 22:00:51,030 - INFO - --------------------------------------------------
2026-03-13 22:00:51,030 - INFO - [LR]    [52/90] | Learning Rate: 0.000532
2026-03-13 22:08:10,629 - INFO - [Train] [52/90] | Loss: 0.4254 | Train Acc: 86.39%
2026-03-13 22:08:50,152 - INFO - [Valid] [52/90] | Loss: 0.4044 | Val Acc: 87.15%
2026-03-13 22:08:50,330 - INFO - [Metrics for 'Normal'] | Precision: 0.8854 | Recall: 0.8692 | F1: 0.8772
2026-03-13 22:08:50,330 - INFO - [Metrics for 'Defect'] | Precision: 0.8565 | Recall: 0.8740 | F1: 0.8652
2026-03-13 22:08:50,387 - INFO - --------------------------------------------------
2026-03-13 22:08:50,387 - INFO - [LR]    [53/90] | Learning Rate: 0.000515
2026-03-13 22:16:09,734 - INFO - [Train] [53/90] | Loss: 0.4253 | Train Acc: 86.39%
2026-03-13 22:16:49,083 - INFO - [Valid] [53/90] | Loss: 0.4016 | Val Acc: 87.26%
2026-03-13 22:16:49,216 - INFO - [Metrics for 'Normal'] | Precision: 0.8930 | Recall: 0.8621 | F1: 0.8773
2026-03-13 22:16:49,216 - INFO - [Metrics for 'Defect'] | Precision: 0.8515 | Recall: 0.8844 | F1: 0.8676
2026-03-13 22:16:49,262 - INFO - --------------------------------------------------
2026-03-13 22:16:49,262 - INFO - [LR]    [54/90] | Learning Rate: 0.000497
2026-03-13 22:24:09,746 - INFO - [Train] [54/90] | Loss: 0.4252 | Train Acc: 86.43%
2026-03-13 22:24:49,921 - INFO - [Valid] [54/90] | Loss: 0.4004 | Val Acc: 87.34%
2026-03-13 22:24:50,065 - INFO - [Metrics for 'Normal'] | Precision: 0.8846 | Recall: 0.8745 | F1: 0.8795
2026-03-13 22:24:50,065 - INFO - [Metrics for 'Defect'] | Precision: 0.8613 | Recall: 0.8723 | F1: 0.8668
2026-03-13 22:24:50,110 - INFO - --------------------------------------------------
2026-03-13 22:24:50,110 - INFO - [LR]    [55/90] | Learning Rate: 0.000480
2026-03-13 22:32:09,718 - INFO - [Train] [55/90] | Loss: 0.4246 | Train Acc: 86.43%
2026-03-13 22:32:49,262 - INFO - [Valid] [55/90] | Loss: 0.4003 | Val Acc: 87.31%
2026-03-13 22:32:49,407 - INFO - [Metrics for 'Normal'] | Precision: 0.8737 | Recall: 0.8881 | F1: 0.8809
2026-03-13 22:32:49,407 - INFO - [Metrics for 'Defect'] | Precision: 0.8724 | Recall: 0.8563 | F1: 0.8643
2026-03-13 22:32:49,454 - INFO - [Best Model Saved] (val loss: 0.4003) -> 'log/Sewer_ML_flops/baseline_xie2019_wanda_20260313_151023/best_model.pth'
2026-03-13 22:32:49,454 - INFO - --------------------------------------------------
2026-03-13 22:32:49,454 - INFO - [LR]    [56/90] | Learning Rate: 0.000462
2026-03-13 22:40:09,140 - INFO - [Train] [56/90] | Loss: 0.4241 | Train Acc: 86.50%
2026-03-13 22:40:48,709 - INFO - [Valid] [56/90] | Loss: 0.4058 | Val Acc: 87.04%
2026-03-13 22:40:48,852 - INFO - [Metrics for 'Normal'] | Precision: 0.9025 | Recall: 0.8461 | F1: 0.8734
2026-03-13 22:40:48,852 - INFO - [Metrics for 'Defect'] | Precision: 0.8390 | Recall: 0.8977 | F1: 0.8674
2026-03-13 22:40:48,898 - INFO - --------------------------------------------------
2026-03-13 22:40:48,898 - INFO - [LR]    [57/90] | Learning Rate: 0.000445
2026-03-13 22:48:08,160 - INFO - [Train] [57/90] | Loss: 0.4237 | Train Acc: 86.51%
2026-03-13 22:48:47,676 - INFO - [Valid] [57/90] | Loss: 0.4004 | Val Acc: 87.36%
2026-03-13 22:48:47,819 - INFO - [Metrics for 'Normal'] | Precision: 0.8838 | Recall: 0.8758 | F1: 0.8798
2026-03-13 22:48:47,819 - INFO - [Metrics for 'Defect'] | Precision: 0.8624 | Recall: 0.8711 | F1: 0.8667
2026-03-13 22:48:47,865 - INFO - --------------------------------------------------
2026-03-13 22:48:47,865 - INFO - [LR]    [58/90] | Learning Rate: 0.000428
2026-03-13 22:56:06,647 - INFO - [Train] [58/90] | Loss: 0.4235 | Train Acc: 86.51%
2026-03-13 22:56:46,318 - INFO - [Valid] [58/90] | Loss: 0.4006 | Val Acc: 87.33%
2026-03-13 22:56:46,463 - INFO - [Metrics for 'Normal'] | Precision: 0.9002 | Recall: 0.8548 | F1: 0.8769
2026-03-13 22:56:46,463 - INFO - [Metrics for 'Defect'] | Precision: 0.8461 | Recall: 0.8940 | F1: 0.8694
2026-03-13 22:56:46,509 - INFO - --------------------------------------------------
2026-03-13 22:56:46,509 - INFO - [LR]    [59/90] | Learning Rate: 0.000411
2026-03-13 23:04:05,885 - INFO - [Train] [59/90] | Loss: 0.4229 | Train Acc: 86.55%
2026-03-13 23:04:45,184 - INFO - [Valid] [59/90] | Loss: 0.4004 | Val Acc: 87.41%
2026-03-13 23:04:45,318 - INFO - [Metrics for 'Normal'] | Precision: 0.8774 | Recall: 0.8853 | F1: 0.8813
2026-03-13 23:04:45,318 - INFO - [Metrics for 'Defect'] | Precision: 0.8703 | Recall: 0.8616 | F1: 0.8659
2026-03-13 23:04:45,364 - INFO - --------------------------------------------------
2026-03-13 23:04:45,364 - INFO - [LR]    [60/90] | Learning Rate: 0.000394
2026-03-13 23:12:04,834 - INFO - [Train] [60/90] | Loss: 0.4225 | Train Acc: 86.60%
2026-03-13 23:12:44,435 - INFO - [Valid] [60/90] | Loss: 0.4002 | Val Acc: 87.45%
2026-03-13 23:12:44,579 - INFO - [Metrics for 'Normal'] | Precision: 0.8875 | Recall: 0.8730 | F1: 0.8802
2026-03-13 23:12:44,580 - INFO - [Metrics for 'Defect'] | Precision: 0.8604 | Recall: 0.8762 | F1: 0.8682
2026-03-13 23:12:44,626 - INFO - [Best Model Saved] (val loss: 0.4002) -> 'log/Sewer_ML_flops/baseline_xie2019_wanda_20260313_151023/best_model.pth'
2026-03-13 23:12:44,626 - INFO - --------------------------------------------------
2026-03-13 23:12:44,627 - INFO - [LR]    [61/90] | Learning Rate: 0.000378
2026-03-13 23:20:04,525 - INFO - [Train] [61/90] | Loss: 0.4219 | Train Acc: 86.61%
2026-03-13 23:20:44,097 - INFO - [Valid] [61/90] | Loss: 0.4000 | Val Acc: 87.47%
2026-03-13 23:20:44,279 - INFO - [Metrics for 'Normal'] | Precision: 0.8793 | Recall: 0.8841 | F1: 0.8817
2026-03-13 23:20:44,279 - INFO - [Metrics for 'Defect'] | Precision: 0.8695 | Recall: 0.8641 | F1: 0.8668
2026-03-13 23:20:44,339 - INFO - [Best Model Saved] (val loss: 0.4000) -> 'log/Sewer_ML_flops/baseline_xie2019_wanda_20260313_151023/best_model.pth'
2026-03-13 23:20:44,339 - INFO - --------------------------------------------------
2026-03-13 23:20:44,339 - INFO - [LR]    [62/90] | Learning Rate: 0.000362
2026-03-13 23:28:03,598 - INFO - [Train] [62/90] | Loss: 0.4217 | Train Acc: 86.64%
2026-03-13 23:28:42,350 - INFO - [Valid] [62/90] | Loss: 0.3996 | Val Acc: 87.46%
2026-03-13 23:28:42,494 - INFO - [Metrics for 'Normal'] | Precision: 0.8927 | Recall: 0.8669 | F1: 0.8796
2026-03-13 23:28:42,494 - INFO - [Metrics for 'Defect'] | Precision: 0.8557 | Recall: 0.8833 | F1: 0.8693
2026-03-13 23:28:42,541 - INFO - [Best Model Saved] (val loss: 0.3996) -> 'log/Sewer_ML_flops/baseline_xie2019_wanda_20260313_151023/best_model.pth'
2026-03-13 23:28:42,541 - INFO - --------------------------------------------------
2026-03-13 23:28:42,541 - INFO - [LR]    [63/90] | Learning Rate: 0.000346
2026-03-13 23:36:02,483 - INFO - [Train] [63/90] | Loss: 0.4214 | Train Acc: 86.65%
2026-03-13 23:36:41,859 - INFO - [Valid] [63/90] | Loss: 0.4022 | Val Acc: 87.25%
2026-03-13 23:36:42,002 - INFO - [Metrics for 'Normal'] | Precision: 0.8977 | Recall: 0.8562 | F1: 0.8764
2026-03-13 23:36:42,002 - INFO - [Metrics for 'Defect'] | Precision: 0.8470 | Recall: 0.8908 | F1: 0.8683
2026-03-13 23:36:42,048 - INFO - --------------------------------------------------
2026-03-13 23:36:42,048 - INFO - [LR]    [64/90] | Learning Rate: 0.000330
2026-03-13 23:44:00,714 - INFO - [Train] [64/90] | Loss: 0.4215 | Train Acc: 86.64%
2026-03-13 23:44:40,680 - INFO - [Valid] [64/90] | Loss: 0.3978 | Val Acc: 87.54%
2026-03-13 23:44:40,825 - INFO - [Metrics for 'Normal'] | Precision: 0.8827 | Recall: 0.8810 | F1: 0.8819
2026-03-13 23:44:40,825 - INFO - [Metrics for 'Defect'] | Precision: 0.8671 | Recall: 0.8690 | F1: 0.8681
2026-03-13 23:44:40,871 - INFO - [Best Model Saved] (val loss: 0.3978) -> 'log/Sewer_ML_flops/baseline_xie2019_wanda_20260313_151023/best_model.pth'
2026-03-13 23:44:40,871 - INFO - --------------------------------------------------
2026-03-13 23:44:40,871 - INFO - [LR]    [65/90] | Learning Rate: 0.000315
2026-03-13 23:52:00,275 - INFO - [Train] [65/90] | Loss: 0.4208 | Train Acc: 86.67%
2026-03-13 23:52:39,491 - INFO - [Valid] [65/90] | Loss: 0.4000 | Val Acc: 87.42%
2026-03-13 23:52:39,637 - INFO - [Metrics for 'Normal'] | Precision: 0.8862 | Recall: 0.8739 | F1: 0.8800
2026-03-13 23:52:39,637 - INFO - [Metrics for 'Defect'] | Precision: 0.8610 | Recall: 0.8745 | F1: 0.8677
2026-03-13 23:52:39,683 - INFO - --------------------------------------------------
2026-03-13 23:52:39,683 - INFO - [LR]    [66/90] | Learning Rate: 0.000300
2026-03-13 23:59:59,519 - INFO - [Train] [66/90] | Loss: 0.4208 | Train Acc: 86.68%
2026-03-14 00:00:39,039 - INFO - [Valid] [66/90] | Loss: 0.3985 | Val Acc: 87.50%
2026-03-14 00:00:39,173 - INFO - [Metrics for 'Normal'] | Precision: 0.8872 | Recall: 0.8745 | F1: 0.8808
2026-03-14 00:00:39,173 - INFO - [Metrics for 'Defect'] | Precision: 0.8617 | Recall: 0.8755 | F1: 0.8686
2026-03-14 00:00:39,219 - INFO - --------------------------------------------------
2026-03-14 00:00:39,219 - INFO - [LR]    [67/90] | Learning Rate: 0.000285
2026-03-14 00:07:58,515 - INFO - [Train] [67/90] | Loss: 0.4203 | Train Acc: 86.72%
2026-03-14 00:08:37,869 - INFO - [Valid] [67/90] | Loss: 0.3997 | Val Acc: 87.51%
2026-03-14 00:08:38,051 - INFO - [Metrics for 'Normal'] | Precision: 0.8896 | Recall: 0.8717 | F1: 0.8806
2026-03-14 00:08:38,051 - INFO - [Metrics for 'Defect'] | Precision: 0.8596 | Recall: 0.8790 | F1: 0.8692
2026-03-14 00:08:38,099 - INFO - --------------------------------------------------
2026-03-14 00:08:38,099 - INFO - [LR]    [68/90] | Learning Rate: 0.000271
2026-03-14 00:15:57,276 - INFO - [Train] [68/90] | Loss: 0.4200 | Train Acc: 86.74%
2026-03-14 00:16:36,960 - INFO - [Valid] [68/90] | Loss: 0.3974 | Val Acc: 87.59%
2026-03-14 00:16:37,131 - INFO - [Metrics for 'Normal'] | Precision: 0.8898 | Recall: 0.8732 | F1: 0.8814
2026-03-14 00:16:37,131 - INFO - [Metrics for 'Defect'] | Precision: 0.8609 | Recall: 0.8789 | F1: 0.8698
2026-03-14 00:16:37,194 - INFO - [Best Model Saved] (val loss: 0.3974) -> 'log/Sewer_ML_flops/baseline_xie2019_wanda_20260313_151023/best_model.pth'
2026-03-14 00:16:37,194 - INFO - --------------------------------------------------
2026-03-14 00:16:37,194 - INFO - [LR]    [69/90] | Learning Rate: 0.000258
2026-03-14 00:23:57,044 - INFO - [Train] [69/90] | Loss: 0.4194 | Train Acc: 86.81%
2026-03-14 00:24:36,538 - INFO - [Valid] [69/90] | Loss: 0.3993 | Val Acc: 87.56%
2026-03-14 00:24:36,720 - INFO - [Metrics for 'Normal'] | Precision: 0.8961 | Recall: 0.8647 | F1: 0.8801
2026-03-14 00:24:36,720 - INFO - [Metrics for 'Defect'] | Precision: 0.8543 | Recall: 0.8878 | F1: 0.8707
2026-03-14 00:24:36,778 - INFO - --------------------------------------------------
2026-03-14 00:24:36,778 - INFO - [LR]    [70/90] | Learning Rate: 0.000245
2026-03-14 00:31:55,945 - INFO - [Train] [70/90] | Loss: 0.4193 | Train Acc: 86.78%
2026-03-14 00:32:35,684 - INFO - [Valid] [70/90] | Loss: 0.3983 | Val Acc: 87.61%
2026-03-14 00:32:35,865 - INFO - [Metrics for 'Normal'] | Precision: 0.8985 | Recall: 0.8628 | F1: 0.8803
2026-03-14 00:32:35,865 - INFO - [Metrics for 'Defect'] | Precision: 0.8530 | Recall: 0.8910 | F1: 0.8716
2026-03-14 00:32:35,924 - INFO - --------------------------------------------------
2026-03-14 00:32:35,924 - INFO - [LR]    [71/90] | Learning Rate: 0.000232
2026-03-14 00:39:54,789 - INFO - [Train] [71/90] | Loss: 0.4191 | Train Acc: 86.79%
2026-03-14 00:40:34,136 - INFO - [Valid] [71/90] | Loss: 0.3978 | Val Acc: 87.68%
2026-03-14 00:40:34,317 - INFO - [Metrics for 'Normal'] | Precision: 0.8899 | Recall: 0.8750 | F1: 0.8824
2026-03-14 00:40:34,317 - INFO - [Metrics for 'Defect'] | Precision: 0.8627 | Recall: 0.8789 | F1: 0.8707
2026-03-14 00:40:34,375 - INFO - --------------------------------------------------
2026-03-14 00:40:34,375 - INFO - [LR]    [72/90] | Learning Rate: 0.000220
2026-03-14 00:47:54,328 - INFO - [Train] [72/90] | Loss: 0.4188 | Train Acc: 86.82%
2026-03-14 00:48:33,676 - INFO - [Valid] [72/90] | Loss: 0.3965 | Val Acc: 87.61%
2026-03-14 00:48:33,822 - INFO - [Metrics for 'Normal'] | Precision: 0.8907 | Recall: 0.8724 | F1: 0.8814
2026-03-14 00:48:33,822 - INFO - [Metrics for 'Defect'] | Precision: 0.8604 | Recall: 0.8802 | F1: 0.8702
2026-03-14 00:48:33,869 - INFO - [Best Model Saved] (val loss: 0.3965) -> 'log/Sewer_ML_flops/baseline_xie2019_wanda_20260313_151023/best_model.pth'
2026-03-14 00:48:33,869 - INFO - --------------------------------------------------
2026-03-14 00:48:33,869 - INFO - [LR]    [73/90] | Learning Rate: 0.000208
2026-03-14 00:55:54,236 - INFO - [Train] [73/90] | Loss: 0.4187 | Train Acc: 86.79%
2026-03-14 00:56:33,344 - INFO - [Valid] [73/90] | Loss: 0.3970 | Val Acc: 87.57%
2026-03-14 00:56:33,489 - INFO - [Metrics for 'Normal'] | Precision: 0.8901 | Recall: 0.8724 | F1: 0.8811
2026-03-14 00:56:33,489 - INFO - [Metrics for 'Defect'] | Precision: 0.8603 | Recall: 0.8794 | F1: 0.8697
2026-03-14 00:56:33,535 - INFO - --------------------------------------------------
2026-03-14 00:56:33,535 - INFO - [LR]    [74/90] | Learning Rate: 0.000197
2026-03-14 01:03:55,457 - INFO - [Train] [74/90] | Loss: 0.4179 | Train Acc: 86.83%
2026-03-14 01:04:35,437 - INFO - [Valid] [74/90] | Loss: 0.3974 | Val Acc: 87.60%
2026-03-14 01:04:35,582 - INFO - [Metrics for 'Normal'] | Precision: 0.8887 | Recall: 0.8748 | F1: 0.8817
2026-03-14 01:04:35,582 - INFO - [Metrics for 'Defect'] | Precision: 0.8623 | Recall: 0.8774 | F1: 0.8697
2026-03-14 01:04:35,628 - INFO - --------------------------------------------------
2026-03-14 01:04:35,628 - INFO - [LR]    [75/90] | Learning Rate: 0.000186
2026-03-14 01:11:55,635 - INFO - [Train] [75/90] | Loss: 0.4177 | Train Acc: 86.88%
2026-03-14 01:12:34,698 - INFO - [Valid] [75/90] | Loss: 0.3965 | Val Acc: 87.68%
2026-03-14 01:12:34,835 - INFO - [Metrics for 'Normal'] | Precision: 0.8860 | Recall: 0.8799 | F1: 0.8829
2026-03-14 01:12:34,835 - INFO - [Metrics for 'Defect'] | Precision: 0.8666 | Recall: 0.8733 | F1: 0.8699
2026-03-14 01:12:34,882 - INFO - [Best Model Saved] (val loss: 0.3965) -> 'log/Sewer_ML_flops/baseline_xie2019_wanda_20260313_151023/best_model.pth'
2026-03-14 01:12:34,882 - INFO - --------------------------------------------------
2026-03-14 01:12:34,882 - INFO - [LR]    [76/90] | Learning Rate: 0.000176
2026-03-14 01:19:55,383 - INFO - [Train] [76/90] | Loss: 0.4175 | Train Acc: 86.91%
2026-03-14 01:20:35,057 - INFO - [Valid] [76/90] | Loss: 0.3974 | Val Acc: 87.59%
2026-03-14 01:20:35,192 - INFO - [Metrics for 'Normal'] | Precision: 0.8980 | Recall: 0.8630 | F1: 0.8802
2026-03-14 01:20:35,192 - INFO - [Metrics for 'Defect'] | Precision: 0.8531 | Recall: 0.8903 | F1: 0.8713
2026-03-14 01:20:35,238 - INFO - --------------------------------------------------
2026-03-14 01:20:35,238 - INFO - [LR]    [77/90] | Learning Rate: 0.000166
2026-03-14 01:27:55,129 - INFO - [Train] [77/90] | Loss: 0.4172 | Train Acc: 86.90%
2026-03-14 01:28:35,156 - INFO - [Valid] [77/90] | Loss: 0.3964 | Val Acc: 87.63%
2026-03-14 01:28:35,334 - INFO - [Metrics for 'Normal'] | Precision: 0.8932 | Recall: 0.8697 | F1: 0.8813
2026-03-14 01:28:35,334 - INFO - [Metrics for 'Defect'] | Precision: 0.8584 | Recall: 0.8836 | F1: 0.8708
2026-03-14 01:28:35,382 - INFO - [Best Model Saved] (val loss: 0.3964) -> 'log/Sewer_ML_flops/baseline_xie2019_wanda_20260313_151023/best_model.pth'
2026-03-14 01:28:35,382 - INFO - --------------------------------------------------
2026-03-14 01:28:35,382 - INFO - [LR]    [78/90] | Learning Rate: 0.000157
2026-03-14 01:35:56,157 - INFO - [Train] [78/90] | Loss: 0.4173 | Train Acc: 86.89%
2026-03-14 01:36:35,476 - INFO - [Valid] [78/90] | Loss: 0.3971 | Val Acc: 87.57%
2026-03-14 01:36:35,620 - INFO - [Metrics for 'Normal'] | Precision: 0.8883 | Recall: 0.8746 | F1: 0.8814
2026-03-14 01:36:35,620 - INFO - [Metrics for 'Defect'] | Precision: 0.8621 | Recall: 0.8769 | F1: 0.8694
2026-03-14 01:36:35,666 - INFO - --------------------------------------------------
2026-03-14 01:36:35,666 - INFO - [LR]    [79/90] | Learning Rate: 0.000149
2026-03-14 01:43:55,368 - INFO - [Train] [79/90] | Loss: 0.4171 | Train Acc: 86.93%
2026-03-14 01:44:34,496 - INFO - [Valid] [79/90] | Loss: 0.3966 | Val Acc: 87.70%
2026-03-14 01:44:34,642 - INFO - [Metrics for 'Normal'] | Precision: 0.8891 | Recall: 0.8765 | F1: 0.8827
2026-03-14 01:44:34,642 - INFO - [Metrics for 'Defect'] | Precision: 0.8639 | Recall: 0.8776 | F1: 0.8707
2026-03-14 01:44:34,688 - INFO - --------------------------------------------------
2026-03-14 01:44:34,688 - INFO - [LR]    [80/90] | Learning Rate: 0.000141
2026-03-14 01:51:53,731 - INFO - [Train] [80/90] | Loss: 0.4165 | Train Acc: 86.96%
2026-03-14 01:52:33,475 - INFO - [Valid] [80/90] | Loss: 0.3948 | Val Acc: 87.78%
2026-03-14 01:52:33,623 - INFO - [Metrics for 'Normal'] | Precision: 0.8910 | Recall: 0.8758 | F1: 0.8833
2026-03-14 01:52:33,623 - INFO - [Metrics for 'Defect'] | Precision: 0.8636 | Recall: 0.8801 | F1: 0.8718
2026-03-14 01:52:33,670 - INFO - [Best Model Saved] (val loss: 0.3948) -> 'log/Sewer_ML_flops/baseline_xie2019_wanda_20260313_151023/best_model.pth'
2026-03-14 01:52:33,671 - INFO - --------------------------------------------------
2026-03-14 01:52:33,671 - INFO - [LR]    [81/90] | Learning Rate: 0.000134
2026-03-14 01:59:54,016 - INFO - [Train] [81/90] | Loss: 0.4164 | Train Acc: 86.97%
2026-03-14 02:00:33,468 - INFO - [Valid] [81/90] | Loss: 0.3955 | Val Acc: 87.74%
2026-03-14 02:00:33,641 - INFO - [Metrics for 'Normal'] | Precision: 0.8866 | Recall: 0.8804 | F1: 0.8835
2026-03-14 02:00:33,641 - INFO - [Metrics for 'Defect'] | Precision: 0.8672 | Recall: 0.8740 | F1: 0.8706
2026-03-14 02:00:33,699 - INFO - --------------------------------------------------
2026-03-14 02:00:33,700 - INFO - [LR]    [82/90] | Learning Rate: 0.000128
2026-03-14 02:07:53,358 - INFO - [Train] [82/90] | Loss: 0.4166 | Train Acc: 86.96%
2026-03-14 02:08:32,921 - INFO - [Valid] [82/90] | Loss: 0.3958 | Val Acc: 87.71%
2026-03-14 02:08:33,066 - INFO - [Metrics for 'Normal'] | Precision: 0.8893 | Recall: 0.8763 | F1: 0.8828
2026-03-14 02:08:33,066 - INFO - [Metrics for 'Defect'] | Precision: 0.8638 | Recall: 0.8779 | F1: 0.8708
2026-03-14 02:08:33,113 - INFO - --------------------------------------------------
2026-03-14 02:08:33,113 - INFO - [LR]    [83/90] | Learning Rate: 0.000122
2026-03-14 02:15:52,213 - INFO - [Train] [83/90] | Loss: 0.4163 | Train Acc: 86.98%
2026-03-14 02:16:31,934 - INFO - [Valid] [83/90] | Loss: 0.3955 | Val Acc: 87.73%
2026-03-14 02:16:32,079 - INFO - [Metrics for 'Normal'] | Precision: 0.8902 | Recall: 0.8757 | F1: 0.8829
2026-03-14 02:16:32,079 - INFO - [Metrics for 'Defect'] | Precision: 0.8634 | Recall: 0.8791 | F1: 0.8712
2026-03-14 02:16:32,125 - INFO - --------------------------------------------------
2026-03-14 02:16:32,125 - INFO - [LR]    [84/90] | Learning Rate: 0.000117
2026-03-14 02:23:52,069 - INFO - [Train] [84/90] | Loss: 0.4161 | Train Acc: 86.97%
2026-03-14 02:24:31,894 - INFO - [Valid] [84/90] | Loss: 0.3955 | Val Acc: 87.72%
2026-03-14 02:24:32,029 - INFO - [Metrics for 'Normal'] | Precision: 0.8877 | Recall: 0.8786 | F1: 0.8832
2026-03-14 02:24:32,029 - INFO - [Metrics for 'Defect'] | Precision: 0.8657 | Recall: 0.8756 | F1: 0.8707
2026-03-14 02:24:32,076 - INFO - --------------------------------------------------
2026-03-14 02:24:32,076 - INFO - [LR]    [85/90] | Learning Rate: 0.000112
2026-03-14 02:31:52,312 - INFO - [Train] [85/90] | Loss: 0.4158 | Train Acc: 87.02%
2026-03-14 02:32:31,679 - INFO - [Valid] [85/90] | Loss: 0.3955 | Val Acc: 87.77%
2026-03-14 02:32:31,815 - INFO - [Metrics for 'Normal'] | Precision: 0.8923 | Recall: 0.8740 | F1: 0.8831
2026-03-14 02:32:31,815 - INFO - [Metrics for 'Defect'] | Precision: 0.8621 | Recall: 0.8820 | F1: 0.8719
2026-03-14 02:32:31,861 - INFO - --------------------------------------------------
2026-03-14 02:32:31,862 - INFO - [LR]    [86/90] | Learning Rate: 0.000109
2026-03-14 02:39:51,144 - INFO - [Train] [86/90] | Loss: 0.4158 | Train Acc: 87.02%
2026-03-14 02:40:30,553 - INFO - [Valid] [86/90] | Loss: 0.3952 | Val Acc: 87.76%
2026-03-14 02:40:30,735 - INFO - [Metrics for 'Normal'] | Precision: 0.8938 | Recall: 0.8717 | F1: 0.8826
2026-03-14 02:40:30,735 - INFO - [Metrics for 'Defect'] | Precision: 0.8603 | Recall: 0.8841 | F1: 0.8720
2026-03-14 02:40:30,795 - INFO - --------------------------------------------------
2026-03-14 02:40:30,795 - INFO - [LR]    [87/90] | Learning Rate: 0.000106
2026-03-14 02:47:49,631 - INFO - [Train] [87/90] | Loss: 0.4157 | Train Acc: 87.02%
2026-03-14 02:48:28,731 - INFO - [Valid] [87/90] | Loss: 0.3956 | Val Acc: 87.78%
2026-03-14 02:48:28,876 - INFO - [Metrics for 'Normal'] | Precision: 0.8823 | Recall: 0.8869 | F1: 0.8846
2026-03-14 02:48:28,876 - INFO - [Metrics for 'Defect'] | Precision: 0.8727 | Recall: 0.8675 | F1: 0.8701
2026-03-14 02:48:28,922 - INFO - --------------------------------------------------
2026-03-14 02:48:28,922 - INFO - [LR]    [88/90] | Learning Rate: 0.000103
2026-03-14 02:55:50,373 - INFO - [Train] [88/90] | Loss: 0.4155 | Train Acc: 87.03%
2026-03-14 02:56:29,795 - INFO - [Valid] [88/90] | Loss: 0.3955 | Val Acc: 87.74%
2026-03-14 02:56:29,930 - INFO - [Metrics for 'Normal'] | Precision: 0.8922 | Recall: 0.8733 | F1: 0.8826
2026-03-14 02:56:29,930 - INFO - [Metrics for 'Defect'] | Precision: 0.8615 | Recall: 0.8819 | F1: 0.8716
2026-03-14 02:56:29,977 - INFO - --------------------------------------------------
2026-03-14 02:56:29,977 - INFO - [LR]    [89/90] | Learning Rate: 0.000101
2026-03-14 03:03:51,701 - INFO - [Train] [89/90] | Loss: 0.4158 | Train Acc: 87.03%
2026-03-14 03:04:30,793 - INFO - [Valid] [89/90] | Loss: 0.3950 | Val Acc: 87.81%
2026-03-14 03:04:30,929 - INFO - [Metrics for 'Normal'] | Precision: 0.8949 | Recall: 0.8714 | F1: 0.8830
2026-03-14 03:04:30,929 - INFO - [Metrics for 'Defect'] | Precision: 0.8602 | Recall: 0.8855 | F1: 0.8727
2026-03-14 03:04:30,975 - INFO - --------------------------------------------------
2026-03-14 03:04:30,975 - INFO - [LR]    [90/90] | Learning Rate: 0.000100
2026-03-14 03:11:50,473 - INFO - [Train] [90/90] | Loss: 0.4159 | Train Acc: 86.99%
2026-03-14 03:12:29,526 - INFO - [Valid] [90/90] | Loss: 0.3945 | Val Acc: 87.79%
2026-03-14 03:12:29,672 - INFO - [Metrics for 'Normal'] | Precision: 0.8885 | Recall: 0.8792 | F1: 0.8838
2026-03-14 03:12:29,672 - INFO - [Metrics for 'Defect'] | Precision: 0.8663 | Recall: 0.8765 | F1: 0.8714
2026-03-14 03:12:29,719 - INFO - [Best Model Saved] (val loss: 0.3945) -> 'log/Sewer_ML_flops/baseline_xie2019_wanda_20260313_151023/best_model.pth'
2026-03-14 03:12:29,721 - INFO - ==================================================
2026-03-14 03:12:29,721 - INFO - 훈련 완료. 최고 성능 모델을 불러와 테스트 세트로 최종 평가합니다.
2026-03-14 03:12:29,721 - INFO - 최종 평가를 위해 새로운 모델 객체를 생성합니다.
2026-03-14 03:12:29,721 - INFO - Baseline 모델 'xie2019'을(를) 생성합니다 (사전 훈련 가중치: 미사용).
2026-03-14 03:12:29,744 - INFO - 최종 평가 모델에 Pruning 구조를 재적용합니다.
2026-03-14 03:12:29,767 - INFO - Wanda Pruning을 시작합니다.
2026-03-14 03:12:29,767 - INFO - 저장된 pruning_history가 있어 Wanda calibration을 건너뜁니다.
2026-03-14 03:12:29,767 - INFO - 분류 레이어 'Linear'을(를) Pruning 대상에서 제외합니다.
2026-03-14 03:12:29,908 - INFO - 저장된 pruning_history를 사용해 Pruning 구조를 재현했습니다.
2026-03-14 03:12:29,908 - INFO - torch-pruning 완료. 모델 구조가 희소도(0.8914)에 맞춰 변경되었습니다.
2026-03-14 03:12:29,909 - INFO - ==================================================
2026-03-14 03:12:29,910 - INFO - 최고 성능 모델 가중치를 새로 생성된 모델 객체에 로드 완료: 'log/Sewer_ML_flops/baseline_xie2019_wanda_20260313_151023/best_model.pth'
2026-03-14 03:12:29,910 - INFO - ==================================================
2026-03-14 03:12:29,910 - INFO - Test 모드를 시작합니다.
2026-03-14 03:12:29,910 - INFO - FLOPs 및 MACs 측정을 시작합니다...
2026-03-14 03:12:29,913 - INFO - Model FLOPs: 0.2238 GFLOPs
2026-03-14 03:12:29,913 - INFO - Model MACs: 0.1119 GMACs
2026-03-14 03:12:30,063 - INFO - 테스트 데이터셋에 대한 추론을 시작합니다.
2026-03-14 03:13:09,335 - INFO - [Test] Loss: 0.3158 | Test Acc: 87.79%
2026-03-14 03:13:09,500 - INFO - [Metrics for 'Normal'] | Precision: 0.8885 | Recall: 0.8792 | F1: 0.8838
2026-03-14 03:13:09,501 - INFO - [Metrics for 'Defect'] | Precision: 0.8663 | Recall: 0.8765 | F1: 0.8714
2026-03-14 03:13:09,748 - INFO - ==================================================
2026-03-14 03:13:09,748 - INFO - 혼동 행렬 저장 완료. 'log/Sewer_ML_flops/baseline_xie2019_wanda_20260313_151023/confusion_matrix_20260313_151023.png' and 'log/Sewer_ML_flops/baseline_xie2019_wanda_20260313_151023/confusion_matrix_20260313_151023.pdf'
2026-03-14 03:13:09,862 - INFO - Val Acc 그래프 저장 완료: 'log/Sewer_ML_flops/baseline_xie2019_wanda_20260313_151023/graph_20260313_151023/val_acc.png' and 'log/Sewer_ML_flops/baseline_xie2019_wanda_20260313_151023/graph_20260313_151023/val_acc.pdf'
2026-03-14 03:13:09,990 - INFO - Train/Val Acc 그래프 저장 완료: 'log/Sewer_ML_flops/baseline_xie2019_wanda_20260313_151023/graph_20260313_151023/train_val_acc.png' and 'log/Sewer_ML_flops/baseline_xie2019_wanda_20260313_151023/graph_20260313_151023/train_val_acc.pdf'
2026-03-14 03:13:10,096 - INFO - F1 (Normal) 그래프 저장 완료: 'log/Sewer_ML_flops/baseline_xie2019_wanda_20260313_151023/graph_20260313_151023/F1_normal.png' and 'log/Sewer_ML_flops/baseline_xie2019_wanda_20260313_151023/graph_20260313_151023/F1_normal.pdf'
2026-03-14 03:13:10,213 - INFO - Validation Loss 그래프 저장 완료: 'log/Sewer_ML_flops/baseline_xie2019_wanda_20260313_151023/graph_20260313_151023/val_loss.png' and 'log/Sewer_ML_flops/baseline_xie2019_wanda_20260313_151023/graph_20260313_151023/val_loss.pdf'
2026-03-14 03:13:10,322 - INFO - Learning Rate 그래프 저장 완료: 'log/Sewer_ML_flops/baseline_xie2019_wanda_20260313_151023/graph_20260313_151023/learning_rate.png' and 'log/Sewer_ML_flops/baseline_xie2019_wanda_20260313_151023/graph_20260313_151023/learning_rate.pdf'
2026-03-14 03:13:37,646 - INFO - 종합 그래프 저장 완료: 'log/Sewer_ML_flops/baseline_xie2019_wanda_20260313_151023/graph_20260313_151023/compile.png' and 'log/Sewer_ML_flops/baseline_xie2019_wanda_20260313_151023/graph_20260313_151023/compile.pdf'
