2026-03-20 19:11:06,699 - INFO - 로그 파일이 'log/Sewer_ML_params/baseline_xie2019_fpgm_20260320_191106/log_20260320_191106.log'에 저장됩니다.
2026-03-20 19:11:06,701 - INFO - ==================================================
2026-03-20 19:11:06,701 - INFO - config.yaml:
2026-03-20 19:11:06,701 - INFO - 
run:
  global_seed: 42
  cuda: true
  mode: train
  pth_best_name: best_model.pth
  only_inference: false
  show_log: true
  dataset:
    name: Sewer_ML_params
    type: csv
    train_split_ratio: 0.8
    paths:
      train_img_dir: /home/tai/workspace/ssd1/data/Sewer/Sewer-ML/train
      valid_img_dir: /home/tai/workspace/ssd1/data/Sewer/Sewer-ML/valid
      test_img_dir: /home/tai/workspace/ssd1/data/Sewer/Sewer-ML/valid
      train_csv: /home/tai/workspace/ssd1/data/Sewer/Sewer-ML/SewerML_Train.csv
      valid_csv: /home/tai/workspace/ssd1/data/Sewer/Sewer-ML/SewerML_Val.csv
      test_csv: /home/tai/workspace/ssd1/data/Sewer/Sewer-ML/SewerML_Val.csv
      img_folder: /home/tai/workspace/ssd1/data/Sewer/Sewer-TAPNEW
  random_sampling_ratio:
    train: 1.0
    valid: 1.0
    test: 1.0
  num_workers: 16
model:
  img_size: 224
  num_patches_per_side: 7
  num_decoder_patches: 1
  num_decoder_layers: 6
  num_heads: 4
  cnn_feature_extractor:
    name: custom32
  encoder_dim: 32
  emb_dim: 32
  adaptive_initial_query: true
  decoder_ff_ratio: 2
  dropout: 0.1
  positional_encoding: true
  drop_path_ratio: 0.2
  visualize_attention: true
  num_plot_attention: 1500
training_main:
  epochs: 10
  batch_size: 256
  pre_trained: false
  optimizer: adamw
  lr: 0.001
  weight_decay: 0.0001
  loss_function: CrossEntropyLoss
  label_smoothing: 0.1
  scheduler: cosineannealinglr
  scheduler_params:
    T_max: 10
    eta_min: 0.0001
  best_model_criterion: val_loss
training_baseline:
  model_name: xie2019
  epochs: 10
  batch_size: 256
  pre_trained: false
  optimizer: adamw
  lr: 0.001
  weight_decay: 0.0001
  loss_function: CrossEntropyLoss
  label_smoothing: 0.1
  scheduler: cosineannealinglr
  scheduler_params:
    T_max: 10
    eta_min: 0.0001
  best_model_criterion: val_loss
finetuning_pruned:
  epochs: 80
  batch_size: 256
  optimizer: adamw
  lr: 0.001
  weight_decay: 0.0001
  loss_function: CrossEntropyLoss
  label_smoothing: 0.1
  scheduler: cosineannealinglr
  scheduler_params:
    T_max: 80
    eta_min: 0.0001
  best_model_criterion: val_loss
  use_fpgm_pruning: true
  pruning_sparsity: 0.9069
  exclude_attention_qkv_pruning: true
  exclude_embedding_bridge_pruning: true
  exclude_learnable_queries_pruning: true

2026-03-20 19:11:06,701 - INFO - ==================================================
2026-03-20 19:11:06,841 - INFO - CUDA 사용 가능. GPU 사용을 시작합니다. (Device: NVIDIA GeForce RTX 5090)
2026-03-20 19:11:06,841 - INFO - 'Sewer_ML_params' 데이터 로드를 시작합니다 (Type: csv).
2026-03-20 19:11:07,410 - INFO - 데이터셋 클래스: ['Normal', 'Defect'] (총 2개)
2026-03-20 19:11:07,411 - INFO - 훈련 데이터: 1040129개, 검증 데이터: 130046개, 테스트 데이터: 130046개
2026-03-20 19:11:07,411 - INFO - Baseline 모델 'xie2019'을(를) 생성합니다 (사전 훈련 가중치: 미사용).
2026-03-20 19:11:07,495 - INFO - ==================================================
2026-03-20 19:11:07,495 - INFO - 모델 파라미터 수:
2026-03-20 19:11:07,495 - INFO -   - 총 파라미터: 9,160,194 개
2026-03-20 19:11:07,495 - INFO -   - 학습 가능한 파라미터: 9,160,194 개
2026-03-20 19:11:07,495 - INFO - ================================================================================
2026-03-20 19:11:07,495 - INFO - 단계 1/2: 사전 훈련(Pre-training)을 시작합니다.
2026-03-20 19:11:07,495 - INFO - ================================================================================
2026-03-20 19:11:07,495 - INFO - 옵티마이저: AdamW (lr=0.001, weight_decay=0.0001)
2026-03-20 19:11:07,495 - INFO - 스케줄러: CosineAnnealingLR (T_max=10, eta_min=0.0001)
2026-03-20 19:11:07,495 - INFO - ==================================================
2026-03-20 19:11:07,495 - INFO - train 모드를 시작합니다.
2026-03-20 19:11:07,495 - INFO - 손실 함수: CrossEntropyLoss (label_smoothing: 0.1)
2026-03-20 19:11:07,495 - INFO - Best metric을 초기값(inf)으로 설정합니다.
2026-03-20 19:11:07,495 - INFO - --------------------------------------------------
2026-03-20 19:11:07,495 - INFO - [LR]    [1/10] | Learning Rate: 0.001000
2026-03-20 19:18:32,098 - INFO - [Train] [1/10] | Loss: 0.4769 | Train Acc: 81.91%
2026-03-20 19:19:12,094 - INFO - [Valid] [1/10] | Loss: 0.4440 | Val Acc: 84.21%
2026-03-20 19:19:12,258 - INFO - [Metrics for 'Normal'] | Precision: 0.8383 | Recall: 0.8685 | F1: 0.8531
2026-03-20 19:19:12,258 - INFO - [Metrics for 'Defect'] | Precision: 0.8466 | Recall: 0.8125 | F1: 0.8292
2026-03-20 19:19:12,363 - INFO - [Best Model Saved] (val loss: 0.4440) -> 'log/Sewer_ML_params/baseline_xie2019_fpgm_20260320_191106/best_model.pth'
2026-03-20 19:19:12,363 - INFO - --------------------------------------------------
2026-03-20 19:19:12,364 - INFO - [LR]    [2/10] | Learning Rate: 0.000978
2026-03-20 19:26:43,016 - INFO - [Train] [2/10] | Loss: 0.4469 | Train Acc: 84.33%
2026-03-20 19:27:23,175 - INFO - [Valid] [2/10] | Loss: 0.4278 | Val Acc: 85.89%
2026-03-20 19:27:23,309 - INFO - [Metrics for 'Normal'] | Precision: 0.8802 | Recall: 0.8484 | F1: 0.8640
2026-03-20 19:27:23,309 - INFO - [Metrics for 'Defect'] | Precision: 0.8369 | Recall: 0.8708 | F1: 0.8535
2026-03-20 19:27:23,421 - INFO - [Best Model Saved] (val loss: 0.4278) -> 'log/Sewer_ML_params/baseline_xie2019_fpgm_20260320_191106/best_model.pth'
2026-03-20 19:27:23,422 - INFO - --------------------------------------------------
2026-03-20 19:27:23,422 - INFO - [LR]    [3/10] | Learning Rate: 0.000914
2026-03-20 19:34:58,354 - INFO - [Train] [3/10] | Loss: 0.4363 | Train Acc: 85.15%
2026-03-20 19:35:38,842 - INFO - [Valid] [3/10] | Loss: 0.4246 | Val Acc: 85.90%
2026-03-20 19:35:38,976 - INFO - [Metrics for 'Normal'] | Precision: 0.8493 | Recall: 0.8911 | F1: 0.8697
2026-03-20 19:35:38,976 - INFO - [Metrics for 'Defect'] | Precision: 0.8710 | Recall: 0.8231 | F1: 0.8464
2026-03-20 19:35:39,088 - INFO - [Best Model Saved] (val loss: 0.4246) -> 'log/Sewer_ML_params/baseline_xie2019_fpgm_20260320_191106/best_model.pth'
2026-03-20 19:35:39,089 - INFO - --------------------------------------------------
2026-03-20 19:35:39,089 - INFO - [LR]    [4/10] | Learning Rate: 0.000815
2026-03-20 19:43:14,563 - INFO - [Train] [4/10] | Loss: 0.4292 | Train Acc: 85.68%
2026-03-20 19:43:54,887 - INFO - [Valid] [4/10] | Loss: 0.4204 | Val Acc: 86.84%
2026-03-20 19:43:55,031 - INFO - [Metrics for 'Normal'] | Precision: 0.8808 | Recall: 0.8684 | F1: 0.8745
2026-03-20 19:43:55,031 - INFO - [Metrics for 'Defect'] | Precision: 0.8550 | Recall: 0.8684 | F1: 0.8617
2026-03-20 19:43:55,157 - INFO - [Best Model Saved] (val loss: 0.4204) -> 'log/Sewer_ML_params/baseline_xie2019_fpgm_20260320_191106/best_model.pth'
2026-03-20 19:43:55,157 - INFO - --------------------------------------------------
2026-03-20 19:43:55,158 - INFO - [LR]    [5/10] | Learning Rate: 0.000689
2026-03-20 19:51:30,193 - INFO - [Train] [5/10] | Loss: 0.4213 | Train Acc: 86.21%
2026-03-20 19:52:10,069 - INFO - [Valid] [5/10] | Loss: 0.4126 | Val Acc: 86.76%
2026-03-20 19:52:10,243 - INFO - [Metrics for 'Normal'] | Precision: 0.8531 | Recall: 0.9051 | F1: 0.8783
2026-03-20 19:52:10,243 - INFO - [Metrics for 'Defect'] | Precision: 0.8860 | Recall: 0.8256 | F1: 0.8547
2026-03-20 19:52:10,370 - INFO - [Best Model Saved] (val loss: 0.4126) -> 'log/Sewer_ML_params/baseline_xie2019_fpgm_20260320_191106/best_model.pth'
2026-03-20 19:52:10,370 - INFO - --------------------------------------------------
2026-03-20 19:52:10,370 - INFO - [LR]    [6/10] | Learning Rate: 0.000550
2026-03-20 19:59:45,077 - INFO - [Train] [6/10] | Loss: 0.4136 | Train Acc: 86.71%
2026-03-20 20:00:25,634 - INFO - [Valid] [6/10] | Loss: 0.4089 | Val Acc: 87.27%
2026-03-20 20:00:25,769 - INFO - [Metrics for 'Normal'] | Precision: 0.8635 | Recall: 0.9014 | F1: 0.8820
2026-03-20 20:00:25,769 - INFO - [Metrics for 'Defect'] | Precision: 0.8840 | Recall: 0.8405 | F1: 0.8617
2026-03-20 20:00:25,885 - INFO - [Best Model Saved] (val loss: 0.4089) -> 'log/Sewer_ML_params/baseline_xie2019_fpgm_20260320_191106/best_model.pth'
2026-03-20 20:00:25,885 - INFO - --------------------------------------------------
2026-03-20 20:00:25,885 - INFO - [LR]    [7/10] | Learning Rate: 0.000411
2026-03-20 20:08:02,572 - INFO - [Train] [7/10] | Loss: 0.4063 | Train Acc: 87.20%
2026-03-20 20:08:42,828 - INFO - [Valid] [7/10] | Loss: 0.4070 | Val Acc: 87.85%
2026-03-20 20:08:42,972 - INFO - [Metrics for 'Normal'] | Precision: 0.8762 | Recall: 0.8967 | F1: 0.8863
2026-03-20 20:08:42,972 - INFO - [Metrics for 'Defect'] | Precision: 0.8812 | Recall: 0.8582 | F1: 0.8696
2026-03-20 20:08:43,094 - INFO - [Best Model Saved] (val loss: 0.4070) -> 'log/Sewer_ML_params/baseline_xie2019_fpgm_20260320_191106/best_model.pth'
2026-03-20 20:08:43,094 - INFO - --------------------------------------------------
2026-03-20 20:08:43,094 - INFO - [LR]    [8/10] | Learning Rate: 0.000285
2026-03-20 20:16:18,672 - INFO - [Train] [8/10] | Loss: 0.3995 | Train Acc: 87.62%
2026-03-20 20:16:59,003 - INFO - [Valid] [8/10] | Loss: 0.3984 | Val Acc: 88.14%
2026-03-20 20:16:59,149 - INFO - [Metrics for 'Normal'] | Precision: 0.8895 | Recall: 0.8854 | F1: 0.8875
2026-03-20 20:16:59,149 - INFO - [Metrics for 'Defect'] | Precision: 0.8724 | Recall: 0.8769 | F1: 0.8747
2026-03-20 20:16:59,272 - INFO - [Best Model Saved] (val loss: 0.3984) -> 'log/Sewer_ML_params/baseline_xie2019_fpgm_20260320_191106/best_model.pth'
2026-03-20 20:16:59,272 - INFO - --------------------------------------------------
2026-03-20 20:16:59,272 - INFO - [LR]    [9/10] | Learning Rate: 0.000186
2026-03-20 20:24:36,392 - INFO - [Train] [9/10] | Loss: 0.3938 | Train Acc: 88.00%
2026-03-20 20:25:17,074 - INFO - [Valid] [9/10] | Loss: 0.3950 | Val Acc: 88.36%
2026-03-20 20:25:17,209 - INFO - [Metrics for 'Normal'] | Precision: 0.8969 | Recall: 0.8807 | F1: 0.8888
2026-03-20 20:25:17,209 - INFO - [Metrics for 'Defect'] | Precision: 0.8692 | Recall: 0.8867 | F1: 0.8779
2026-03-20 20:25:17,326 - INFO - [Best Model Saved] (val loss: 0.3950) -> 'log/Sewer_ML_params/baseline_xie2019_fpgm_20260320_191106/best_model.pth'
2026-03-20 20:25:17,327 - INFO - --------------------------------------------------
2026-03-20 20:25:17,327 - INFO - [LR]    [10/10] | Learning Rate: 0.000122
2026-03-20 20:32:57,255 - INFO - [Train] [10/10] | Loss: 0.3899 | Train Acc: 88.24%
2026-03-20 20:33:38,609 - INFO - [Valid] [10/10] | Loss: 0.3916 | Val Acc: 88.57%
2026-03-20 20:33:38,783 - INFO - [Metrics for 'Normal'] | Precision: 0.8913 | Recall: 0.8924 | F1: 0.8919
2026-03-20 20:33:38,783 - INFO - [Metrics for 'Defect'] | Precision: 0.8795 | Recall: 0.8782 | F1: 0.8788
2026-03-20 20:33:38,913 - INFO - [Best Model Saved] (val loss: 0.3916) -> 'log/Sewer_ML_params/baseline_xie2019_fpgm_20260320_191106/best_model.pth'
2026-03-20 20:33:38,914 - INFO - ================================================================================
2026-03-20 20:33:38,915 - INFO - 단계 2/2: Pruning 및 미세 조정(Fine-tuning)을 시작합니다.
2026-03-20 20:33:38,915 - INFO - ================================================================================
2026-03-20 20:33:38,927 - INFO - 사전 훈련된 모델 'log/Sewer_ML_params/baseline_xie2019_fpgm_20260320_191106/best_model.pth'을(를) 불러왔습니다.
2026-03-20 20:33:38,941 - INFO - Pruning 전 원본 모델의 FLOPs를 측정합니다.
2026-03-20 20:33:38,945 - INFO - FPGM Pruning을 시작합니다.
2026-03-20 20:33:38,945 - INFO - 분류 레이어 'Linear'을(를) Pruning 대상에서 제외합니다.
2026-03-20 20:33:39,235 - INFO - torch-pruning 완료. 모델 구조가 희소도(0.9069)에 맞춰 변경되었습니다.
2026-03-20 20:33:39,235 - INFO - ==================================================
2026-03-20 20:33:39,235 - INFO - ==================================================
2026-03-20 20:33:39,235 - INFO - 모델 파라미터 수:
2026-03-20 20:33:39,235 - INFO -   - 총 파라미터: 75,009 개
2026-03-20 20:33:39,235 - INFO -   - 학습 가능한 파라미터: 75,009 개
2026-03-20 20:33:39,238 - INFO - Pruning 후 모델의 FLOPs를 측정합니다.
2026-03-20 20:33:39,241 - INFO - FLOPs가 2.8695 GFLOPs에서 0.1858 GFLOPs로 감소했습니다 (감소율: 93.52%).
2026-03-20 20:33:39,255 - INFO - Pruning 정보(희소도: 0.9069)를 'log/Sewer_ML_params/baseline_xie2019_fpgm_20260320_191106/pruning_info.yaml'에 저장했습니다.
2026-03-20 20:33:39,255 - INFO - 미세 조정을 위한 새로운 옵티마이저와 스케줄러를 생성합니다.
2026-03-20 20:33:39,255 - INFO - 옵티마이저: AdamW (lr=0.001, weight_decay=0.0001)
2026-03-20 20:33:39,256 - INFO - 스케줄러: CosineAnnealingLR (T_max=80, eta_min=0.0001)
2026-03-20 20:33:39,256 - INFO - ==================================================
2026-03-20 20:33:39,256 - INFO - train 모드를 시작합니다.
2026-03-20 20:33:39,256 - INFO - 손실 함수: CrossEntropyLoss (label_smoothing: 0.1)
2026-03-20 20:33:39,256 - INFO - Best metric을 초기값(inf)으로 설정합니다.
2026-03-20 20:33:39,256 - INFO - --------------------------------------------------
2026-03-20 20:33:39,256 - INFO - [LR]    [11/90] | Learning Rate: 0.001000
2026-03-20 20:41:03,560 - INFO - [Train] [11/90] | Loss: 0.4884 | Train Acc: 81.88%
2026-03-20 20:41:42,668 - INFO - [Valid] [11/90] | Loss: 0.4494 | Val Acc: 83.79%
2026-03-20 20:41:42,832 - INFO - [Metrics for 'Normal'] | Precision: 0.8151 | Recall: 0.8963 | F1: 0.8538
2026-03-20 20:41:42,832 - INFO - [Metrics for 'Defect'] | Precision: 0.8694 | Recall: 0.7724 | F1: 0.8180
2026-03-20 20:41:42,887 - INFO - [Best Model Saved] (val loss: 0.4494) -> 'log/Sewer_ML_params/baseline_xie2019_fpgm_20260320_191106/best_model.pth'
2026-03-20 20:41:42,888 - INFO - --------------------------------------------------
2026-03-20 20:41:42,888 - INFO - [LR]    [12/90] | Learning Rate: 0.001000
2026-03-20 20:49:03,356 - INFO - [Train] [12/90] | Loss: 0.4653 | Train Acc: 83.36%
2026-03-20 20:49:42,902 - INFO - [Valid] [12/90] | Loss: 0.4300 | Val Acc: 85.18%
2026-03-20 20:49:43,041 - INFO - [Metrics for 'Normal'] | Precision: 0.8489 | Recall: 0.8751 | F1: 0.8618
2026-03-20 20:49:43,041 - INFO - [Metrics for 'Defect'] | Precision: 0.8552 | Recall: 0.8257 | F1: 0.8402
2026-03-20 20:49:43,086 - INFO - [Best Model Saved] (val loss: 0.4300) -> 'log/Sewer_ML_params/baseline_xie2019_fpgm_20260320_191106/best_model.pth'
2026-03-20 20:49:43,086 - INFO - --------------------------------------------------
2026-03-20 20:49:43,086 - INFO - [LR]    [13/90] | Learning Rate: 0.000999
2026-03-20 20:57:09,868 - INFO - [Train] [13/90] | Loss: 0.4590 | Train Acc: 83.88%
2026-03-20 20:57:49,506 - INFO - [Valid] [13/90] | Loss: 0.4286 | Val Acc: 85.48%
2026-03-20 20:57:49,649 - INFO - [Metrics for 'Normal'] | Precision: 0.8695 | Recall: 0.8531 | F1: 0.8612
2026-03-20 20:57:49,649 - INFO - [Metrics for 'Defect'] | Precision: 0.8390 | Recall: 0.8566 | F1: 0.8477
2026-03-20 20:57:49,696 - INFO - [Best Model Saved] (val loss: 0.4286) -> 'log/Sewer_ML_params/baseline_xie2019_fpgm_20260320_191106/best_model.pth'
2026-03-20 20:57:49,696 - INFO - --------------------------------------------------
2026-03-20 20:57:49,696 - INFO - [LR]    [14/90] | Learning Rate: 0.000997
2026-03-20 21:05:08,469 - INFO - [Train] [14/90] | Loss: 0.4553 | Train Acc: 84.15%
2026-03-20 21:05:47,328 - INFO - [Valid] [14/90] | Loss: 0.4369 | Val Acc: 84.72%
2026-03-20 21:05:47,468 - INFO - [Metrics for 'Normal'] | Precision: 0.8338 | Recall: 0.8876 | F1: 0.8598
2026-03-20 21:05:47,468 - INFO - [Metrics for 'Defect'] | Precision: 0.8644 | Recall: 0.8020 | F1: 0.8320
2026-03-20 21:05:47,512 - INFO - --------------------------------------------------
2026-03-20 21:05:47,512 - INFO - [LR]    [15/90] | Learning Rate: 0.000994
2026-03-20 21:13:05,394 - INFO - [Train] [15/90] | Loss: 0.4530 | Train Acc: 84.30%
2026-03-20 21:13:44,382 - INFO - [Valid] [15/90] | Loss: 0.4218 | Val Acc: 85.78%
2026-03-20 21:13:44,523 - INFO - [Metrics for 'Normal'] | Precision: 0.8649 | Recall: 0.8661 | F1: 0.8655
2026-03-20 21:13:44,523 - INFO - [Metrics for 'Defect'] | Precision: 0.8499 | Recall: 0.8485 | F1: 0.8492
2026-03-20 21:13:44,569 - INFO - [Best Model Saved] (val loss: 0.4218) -> 'log/Sewer_ML_params/baseline_xie2019_fpgm_20260320_191106/best_model.pth'
2026-03-20 21:13:44,569 - INFO - --------------------------------------------------
2026-03-20 21:13:44,569 - INFO - [LR]    [16/90] | Learning Rate: 0.000991
2026-03-20 21:21:01,073 - INFO - [Train] [16/90] | Loss: 0.4509 | Train Acc: 84.48%
2026-03-20 21:21:40,053 - INFO - [Valid] [16/90] | Loss: 0.4302 | Val Acc: 85.46%
2026-03-20 21:21:40,193 - INFO - [Metrics for 'Normal'] | Precision: 0.8820 | Recall: 0.8367 | F1: 0.8588
2026-03-20 21:21:40,193 - INFO - [Metrics for 'Defect'] | Precision: 0.8272 | Recall: 0.8747 | F1: 0.8503
2026-03-20 21:21:40,238 - INFO - --------------------------------------------------
2026-03-20 21:21:40,238 - INFO - [LR]    [17/90] | Learning Rate: 0.000988
2026-03-20 21:28:59,434 - INFO - [Train] [17/90] | Loss: 0.4496 | Train Acc: 84.58%
2026-03-20 21:29:38,127 - INFO - [Valid] [17/90] | Loss: 0.4253 | Val Acc: 85.76%
2026-03-20 21:29:38,258 - INFO - [Metrics for 'Normal'] | Precision: 0.8567 | Recall: 0.8771 | F1: 0.8668
2026-03-20 21:29:38,258 - INFO - [Metrics for 'Defect'] | Precision: 0.8587 | Recall: 0.8357 | F1: 0.8470
2026-03-20 21:29:38,302 - INFO - --------------------------------------------------
2026-03-20 21:29:38,303 - INFO - [LR]    [18/90] | Learning Rate: 0.000983
2026-03-20 21:36:56,420 - INFO - [Train] [18/90] | Loss: 0.4485 | Train Acc: 84.66%
2026-03-20 21:37:35,686 - INFO - [Valid] [18/90] | Loss: 0.4217 | Val Acc: 85.81%
2026-03-20 21:37:35,827 - INFO - [Metrics for 'Normal'] | Precision: 0.8517 | Recall: 0.8855 | F1: 0.8683
2026-03-20 21:37:35,827 - INFO - [Metrics for 'Defect'] | Precision: 0.8659 | Recall: 0.8274 | F1: 0.8462
2026-03-20 21:37:35,872 - INFO - [Best Model Saved] (val loss: 0.4217) -> 'log/Sewer_ML_params/baseline_xie2019_fpgm_20260320_191106/best_model.pth'
2026-03-20 21:37:35,872 - INFO - --------------------------------------------------
2026-03-20 21:37:35,872 - INFO - [LR]    [19/90] | Learning Rate: 0.000978
2026-03-20 21:44:54,546 - INFO - [Train] [19/90] | Loss: 0.4475 | Train Acc: 84.73%
2026-03-20 21:45:33,434 - INFO - [Valid] [19/90] | Loss: 0.4186 | Val Acc: 86.13%
2026-03-20 21:45:33,566 - INFO - [Metrics for 'Normal'] | Precision: 0.8723 | Recall: 0.8639 | F1: 0.8681
2026-03-20 21:45:33,566 - INFO - [Metrics for 'Defect'] | Precision: 0.8493 | Recall: 0.8584 | F1: 0.8538
2026-03-20 21:45:33,611 - INFO - [Best Model Saved] (val loss: 0.4186) -> 'log/Sewer_ML_params/baseline_xie2019_fpgm_20260320_191106/best_model.pth'
2026-03-20 21:45:33,611 - INFO - --------------------------------------------------
2026-03-20 21:45:33,611 - INFO - [LR]    [20/90] | Learning Rate: 0.000972
2026-03-20 21:52:51,097 - INFO - [Train] [20/90] | Loss: 0.4474 | Train Acc: 84.76%
2026-03-20 21:53:29,323 - INFO - [Valid] [20/90] | Loss: 0.4221 | Val Acc: 85.87%
2026-03-20 21:53:29,465 - INFO - [Metrics for 'Normal'] | Precision: 0.8464 | Recall: 0.8948 | F1: 0.8699
2026-03-20 21:53:29,465 - INFO - [Metrics for 'Defect'] | Precision: 0.8742 | Recall: 0.8183 | F1: 0.8453
2026-03-20 21:53:29,510 - INFO - --------------------------------------------------
2026-03-20 21:53:29,510 - INFO - [LR]    [21/90] | Learning Rate: 0.000966
2026-03-20 22:00:47,556 - INFO - [Train] [21/90] | Loss: 0.4468 | Train Acc: 84.77%
2026-03-20 22:01:26,686 - INFO - [Valid] [21/90] | Loss: 0.4208 | Val Acc: 85.91%
2026-03-20 22:01:26,818 - INFO - [Metrics for 'Normal'] | Precision: 0.8504 | Recall: 0.8896 | F1: 0.8696
2026-03-20 22:01:26,818 - INFO - [Metrics for 'Defect'] | Precision: 0.8698 | Recall: 0.8249 | F1: 0.8467
2026-03-20 22:01:26,863 - INFO - --------------------------------------------------
2026-03-20 22:01:26,863 - INFO - [LR]    [22/90] | Learning Rate: 0.000959
2026-03-20 22:08:47,108 - INFO - [Train] [22/90] | Loss: 0.4455 | Train Acc: 84.92%
2026-03-20 22:09:26,521 - INFO - [Valid] [22/90] | Loss: 0.4197 | Val Acc: 86.08%
2026-03-20 22:09:26,663 - INFO - [Metrics for 'Normal'] | Precision: 0.8642 | Recall: 0.8738 | F1: 0.8690
2026-03-20 22:09:26,663 - INFO - [Metrics for 'Defect'] | Precision: 0.8570 | Recall: 0.8463 | F1: 0.8516
2026-03-20 22:09:26,708 - INFO - --------------------------------------------------
2026-03-20 22:09:26,708 - INFO - [LR]    [23/90] | Learning Rate: 0.000951
2026-03-20 22:16:45,726 - INFO - [Train] [23/90] | Loss: 0.4453 | Train Acc: 84.96%
2026-03-20 22:17:24,352 - INFO - [Valid] [23/90] | Loss: 0.4179 | Val Acc: 86.23%
2026-03-20 22:17:24,486 - INFO - [Metrics for 'Normal'] | Precision: 0.8642 | Recall: 0.8773 | F1: 0.8707
2026-03-20 22:17:24,486 - INFO - [Metrics for 'Defect'] | Precision: 0.8603 | Recall: 0.8456 | F1: 0.8529
2026-03-20 22:17:24,532 - INFO - [Best Model Saved] (val loss: 0.4179) -> 'log/Sewer_ML_params/baseline_xie2019_fpgm_20260320_191106/best_model.pth'
2026-03-20 22:17:24,533 - INFO - --------------------------------------------------
2026-03-20 22:17:24,533 - INFO - [LR]    [24/90] | Learning Rate: 0.000943
2026-03-20 22:24:43,684 - INFO - [Train] [24/90] | Loss: 0.4450 | Train Acc: 84.99%
2026-03-20 22:25:22,513 - INFO - [Valid] [24/90] | Loss: 0.4221 | Val Acc: 85.93%
2026-03-20 22:25:22,656 - INFO - [Metrics for 'Normal'] | Precision: 0.8906 | Recall: 0.8363 | F1: 0.8626
2026-03-20 22:25:22,656 - INFO - [Metrics for 'Defect'] | Precision: 0.8285 | Recall: 0.8850 | F1: 0.8558
2026-03-20 22:25:22,701 - INFO - --------------------------------------------------
2026-03-20 22:25:22,701 - INFO - [LR]    [25/90] | Learning Rate: 0.000934
2026-03-20 22:32:39,681 - INFO - [Train] [25/90] | Loss: 0.4442 | Train Acc: 84.99%
2026-03-20 22:33:18,135 - INFO - [Valid] [25/90] | Loss: 0.4199 | Val Acc: 86.01%
2026-03-20 22:33:18,276 - INFO - [Metrics for 'Normal'] | Precision: 0.8584 | Recall: 0.8803 | F1: 0.8692
2026-03-20 22:33:18,276 - INFO - [Metrics for 'Defect'] | Precision: 0.8621 | Recall: 0.8375 | F1: 0.8496
2026-03-20 22:33:18,321 - INFO - --------------------------------------------------
2026-03-20 22:33:18,321 - INFO - [LR]    [26/90] | Learning Rate: 0.000924
2026-03-20 22:40:37,323 - INFO - [Train] [26/90] | Loss: 0.4435 | Train Acc: 85.08%
2026-03-20 22:41:16,339 - INFO - [Valid] [26/90] | Loss: 0.4191 | Val Acc: 86.22%
2026-03-20 22:41:16,481 - INFO - [Metrics for 'Normal'] | Precision: 0.8932 | Recall: 0.8394 | F1: 0.8655
2026-03-20 22:41:16,481 - INFO - [Metrics for 'Defect'] | Precision: 0.8316 | Recall: 0.8876 | F1: 0.8587
2026-03-20 22:41:16,527 - INFO - --------------------------------------------------
2026-03-20 22:41:16,527 - INFO - [LR]    [27/90] | Learning Rate: 0.000914
2026-03-20 22:48:34,406 - INFO - [Train] [27/90] | Loss: 0.4436 | Train Acc: 85.08%
2026-03-20 22:49:12,860 - INFO - [Valid] [27/90] | Loss: 0.4175 | Val Acc: 86.16%
2026-03-20 22:49:13,002 - INFO - [Metrics for 'Normal'] | Precision: 0.8872 | Recall: 0.8455 | F1: 0.8658
2026-03-20 22:49:13,002 - INFO - [Metrics for 'Defect'] | Precision: 0.8357 | Recall: 0.8797 | F1: 0.8571
2026-03-20 22:49:13,049 - INFO - [Best Model Saved] (val loss: 0.4175) -> 'log/Sewer_ML_params/baseline_xie2019_fpgm_20260320_191106/best_model.pth'
2026-03-20 22:49:13,049 - INFO - --------------------------------------------------
2026-03-20 22:49:13,049 - INFO - [LR]    [28/90] | Learning Rate: 0.000903
2026-03-20 22:56:32,114 - INFO - [Train] [28/90] | Loss: 0.4426 | Train Acc: 85.12%
2026-03-20 22:57:11,166 - INFO - [Valid] [28/90] | Loss: 0.4146 | Val Acc: 86.40%
2026-03-20 22:57:11,307 - INFO - [Metrics for 'Normal'] | Precision: 0.8695 | Recall: 0.8736 | F1: 0.8716
2026-03-20 22:57:11,307 - INFO - [Metrics for 'Defect'] | Precision: 0.8578 | Recall: 0.8533 | F1: 0.8555
2026-03-20 22:57:11,353 - INFO - [Best Model Saved] (val loss: 0.4146) -> 'log/Sewer_ML_params/baseline_xie2019_fpgm_20260320_191106/best_model.pth'
2026-03-20 22:57:11,353 - INFO - --------------------------------------------------
2026-03-20 22:57:11,353 - INFO - [LR]    [29/90] | Learning Rate: 0.000892
2026-03-20 23:04:29,437 - INFO - [Train] [29/90] | Loss: 0.4421 | Train Acc: 85.18%
2026-03-20 23:05:08,427 - INFO - [Valid] [29/90] | Loss: 0.4191 | Val Acc: 85.98%
2026-03-20 23:05:08,578 - INFO - [Metrics for 'Normal'] | Precision: 0.8460 | Recall: 0.8981 | F1: 0.8713
2026-03-20 23:05:08,578 - INFO - [Metrics for 'Defect'] | Precision: 0.8775 | Recall: 0.8170 | F1: 0.8462
2026-03-20 23:05:08,634 - INFO - --------------------------------------------------
2026-03-20 23:05:08,634 - INFO - [LR]    [30/90] | Learning Rate: 0.000880
2026-03-20 23:12:28,218 - INFO - [Train] [30/90] | Loss: 0.4423 | Train Acc: 85.18%
2026-03-20 23:13:07,137 - INFO - [Valid] [30/90] | Loss: 0.4153 | Val Acc: 86.54%
2026-03-20 23:13:07,301 - INFO - [Metrics for 'Normal'] | Precision: 0.8722 | Recall: 0.8732 | F1: 0.8727
2026-03-20 23:13:07,301 - INFO - [Metrics for 'Defect'] | Precision: 0.8579 | Recall: 0.8567 | F1: 0.8573
2026-03-20 23:13:07,358 - INFO - --------------------------------------------------
2026-03-20 23:13:07,358 - INFO - [LR]    [31/90] | Learning Rate: 0.000868
2026-03-20 23:20:24,233 - INFO - [Train] [31/90] | Loss: 0.4414 | Train Acc: 85.27%
2026-03-20 23:21:03,401 - INFO - [Valid] [31/90] | Loss: 0.4133 | Val Acc: 86.49%
2026-03-20 23:21:03,547 - INFO - [Metrics for 'Normal'] | Precision: 0.8667 | Recall: 0.8795 | F1: 0.8731
2026-03-20 23:21:03,547 - INFO - [Metrics for 'Defect'] | Precision: 0.8629 | Recall: 0.8486 | F1: 0.8557
2026-03-20 23:21:03,594 - INFO - [Best Model Saved] (val loss: 0.4133) -> 'log/Sewer_ML_params/baseline_xie2019_fpgm_20260320_191106/best_model.pth'
2026-03-20 23:21:03,594 - INFO - --------------------------------------------------
2026-03-20 23:21:03,594 - INFO - [LR]    [32/90] | Learning Rate: 0.000855
2026-03-20 23:28:21,635 - INFO - [Train] [32/90] | Loss: 0.4410 | Train Acc: 85.27%
2026-03-20 23:29:00,720 - INFO - [Valid] [32/90] | Loss: 0.4173 | Val Acc: 86.25%
2026-03-20 23:29:00,862 - INFO - [Metrics for 'Normal'] | Precision: 0.8549 | Recall: 0.8908 | F1: 0.8725
2026-03-20 23:29:00,862 - INFO - [Metrics for 'Defect'] | Precision: 0.8717 | Recall: 0.8308 | F1: 0.8508
2026-03-20 23:29:00,907 - INFO - --------------------------------------------------
2026-03-20 23:29:00,907 - INFO - [LR]    [33/90] | Learning Rate: 0.000842
2026-03-20 23:36:19,266 - INFO - [Train] [33/90] | Loss: 0.4411 | Train Acc: 85.26%
2026-03-20 23:36:58,537 - INFO - [Valid] [33/90] | Loss: 0.4158 | Val Acc: 86.52%
2026-03-20 23:36:58,679 - INFO - [Metrics for 'Normal'] | Precision: 0.8786 | Recall: 0.8642 | F1: 0.8713
2026-03-20 23:36:58,679 - INFO - [Metrics for 'Defect'] | Precision: 0.8507 | Recall: 0.8664 | F1: 0.8585
2026-03-20 23:36:58,724 - INFO - --------------------------------------------------
2026-03-20 23:36:58,725 - INFO - [LR]    [34/90] | Learning Rate: 0.000829
2026-03-20 23:44:17,489 - INFO - [Train] [34/90] | Loss: 0.4404 | Train Acc: 85.35%
2026-03-20 23:44:56,329 - INFO - [Valid] [34/90] | Loss: 0.4187 | Val Acc: 86.23%
2026-03-20 23:44:56,472 - INFO - [Metrics for 'Normal'] | Precision: 0.8569 | Recall: 0.8874 | F1: 0.8719
2026-03-20 23:44:56,472 - INFO - [Metrics for 'Defect'] | Precision: 0.8687 | Recall: 0.8342 | F1: 0.8511
2026-03-20 23:44:56,518 - INFO - --------------------------------------------------
2026-03-20 23:44:56,518 - INFO - [LR]    [35/90] | Learning Rate: 0.000815
2026-03-20 23:52:14,128 - INFO - [Train] [35/90] | Loss: 0.4400 | Train Acc: 85.33%
2026-03-20 23:52:53,147 - INFO - [Valid] [35/90] | Loss: 0.4110 | Val Acc: 86.75%
2026-03-20 23:52:53,320 - INFO - [Metrics for 'Normal'] | Precision: 0.8751 | Recall: 0.8737 | F1: 0.8744
2026-03-20 23:52:53,321 - INFO - [Metrics for 'Defect'] | Precision: 0.8589 | Recall: 0.8604 | F1: 0.8597
2026-03-20 23:52:53,378 - INFO - [Best Model Saved] (val loss: 0.4110) -> 'log/Sewer_ML_params/baseline_xie2019_fpgm_20260320_191106/best_model.pth'
2026-03-20 23:52:53,378 - INFO - --------------------------------------------------
2026-03-20 23:52:53,378 - INFO - [LR]    [36/90] | Learning Rate: 0.000800
2026-03-21 00:00:11,765 - INFO - [Train] [36/90] | Loss: 0.4402 | Train Acc: 85.32%
2026-03-21 00:00:50,931 - INFO - [Valid] [36/90] | Loss: 0.4126 | Val Acc: 86.63%
2026-03-21 00:00:51,074 - INFO - [Metrics for 'Normal'] | Precision: 0.8723 | Recall: 0.8749 | F1: 0.8736
2026-03-21 00:00:51,074 - INFO - [Metrics for 'Defect'] | Precision: 0.8595 | Recall: 0.8566 | F1: 0.8581
2026-03-21 00:00:51,119 - INFO - --------------------------------------------------
2026-03-21 00:00:51,119 - INFO - [LR]    [37/90] | Learning Rate: 0.000785
2026-03-21 00:08:10,637 - INFO - [Train] [37/90] | Loss: 0.4390 | Train Acc: 85.40%
2026-03-21 00:08:50,202 - INFO - [Valid] [37/90] | Loss: 0.4121 | Val Acc: 86.55%
2026-03-21 00:08:50,374 - INFO - [Metrics for 'Normal'] | Precision: 0.8674 | Recall: 0.8799 | F1: 0.8736
2026-03-21 00:08:50,374 - INFO - [Metrics for 'Defect'] | Precision: 0.8634 | Recall: 0.8495 | F1: 0.8564
2026-03-21 00:08:50,431 - INFO - --------------------------------------------------
2026-03-21 00:08:50,431 - INFO - [LR]    [38/90] | Learning Rate: 0.000770
2026-03-21 00:16:09,244 - INFO - [Train] [38/90] | Loss: 0.4393 | Train Acc: 85.42%
2026-03-21 00:16:48,304 - INFO - [Valid] [38/90] | Loss: 0.4113 | Val Acc: 86.62%
2026-03-21 00:16:48,469 - INFO - [Metrics for 'Normal'] | Precision: 0.8677 | Recall: 0.8811 | F1: 0.8743
2026-03-21 00:16:48,469 - INFO - [Metrics for 'Defect'] | Precision: 0.8646 | Recall: 0.8496 | F1: 0.8570
2026-03-21 00:16:48,526 - INFO - --------------------------------------------------
2026-03-21 00:16:48,526 - INFO - [LR]    [39/90] | Learning Rate: 0.000754
2026-03-21 00:24:08,547 - INFO - [Train] [39/90] | Loss: 0.4387 | Train Acc: 85.48%
2026-03-21 00:24:47,313 - INFO - [Valid] [39/90] | Loss: 0.4112 | Val Acc: 86.65%
2026-03-21 00:24:47,457 - INFO - [Metrics for 'Normal'] | Precision: 0.8801 | Recall: 0.8650 | F1: 0.8725
2026-03-21 00:24:47,457 - INFO - [Metrics for 'Defect'] | Precision: 0.8517 | Recall: 0.8681 | F1: 0.8599
2026-03-21 00:24:47,502 - INFO - --------------------------------------------------
2026-03-21 00:24:47,503 - INFO - [LR]    [40/90] | Learning Rate: 0.000738
2026-03-21 00:32:05,925 - INFO - [Train] [40/90] | Loss: 0.4384 | Train Acc: 85.49%
2026-03-21 00:32:44,901 - INFO - [Valid] [40/90] | Loss: 0.4116 | Val Acc: 86.70%
2026-03-21 00:32:45,077 - INFO - [Metrics for 'Normal'] | Precision: 0.8758 | Recall: 0.8717 | F1: 0.8738
2026-03-21 00:32:45,077 - INFO - [Metrics for 'Defect'] | Precision: 0.8572 | Recall: 0.8617 | F1: 0.8594
2026-03-21 00:32:45,135 - INFO - --------------------------------------------------
2026-03-21 00:32:45,135 - INFO - [LR]    [41/90] | Learning Rate: 0.000722
2026-03-21 00:40:02,327 - INFO - [Train] [41/90] | Loss: 0.4378 | Train Acc: 85.53%
2026-03-21 00:40:41,488 - INFO - [Valid] [41/90] | Loss: 0.4120 | Val Acc: 86.73%
2026-03-21 00:40:41,654 - INFO - [Metrics for 'Normal'] | Precision: 0.8706 | Recall: 0.8794 | F1: 0.8750
2026-03-21 00:40:41,654 - INFO - [Metrics for 'Defect'] | Precision: 0.8635 | Recall: 0.8537 | F1: 0.8586
2026-03-21 00:40:41,712 - INFO - --------------------------------------------------
2026-03-21 00:40:41,713 - INFO - [LR]    [42/90] | Learning Rate: 0.000706
2026-03-21 00:47:59,068 - INFO - [Train] [42/90] | Loss: 0.4376 | Train Acc: 85.55%
2026-03-21 00:48:38,255 - INFO - [Valid] [42/90] | Loss: 0.4107 | Val Acc: 86.66%
2026-03-21 00:48:38,397 - INFO - [Metrics for 'Normal'] | Precision: 0.8790 | Recall: 0.8667 | F1: 0.8728
2026-03-21 00:48:38,398 - INFO - [Metrics for 'Defect'] | Precision: 0.8532 | Recall: 0.8665 | F1: 0.8598
2026-03-21 00:48:38,449 - INFO - [Best Model Saved] (val loss: 0.4107) -> 'log/Sewer_ML_params/baseline_xie2019_fpgm_20260320_191106/best_model.pth'
2026-03-21 00:48:38,449 - INFO - --------------------------------------------------
2026-03-21 00:48:38,450 - INFO - [LR]    [43/90] | Learning Rate: 0.000689
2026-03-21 00:55:57,630 - INFO - [Train] [43/90] | Loss: 0.4373 | Train Acc: 85.57%
2026-03-21 00:56:36,055 - INFO - [Valid] [43/90] | Loss: 0.4137 | Val Acc: 86.53%
2026-03-21 00:56:36,200 - INFO - [Metrics for 'Normal'] | Precision: 0.8905 | Recall: 0.8494 | F1: 0.8695
2026-03-21 00:56:36,200 - INFO - [Metrics for 'Defect'] | Precision: 0.8398 | Recall: 0.8831 | F1: 0.8609
2026-03-21 00:56:36,246 - INFO - --------------------------------------------------
2026-03-21 00:56:36,246 - INFO - [LR]    [44/90] | Learning Rate: 0.000672
2026-03-21 01:03:56,867 - INFO - [Train] [44/90] | Loss: 0.4364 | Train Acc: 85.61%
2026-03-21 01:04:35,909 - INFO - [Valid] [44/90] | Loss: 0.4097 | Val Acc: 86.80%
2026-03-21 01:04:36,043 - INFO - [Metrics for 'Normal'] | Precision: 0.8784 | Recall: 0.8707 | F1: 0.8745
2026-03-21 01:04:36,043 - INFO - [Metrics for 'Defect'] | Precision: 0.8567 | Recall: 0.8651 | F1: 0.8609
2026-03-21 01:04:36,090 - INFO - [Best Model Saved] (val loss: 0.4097) -> 'log/Sewer_ML_params/baseline_xie2019_fpgm_20260320_191106/best_model.pth'
2026-03-21 01:04:36,090 - INFO - --------------------------------------------------
2026-03-21 01:04:36,090 - INFO - [LR]    [45/90] | Learning Rate: 0.000655
2026-03-21 01:11:56,652 - INFO - [Train] [45/90] | Loss: 0.4362 | Train Acc: 85.63%
2026-03-21 01:12:35,642 - INFO - [Valid] [45/90] | Loss: 0.4110 | Val Acc: 86.64%
2026-03-21 01:12:35,785 - INFO - [Metrics for 'Normal'] | Precision: 0.8579 | Recall: 0.8953 | F1: 0.8762
2026-03-21 01:12:35,785 - INFO - [Metrics for 'Defect'] | Precision: 0.8768 | Recall: 0.8340 | F1: 0.8549
2026-03-21 01:12:35,831 - INFO - --------------------------------------------------
2026-03-21 01:12:35,831 - INFO - [LR]    [46/90] | Learning Rate: 0.000638
2026-03-21 01:19:55,909 - INFO - [Train] [46/90] | Loss: 0.4361 | Train Acc: 85.64%
2026-03-21 01:20:34,934 - INFO - [Valid] [46/90] | Loss: 0.4099 | Val Acc: 86.67%
2026-03-21 01:20:35,077 - INFO - [Metrics for 'Normal'] | Precision: 0.8620 | Recall: 0.8902 | F1: 0.8759
2026-03-21 01:20:35,077 - INFO - [Metrics for 'Defect'] | Precision: 0.8724 | Recall: 0.8405 | F1: 0.8562
2026-03-21 01:20:35,123 - INFO - --------------------------------------------------
2026-03-21 01:20:35,123 - INFO - [LR]    [47/90] | Learning Rate: 0.000620
2026-03-21 01:27:52,589 - INFO - [Train] [47/90] | Loss: 0.4356 | Train Acc: 85.66%
2026-03-21 01:28:31,324 - INFO - [Valid] [47/90] | Loss: 0.4069 | Val Acc: 86.97%
2026-03-21 01:28:31,457 - INFO - [Metrics for 'Normal'] | Precision: 0.8851 | Recall: 0.8657 | F1: 0.8753
2026-03-21 01:28:31,457 - INFO - [Metrics for 'Defect'] | Precision: 0.8533 | Recall: 0.8742 | F1: 0.8636
2026-03-21 01:28:31,504 - INFO - [Best Model Saved] (val loss: 0.4069) -> 'log/Sewer_ML_params/baseline_xie2019_fpgm_20260320_191106/best_model.pth'
2026-03-21 01:28:31,504 - INFO - --------------------------------------------------
2026-03-21 01:28:31,504 - INFO - [LR]    [48/90] | Learning Rate: 0.000603
2026-03-21 01:35:51,494 - INFO - [Train] [48/90] | Loss: 0.4347 | Train Acc: 85.72%
2026-03-21 01:36:30,786 - INFO - [Valid] [48/90] | Loss: 0.4074 | Val Acc: 86.95%
2026-03-21 01:36:30,962 - INFO - [Metrics for 'Normal'] | Precision: 0.8774 | Recall: 0.8751 | F1: 0.8763
2026-03-21 01:36:30,962 - INFO - [Metrics for 'Defect'] | Precision: 0.8606 | Recall: 0.8632 | F1: 0.8619
2026-03-21 01:36:31,020 - INFO - --------------------------------------------------
2026-03-21 01:36:31,020 - INFO - [LR]    [49/90] | Learning Rate: 0.000585
2026-03-21 01:43:47,828 - INFO - [Train] [49/90] | Loss: 0.4352 | Train Acc: 85.71%
2026-03-21 01:44:27,376 - INFO - [Valid] [49/90] | Loss: 0.4159 | Val Acc: 86.61%
2026-03-21 01:44:27,544 - INFO - [Metrics for 'Normal'] | Precision: 0.8582 | Recall: 0.8942 | F1: 0.8758
2026-03-21 01:44:27,544 - INFO - [Metrics for 'Defect'] | Precision: 0.8758 | Recall: 0.8347 | F1: 0.8547
2026-03-21 01:44:27,590 - INFO - --------------------------------------------------
2026-03-21 01:44:27,590 - INFO - [LR]    [50/90] | Learning Rate: 0.000568
2026-03-21 01:51:47,139 - INFO - [Train] [50/90] | Loss: 0.4342 | Train Acc: 85.75%
2026-03-21 01:52:26,325 - INFO - [Valid] [50/90] | Loss: 0.4087 | Val Acc: 86.89%
2026-03-21 01:52:26,494 - INFO - [Metrics for 'Normal'] | Precision: 0.8727 | Recall: 0.8801 | F1: 0.8764
2026-03-21 01:52:26,494 - INFO - [Metrics for 'Defect'] | Precision: 0.8645 | Recall: 0.8564 | F1: 0.8604
2026-03-21 01:52:26,553 - INFO - --------------------------------------------------
2026-03-21 01:52:26,553 - INFO - [LR]    [51/90] | Learning Rate: 0.000550
2026-03-21 01:59:44,856 - INFO - [Train] [51/90] | Loss: 0.4344 | Train Acc: 85.72%
2026-03-21 02:00:23,840 - INFO - [Valid] [51/90] | Loss: 0.4081 | Val Acc: 86.83%
2026-03-21 02:00:23,974 - INFO - [Metrics for 'Normal'] | Precision: 0.8686 | Recall: 0.8843 | F1: 0.8764
2026-03-21 02:00:23,975 - INFO - [Metrics for 'Defect'] | Precision: 0.8678 | Recall: 0.8503 | F1: 0.8590
2026-03-21 02:00:24,020 - INFO - --------------------------------------------------
2026-03-21 02:00:24,020 - INFO - [LR]    [52/90] | Learning Rate: 0.000532
2026-03-21 02:07:41,078 - INFO - [Train] [52/90] | Loss: 0.4337 | Train Acc: 85.80%
2026-03-21 02:08:19,909 - INFO - [Valid] [52/90] | Loss: 0.4075 | Val Acc: 86.93%
2026-03-21 02:08:20,089 - INFO - [Metrics for 'Normal'] | Precision: 0.8839 | Recall: 0.8662 | F1: 0.8750
2026-03-21 02:08:20,089 - INFO - [Metrics for 'Defect'] | Precision: 0.8535 | Recall: 0.8727 | F1: 0.8630
2026-03-21 02:08:20,148 - INFO - --------------------------------------------------
2026-03-21 02:08:20,148 - INFO - [LR]    [53/90] | Learning Rate: 0.000515
2026-03-21 02:15:37,747 - INFO - [Train] [53/90] | Loss: 0.4338 | Train Acc: 85.79%
2026-03-21 02:16:16,801 - INFO - [Valid] [53/90] | Loss: 0.4087 | Val Acc: 86.87%
2026-03-21 02:16:16,945 - INFO - [Metrics for 'Normal'] | Precision: 0.8659 | Recall: 0.8890 | F1: 0.8773
2026-03-21 02:16:16,945 - INFO - [Metrics for 'Defect'] | Precision: 0.8720 | Recall: 0.8459 | F1: 0.8587
2026-03-21 02:16:16,991 - INFO - --------------------------------------------------
2026-03-21 02:16:16,991 - INFO - [LR]    [54/90] | Learning Rate: 0.000497
2026-03-21 02:23:33,411 - INFO - [Train] [54/90] | Loss: 0.4335 | Train Acc: 85.81%
2026-03-21 02:24:12,535 - INFO - [Valid] [54/90] | Loss: 0.4056 | Val Acc: 87.04%
2026-03-21 02:24:12,680 - INFO - [Metrics for 'Normal'] | Precision: 0.8760 | Recall: 0.8789 | F1: 0.8775
2026-03-21 02:24:12,680 - INFO - [Metrics for 'Defect'] | Precision: 0.8640 | Recall: 0.8608 | F1: 0.8624
2026-03-21 02:24:12,727 - INFO - [Best Model Saved] (val loss: 0.4056) -> 'log/Sewer_ML_params/baseline_xie2019_fpgm_20260320_191106/best_model.pth'
2026-03-21 02:24:12,727 - INFO - --------------------------------------------------
2026-03-21 02:24:12,727 - INFO - [LR]    [55/90] | Learning Rate: 0.000480
2026-03-21 02:31:30,691 - INFO - [Train] [55/90] | Loss: 0.4325 | Train Acc: 85.91%
2026-03-21 02:32:09,687 - INFO - [Valid] [55/90] | Loss: 0.4078 | Val Acc: 86.91%
2026-03-21 02:32:09,832 - INFO - [Metrics for 'Normal'] | Precision: 0.8881 | Recall: 0.8607 | F1: 0.8742
2026-03-21 02:32:09,832 - INFO - [Metrics for 'Defect'] | Precision: 0.8493 | Recall: 0.8786 | F1: 0.8637
2026-03-21 02:32:09,878 - INFO - --------------------------------------------------
2026-03-21 02:32:09,878 - INFO - [LR]    [56/90] | Learning Rate: 0.000462
2026-03-21 02:39:28,427 - INFO - [Train] [56/90] | Loss: 0.4325 | Train Acc: 85.89%
2026-03-21 02:40:07,220 - INFO - [Valid] [56/90] | Loss: 0.4064 | Val Acc: 87.03%
2026-03-21 02:40:07,365 - INFO - [Metrics for 'Normal'] | Precision: 0.8818 | Recall: 0.8712 | F1: 0.8765
2026-03-21 02:40:07,365 - INFO - [Metrics for 'Defect'] | Precision: 0.8577 | Recall: 0.8693 | F1: 0.8635
2026-03-21 02:40:07,411 - INFO - --------------------------------------------------
2026-03-21 02:40:07,411 - INFO - [LR]    [57/90] | Learning Rate: 0.000445
2026-03-21 02:47:27,531 - INFO - [Train] [57/90] | Loss: 0.4323 | Train Acc: 85.94%
2026-03-21 02:48:06,362 - INFO - [Valid] [57/90] | Loss: 0.4067 | Val Acc: 87.07%
2026-03-21 02:48:06,497 - INFO - [Metrics for 'Normal'] | Precision: 0.8911 | Recall: 0.8603 | F1: 0.8754
2026-03-21 02:48:06,498 - INFO - [Metrics for 'Defect'] | Precision: 0.8495 | Recall: 0.8824 | F1: 0.8656
2026-03-21 02:48:06,545 - INFO - --------------------------------------------------
2026-03-21 02:48:06,545 - INFO - [LR]    [58/90] | Learning Rate: 0.000428
2026-03-21 02:55:24,916 - INFO - [Train] [58/90] | Loss: 0.4318 | Train Acc: 85.90%
2026-03-21 02:56:03,725 - INFO - [Valid] [58/90] | Loss: 0.4073 | Val Acc: 86.89%
2026-03-21 02:56:03,860 - INFO - [Metrics for 'Normal'] | Precision: 0.8650 | Recall: 0.8908 | F1: 0.8777
2026-03-21 02:56:03,860 - INFO - [Metrics for 'Defect'] | Precision: 0.8736 | Recall: 0.8444 | F1: 0.8588
2026-03-21 02:56:03,906 - INFO - --------------------------------------------------
2026-03-21 02:56:03,906 - INFO - [LR]    [59/90] | Learning Rate: 0.000411
2026-03-21 03:03:22,622 - INFO - [Train] [59/90] | Loss: 0.4315 | Train Acc: 85.96%
2026-03-21 03:04:01,458 - INFO - [Valid] [59/90] | Loss: 0.4048 | Val Acc: 87.08%
2026-03-21 03:04:01,637 - INFO - [Metrics for 'Normal'] | Precision: 0.8843 | Recall: 0.8690 | F1: 0.8766
2026-03-21 03:04:01,637 - INFO - [Metrics for 'Defect'] | Precision: 0.8562 | Recall: 0.8728 | F1: 0.8644
2026-03-21 03:04:01,696 - INFO - [Best Model Saved] (val loss: 0.4048) -> 'log/Sewer_ML_params/baseline_xie2019_fpgm_20260320_191106/best_model.pth'
2026-03-21 03:04:01,696 - INFO - --------------------------------------------------
2026-03-21 03:04:01,696 - INFO - [LR]    [60/90] | Learning Rate: 0.000394
2026-03-21 03:11:18,102 - INFO - [Train] [60/90] | Loss: 0.4309 | Train Acc: 86.01%
2026-03-21 03:11:58,439 - INFO - [Valid] [60/90] | Loss: 0.4101 | Val Acc: 86.73%
2026-03-21 03:11:58,591 - INFO - [Metrics for 'Normal'] | Precision: 0.8541 | Recall: 0.9030 | F1: 0.8779
2026-03-21 03:11:58,591 - INFO - [Metrics for 'Defect'] | Precision: 0.8840 | Recall: 0.8274 | F1: 0.8548
2026-03-21 03:11:58,638 - INFO - --------------------------------------------------
2026-03-21 03:11:58,638 - INFO - [LR]    [61/90] | Learning Rate: 0.000378
2026-03-21 03:19:16,825 - INFO - [Train] [61/90] | Loss: 0.4309 | Train Acc: 85.97%
2026-03-21 03:19:56,290 - INFO - [Valid] [61/90] | Loss: 0.4066 | Val Acc: 86.99%
2026-03-21 03:19:56,436 - INFO - [Metrics for 'Normal'] | Precision: 0.8709 | Recall: 0.8848 | F1: 0.8778
2026-03-21 03:19:56,436 - INFO - [Metrics for 'Defect'] | Precision: 0.8687 | Recall: 0.8532 | F1: 0.8609
2026-03-21 03:19:56,482 - INFO - --------------------------------------------------
2026-03-21 03:19:56,482 - INFO - [LR]    [62/90] | Learning Rate: 0.000362
2026-03-21 03:27:16,340 - INFO - [Train] [62/90] | Loss: 0.4307 | Train Acc: 85.99%
2026-03-21 03:27:55,426 - INFO - [Valid] [62/90] | Loss: 0.4052 | Val Acc: 87.12%
2026-03-21 03:27:55,571 - INFO - [Metrics for 'Normal'] | Precision: 0.8779 | Recall: 0.8782 | F1: 0.8781
2026-03-21 03:27:55,571 - INFO - [Metrics for 'Defect'] | Precision: 0.8637 | Recall: 0.8633 | F1: 0.8635
2026-03-21 03:27:55,617 - INFO - --------------------------------------------------
2026-03-21 03:27:55,617 - INFO - [LR]    [63/90] | Learning Rate: 0.000346
2026-03-21 03:35:12,383 - INFO - [Train] [63/90] | Loss: 0.4297 | Train Acc: 86.04%
2026-03-21 03:35:51,474 - INFO - [Valid] [63/90] | Loss: 0.4056 | Val Acc: 87.13%
2026-03-21 03:35:51,610 - INFO - [Metrics for 'Normal'] | Precision: 0.8729 | Recall: 0.8852 | F1: 0.8790
2026-03-21 03:35:51,610 - INFO - [Metrics for 'Defect'] | Precision: 0.8695 | Recall: 0.8557 | F1: 0.8625
2026-03-21 03:35:51,657 - INFO - --------------------------------------------------
2026-03-21 03:35:51,657 - INFO - [LR]    [64/90] | Learning Rate: 0.000330
2026-03-21 03:43:09,847 - INFO - [Train] [64/90] | Loss: 0.4297 | Train Acc: 86.08%
2026-03-21 03:43:48,943 - INFO - [Valid] [64/90] | Loss: 0.4064 | Val Acc: 86.97%
2026-03-21 03:43:49,091 - INFO - [Metrics for 'Normal'] | Precision: 0.8684 | Recall: 0.8877 | F1: 0.8780
2026-03-21 03:43:49,092 - INFO - [Metrics for 'Defect'] | Precision: 0.8711 | Recall: 0.8495 | F1: 0.8602
2026-03-21 03:43:49,139 - INFO - --------------------------------------------------
2026-03-21 03:43:49,139 - INFO - [LR]    [65/90] | Learning Rate: 0.000315
2026-03-21 03:51:05,678 - INFO - [Train] [65/90] | Loss: 0.4300 | Train Acc: 86.04%
2026-03-21 03:51:44,992 - INFO - [Valid] [65/90] | Loss: 0.4057 | Val Acc: 87.04%
2026-03-21 03:51:45,139 - INFO - [Metrics for 'Normal'] | Precision: 0.8686 | Recall: 0.8891 | F1: 0.8787
2026-03-21 03:51:45,139 - INFO - [Metrics for 'Defect'] | Precision: 0.8725 | Recall: 0.8495 | F1: 0.8608
2026-03-21 03:51:45,186 - INFO - --------------------------------------------------
2026-03-21 03:51:45,186 - INFO - [LR]    [66/90] | Learning Rate: 0.000300
2026-03-21 03:59:05,430 - INFO - [Train] [66/90] | Loss: 0.4295 | Train Acc: 86.07%
2026-03-21 03:59:44,714 - INFO - [Valid] [66/90] | Loss: 0.4042 | Val Acc: 87.17%
2026-03-21 03:59:44,859 - INFO - [Metrics for 'Normal'] | Precision: 0.8796 | Recall: 0.8770 | F1: 0.8783
2026-03-21 03:59:44,859 - INFO - [Metrics for 'Defect'] | Precision: 0.8628 | Recall: 0.8657 | F1: 0.8643
2026-03-21 03:59:44,906 - INFO - [Best Model Saved] (val loss: 0.4042) -> 'log/Sewer_ML_params/baseline_xie2019_fpgm_20260320_191106/best_model.pth'
2026-03-21 03:59:44,906 - INFO - --------------------------------------------------
2026-03-21 03:59:44,906 - INFO - [LR]    [67/90] | Learning Rate: 0.000285
2026-03-21 04:07:01,208 - INFO - [Train] [67/90] | Loss: 0.4291 | Train Acc: 86.12%
2026-03-21 04:07:40,515 - INFO - [Valid] [67/90] | Loss: 0.4042 | Val Acc: 87.19%
2026-03-21 04:07:40,687 - INFO - [Metrics for 'Normal'] | Precision: 0.8894 | Recall: 0.8650 | F1: 0.8770
2026-03-21 04:07:40,687 - INFO - [Metrics for 'Defect'] | Precision: 0.8534 | Recall: 0.8797 | F1: 0.8663
2026-03-21 04:07:40,747 - INFO - --------------------------------------------------
2026-03-21 04:07:40,748 - INFO - [LR]    [68/90] | Learning Rate: 0.000271
2026-03-21 04:15:00,579 - INFO - [Train] [68/90] | Loss: 0.4286 | Train Acc: 86.12%
2026-03-21 04:15:39,676 - INFO - [Valid] [68/90] | Loss: 0.4052 | Val Acc: 87.01%
2026-03-21 04:15:39,812 - INFO - [Metrics for 'Normal'] | Precision: 0.8746 | Recall: 0.8803 | F1: 0.8774
2026-03-21 04:15:39,813 - INFO - [Metrics for 'Defect'] | Precision: 0.8651 | Recall: 0.8587 | F1: 0.8619
2026-03-21 04:15:39,859 - INFO - --------------------------------------------------
2026-03-21 04:15:39,859 - INFO - [LR]    [69/90] | Learning Rate: 0.000258
2026-03-21 04:22:58,833 - INFO - [Train] [69/90] | Loss: 0.4284 | Train Acc: 86.14%
2026-03-21 04:23:38,327 - INFO - [Valid] [69/90] | Loss: 0.4031 | Val Acc: 87.21%
2026-03-21 04:23:38,466 - INFO - [Metrics for 'Normal'] | Precision: 0.8795 | Recall: 0.8781 | F1: 0.8788
2026-03-21 04:23:38,466 - INFO - [Metrics for 'Defect'] | Precision: 0.8638 | Recall: 0.8654 | F1: 0.8646
2026-03-21 04:23:38,516 - INFO - [Best Model Saved] (val loss: 0.4031) -> 'log/Sewer_ML_params/baseline_xie2019_fpgm_20260320_191106/best_model.pth'
2026-03-21 04:23:38,516 - INFO - --------------------------------------------------
2026-03-21 04:23:38,516 - INFO - [LR]    [70/90] | Learning Rate: 0.000245
2026-03-21 04:30:55,328 - INFO - [Train] [70/90] | Loss: 0.4284 | Train Acc: 86.12%
2026-03-21 04:31:33,974 - INFO - [Valid] [70/90] | Loss: 0.4030 | Val Acc: 87.23%
2026-03-21 04:31:34,145 - INFO - [Metrics for 'Normal'] | Precision: 0.8821 | Recall: 0.8752 | F1: 0.8786
2026-03-21 04:31:34,145 - INFO - [Metrics for 'Defect'] | Precision: 0.8615 | Recall: 0.8690 | F1: 0.8652
2026-03-21 04:31:34,204 - INFO - [Best Model Saved] (val loss: 0.4030) -> 'log/Sewer_ML_params/baseline_xie2019_fpgm_20260320_191106/best_model.pth'
2026-03-21 04:31:34,205 - INFO - --------------------------------------------------
2026-03-21 04:31:34,205 - INFO - [LR]    [71/90] | Learning Rate: 0.000232
2026-03-21 04:38:54,037 - INFO - [Train] [71/90] | Loss: 0.4279 | Train Acc: 86.17%
2026-03-21 04:39:33,058 - INFO - [Valid] [71/90] | Loss: 0.4031 | Val Acc: 87.23%
2026-03-21 04:39:33,240 - INFO - [Metrics for 'Normal'] | Precision: 0.8886 | Recall: 0.8670 | F1: 0.8777
2026-03-21 04:39:33,240 - INFO - [Metrics for 'Defect'] | Precision: 0.8551 | Recall: 0.8784 | F1: 0.8666
2026-03-21 04:39:33,299 - INFO - --------------------------------------------------
2026-03-21 04:39:33,299 - INFO - [LR]    [72/90] | Learning Rate: 0.000220
2026-03-21 04:46:49,265 - INFO - [Train] [72/90] | Loss: 0.4279 | Train Acc: 86.17%
2026-03-21 04:47:28,254 - INFO - [Valid] [72/90] | Loss: 0.4022 | Val Acc: 87.26%
2026-03-21 04:47:28,433 - INFO - [Metrics for 'Normal'] | Precision: 0.8776 | Recall: 0.8817 | F1: 0.8796
2026-03-21 04:47:28,433 - INFO - [Metrics for 'Defect'] | Precision: 0.8669 | Recall: 0.8624 | F1: 0.8646
2026-03-21 04:47:28,497 - INFO - [Best Model Saved] (val loss: 0.4022) -> 'log/Sewer_ML_params/baseline_xie2019_fpgm_20260320_191106/best_model.pth'
2026-03-21 04:47:28,497 - INFO - --------------------------------------------------
2026-03-21 04:47:28,497 - INFO - [LR]    [73/90] | Learning Rate: 0.000208
2026-03-21 04:54:47,519 - INFO - [Train] [73/90] | Loss: 0.4275 | Train Acc: 86.20%
2026-03-21 04:55:26,306 - INFO - [Valid] [73/90] | Loss: 0.4030 | Val Acc: 87.20%
2026-03-21 04:55:26,442 - INFO - [Metrics for 'Normal'] | Precision: 0.8800 | Recall: 0.8772 | F1: 0.8786
2026-03-21 04:55:26,442 - INFO - [Metrics for 'Defect'] | Precision: 0.8630 | Recall: 0.8662 | F1: 0.8646
2026-03-21 04:55:26,489 - INFO - --------------------------------------------------
2026-03-21 04:55:26,489 - INFO - [LR]    [74/90] | Learning Rate: 0.000197
2026-03-21 05:02:43,304 - INFO - [Train] [74/90] | Loss: 0.4270 | Train Acc: 86.24%
2026-03-21 05:03:22,296 - INFO - [Valid] [74/90] | Loss: 0.4034 | Val Acc: 87.20%
2026-03-21 05:03:22,441 - INFO - [Metrics for 'Normal'] | Precision: 0.8731 | Recall: 0.8866 | F1: 0.8798
2026-03-21 05:03:22,441 - INFO - [Metrics for 'Defect'] | Precision: 0.8708 | Recall: 0.8557 | F1: 0.8632
2026-03-21 05:03:22,487 - INFO - --------------------------------------------------
2026-03-21 05:03:22,487 - INFO - [LR]    [75/90] | Learning Rate: 0.000186
2026-03-21 05:10:41,886 - INFO - [Train] [75/90] | Loss: 0.4268 | Train Acc: 86.25%
2026-03-21 05:11:21,086 - INFO - [Valid] [75/90] | Loss: 0.4046 | Val Acc: 87.19%
2026-03-21 05:11:21,232 - INFO - [Metrics for 'Normal'] | Precision: 0.8706 | Recall: 0.8896 | F1: 0.8800
2026-03-21 05:11:21,232 - INFO - [Metrics for 'Defect'] | Precision: 0.8733 | Recall: 0.8520 | F1: 0.8626
2026-03-21 05:11:21,279 - INFO - --------------------------------------------------
2026-03-21 05:11:21,280 - INFO - [LR]    [76/90] | Learning Rate: 0.000176
2026-03-21 05:18:42,821 - INFO - [Train] [76/90] | Loss: 0.4270 | Train Acc: 86.24%
2026-03-21 05:19:22,420 - INFO - [Valid] [76/90] | Loss: 0.4020 | Val Acc: 87.25%
2026-03-21 05:19:22,590 - INFO - [Metrics for 'Normal'] | Precision: 0.8805 | Recall: 0.8776 | F1: 0.8791
2026-03-21 05:19:22,590 - INFO - [Metrics for 'Defect'] | Precision: 0.8635 | Recall: 0.8667 | F1: 0.8651
2026-03-21 05:19:22,649 - INFO - [Best Model Saved] (val loss: 0.4020) -> 'log/Sewer_ML_params/baseline_xie2019_fpgm_20260320_191106/best_model.pth'
2026-03-21 05:19:22,649 - INFO - --------------------------------------------------
2026-03-21 05:19:22,650 - INFO - [LR]    [77/90] | Learning Rate: 0.000166
2026-03-21 05:26:40,764 - INFO - [Train] [77/90] | Loss: 0.4268 | Train Acc: 86.25%
2026-03-21 05:27:19,246 - INFO - [Valid] [77/90] | Loss: 0.4041 | Val Acc: 87.17%
2026-03-21 05:27:19,392 - INFO - [Metrics for 'Normal'] | Precision: 0.8750 | Recall: 0.8833 | F1: 0.8791
2026-03-21 05:27:19,393 - INFO - [Metrics for 'Defect'] | Precision: 0.8679 | Recall: 0.8587 | F1: 0.8633
2026-03-21 05:27:19,439 - INFO - --------------------------------------------------
2026-03-21 05:27:19,439 - INFO - [LR]    [78/90] | Learning Rate: 0.000157
2026-03-21 05:34:36,881 - INFO - [Train] [78/90] | Loss: 0.4265 | Train Acc: 86.29%
2026-03-21 05:35:15,901 - INFO - [Valid] [78/90] | Loss: 0.4031 | Val Acc: 87.21%
2026-03-21 05:35:16,039 - INFO - [Metrics for 'Normal'] | Precision: 0.8720 | Recall: 0.8883 | F1: 0.8801
2026-03-21 05:35:16,039 - INFO - [Metrics for 'Defect'] | Precision: 0.8723 | Recall: 0.8541 | F1: 0.8631
2026-03-21 05:35:16,086 - INFO - --------------------------------------------------
2026-03-21 05:35:16,086 - INFO - [LR]    [79/90] | Learning Rate: 0.000149
2026-03-21 05:42:35,580 - INFO - [Train] [79/90] | Loss: 0.4261 | Train Acc: 86.28%
2026-03-21 05:43:14,545 - INFO - [Valid] [79/90] | Loss: 0.4027 | Val Acc: 87.28%
2026-03-21 05:43:14,683 - INFO - [Metrics for 'Normal'] | Precision: 0.8790 | Recall: 0.8803 | F1: 0.8797
2026-03-21 05:43:14,683 - INFO - [Metrics for 'Defect'] | Precision: 0.8658 | Recall: 0.8644 | F1: 0.8651
2026-03-21 05:43:14,729 - INFO - --------------------------------------------------
2026-03-21 05:43:14,730 - INFO - [LR]    [80/90] | Learning Rate: 0.000141
2026-03-21 05:50:31,931 - INFO - [Train] [80/90] | Loss: 0.4262 | Train Acc: 86.27%
2026-03-21 05:51:10,835 - INFO - [Valid] [80/90] | Loss: 0.4030 | Val Acc: 87.27%
2026-03-21 05:51:10,981 - INFO - [Metrics for 'Normal'] | Precision: 0.8754 | Recall: 0.8849 | F1: 0.8801
2026-03-21 05:51:10,981 - INFO - [Metrics for 'Defect'] | Precision: 0.8696 | Recall: 0.8590 | F1: 0.8643
2026-03-21 05:51:11,028 - INFO - --------------------------------------------------
2026-03-21 05:51:11,028 - INFO - [LR]    [81/90] | Learning Rate: 0.000134
2026-03-21 05:58:31,457 - INFO - [Train] [81/90] | Loss: 0.4258 | Train Acc: 86.33%
2026-03-21 05:59:10,737 - INFO - [Valid] [81/90] | Loss: 0.4020 | Val Acc: 87.25%
2026-03-21 05:59:10,884 - INFO - [Metrics for 'Normal'] | Precision: 0.8757 | Recall: 0.8840 | F1: 0.8798
2026-03-21 05:59:10,884 - INFO - [Metrics for 'Defect'] | Precision: 0.8688 | Recall: 0.8595 | F1: 0.8641
2026-03-21 05:59:10,931 - INFO - [Best Model Saved] (val loss: 0.4020) -> 'log/Sewer_ML_params/baseline_xie2019_fpgm_20260320_191106/best_model.pth'
2026-03-21 05:59:10,931 - INFO - --------------------------------------------------
2026-03-21 05:59:10,932 - INFO - [LR]    [82/90] | Learning Rate: 0.000128
2026-03-21 06:06:30,177 - INFO - [Train] [82/90] | Loss: 0.4256 | Train Acc: 86.34%
2026-03-21 06:07:09,897 - INFO - [Valid] [82/90] | Loss: 0.4028 | Val Acc: 87.29%
2026-03-21 06:07:10,067 - INFO - [Metrics for 'Normal'] | Precision: 0.8873 | Recall: 0.8697 | F1: 0.8784
2026-03-21 06:07:10,067 - INFO - [Metrics for 'Defect'] | Precision: 0.8573 | Recall: 0.8764 | F1: 0.8668
2026-03-21 06:07:10,126 - INFO - --------------------------------------------------
2026-03-21 06:07:10,127 - INFO - [LR]    [83/90] | Learning Rate: 0.000122
2026-03-21 06:14:28,424 - INFO - [Train] [83/90] | Loss: 0.4254 | Train Acc: 86.36%
2026-03-21 06:15:07,407 - INFO - [Valid] [83/90] | Loss: 0.4018 | Val Acc: 87.27%
2026-03-21 06:15:07,546 - INFO - [Metrics for 'Normal'] | Precision: 0.8798 | Recall: 0.8791 | F1: 0.8795
2026-03-21 06:15:07,546 - INFO - [Metrics for 'Defect'] | Precision: 0.8648 | Recall: 0.8656 | F1: 0.8652
2026-03-21 06:15:07,594 - INFO - [Best Model Saved] (val loss: 0.4018) -> 'log/Sewer_ML_params/baseline_xie2019_fpgm_20260320_191106/best_model.pth'
2026-03-21 06:15:07,595 - INFO - --------------------------------------------------
2026-03-21 06:15:07,595 - INFO - [LR]    [84/90] | Learning Rate: 0.000117
2026-03-21 06:22:27,505 - INFO - [Train] [84/90] | Loss: 0.4254 | Train Acc: 86.38%
2026-03-21 06:23:06,816 - INFO - [Valid] [84/90] | Loss: 0.4020 | Val Acc: 87.27%
2026-03-21 06:23:06,989 - INFO - [Metrics for 'Normal'] | Precision: 0.8816 | Recall: 0.8767 | F1: 0.8792
2026-03-21 06:23:06,989 - INFO - [Metrics for 'Defect'] | Precision: 0.8629 | Recall: 0.8682 | F1: 0.8656
2026-03-21 06:23:07,048 - INFO - --------------------------------------------------
2026-03-21 06:23:07,049 - INFO - [LR]    [85/90] | Learning Rate: 0.000112
2026-03-21 06:30:25,461 - INFO - [Train] [85/90] | Loss: 0.4256 | Train Acc: 86.32%
2026-03-21 06:31:04,402 - INFO - [Valid] [85/90] | Loss: 0.4029 | Val Acc: 87.30%
2026-03-21 06:31:04,550 - INFO - [Metrics for 'Normal'] | Precision: 0.8787 | Recall: 0.8811 | F1: 0.8799
2026-03-21 06:31:04,550 - INFO - [Metrics for 'Defect'] | Precision: 0.8665 | Recall: 0.8639 | F1: 0.8652
2026-03-21 06:31:04,597 - INFO - --------------------------------------------------
2026-03-21 06:31:04,597 - INFO - [LR]    [86/90] | Learning Rate: 0.000109
2026-03-21 06:38:22,736 - INFO - [Train] [86/90] | Loss: 0.4255 | Train Acc: 86.29%
2026-03-21 06:39:02,048 - INFO - [Valid] [86/90] | Loss: 0.4021 | Val Acc: 87.25%
2026-03-21 06:39:02,193 - INFO - [Metrics for 'Normal'] | Precision: 0.8886 | Recall: 0.8672 | F1: 0.8778
2026-03-21 06:39:02,193 - INFO - [Metrics for 'Defect'] | Precision: 0.8553 | Recall: 0.8783 | F1: 0.8667
2026-03-21 06:39:02,240 - INFO - --------------------------------------------------
2026-03-21 06:39:02,240 - INFO - [LR]    [87/90] | Learning Rate: 0.000106
2026-03-21 06:46:21,682 - INFO - [Train] [87/90] | Loss: 0.4251 | Train Acc: 86.36%
2026-03-21 06:47:00,917 - INFO - [Valid] [87/90] | Loss: 0.4015 | Val Acc: 87.31%
2026-03-21 06:47:01,064 - INFO - [Metrics for 'Normal'] | Precision: 0.8784 | Recall: 0.8819 | F1: 0.8801
2026-03-21 06:47:01,064 - INFO - [Metrics for 'Defect'] | Precision: 0.8672 | Recall: 0.8633 | F1: 0.8653
2026-03-21 06:47:01,113 - INFO - [Best Model Saved] (val loss: 0.4015) -> 'log/Sewer_ML_params/baseline_xie2019_fpgm_20260320_191106/best_model.pth'
2026-03-21 06:47:01,113 - INFO - --------------------------------------------------
2026-03-21 06:47:01,113 - INFO - [LR]    [88/90] | Learning Rate: 0.000103
2026-03-21 06:54:17,351 - INFO - [Train] [88/90] | Loss: 0.4249 | Train Acc: 86.38%
2026-03-21 06:54:56,646 - INFO - [Valid] [88/90] | Loss: 0.4022 | Val Acc: 87.31%
2026-03-21 06:54:56,783 - INFO - [Metrics for 'Normal'] | Precision: 0.8772 | Recall: 0.8835 | F1: 0.8803
2026-03-21 06:54:56,783 - INFO - [Metrics for 'Defect'] | Precision: 0.8685 | Recall: 0.8615 | F1: 0.8650
2026-03-21 06:54:56,829 - INFO - --------------------------------------------------
2026-03-21 06:54:56,829 - INFO - [LR]    [89/90] | Learning Rate: 0.000101
2026-03-21 07:02:16,158 - INFO - [Train] [89/90] | Loss: 0.4248 | Train Acc: 86.41%
2026-03-21 07:02:54,706 - INFO - [Valid] [89/90] | Loss: 0.4016 | Val Acc: 87.31%
2026-03-21 07:02:54,891 - INFO - [Metrics for 'Normal'] | Precision: 0.8803 | Recall: 0.8794 | F1: 0.8798
2026-03-21 07:02:54,891 - INFO - [Metrics for 'Defect'] | Precision: 0.8651 | Recall: 0.8661 | F1: 0.8656
2026-03-21 07:02:54,950 - INFO - --------------------------------------------------
2026-03-21 07:02:54,950 - INFO - [LR]    [90/90] | Learning Rate: 0.000100
2026-03-21 07:10:13,825 - INFO - [Train] [90/90] | Loss: 0.4251 | Train Acc: 86.38%
2026-03-21 07:10:52,844 - INFO - [Valid] [90/90] | Loss: 0.4016 | Val Acc: 87.31%
2026-03-21 07:10:52,983 - INFO - [Metrics for 'Normal'] | Precision: 0.8807 | Recall: 0.8788 | F1: 0.8798
2026-03-21 07:10:52,983 - INFO - [Metrics for 'Defect'] | Precision: 0.8647 | Recall: 0.8667 | F1: 0.8657
2026-03-21 07:10:53,033 - INFO - ==================================================
2026-03-21 07:10:53,033 - INFO - 훈련 완료. 최고 성능 모델을 불러와 테스트 세트로 최종 평가합니다.
2026-03-21 07:10:53,033 - INFO - 최종 평가를 위해 새로운 모델 객체를 생성합니다.
2026-03-21 07:10:53,033 - INFO - Baseline 모델 'xie2019'을(를) 생성합니다 (사전 훈련 가중치: 미사용).
2026-03-21 07:10:53,057 - INFO - 최종 평가 모델에 Pruning 구조를 재적용합니다.
2026-03-21 07:10:53,082 - INFO - FPGM Pruning을 시작합니다.
2026-03-21 07:10:53,082 - INFO - 분류 레이어 'Linear'을(를) Pruning 대상에서 제외합니다.
2026-03-21 07:10:53,222 - INFO - 저장된 pruning_history를 사용해 Pruning 구조를 재현했습니다.
2026-03-21 07:10:53,222 - INFO - torch-pruning 완료. 모델 구조가 희소도(0.9069)에 맞춰 변경되었습니다.
2026-03-21 07:10:53,222 - INFO - ==================================================
2026-03-21 07:10:53,225 - INFO - 최고 성능 모델 가중치를 새로 생성된 모델 객체에 로드 완료: 'log/Sewer_ML_params/baseline_xie2019_fpgm_20260320_191106/best_model.pth'
2026-03-21 07:10:53,225 - INFO - ==================================================
2026-03-21 07:10:53,225 - INFO - Test 모드를 시작합니다.
2026-03-21 07:10:53,225 - INFO - FLOPs 및 MACs 측정을 시작합니다...
2026-03-21 07:10:53,227 - INFO - Model FLOPs: 0.1858 GFLOPs
2026-03-21 07:10:53,227 - INFO - Model MACs: 0.0929 GMACs
2026-03-21 07:10:53,333 - INFO - 테스트 데이터셋에 대한 추론을 시작합니다.
2026-03-21 07:11:32,287 - INFO - [Test] Loss: 0.3262 | Test Acc: 87.31%
2026-03-21 07:11:32,454 - INFO - [Metrics for 'Normal'] | Precision: 0.8784 | Recall: 0.8819 | F1: 0.8801
2026-03-21 07:11:32,454 - INFO - [Metrics for 'Defect'] | Precision: 0.8672 | Recall: 0.8633 | F1: 0.8653
2026-03-21 07:11:32,712 - INFO - ==================================================
2026-03-21 07:11:32,712 - INFO - 혼동 행렬 저장 완료. 'log/Sewer_ML_params/baseline_xie2019_fpgm_20260320_191106/confusion_matrix_20260320_191106.png' and 'log/Sewer_ML_params/baseline_xie2019_fpgm_20260320_191106/confusion_matrix_20260320_191106.pdf'
2026-03-21 07:11:32,826 - INFO - Val Acc 그래프 저장 완료: 'log/Sewer_ML_params/baseline_xie2019_fpgm_20260320_191106/graph_20260320_191106/val_acc.png' and 'log/Sewer_ML_params/baseline_xie2019_fpgm_20260320_191106/graph_20260320_191106/val_acc.pdf'
2026-03-21 07:11:32,952 - INFO - Train/Val Acc 그래프 저장 완료: 'log/Sewer_ML_params/baseline_xie2019_fpgm_20260320_191106/graph_20260320_191106/train_val_acc.png' and 'log/Sewer_ML_params/baseline_xie2019_fpgm_20260320_191106/graph_20260320_191106/train_val_acc.pdf'
2026-03-21 07:11:33,057 - INFO - F1 (Normal) 그래프 저장 완료: 'log/Sewer_ML_params/baseline_xie2019_fpgm_20260320_191106/graph_20260320_191106/F1_normal.png' and 'log/Sewer_ML_params/baseline_xie2019_fpgm_20260320_191106/graph_20260320_191106/F1_normal.pdf'
2026-03-21 07:11:33,178 - INFO - Validation Loss 그래프 저장 완료: 'log/Sewer_ML_params/baseline_xie2019_fpgm_20260320_191106/graph_20260320_191106/val_loss.png' and 'log/Sewer_ML_params/baseline_xie2019_fpgm_20260320_191106/graph_20260320_191106/val_loss.pdf'
2026-03-21 07:11:33,287 - INFO - Learning Rate 그래프 저장 완료: 'log/Sewer_ML_params/baseline_xie2019_fpgm_20260320_191106/graph_20260320_191106/learning_rate.png' and 'log/Sewer_ML_params/baseline_xie2019_fpgm_20260320_191106/graph_20260320_191106/learning_rate.pdf'
2026-03-21 07:12:01,311 - INFO - 종합 그래프 저장 완료: 'log/Sewer_ML_params/baseline_xie2019_fpgm_20260320_191106/graph_20260320_191106/compile.png' and 'log/Sewer_ML_params/baseline_xie2019_fpgm_20260320_191106/graph_20260320_191106/compile.pdf'
