2026-03-07 23:21:39,509 - INFO - 로그 파일이 'log/Sewer_ML_flops/baseline_deit_tiny_l1_20260307_232139/log_20260307_232139.log'에 저장됩니다.
2026-03-07 23:21:39,511 - INFO - ==================================================
2026-03-07 23:21:39,511 - INFO - config.yaml:
2026-03-07 23:21:39,511 - INFO - 
run:
  global_seed: 42
  cuda: true
  mode: train
  pth_best_name: best_model.pth
  only_inference: false
  show_log: true
  dataset:
    name: Sewer_ML_flops
    type: csv
    train_split_ratio: 0.8
    paths:
      train_img_dir: /home/tai/workspace/ssd1/data/Sewer/Sewer-ML/train
      valid_img_dir: /home/tai/workspace/ssd1/data/Sewer/Sewer-ML/valid
      test_img_dir: /home/tai/workspace/ssd1/data/Sewer/Sewer-ML/valid
      train_csv: /home/tai/workspace/ssd1/data/Sewer/Sewer-ML/SewerML_Train.csv
      valid_csv: /home/tai/workspace/ssd1/data/Sewer/Sewer-ML/SewerML_Val.csv
      test_csv: /home/tai/workspace/ssd1/data/Sewer/Sewer-ML/SewerML_Val.csv
      img_folder: /home/tai/workspace/ssd1/data/Sewer/Sewer-TAPNEW
  random_sampling_ratio:
    train: 1.0
    valid: 1.0
    test: 1.0
  num_workers: 16
model:
  img_size: 224
  num_patches_per_side: 7
  num_decoder_patches: 1
  num_decoder_layers: 6
  num_heads: 4
  cnn_feature_extractor:
    name: custom32
  encoder_dim: 32
  emb_dim: 32
  adaptive_initial_query: true
  decoder_ff_ratio: 2
  dropout: 0.1
  positional_encoding: true
  drop_path_ratio: 0.2
  visualize_attention: true
  num_plot_attention: 1500
training_main:
  epochs: 10
  batch_size: 256
  pre_trained: false
  optimizer: adamw
  lr: 0.001
  weight_decay: 0.0001
  loss_function: CrossEntropyLoss
  label_smoothing: 0.1
  scheduler: cosineannealinglr
  scheduler_params:
    T_max: 10
    eta_min: 0.0001
  best_model_criterion: val_loss
training_baseline:
  model_name: deit_tiny
  epochs: 10
  batch_size: 256
  pre_trained: false
  optimizer: adamw
  lr: 0.001
  weight_decay: 0.0001
  loss_function: CrossEntropyLoss
  label_smoothing: 0.1
  scheduler: cosineannealinglr
  scheduler_params:
    T_max: 10
    eta_min: 0.0001
  best_model_criterion: val_loss
finetuning_pruned:
  epochs: 80
  batch_size: 256
  optimizer: adamw
  lr: 0.001
  weight_decay: 0.0001
  loss_function: CrossEntropyLoss
  label_smoothing: 0.1
  scheduler: cosineannealinglr
  scheduler_params:
    T_max: 80
    eta_min: 0.0001
  best_model_criterion: val_loss
  use_l1_pruning: true
  pruning_sparsity: 0.7821
  exclude_attention_qkv_pruning: true
  exclude_embedding_bridge_pruning: true
  exclude_learnable_queries_pruning: true

2026-03-07 23:21:39,511 - INFO - ==================================================
2026-03-07 23:21:39,648 - INFO - CUDA 사용 가능. GPU 사용을 시작합니다. (Device: NVIDIA GeForce RTX 5090)
2026-03-07 23:21:39,648 - INFO - 'Sewer_ML_flops' 데이터 로드를 시작합니다 (Type: csv).
2026-03-07 23:21:40,225 - INFO - 데이터셋 클래스: ['Normal', 'Defect'] (총 2개)
2026-03-07 23:21:40,226 - INFO - 훈련 데이터: 1040129개, 검증 데이터: 130046개, 테스트 데이터: 130046개
2026-03-07 23:21:40,226 - INFO - Baseline 모델 'deit_tiny'을(를) 생성합니다 (사전 훈련 가중치: 미사용).
2026-03-07 23:21:40,323 - INFO - timm 모델(deit_tiny)의 Attention.forward를 Pruning 호환성을 위해 Monkey-patching 합니다.
2026-03-07 23:21:40,324 - INFO - ==================================================
2026-03-07 23:21:40,324 - INFO - 모델 파라미터 수:
2026-03-07 23:21:40,324 - INFO -   - 총 파라미터: 5,524,802 개
2026-03-07 23:21:40,324 - INFO -   - 학습 가능한 파라미터: 5,524,802 개
2026-03-07 23:21:40,324 - INFO - ================================================================================
2026-03-07 23:21:40,324 - INFO - 단계 1/2: 사전 훈련(Pre-training)을 시작합니다.
2026-03-07 23:21:40,324 - INFO - ================================================================================
2026-03-07 23:21:40,324 - INFO - 옵티마이저: AdamW (lr=0.001, weight_decay=0.0001)
2026-03-07 23:21:40,324 - INFO - 스케줄러: CosineAnnealingLR (T_max=10, eta_min=0.0001)
2026-03-07 23:21:40,324 - INFO - ==================================================
2026-03-07 23:21:40,324 - INFO - train 모드를 시작합니다.
2026-03-07 23:21:40,324 - INFO - 손실 함수: CrossEntropyLoss (label_smoothing: 0.1)
2026-03-07 23:21:40,324 - INFO - Best metric을 초기값(inf)으로 설정합니다.
2026-03-07 23:21:40,324 - INFO - --------------------------------------------------
2026-03-07 23:21:40,325 - INFO - [LR]    [1/10] | Learning Rate: 0.001000
2026-03-07 23:29:08,818 - INFO - [Train] [1/10] | Loss: 0.5201 | Train Acc: 77.63%
2026-03-07 23:29:49,160 - INFO - [Valid] [1/10] | Loss: 0.4632 | Val Acc: 82.44%
2026-03-07 23:29:49,331 - INFO - [Metrics for 'Normal'] | Precision: 0.8215 | Recall: 0.8528 | F1: 0.8369
2026-03-07 23:29:49,331 - INFO - [Metrics for 'Defect'] | Precision: 0.8279 | Recall: 0.7927 | F1: 0.8099
2026-03-07 23:29:49,389 - INFO - [Best Model Saved] (val loss: 0.4632) -> 'log/Sewer_ML_flops/baseline_deit_tiny_l1_20260307_232139/best_model.pth'
2026-03-07 23:29:49,390 - INFO - --------------------------------------------------
2026-03-07 23:29:49,390 - INFO - [LR]    [2/10] | Learning Rate: 0.000978
2026-03-07 23:37:24,652 - INFO - [Train] [2/10] | Loss: 0.4627 | Train Acc: 82.61%
2026-03-07 23:38:04,963 - INFO - [Valid] [2/10] | Loss: 0.4457 | Val Acc: 83.95%
2026-03-07 23:38:05,107 - INFO - [Metrics for 'Normal'] | Precision: 0.8601 | Recall: 0.8313 | F1: 0.8454
2026-03-07 23:38:05,107 - INFO - [Metrics for 'Defect'] | Precision: 0.8180 | Recall: 0.8486 | F1: 0.8330
2026-03-07 23:38:05,169 - INFO - [Best Model Saved] (val loss: 0.4457) -> 'log/Sewer_ML_flops/baseline_deit_tiny_l1_20260307_232139/best_model.pth'
2026-03-07 23:38:05,169 - INFO - --------------------------------------------------
2026-03-07 23:38:05,169 - INFO - [LR]    [3/10] | Learning Rate: 0.000914
2026-03-07 23:45:43,582 - INFO - [Train] [3/10] | Loss: 0.4413 | Train Acc: 84.23%
2026-03-07 23:46:23,862 - INFO - [Valid] [3/10] | Loss: 0.4236 | Val Acc: 85.46%
2026-03-07 23:46:23,997 - INFO - [Metrics for 'Normal'] | Precision: 0.8635 | Recall: 0.8609 | F1: 0.8622
2026-03-07 23:46:23,997 - INFO - [Metrics for 'Defect'] | Precision: 0.8448 | Recall: 0.8476 | F1: 0.8462
2026-03-07 23:46:24,059 - INFO - [Best Model Saved] (val loss: 0.4236) -> 'log/Sewer_ML_flops/baseline_deit_tiny_l1_20260307_232139/best_model.pth'
2026-03-07 23:46:24,059 - INFO - --------------------------------------------------
2026-03-07 23:46:24,059 - INFO - [LR]    [4/10] | Learning Rate: 0.000815
2026-03-07 23:54:02,141 - INFO - [Train] [4/10] | Loss: 0.4253 | Train Acc: 85.37%
2026-03-07 23:54:42,647 - INFO - [Valid] [4/10] | Loss: 0.4149 | Val Acc: 86.15%
2026-03-07 23:54:42,792 - INFO - [Metrics for 'Normal'] | Precision: 0.8836 | Recall: 0.8497 | F1: 0.8663
2026-03-07 23:54:42,792 - INFO - [Metrics for 'Defect'] | Precision: 0.8387 | Recall: 0.8747 | F1: 0.8563
2026-03-07 23:54:42,854 - INFO - [Best Model Saved] (val loss: 0.4149) -> 'log/Sewer_ML_flops/baseline_deit_tiny_l1_20260307_232139/best_model.pth'
2026-03-07 23:54:42,854 - INFO - --------------------------------------------------
2026-03-07 23:54:42,854 - INFO - [LR]    [5/10] | Learning Rate: 0.000689
2026-03-08 00:02:22,814 - INFO - [Train] [5/10] | Loss: 0.4120 | Train Acc: 86.32%
2026-03-08 00:03:03,409 - INFO - [Valid] [5/10] | Loss: 0.4081 | Val Acc: 86.58%
2026-03-08 00:03:03,555 - INFO - [Metrics for 'Normal'] | Precision: 0.8606 | Recall: 0.8901 | F1: 0.8751
2026-03-08 00:03:03,555 - INFO - [Metrics for 'Defect'] | Precision: 0.8721 | Recall: 0.8386 | F1: 0.8550
2026-03-08 00:03:03,617 - INFO - [Best Model Saved] (val loss: 0.4081) -> 'log/Sewer_ML_flops/baseline_deit_tiny_l1_20260307_232139/best_model.pth'
2026-03-08 00:03:03,618 - INFO - --------------------------------------------------
2026-03-08 00:03:03,618 - INFO - [LR]    [6/10] | Learning Rate: 0.000550
2026-03-08 00:10:50,469 - INFO - [Train] [6/10] | Loss: 0.4002 | Train Acc: 87.13%
2026-03-08 00:11:31,415 - INFO - [Valid] [6/10] | Loss: 0.3984 | Val Acc: 87.31%
2026-03-08 00:11:31,551 - INFO - [Metrics for 'Normal'] | Precision: 0.9059 | Recall: 0.8479 | F1: 0.8759
2026-03-08 00:11:31,551 - INFO - [Metrics for 'Defect'] | Precision: 0.8411 | Recall: 0.9014 | F1: 0.8702
2026-03-08 00:11:31,614 - INFO - [Best Model Saved] (val loss: 0.3984) -> 'log/Sewer_ML_flops/baseline_deit_tiny_l1_20260307_232139/best_model.pth'
2026-03-08 00:11:31,614 - INFO - --------------------------------------------------
2026-03-08 00:11:31,615 - INFO - [LR]    [7/10] | Learning Rate: 0.000411
2026-03-08 00:19:26,333 - INFO - [Train] [7/10] | Loss: 0.3894 | Train Acc: 87.90%
2026-03-08 00:20:07,740 - INFO - [Valid] [7/10] | Loss: 0.3899 | Val Acc: 87.83%
2026-03-08 00:20:07,915 - INFO - [Metrics for 'Normal'] | Precision: 0.9022 | Recall: 0.8633 | F1: 0.8823
2026-03-08 00:20:07,915 - INFO - [Metrics for 'Defect'] | Precision: 0.8540 | Recall: 0.8952 | F1: 0.8741
2026-03-08 00:20:08,021 - INFO - [Best Model Saved] (val loss: 0.3899) -> 'log/Sewer_ML_flops/baseline_deit_tiny_l1_20260307_232139/best_model.pth'
2026-03-08 00:20:08,022 - INFO - --------------------------------------------------
2026-03-08 00:20:08,022 - INFO - [LR]    [8/10] | Learning Rate: 0.000285
2026-03-08 00:28:02,450 - INFO - [Train] [8/10] | Loss: 0.3798 | Train Acc: 88.57%
2026-03-08 00:28:43,573 - INFO - [Valid] [8/10] | Loss: 0.3843 | Val Acc: 88.17%
2026-03-08 00:28:43,732 - INFO - [Metrics for 'Normal'] | Precision: 0.8844 | Recall: 0.8927 | F1: 0.8885
2026-03-08 00:28:43,732 - INFO - [Metrics for 'Defect'] | Precision: 0.8786 | Recall: 0.8693 | F1: 0.8740
2026-03-08 00:28:43,851 - INFO - [Best Model Saved] (val loss: 0.3843) -> 'log/Sewer_ML_flops/baseline_deit_tiny_l1_20260307_232139/best_model.pth'
2026-03-08 00:28:43,851 - INFO - --------------------------------------------------
2026-03-08 00:28:43,852 - INFO - [LR]    [9/10] | Learning Rate: 0.000186
2026-03-08 00:36:36,345 - INFO - [Train] [9/10] | Loss: 0.3708 | Train Acc: 89.17%
2026-03-08 00:37:17,403 - INFO - [Valid] [9/10] | Loss: 0.3807 | Val Acc: 88.62%
2026-03-08 00:37:17,541 - INFO - [Metrics for 'Normal'] | Precision: 0.9043 | Recall: 0.8773 | F1: 0.8906
2026-03-08 00:37:17,541 - INFO - [Metrics for 'Defect'] | Precision: 0.8671 | Recall: 0.8960 | F1: 0.8813
2026-03-08 00:37:17,605 - INFO - [Best Model Saved] (val loss: 0.3807) -> 'log/Sewer_ML_flops/baseline_deit_tiny_l1_20260307_232139/best_model.pth'
2026-03-08 00:37:17,605 - INFO - --------------------------------------------------
2026-03-08 00:37:17,605 - INFO - [LR]    [10/10] | Learning Rate: 0.000122
2026-03-08 00:45:02,451 - INFO - [Train] [10/10] | Loss: 0.3641 | Train Acc: 89.66%
2026-03-08 00:45:43,206 - INFO - [Valid] [10/10] | Loss: 0.3795 | Val Acc: 88.64%
2026-03-08 00:45:43,344 - INFO - [Metrics for 'Normal'] | Precision: 0.8974 | Recall: 0.8863 | F1: 0.8918
2026-03-08 00:45:43,344 - INFO - [Metrics for 'Defect'] | Precision: 0.8745 | Recall: 0.8866 | F1: 0.8805
2026-03-08 00:45:43,408 - INFO - [Best Model Saved] (val loss: 0.3795) -> 'log/Sewer_ML_flops/baseline_deit_tiny_l1_20260307_232139/best_model.pth'
2026-03-08 00:45:43,410 - INFO - ================================================================================
2026-03-08 00:45:43,410 - INFO - 단계 2/2: Pruning 및 미세 조정(Fine-tuning)을 시작합니다.
2026-03-08 00:45:43,410 - INFO - ================================================================================
2026-03-08 00:45:43,430 - INFO - 사전 훈련된 모델 'log/Sewer_ML_flops/baseline_deit_tiny_l1_20260307_232139/best_model.pth'을(를) 불러왔습니다.
2026-03-08 00:45:43,461 - INFO - Pruning 전 원본 모델의 FLOPs를 측정합니다.
2026-03-08 00:45:43,483 - INFO - torch-pruning을 사용한 L1 Norm Pruning을 시작합니다.
2026-03-08 00:45:43,483 - INFO - 분류 레이어 'Linear'을(를) Pruning 대상에서 제외합니다.
2026-03-08 00:45:43,483 - INFO - ViT 계열 모델의 모든 qkv 레이어를 Pruning 대상에서 제외합니다.
2026-03-08 00:45:43,642 - INFO - torch-pruning 완료. 모델 구조가 희소도(0.7821)에 맞춰 변경되었습니다.
2026-03-08 00:45:43,642 - INFO - ==================================================
2026-03-08 00:45:43,642 - INFO - ==================================================
2026-03-08 00:45:43,642 - INFO - 모델 파라미터 수:
2026-03-08 00:45:43,642 - INFO -   - 총 파라미터: 593,865 개
2026-03-08 00:45:43,642 - INFO -   - 학습 가능한 파라미터: 593,865 개
2026-03-08 00:45:43,655 - INFO - Pruning 후 모델의 FLOPs를 측정합니다.
2026-03-08 00:45:43,677 - INFO - FLOPs가 2.1493 GFLOPs에서 0.2260 GFLOPs로 감소했습니다 (감소율: 89.49%).
2026-03-08 00:45:43,735 - INFO - Pruning 정보(희소도: 0.7821)를 'log/Sewer_ML_flops/baseline_deit_tiny_l1_20260307_232139/pruning_info.yaml'에 저장했습니다.
2026-03-08 00:45:43,735 - INFO - 미세 조정을 위한 새로운 옵티마이저와 스케줄러를 생성합니다.
2026-03-08 00:45:43,735 - INFO - 옵티마이저: AdamW (lr=0.001, weight_decay=0.0001)
2026-03-08 00:45:43,736 - INFO - 스케줄러: CosineAnnealingLR (T_max=80, eta_min=0.0001)
2026-03-08 00:45:43,736 - INFO - ==================================================
2026-03-08 00:45:43,736 - INFO - train 모드를 시작합니다.
2026-03-08 00:45:43,737 - INFO - 손실 함수: CrossEntropyLoss (label_smoothing: 0.1)
2026-03-08 00:45:43,737 - INFO - Best metric을 초기값(inf)으로 설정합니다.
2026-03-08 00:45:43,737 - INFO - --------------------------------------------------
2026-03-08 00:45:43,737 - INFO - [LR]    [11/90] | Learning Rate: 0.001000
2026-03-08 00:53:16,884 - INFO - [Train] [11/90] | Loss: 0.4453 | Train Acc: 83.83%
2026-03-08 00:53:57,021 - INFO - [Valid] [11/90] | Loss: 0.4225 | Val Acc: 85.55%
2026-03-08 00:53:57,186 - INFO - [Metrics for 'Normal'] | Precision: 0.9027 | Recall: 0.8141 | F1: 0.8561
2026-03-08 00:53:57,187 - INFO - [Metrics for 'Defect'] | Precision: 0.8125 | Recall: 0.9018 | F1: 0.8548
2026-03-08 00:53:57,238 - INFO - [Best Model Saved] (val loss: 0.4225) -> 'log/Sewer_ML_flops/baseline_deit_tiny_l1_20260307_232139/best_model.pth'
2026-03-08 00:53:57,238 - INFO - --------------------------------------------------
2026-03-08 00:53:57,238 - INFO - [LR]    [12/90] | Learning Rate: 0.001000
2026-03-08 01:01:33,510 - INFO - [Train] [12/90] | Loss: 0.4122 | Train Acc: 86.34%
2026-03-08 01:02:13,174 - INFO - [Valid] [12/90] | Loss: 0.4025 | Val Acc: 87.01%
2026-03-08 01:02:13,309 - INFO - [Metrics for 'Normal'] | Precision: 0.8647 | Recall: 0.8938 | F1: 0.8790
2026-03-08 01:02:13,309 - INFO - [Metrics for 'Defect'] | Precision: 0.8765 | Recall: 0.8435 | F1: 0.8597
2026-03-08 01:02:13,363 - INFO - [Best Model Saved] (val loss: 0.4025) -> 'log/Sewer_ML_flops/baseline_deit_tiny_l1_20260307_232139/best_model.pth'
2026-03-08 01:02:13,363 - INFO - --------------------------------------------------
2026-03-08 01:02:13,364 - INFO - [LR]    [13/90] | Learning Rate: 0.000999
2026-03-08 01:09:47,295 - INFO - [Train] [13/90] | Loss: 0.4011 | Train Acc: 87.10%
2026-03-08 01:10:28,754 - INFO - [Valid] [13/90] | Loss: 0.3978 | Val Acc: 87.43%
2026-03-08 01:10:28,917 - INFO - [Metrics for 'Normal'] | Precision: 0.8673 | Recall: 0.8995 | F1: 0.8831
2026-03-08 01:10:28,917 - INFO - [Metrics for 'Defect'] | Precision: 0.8827 | Recall: 0.8460 | F1: 0.8640
2026-03-08 01:10:29,021 - INFO - [Best Model Saved] (val loss: 0.3978) -> 'log/Sewer_ML_flops/baseline_deit_tiny_l1_20260307_232139/best_model.pth'
2026-03-08 01:10:29,022 - INFO - --------------------------------------------------
2026-03-08 01:10:29,022 - INFO - [LR]    [14/90] | Learning Rate: 0.000997
2026-03-08 01:18:11,580 - INFO - [Train] [14/90] | Loss: 0.3936 | Train Acc: 87.62%
2026-03-08 01:18:51,901 - INFO - [Valid] [14/90] | Loss: 0.3866 | Val Acc: 88.17%
2026-03-08 01:18:52,067 - INFO - [Metrics for 'Normal'] | Precision: 0.8925 | Recall: 0.8824 | F1: 0.8874
2026-03-08 01:18:52,067 - INFO - [Metrics for 'Defect'] | Precision: 0.8700 | Recall: 0.8811 | F1: 0.8755
2026-03-08 01:18:52,132 - INFO - [Best Model Saved] (val loss: 0.3866) -> 'log/Sewer_ML_flops/baseline_deit_tiny_l1_20260307_232139/best_model.pth'
2026-03-08 01:18:52,132 - INFO - --------------------------------------------------
2026-03-08 01:18:52,133 - INFO - [LR]    [15/90] | Learning Rate: 0.000994
2026-03-08 01:26:22,318 - INFO - [Train] [15/90] | Loss: 0.3872 | Train Acc: 88.08%
2026-03-08 01:27:02,516 - INFO - [Valid] [15/90] | Loss: 0.3864 | Val Acc: 88.19%
2026-03-08 01:27:02,650 - INFO - [Metrics for 'Normal'] | Precision: 0.9069 | Recall: 0.8652 | F1: 0.8856
2026-03-08 01:27:02,650 - INFO - [Metrics for 'Defect'] | Precision: 0.8566 | Recall: 0.9006 | F1: 0.8780
2026-03-08 01:27:02,703 - INFO - [Best Model Saved] (val loss: 0.3864) -> 'log/Sewer_ML_flops/baseline_deit_tiny_l1_20260307_232139/best_model.pth'
2026-03-08 01:27:02,703 - INFO - --------------------------------------------------
2026-03-08 01:27:02,703 - INFO - [LR]    [16/90] | Learning Rate: 0.000991
2026-03-08 01:34:31,878 - INFO - [Train] [16/90] | Loss: 0.3827 | Train Acc: 88.40%
2026-03-08 01:35:11,895 - INFO - [Valid] [16/90] | Loss: 0.3856 | Val Acc: 88.18%
2026-03-08 01:35:12,027 - INFO - [Metrics for 'Normal'] | Precision: 0.8727 | Recall: 0.9087 | F1: 0.8903
2026-03-08 01:35:12,028 - INFO - [Metrics for 'Defect'] | Precision: 0.8929 | Recall: 0.8516 | F1: 0.8718
2026-03-08 01:35:12,079 - INFO - [Best Model Saved] (val loss: 0.3856) -> 'log/Sewer_ML_flops/baseline_deit_tiny_l1_20260307_232139/best_model.pth'
2026-03-08 01:35:12,079 - INFO - --------------------------------------------------
2026-03-08 01:35:12,080 - INFO - [LR]    [17/90] | Learning Rate: 0.000988
2026-03-08 01:42:42,550 - INFO - [Train] [17/90] | Loss: 0.3787 | Train Acc: 88.68%
2026-03-08 01:43:21,942 - INFO - [Valid] [17/90] | Loss: 0.3826 | Val Acc: 88.44%
2026-03-08 01:43:22,114 - INFO - [Metrics for 'Normal'] | Precision: 0.8792 | Recall: 0.9054 | F1: 0.8921
2026-03-08 01:43:22,114 - INFO - [Metrics for 'Defect'] | Precision: 0.8905 | Recall: 0.8608 | F1: 0.8754
2026-03-08 01:43:22,180 - INFO - [Best Model Saved] (val loss: 0.3826) -> 'log/Sewer_ML_flops/baseline_deit_tiny_l1_20260307_232139/best_model.pth'
2026-03-08 01:43:22,180 - INFO - --------------------------------------------------
2026-03-08 01:43:22,181 - INFO - [LR]    [18/90] | Learning Rate: 0.000983
2026-03-08 01:50:52,237 - INFO - [Train] [18/90] | Loss: 0.3748 | Train Acc: 88.93%
2026-03-08 01:51:32,164 - INFO - [Valid] [18/90] | Loss: 0.3783 | Val Acc: 88.71%
2026-03-08 01:51:32,316 - INFO - [Metrics for 'Normal'] | Precision: 0.9015 | Recall: 0.8827 | F1: 0.8920
2026-03-08 01:51:32,316 - INFO - [Metrics for 'Defect'] | Precision: 0.8717 | Recall: 0.8920 | F1: 0.8818
2026-03-08 01:51:32,368 - INFO - [Best Model Saved] (val loss: 0.3783) -> 'log/Sewer_ML_flops/baseline_deit_tiny_l1_20260307_232139/best_model.pth'
2026-03-08 01:51:32,368 - INFO - --------------------------------------------------
2026-03-08 01:51:32,369 - INFO - [LR]    [19/90] | Learning Rate: 0.000978
2026-03-08 01:59:02,874 - INFO - [Train] [19/90] | Loss: 0.3715 | Train Acc: 89.17%
2026-03-08 01:59:42,678 - INFO - [Valid] [19/90] | Loss: 0.3790 | Val Acc: 88.73%
2026-03-08 01:59:42,847 - INFO - [Metrics for 'Normal'] | Precision: 0.9027 | Recall: 0.8816 | F1: 0.8920
2026-03-08 01:59:42,847 - INFO - [Metrics for 'Defect'] | Precision: 0.8709 | Recall: 0.8936 | F1: 0.8821
2026-03-08 01:59:42,904 - INFO - --------------------------------------------------
2026-03-08 01:59:42,905 - INFO - [LR]    [20/90] | Learning Rate: 0.000972
2026-03-08 02:07:13,103 - INFO - [Train] [20/90] | Loss: 0.3684 | Train Acc: 89.38%
2026-03-08 02:07:52,501 - INFO - [Valid] [20/90] | Loss: 0.3771 | Val Acc: 88.75%
2026-03-08 02:07:52,667 - INFO - [Metrics for 'Normal'] | Precision: 0.9012 | Recall: 0.8839 | F1: 0.8925
2026-03-08 02:07:52,667 - INFO - [Metrics for 'Defect'] | Precision: 0.8728 | Recall: 0.8916 | F1: 0.8821
2026-03-08 02:07:52,734 - INFO - [Best Model Saved] (val loss: 0.3771) -> 'log/Sewer_ML_flops/baseline_deit_tiny_l1_20260307_232139/best_model.pth'
2026-03-08 02:07:52,734 - INFO - --------------------------------------------------
2026-03-08 02:07:52,734 - INFO - [LR]    [21/90] | Learning Rate: 0.000966
2026-03-08 02:15:24,068 - INFO - [Train] [21/90] | Loss: 0.3654 | Train Acc: 89.60%
2026-03-08 02:16:04,918 - INFO - [Valid] [21/90] | Loss: 0.3745 | Val Acc: 88.96%
2026-03-08 02:16:05,056 - INFO - [Metrics for 'Normal'] | Precision: 0.9149 | Recall: 0.8720 | F1: 0.8929
2026-03-08 02:16:05,056 - INFO - [Metrics for 'Defect'] | Precision: 0.8639 | Recall: 0.9092 | F1: 0.8860
2026-03-08 02:16:05,111 - INFO - [Best Model Saved] (val loss: 0.3745) -> 'log/Sewer_ML_flops/baseline_deit_tiny_l1_20260307_232139/best_model.pth'
2026-03-08 02:16:05,111 - INFO - --------------------------------------------------
2026-03-08 02:16:05,111 - INFO - [LR]    [22/90] | Learning Rate: 0.000959
2026-03-08 02:23:34,083 - INFO - [Train] [22/90] | Loss: 0.3630 | Train Acc: 89.72%
2026-03-08 02:24:13,150 - INFO - [Valid] [22/90] | Loss: 0.3755 | Val Acc: 88.94%
2026-03-08 02:24:13,285 - INFO - [Metrics for 'Normal'] | Precision: 0.9121 | Recall: 0.8748 | F1: 0.8931
2026-03-08 02:24:13,285 - INFO - [Metrics for 'Defect'] | Precision: 0.8660 | Recall: 0.9057 | F1: 0.8854
2026-03-08 02:24:13,332 - INFO - --------------------------------------------------
2026-03-08 02:24:13,332 - INFO - [LR]    [23/90] | Learning Rate: 0.000951
2026-03-08 02:31:45,975 - INFO - [Train] [23/90] | Loss: 0.3601 | Train Acc: 89.94%
2026-03-08 02:32:26,396 - INFO - [Valid] [23/90] | Loss: 0.3727 | Val Acc: 89.12%
2026-03-08 02:32:26,529 - INFO - [Metrics for 'Normal'] | Precision: 0.9083 | Recall: 0.8832 | F1: 0.8956
2026-03-08 02:32:26,529 - INFO - [Metrics for 'Defect'] | Precision: 0.8732 | Recall: 0.9002 | F1: 0.8865
2026-03-08 02:32:26,581 - INFO - [Best Model Saved] (val loss: 0.3727) -> 'log/Sewer_ML_flops/baseline_deit_tiny_l1_20260307_232139/best_model.pth'
2026-03-08 02:32:26,581 - INFO - --------------------------------------------------
2026-03-08 02:32:26,582 - INFO - [LR]    [24/90] | Learning Rate: 0.000943
2026-03-08 02:39:56,639 - INFO - [Train] [24/90] | Loss: 0.3579 | Train Acc: 90.09%
2026-03-08 02:40:36,620 - INFO - [Valid] [24/90] | Loss: 0.3726 | Val Acc: 89.09%
2026-03-08 02:40:36,785 - INFO - [Metrics for 'Normal'] | Precision: 0.9042 | Recall: 0.8875 | F1: 0.8958
2026-03-08 02:40:36,785 - INFO - [Metrics for 'Defect'] | Precision: 0.8766 | Recall: 0.8948 | F1: 0.8856
2026-03-08 02:40:36,853 - INFO - [Best Model Saved] (val loss: 0.3726) -> 'log/Sewer_ML_flops/baseline_deit_tiny_l1_20260307_232139/best_model.pth'
2026-03-08 02:40:36,853 - INFO - --------------------------------------------------
2026-03-08 02:40:36,853 - INFO - [LR]    [25/90] | Learning Rate: 0.000934
2026-03-08 02:48:06,824 - INFO - [Train] [25/90] | Loss: 0.3555 | Train Acc: 90.26%
2026-03-08 02:48:46,059 - INFO - [Valid] [25/90] | Loss: 0.3707 | Val Acc: 89.32%
2026-03-08 02:48:46,223 - INFO - [Metrics for 'Normal'] | Precision: 0.9039 | Recall: 0.8926 | F1: 0.8982
2026-03-08 02:48:46,224 - INFO - [Metrics for 'Defect'] | Precision: 0.8814 | Recall: 0.8938 | F1: 0.8876
2026-03-08 02:48:46,293 - INFO - [Best Model Saved] (val loss: 0.3707) -> 'log/Sewer_ML_flops/baseline_deit_tiny_l1_20260307_232139/best_model.pth'
2026-03-08 02:48:46,293 - INFO - --------------------------------------------------
2026-03-08 02:48:46,294 - INFO - [LR]    [26/90] | Learning Rate: 0.000924
2026-03-08 02:56:16,431 - INFO - [Train] [26/90] | Loss: 0.3533 | Train Acc: 90.42%
2026-03-08 02:56:55,993 - INFO - [Valid] [26/90] | Loss: 0.3708 | Val Acc: 89.28%
2026-03-08 02:56:56,128 - INFO - [Metrics for 'Normal'] | Precision: 0.9067 | Recall: 0.8885 | F1: 0.8975
2026-03-08 02:56:56,128 - INFO - [Metrics for 'Defect'] | Precision: 0.8780 | Recall: 0.8977 | F1: 0.8877
2026-03-08 02:56:56,173 - INFO - --------------------------------------------------
2026-03-08 02:56:56,174 - INFO - [LR]    [27/90] | Learning Rate: 0.000914
2026-03-08 03:04:25,716 - INFO - [Train] [27/90] | Loss: 0.3514 | Train Acc: 90.56%
2026-03-08 03:05:05,198 - INFO - [Valid] [27/90] | Loss: 0.3689 | Val Acc: 89.33%
2026-03-08 03:05:05,333 - INFO - [Metrics for 'Normal'] | Precision: 0.9109 | Recall: 0.8845 | F1: 0.8975
2026-03-08 03:05:05,333 - INFO - [Metrics for 'Defect'] | Precision: 0.8748 | Recall: 0.9032 | F1: 0.8888
2026-03-08 03:05:05,401 - INFO - [Best Model Saved] (val loss: 0.3689) -> 'log/Sewer_ML_flops/baseline_deit_tiny_l1_20260307_232139/best_model.pth'
2026-03-08 03:05:05,402 - INFO - --------------------------------------------------
2026-03-08 03:05:05,402 - INFO - [LR]    [28/90] | Learning Rate: 0.000903
2026-03-08 03:12:35,039 - INFO - [Train] [28/90] | Loss: 0.3489 | Train Acc: 90.72%
2026-03-08 03:13:14,763 - INFO - [Valid] [28/90] | Loss: 0.3697 | Val Acc: 89.39%
2026-03-08 03:13:14,897 - INFO - [Metrics for 'Normal'] | Precision: 0.9095 | Recall: 0.8874 | F1: 0.8983
2026-03-08 03:13:14,897 - INFO - [Metrics for 'Defect'] | Precision: 0.8773 | Recall: 0.9012 | F1: 0.8891
2026-03-08 03:13:14,943 - INFO - --------------------------------------------------
2026-03-08 03:13:14,943 - INFO - [LR]    [29/90] | Learning Rate: 0.000892
2026-03-08 03:20:44,307 - INFO - [Train] [29/90] | Loss: 0.3468 | Train Acc: 90.87%
2026-03-08 03:21:24,245 - INFO - [Valid] [29/90] | Loss: 0.3729 | Val Acc: 89.35%
2026-03-08 03:21:24,381 - INFO - [Metrics for 'Normal'] | Precision: 0.9127 | Recall: 0.8829 | F1: 0.8975
2026-03-08 03:21:24,381 - INFO - [Metrics for 'Defect'] | Precision: 0.8736 | Recall: 0.9055 | F1: 0.8892
2026-03-08 03:21:24,433 - INFO - --------------------------------------------------
2026-03-08 03:21:24,434 - INFO - [LR]    [30/90] | Learning Rate: 0.000880
2026-03-08 03:28:53,256 - INFO - [Train] [30/90] | Loss: 0.3447 | Train Acc: 90.99%
2026-03-08 03:29:33,401 - INFO - [Valid] [30/90] | Loss: 0.3680 | Val Acc: 89.44%
2026-03-08 03:29:33,535 - INFO - [Metrics for 'Normal'] | Precision: 0.9018 | Recall: 0.8977 | F1: 0.8998
2026-03-08 03:29:33,535 - INFO - [Metrics for 'Defect'] | Precision: 0.8861 | Recall: 0.8906 | F1: 0.8884
2026-03-08 03:29:33,598 - INFO - [Best Model Saved] (val loss: 0.3680) -> 'log/Sewer_ML_flops/baseline_deit_tiny_l1_20260307_232139/best_model.pth'
2026-03-08 03:29:33,599 - INFO - --------------------------------------------------
2026-03-08 03:29:33,599 - INFO - [LR]    [31/90] | Learning Rate: 0.000868
2026-03-08 03:37:03,798 - INFO - [Train] [31/90] | Loss: 0.3427 | Train Acc: 91.14%
2026-03-08 03:37:43,509 - INFO - [Valid] [31/90] | Loss: 0.3732 | Val Acc: 89.18%
2026-03-08 03:37:43,647 - INFO - [Metrics for 'Normal'] | Precision: 0.8831 | Recall: 0.9165 | F1: 0.8995
2026-03-08 03:37:43,647 - INFO - [Metrics for 'Defect'] | Precision: 0.9024 | Recall: 0.8642 | F1: 0.8829
2026-03-08 03:37:43,694 - INFO - --------------------------------------------------
2026-03-08 03:37:43,694 - INFO - [LR]    [32/90] | Learning Rate: 0.000855
2026-03-08 03:45:12,930 - INFO - [Train] [32/90] | Loss: 0.3409 | Train Acc: 91.28%
2026-03-08 03:45:52,426 - INFO - [Valid] [32/90] | Loss: 0.3702 | Val Acc: 89.45%
2026-03-08 03:45:52,562 - INFO - [Metrics for 'Normal'] | Precision: 0.9030 | Recall: 0.8965 | F1: 0.8997
2026-03-08 03:45:52,562 - INFO - [Metrics for 'Defect'] | Precision: 0.8851 | Recall: 0.8922 | F1: 0.8886
2026-03-08 03:45:52,608 - INFO - --------------------------------------------------
2026-03-08 03:45:52,609 - INFO - [LR]    [33/90] | Learning Rate: 0.000842
2026-03-08 03:53:21,344 - INFO - [Train] [33/90] | Loss: 0.3391 | Train Acc: 91.41%
2026-03-08 03:54:01,408 - INFO - [Valid] [33/90] | Loss: 0.3700 | Val Acc: 89.46%
2026-03-08 03:54:01,543 - INFO - [Metrics for 'Normal'] | Precision: 0.9022 | Recall: 0.8977 | F1: 0.9000
2026-03-08 03:54:01,543 - INFO - [Metrics for 'Defect'] | Precision: 0.8861 | Recall: 0.8911 | F1: 0.8886
2026-03-08 03:54:01,589 - INFO - --------------------------------------------------
2026-03-08 03:54:01,589 - INFO - [LR]    [34/90] | Learning Rate: 0.000829
2026-03-08 04:01:31,097 - INFO - [Train] [34/90] | Loss: 0.3372 | Train Acc: 91.51%
2026-03-08 04:02:10,738 - INFO - [Valid] [34/90] | Loss: 0.3741 | Val Acc: 89.17%
2026-03-08 04:02:10,907 - INFO - [Metrics for 'Normal'] | Precision: 0.9168 | Recall: 0.8743 | F1: 0.8950
2026-03-08 04:02:10,907 - INFO - [Metrics for 'Defect'] | Precision: 0.8663 | Recall: 0.9112 | F1: 0.8881
2026-03-08 04:02:10,964 - INFO - --------------------------------------------------
2026-03-08 04:02:10,965 - INFO - [LR]    [35/90] | Learning Rate: 0.000815
2026-03-08 04:09:40,036 - INFO - [Train] [35/90] | Loss: 0.3356 | Train Acc: 91.64%
2026-03-08 04:10:19,774 - INFO - [Valid] [35/90] | Loss: 0.3720 | Val Acc: 89.40%
2026-03-08 04:10:19,941 - INFO - [Metrics for 'Normal'] | Precision: 0.9051 | Recall: 0.8930 | F1: 0.8990
2026-03-08 04:10:19,941 - INFO - [Metrics for 'Defect'] | Precision: 0.8820 | Recall: 0.8952 | F1: 0.8885
2026-03-08 04:10:20,000 - INFO - --------------------------------------------------
2026-03-08 04:10:20,001 - INFO - [LR]    [36/90] | Learning Rate: 0.000800
2026-03-08 04:17:47,976 - INFO - [Train] [36/90] | Loss: 0.3335 | Train Acc: 91.78%
2026-03-08 04:18:28,076 - INFO - [Valid] [36/90] | Loss: 0.3701 | Val Acc: 89.46%
2026-03-08 04:18:28,212 - INFO - [Metrics for 'Normal'] | Precision: 0.9127 | Recall: 0.8852 | F1: 0.8987
2026-03-08 04:18:28,212 - INFO - [Metrics for 'Defect'] | Precision: 0.8757 | Recall: 0.9052 | F1: 0.8902
2026-03-08 04:18:28,258 - INFO - --------------------------------------------------
2026-03-08 04:18:28,258 - INFO - [LR]    [37/90] | Learning Rate: 0.000785
2026-03-08 04:25:58,752 - INFO - [Train] [37/90] | Loss: 0.3316 | Train Acc: 91.89%
2026-03-08 04:26:38,896 - INFO - [Valid] [37/90] | Loss: 0.3692 | Val Acc: 89.44%
2026-03-08 04:26:39,033 - INFO - [Metrics for 'Normal'] | Precision: 0.9032 | Recall: 0.8962 | F1: 0.8997
2026-03-08 04:26:39,033 - INFO - [Metrics for 'Defect'] | Precision: 0.8848 | Recall: 0.8925 | F1: 0.8886
2026-03-08 04:26:39,079 - INFO - --------------------------------------------------
2026-03-08 04:26:39,079 - INFO - [LR]    [38/90] | Learning Rate: 0.000770
2026-03-08 04:34:07,862 - INFO - [Train] [38/90] | Loss: 0.3297 | Train Acc: 92.03%
2026-03-08 04:34:47,709 - INFO - [Valid] [38/90] | Loss: 0.3729 | Val Acc: 89.36%
2026-03-08 04:34:47,853 - INFO - [Metrics for 'Normal'] | Precision: 0.8925 | Recall: 0.9080 | F1: 0.9002
2026-03-08 04:34:47,853 - INFO - [Metrics for 'Defect'] | Precision: 0.8950 | Recall: 0.8776 | F1: 0.8862
2026-03-08 04:34:47,899 - INFO - --------------------------------------------------
2026-03-08 04:34:47,900 - INFO - [LR]    [39/90] | Learning Rate: 0.000754
2026-03-08 04:42:15,702 - INFO - [Train] [39/90] | Loss: 0.3279 | Train Acc: 92.17%
2026-03-08 04:42:55,066 - INFO - [Valid] [39/90] | Loss: 0.3787 | Val Acc: 89.06%
2026-03-08 04:42:55,204 - INFO - [Metrics for 'Normal'] | Precision: 0.9255 | Recall: 0.8622 | F1: 0.8927
2026-03-08 04:42:55,204 - INFO - [Metrics for 'Defect'] | Precision: 0.8568 | Recall: 0.9223 | F1: 0.8883
2026-03-08 04:42:55,251 - INFO - --------------------------------------------------
2026-03-08 04:42:55,251 - INFO - [LR]    [40/90] | Learning Rate: 0.000738
2026-03-08 04:50:24,966 - INFO - [Train] [40/90] | Loss: 0.3262 | Train Acc: 92.26%
2026-03-08 04:51:04,466 - INFO - [Valid] [40/90] | Loss: 0.3718 | Val Acc: 89.49%
2026-03-08 04:51:04,600 - INFO - [Metrics for 'Normal'] | Precision: 0.9139 | Recall: 0.8844 | F1: 0.8989
2026-03-08 04:51:04,600 - INFO - [Metrics for 'Defect'] | Precision: 0.8751 | Recall: 0.9067 | F1: 0.8906
2026-03-08 04:51:04,647 - INFO - --------------------------------------------------
2026-03-08 04:51:04,647 - INFO - [LR]    [41/90] | Learning Rate: 0.000722
2026-03-08 04:58:33,208 - INFO - [Train] [41/90] | Loss: 0.3243 | Train Acc: 92.40%
2026-03-08 04:59:13,427 - INFO - [Valid] [41/90] | Loss: 0.3706 | Val Acc: 89.51%
2026-03-08 04:59:13,605 - INFO - [Metrics for 'Normal'] | Precision: 0.9129 | Recall: 0.8860 | F1: 0.8992
2026-03-08 04:59:13,606 - INFO - [Metrics for 'Defect'] | Precision: 0.8765 | Recall: 0.9053 | F1: 0.8907
2026-03-08 04:59:13,665 - INFO - --------------------------------------------------
2026-03-08 04:59:13,666 - INFO - [LR]    [42/90] | Learning Rate: 0.000706
2026-03-08 05:06:40,881 - INFO - [Train] [42/90] | Loss: 0.3227 | Train Acc: 92.51%
2026-03-08 05:07:20,276 - INFO - [Valid] [42/90] | Loss: 0.3726 | Val Acc: 89.28%
2026-03-08 05:07:20,413 - INFO - [Metrics for 'Normal'] | Precision: 0.8982 | Recall: 0.8989 | F1: 0.8986
2026-03-08 05:07:20,413 - INFO - [Metrics for 'Defect'] | Precision: 0.8868 | Recall: 0.8859 | F1: 0.8864
2026-03-08 05:07:20,459 - INFO - --------------------------------------------------
2026-03-08 05:07:20,460 - INFO - [LR]    [43/90] | Learning Rate: 0.000689
2026-03-08 05:14:49,242 - INFO - [Train] [43/90] | Loss: 0.3208 | Train Acc: 92.65%
2026-03-08 05:15:29,101 - INFO - [Valid] [43/90] | Loss: 0.3741 | Val Acc: 89.32%
2026-03-08 05:15:29,239 - INFO - [Metrics for 'Normal'] | Precision: 0.8945 | Recall: 0.9044 | F1: 0.8994
2026-03-08 05:15:29,239 - INFO - [Metrics for 'Defect'] | Precision: 0.8917 | Recall: 0.8806 | F1: 0.8861
2026-03-08 05:15:29,286 - INFO - --------------------------------------------------
2026-03-08 05:15:29,286 - INFO - [LR]    [44/90] | Learning Rate: 0.000672
2026-03-08 05:22:59,442 - INFO - [Train] [44/90] | Loss: 0.3191 | Train Acc: 92.75%
2026-03-08 05:23:39,188 - INFO - [Valid] [44/90] | Loss: 0.3739 | Val Acc: 89.27%
2026-03-08 05:23:39,345 - INFO - [Metrics for 'Normal'] | Precision: 0.9034 | Recall: 0.8923 | F1: 0.8978
2026-03-08 05:23:39,345 - INFO - [Metrics for 'Defect'] | Precision: 0.8811 | Recall: 0.8932 | F1: 0.8871
2026-03-08 05:23:39,393 - INFO - --------------------------------------------------
2026-03-08 05:23:39,393 - INFO - [LR]    [45/90] | Learning Rate: 0.000655
2026-03-08 05:31:07,466 - INFO - [Train] [45/90] | Loss: 0.3173 | Train Acc: 92.88%
2026-03-08 05:31:47,093 - INFO - [Valid] [45/90] | Loss: 0.3749 | Val Acc: 89.32%
2026-03-08 05:31:47,239 - INFO - [Metrics for 'Normal'] | Precision: 0.8986 | Recall: 0.8992 | F1: 0.8989
2026-03-08 05:31:47,239 - INFO - [Metrics for 'Defect'] | Precision: 0.8871 | Recall: 0.8864 | F1: 0.8867
2026-03-08 05:31:47,286 - INFO - --------------------------------------------------
2026-03-08 05:31:47,286 - INFO - [LR]    [46/90] | Learning Rate: 0.000638
2026-03-08 05:39:14,781 - INFO - [Train] [46/90] | Loss: 0.3155 | Train Acc: 93.00%
2026-03-08 05:39:54,377 - INFO - [Valid] [46/90] | Loss: 0.3754 | Val Acc: 89.42%
2026-03-08 05:39:54,547 - INFO - [Metrics for 'Normal'] | Precision: 0.9032 | Recall: 0.8955 | F1: 0.8994
2026-03-08 05:39:54,547 - INFO - [Metrics for 'Defect'] | Precision: 0.8842 | Recall: 0.8926 | F1: 0.8884
2026-03-08 05:39:54,606 - INFO - --------------------------------------------------
2026-03-08 05:39:54,607 - INFO - [LR]    [47/90] | Learning Rate: 0.000620
2026-03-08 05:47:22,796 - INFO - [Train] [47/90] | Loss: 0.3139 | Train Acc: 93.12%
2026-03-08 05:48:02,274 - INFO - [Valid] [47/90] | Loss: 0.3756 | Val Acc: 89.27%
2026-03-08 05:48:02,427 - INFO - [Metrics for 'Normal'] | Precision: 0.9073 | Recall: 0.8876 | F1: 0.8973
2026-03-08 05:48:02,427 - INFO - [Metrics for 'Defect'] | Precision: 0.8771 | Recall: 0.8985 | F1: 0.8877
2026-03-08 05:48:02,475 - INFO - --------------------------------------------------
2026-03-08 05:48:02,475 - INFO - [LR]    [48/90] | Learning Rate: 0.000603
2026-03-08 05:55:30,211 - INFO - [Train] [48/90] | Loss: 0.3120 | Train Acc: 93.26%
2026-03-08 05:56:09,641 - INFO - [Valid] [48/90] | Loss: 0.3760 | Val Acc: 89.32%
2026-03-08 05:56:09,778 - INFO - [Metrics for 'Normal'] | Precision: 0.9061 | Recall: 0.8900 | F1: 0.8980
2026-03-08 05:56:09,778 - INFO - [Metrics for 'Defect'] | Precision: 0.8793 | Recall: 0.8968 | F1: 0.8880
2026-03-08 05:56:09,825 - INFO - --------------------------------------------------
2026-03-08 05:56:09,825 - INFO - [LR]    [49/90] | Learning Rate: 0.000585
2026-03-08 06:03:37,285 - INFO - [Train] [49/90] | Loss: 0.3102 | Train Acc: 93.39%
2026-03-08 06:04:16,897 - INFO - [Valid] [49/90] | Loss: 0.3795 | Val Acc: 89.21%
2026-03-08 06:04:17,081 - INFO - [Metrics for 'Normal'] | Precision: 0.9057 | Recall: 0.8882 | F1: 0.8968
2026-03-08 06:04:17,081 - INFO - [Metrics for 'Defect'] | Precision: 0.8775 | Recall: 0.8965 | F1: 0.8869
2026-03-08 06:04:17,142 - INFO - --------------------------------------------------
2026-03-08 06:04:17,143 - INFO - [LR]    [50/90] | Learning Rate: 0.000568
2026-03-08 06:11:45,075 - INFO - [Train] [50/90] | Loss: 0.3085 | Train Acc: 93.50%
2026-03-08 06:12:24,249 - INFO - [Valid] [50/90] | Loss: 0.3826 | Val Acc: 89.12%
2026-03-08 06:12:24,388 - INFO - [Metrics for 'Normal'] | Precision: 0.8923 | Recall: 0.9029 | F1: 0.8976
2026-03-08 06:12:24,388 - INFO - [Metrics for 'Defect'] | Precision: 0.8898 | Recall: 0.8780 | F1: 0.8839
2026-03-08 06:12:24,436 - INFO - --------------------------------------------------
2026-03-08 06:12:24,436 - INFO - [LR]    [51/90] | Learning Rate: 0.000550
2026-03-08 06:19:52,475 - INFO - [Train] [51/90] | Loss: 0.3066 | Train Acc: 93.61%
2026-03-08 06:20:31,832 - INFO - [Valid] [51/90] | Loss: 0.3806 | Val Acc: 89.16%
2026-03-08 06:20:32,005 - INFO - [Metrics for 'Normal'] | Precision: 0.8983 | Recall: 0.8963 | F1: 0.8973
2026-03-08 06:20:32,005 - INFO - [Metrics for 'Defect'] | Precision: 0.8842 | Recall: 0.8864 | F1: 0.8853
2026-03-08 06:20:32,064 - INFO - --------------------------------------------------
2026-03-08 06:20:32,065 - INFO - [LR]    [52/90] | Learning Rate: 0.000532
2026-03-08 06:27:59,039 - INFO - [Train] [52/90] | Loss: 0.3050 | Train Acc: 93.74%
2026-03-08 06:28:38,599 - INFO - [Valid] [52/90] | Loss: 0.3813 | Val Acc: 89.15%
2026-03-08 06:28:38,746 - INFO - [Metrics for 'Normal'] | Precision: 0.9080 | Recall: 0.8842 | F1: 0.8960
2026-03-08 06:28:38,746 - INFO - [Metrics for 'Defect'] | Precision: 0.8741 | Recall: 0.8997 | F1: 0.8867
2026-03-08 06:28:38,792 - INFO - --------------------------------------------------
2026-03-08 06:28:38,793 - INFO - [LR]    [53/90] | Learning Rate: 0.000515
2026-03-08 06:36:06,628 - INFO - [Train] [53/90] | Loss: 0.3034 | Train Acc: 93.85%
2026-03-08 06:36:46,302 - INFO - [Valid] [53/90] | Loss: 0.3829 | Val Acc: 89.11%
2026-03-08 06:36:46,440 - INFO - [Metrics for 'Normal'] | Precision: 0.8973 | Recall: 0.8965 | F1: 0.8969
2026-03-08 06:36:46,440 - INFO - [Metrics for 'Defect'] | Precision: 0.8843 | Recall: 0.8852 | F1: 0.8847
2026-03-08 06:36:46,487 - INFO - --------------------------------------------------
2026-03-08 06:36:46,487 - INFO - [LR]    [54/90] | Learning Rate: 0.000497
2026-03-08 06:44:12,516 - INFO - [Train] [54/90] | Loss: 0.3017 | Train Acc: 93.98%
2026-03-08 06:44:52,085 - INFO - [Valid] [54/90] | Loss: 0.3840 | Val Acc: 89.07%
2026-03-08 06:44:52,231 - INFO - [Metrics for 'Normal'] | Precision: 0.9040 | Recall: 0.8874 | F1: 0.8956
2026-03-08 06:44:52,232 - INFO - [Metrics for 'Defect'] | Precision: 0.8765 | Recall: 0.8945 | F1: 0.8854
2026-03-08 06:44:52,278 - INFO - --------------------------------------------------
2026-03-08 06:44:52,279 - INFO - [LR]    [55/90] | Learning Rate: 0.000480
2026-03-08 06:52:19,216 - INFO - [Train] [55/90] | Loss: 0.2998 | Train Acc: 94.07%
2026-03-08 06:52:58,759 - INFO - [Valid] [55/90] | Loss: 0.3897 | Val Acc: 88.79%
2026-03-08 06:52:58,896 - INFO - [Metrics for 'Normal'] | Precision: 0.9006 | Recall: 0.8854 | F1: 0.8929
2026-03-08 06:52:58,897 - INFO - [Metrics for 'Defect'] | Precision: 0.8741 | Recall: 0.8907 | F1: 0.8823
2026-03-08 06:52:58,944 - INFO - --------------------------------------------------
2026-03-08 06:52:58,944 - INFO - [LR]    [56/90] | Learning Rate: 0.000462
2026-03-08 07:00:26,798 - INFO - [Train] [56/90] | Loss: 0.2985 | Train Acc: 94.18%
2026-03-08 07:01:06,594 - INFO - [Valid] [56/90] | Loss: 0.3878 | Val Acc: 89.01%
2026-03-08 07:01:06,732 - INFO - [Metrics for 'Normal'] | Precision: 0.9102 | Recall: 0.8785 | F1: 0.8941
2026-03-08 07:01:06,732 - INFO - [Metrics for 'Defect'] | Precision: 0.8691 | Recall: 0.9030 | F1: 0.8857
2026-03-08 07:01:06,779 - INFO - --------------------------------------------------
2026-03-08 07:01:06,779 - INFO - [LR]    [57/90] | Learning Rate: 0.000445
2026-03-08 07:08:34,113 - INFO - [Train] [57/90] | Loss: 0.2964 | Train Acc: 94.30%
2026-03-08 07:09:13,506 - INFO - [Valid] [57/90] | Loss: 0.3876 | Val Acc: 89.06%
2026-03-08 07:09:13,654 - INFO - [Metrics for 'Normal'] | Precision: 0.9041 | Recall: 0.8869 | F1: 0.8954
2026-03-08 07:09:13,654 - INFO - [Metrics for 'Defect'] | Precision: 0.8761 | Recall: 0.8947 | F1: 0.8853
2026-03-08 07:09:13,701 - INFO - --------------------------------------------------
2026-03-08 07:09:13,701 - INFO - [LR]    [58/90] | Learning Rate: 0.000428
2026-03-08 07:16:40,586 - INFO - [Train] [58/90] | Loss: 0.2950 | Train Acc: 94.40%
2026-03-08 07:17:20,497 - INFO - [Valid] [58/90] | Loss: 0.3922 | Val Acc: 88.97%
2026-03-08 07:17:20,686 - INFO - [Metrics for 'Normal'] | Precision: 0.9174 | Recall: 0.8695 | F1: 0.8928
2026-03-08 07:17:20,686 - INFO - [Metrics for 'Defect'] | Precision: 0.8620 | Recall: 0.9124 | F1: 0.8865
2026-03-08 07:17:20,745 - INFO - --------------------------------------------------
2026-03-08 07:17:20,745 - INFO - [LR]    [59/90] | Learning Rate: 0.000411
2026-03-08 07:24:48,377 - INFO - [Train] [59/90] | Loss: 0.2934 | Train Acc: 94.50%
2026-03-08 07:25:27,628 - INFO - [Valid] [59/90] | Loss: 0.3923 | Val Acc: 88.96%
2026-03-08 07:25:27,828 - INFO - [Metrics for 'Normal'] | Precision: 0.9053 | Recall: 0.8834 | F1: 0.8942
2026-03-08 07:25:27,828 - INFO - [Metrics for 'Defect'] | Precision: 0.8729 | Recall: 0.8966 | F1: 0.8846
2026-03-08 07:25:27,890 - INFO - --------------------------------------------------
2026-03-08 07:25:27,891 - INFO - [LR]    [60/90] | Learning Rate: 0.000394
2026-03-08 07:32:54,492 - INFO - [Train] [60/90] | Loss: 0.2916 | Train Acc: 94.64%
2026-03-08 07:33:33,741 - INFO - [Valid] [60/90] | Loss: 0.3920 | Val Acc: 88.96%
2026-03-08 07:33:33,888 - INFO - [Metrics for 'Normal'] | Precision: 0.9044 | Recall: 0.8845 | F1: 0.8943
2026-03-08 07:33:33,888 - INFO - [Metrics for 'Defect'] | Precision: 0.8739 | Recall: 0.8953 | F1: 0.8845
2026-03-08 07:33:33,935 - INFO - --------------------------------------------------
2026-03-08 07:33:33,935 - INFO - [LR]    [61/90] | Learning Rate: 0.000378
2026-03-08 07:41:02,181 - INFO - [Train] [61/90] | Loss: 0.2902 | Train Acc: 94.73%
2026-03-08 07:41:41,612 - INFO - [Valid] [61/90] | Loss: 0.3911 | Val Acc: 89.13%
2026-03-08 07:41:41,760 - INFO - [Metrics for 'Normal'] | Precision: 0.9039 | Recall: 0.8887 | F1: 0.8962
2026-03-08 07:41:41,760 - INFO - [Metrics for 'Defect'] | Precision: 0.8777 | Recall: 0.8942 | F1: 0.8859
2026-03-08 07:41:41,806 - INFO - --------------------------------------------------
2026-03-08 07:41:41,807 - INFO - [LR]    [62/90] | Learning Rate: 0.000362
2026-03-08 07:49:09,211 - INFO - [Train] [62/90] | Loss: 0.2884 | Train Acc: 94.87%
2026-03-08 07:49:48,604 - INFO - [Valid] [62/90] | Loss: 0.3941 | Val Acc: 88.97%
2026-03-08 07:49:48,752 - INFO - [Metrics for 'Normal'] | Precision: 0.9001 | Recall: 0.8900 | F1: 0.8950
2026-03-08 07:49:48,752 - INFO - [Metrics for 'Defect'] | Precision: 0.8784 | Recall: 0.8894 | F1: 0.8839
2026-03-08 07:49:48,799 - INFO - --------------------------------------------------
2026-03-08 07:49:48,799 - INFO - [LR]    [63/90] | Learning Rate: 0.000346
2026-03-08 07:57:15,634 - INFO - [Train] [63/90] | Loss: 0.2870 | Train Acc: 94.95%
2026-03-08 07:57:54,890 - INFO - [Valid] [63/90] | Loss: 0.3950 | Val Acc: 88.95%
2026-03-08 07:57:55,038 - INFO - [Metrics for 'Normal'] | Precision: 0.8924 | Recall: 0.8992 | F1: 0.8958
2026-03-08 07:57:55,039 - INFO - [Metrics for 'Defect'] | Precision: 0.8862 | Recall: 0.8786 | F1: 0.8824
2026-03-08 07:57:55,086 - INFO - --------------------------------------------------
2026-03-08 07:57:55,086 - INFO - [LR]    [64/90] | Learning Rate: 0.000330
2026-03-08 08:05:25,617 - INFO - [Train] [64/90] | Loss: 0.2852 | Train Acc: 95.06%
2026-03-08 08:06:05,486 - INFO - [Valid] [64/90] | Loss: 0.3969 | Val Acc: 88.98%
2026-03-08 08:06:05,625 - INFO - [Metrics for 'Normal'] | Precision: 0.9030 | Recall: 0.8866 | F1: 0.8947
2026-03-08 08:06:05,625 - INFO - [Metrics for 'Defect'] | Precision: 0.8756 | Recall: 0.8934 | F1: 0.8844
2026-03-08 08:06:05,672 - INFO - --------------------------------------------------
2026-03-08 08:06:05,672 - INFO - [LR]    [65/90] | Learning Rate: 0.000315
2026-03-08 08:13:33,537 - INFO - [Train] [65/90] | Loss: 0.2838 | Train Acc: 95.14%
2026-03-08 08:14:12,585 - INFO - [Valid] [65/90] | Loss: 0.3971 | Val Acc: 88.88%
2026-03-08 08:14:12,744 - INFO - [Metrics for 'Normal'] | Precision: 0.9002 | Recall: 0.8879 | F1: 0.8940
2026-03-08 08:14:12,744 - INFO - [Metrics for 'Defect'] | Precision: 0.8765 | Recall: 0.8898 | F1: 0.8831
2026-03-08 08:14:12,792 - INFO - --------------------------------------------------
2026-03-08 08:14:12,792 - INFO - [LR]    [66/90] | Learning Rate: 0.000300
2026-03-08 08:21:38,889 - INFO - [Train] [66/90] | Loss: 0.2824 | Train Acc: 95.27%
2026-03-08 08:22:18,505 - INFO - [Valid] [66/90] | Loss: 0.4010 | Val Acc: 88.79%
2026-03-08 08:22:18,654 - INFO - [Metrics for 'Normal'] | Precision: 0.9047 | Recall: 0.8805 | F1: 0.8924
2026-03-08 08:22:18,654 - INFO - [Metrics for 'Defect'] | Precision: 0.8702 | Recall: 0.8961 | F1: 0.8830
2026-03-08 08:22:18,701 - INFO - --------------------------------------------------
2026-03-08 08:22:18,701 - INFO - [LR]    [67/90] | Learning Rate: 0.000285
2026-03-08 08:29:48,658 - INFO - [Train] [67/90] | Loss: 0.2807 | Train Acc: 95.37%
2026-03-08 08:30:28,392 - INFO - [Valid] [67/90] | Loss: 0.4060 | Val Acc: 88.53%
2026-03-08 08:30:28,540 - INFO - [Metrics for 'Normal'] | Precision: 0.9096 | Recall: 0.8692 | F1: 0.8890
2026-03-08 08:30:28,540 - INFO - [Metrics for 'Defect'] | Precision: 0.8606 | Recall: 0.9033 | F1: 0.8814
2026-03-08 08:30:28,587 - INFO - --------------------------------------------------
2026-03-08 08:30:28,588 - INFO - [LR]    [68/90] | Learning Rate: 0.000271
2026-03-08 08:37:56,239 - INFO - [Train] [68/90] | Loss: 0.2795 | Train Acc: 95.44%
2026-03-08 08:38:35,727 - INFO - [Valid] [68/90] | Loss: 0.4029 | Val Acc: 88.75%
2026-03-08 08:38:35,866 - INFO - [Metrics for 'Normal'] | Precision: 0.9055 | Recall: 0.8788 | F1: 0.8919
2026-03-08 08:38:35,866 - INFO - [Metrics for 'Defect'] | Precision: 0.8687 | Recall: 0.8973 | F1: 0.8828
2026-03-08 08:38:35,913 - INFO - --------------------------------------------------
2026-03-08 08:38:35,913 - INFO - [LR]    [69/90] | Learning Rate: 0.000258
2026-03-08 08:46:03,883 - INFO - [Train] [69/90] | Loss: 0.2779 | Train Acc: 95.54%
2026-03-08 08:46:43,436 - INFO - [Valid] [69/90] | Loss: 0.4032 | Val Acc: 88.78%
2026-03-08 08:46:43,575 - INFO - [Metrics for 'Normal'] | Precision: 0.8989 | Recall: 0.8873 | F1: 0.8931
2026-03-08 08:46:43,575 - INFO - [Metrics for 'Defect'] | Precision: 0.8756 | Recall: 0.8883 | F1: 0.8819
2026-03-08 08:46:43,623 - INFO - --------------------------------------------------
2026-03-08 08:46:43,623 - INFO - [LR]    [70/90] | Learning Rate: 0.000245
2026-03-08 08:54:10,134 - INFO - [Train] [70/90] | Loss: 0.2766 | Train Acc: 95.63%
2026-03-08 08:54:49,825 - INFO - [Valid] [70/90] | Loss: 0.4052 | Val Acc: 88.70%
2026-03-08 08:54:49,965 - INFO - [Metrics for 'Normal'] | Precision: 0.9010 | Recall: 0.8830 | F1: 0.8919
2026-03-08 08:54:49,965 - INFO - [Metrics for 'Defect'] | Precision: 0.8719 | Recall: 0.8914 | F1: 0.8815
2026-03-08 08:54:50,012 - INFO - --------------------------------------------------
2026-03-08 08:54:50,013 - INFO - [LR]    [71/90] | Learning Rate: 0.000232
2026-03-08 09:02:18,564 - INFO - [Train] [71/90] | Loss: 0.2752 | Train Acc: 95.73%
2026-03-08 09:02:57,526 - INFO - [Valid] [71/90] | Loss: 0.4074 | Val Acc: 88.67%
2026-03-08 09:02:57,696 - INFO - [Metrics for 'Normal'] | Precision: 0.8961 | Recall: 0.8884 | F1: 0.8923
2026-03-08 09:02:57,696 - INFO - [Metrics for 'Defect'] | Precision: 0.8763 | Recall: 0.8848 | F1: 0.8805
2026-03-08 09:02:57,757 - INFO - --------------------------------------------------
2026-03-08 09:02:57,758 - INFO - [LR]    [72/90] | Learning Rate: 0.000220
2026-03-08 09:10:25,567 - INFO - [Train] [72/90] | Loss: 0.2741 | Train Acc: 95.80%
2026-03-08 09:11:05,120 - INFO - [Valid] [72/90] | Loss: 0.4079 | Val Acc: 88.72%
2026-03-08 09:11:05,269 - INFO - [Metrics for 'Normal'] | Precision: 0.8971 | Recall: 0.8883 | F1: 0.8926
2026-03-08 09:11:05,269 - INFO - [Metrics for 'Defect'] | Precision: 0.8763 | Recall: 0.8859 | F1: 0.8811
2026-03-08 09:11:05,316 - INFO - --------------------------------------------------
2026-03-08 09:11:05,316 - INFO - [LR]    [73/90] | Learning Rate: 0.000208
2026-03-08 09:18:32,785 - INFO - [Train] [73/90] | Loss: 0.2729 | Train Acc: 95.89%
2026-03-08 09:19:12,367 - INFO - [Valid] [73/90] | Loss: 0.4124 | Val Acc: 88.50%
2026-03-08 09:19:12,507 - INFO - [Metrics for 'Normal'] | Precision: 0.9033 | Recall: 0.8761 | F1: 0.8895
2026-03-08 09:19:12,507 - INFO - [Metrics for 'Defect'] | Precision: 0.8659 | Recall: 0.8950 | F1: 0.8802
2026-03-08 09:19:12,555 - INFO - --------------------------------------------------
2026-03-08 09:19:12,556 - INFO - [LR]    [74/90] | Learning Rate: 0.000197
2026-03-08 09:26:40,677 - INFO - [Train] [74/90] | Loss: 0.2717 | Train Acc: 95.97%
2026-03-08 09:27:20,720 - INFO - [Valid] [74/90] | Loss: 0.4097 | Val Acc: 88.68%
2026-03-08 09:27:20,870 - INFO - [Metrics for 'Normal'] | Precision: 0.8907 | Recall: 0.8955 | F1: 0.8931
2026-03-08 09:27:20,870 - INFO - [Metrics for 'Defect'] | Precision: 0.8823 | Recall: 0.8770 | F1: 0.8796
2026-03-08 09:27:20,917 - INFO - --------------------------------------------------
2026-03-08 09:27:20,917 - INFO - [LR]    [75/90] | Learning Rate: 0.000186
2026-03-08 09:34:49,226 - INFO - [Train] [75/90] | Loss: 0.2705 | Train Acc: 96.04%
2026-03-08 09:35:28,974 - INFO - [Valid] [75/90] | Loss: 0.4132 | Val Acc: 88.51%
2026-03-08 09:35:29,123 - INFO - [Metrics for 'Normal'] | Precision: 0.8938 | Recall: 0.8879 | F1: 0.8909
2026-03-08 09:35:29,123 - INFO - [Metrics for 'Defect'] | Precision: 0.8755 | Recall: 0.8820 | F1: 0.8787
2026-03-08 09:35:29,171 - INFO - --------------------------------------------------
2026-03-08 09:35:29,171 - INFO - [LR]    [76/90] | Learning Rate: 0.000176
2026-03-08 09:42:56,623 - INFO - [Train] [76/90] | Loss: 0.2695 | Train Acc: 96.11%
2026-03-08 09:43:36,098 - INFO - [Valid] [76/90] | Loss: 0.4135 | Val Acc: 88.61%
2026-03-08 09:43:36,286 - INFO - [Metrics for 'Normal'] | Precision: 0.9029 | Recall: 0.8788 | F1: 0.8907
2026-03-08 09:43:36,286 - INFO - [Metrics for 'Defect'] | Precision: 0.8683 | Recall: 0.8942 | F1: 0.8811
2026-03-08 09:43:36,348 - INFO - --------------------------------------------------
2026-03-08 09:43:36,348 - INFO - [LR]    [77/90] | Learning Rate: 0.000166
2026-03-08 09:51:03,530 - INFO - [Train] [77/90] | Loss: 0.2681 | Train Acc: 96.21%
2026-03-08 09:51:43,164 - INFO - [Valid] [77/90] | Loss: 0.4139 | Val Acc: 88.56%
2026-03-08 09:51:43,352 - INFO - [Metrics for 'Normal'] | Precision: 0.9038 | Recall: 0.8767 | F1: 0.8901
2026-03-08 09:51:43,352 - INFO - [Metrics for 'Defect'] | Precision: 0.8665 | Recall: 0.8956 | F1: 0.8808
2026-03-08 09:51:43,412 - INFO - --------------------------------------------------
2026-03-08 09:51:43,413 - INFO - [LR]    [78/90] | Learning Rate: 0.000157
2026-03-08 09:59:11,636 - INFO - [Train] [78/90] | Loss: 0.2674 | Train Acc: 96.25%
2026-03-08 09:59:51,252 - INFO - [Valid] [78/90] | Loss: 0.4168 | Val Acc: 88.53%
2026-03-08 09:59:51,442 - INFO - [Metrics for 'Normal'] | Precision: 0.8935 | Recall: 0.8888 | F1: 0.8911
2026-03-08 09:59:51,442 - INFO - [Metrics for 'Defect'] | Precision: 0.8763 | Recall: 0.8814 | F1: 0.8788
2026-03-08 09:59:51,509 - INFO - --------------------------------------------------
2026-03-08 09:59:51,510 - INFO - [LR]    [79/90] | Learning Rate: 0.000149
2026-03-08 10:07:18,635 - INFO - [Train] [79/90] | Loss: 0.2665 | Train Acc: 96.32%
2026-03-08 10:07:58,027 - INFO - [Valid] [79/90] | Loss: 0.4158 | Val Acc: 88.52%
2026-03-08 10:07:58,177 - INFO - [Metrics for 'Normal'] | Precision: 0.8948 | Recall: 0.8869 | F1: 0.8908
2026-03-08 10:07:58,177 - INFO - [Metrics for 'Defect'] | Precision: 0.8747 | Recall: 0.8833 | F1: 0.8789
2026-03-08 10:07:58,224 - INFO - --------------------------------------------------
2026-03-08 10:07:58,224 - INFO - [LR]    [80/90] | Learning Rate: 0.000141
2026-03-08 10:15:24,508 - INFO - [Train] [80/90] | Loss: 0.2655 | Train Acc: 96.39%
2026-03-08 10:16:03,358 - INFO - [Valid] [80/90] | Loss: 0.4201 | Val Acc: 88.49%
2026-03-08 10:16:03,496 - INFO - [Metrics for 'Normal'] | Precision: 0.8974 | Recall: 0.8830 | F1: 0.8901
2026-03-08 10:16:03,496 - INFO - [Metrics for 'Defect'] | Precision: 0.8713 | Recall: 0.8871 | F1: 0.8791
2026-03-08 10:16:03,544 - INFO - --------------------------------------------------
2026-03-08 10:16:03,545 - INFO - [LR]    [81/90] | Learning Rate: 0.000134
2026-03-08 10:23:30,733 - INFO - [Train] [81/90] | Loss: 0.2646 | Train Acc: 96.43%
2026-03-08 10:24:09,862 - INFO - [Valid] [81/90] | Loss: 0.4193 | Val Acc: 88.63%
2026-03-08 10:24:10,013 - INFO - [Metrics for 'Normal'] | Precision: 0.8989 | Recall: 0.8841 | F1: 0.8915
2026-03-08 10:24:10,013 - INFO - [Metrics for 'Defect'] | Precision: 0.8727 | Recall: 0.8887 | F1: 0.8806
2026-03-08 10:24:10,061 - INFO - --------------------------------------------------
2026-03-08 10:24:10,061 - INFO - [LR]    [82/90] | Learning Rate: 0.000128
2026-03-08 10:31:35,731 - INFO - [Train] [82/90] | Loss: 0.2638 | Train Acc: 96.50%
2026-03-08 10:32:15,608 - INFO - [Valid] [82/90] | Loss: 0.4206 | Val Acc: 88.51%
2026-03-08 10:32:15,757 - INFO - [Metrics for 'Normal'] | Precision: 0.8978 | Recall: 0.8828 | F1: 0.8903
2026-03-08 10:32:15,757 - INFO - [Metrics for 'Defect'] | Precision: 0.8713 | Recall: 0.8876 | F1: 0.8794
2026-03-08 10:32:15,805 - INFO - --------------------------------------------------
2026-03-08 10:32:15,805 - INFO - [LR]    [83/90] | Learning Rate: 0.000122
2026-03-08 10:39:42,803 - INFO - [Train] [83/90] | Loss: 0.2630 | Train Acc: 96.53%
2026-03-08 10:40:22,077 - INFO - [Valid] [83/90] | Loss: 0.4204 | Val Acc: 88.53%
2026-03-08 10:40:22,229 - INFO - [Metrics for 'Normal'] | Precision: 0.8962 | Recall: 0.8854 | F1: 0.8907
2026-03-08 10:40:22,229 - INFO - [Metrics for 'Defect'] | Precision: 0.8734 | Recall: 0.8852 | F1: 0.8793
2026-03-08 10:40:22,278 - INFO - --------------------------------------------------
2026-03-08 10:40:22,278 - INFO - [LR]    [84/90] | Learning Rate: 0.000117
2026-03-08 10:47:49,908 - INFO - [Train] [84/90] | Loss: 0.2623 | Train Acc: 96.59%
2026-03-08 10:48:29,286 - INFO - [Valid] [84/90] | Loss: 0.4226 | Val Acc: 88.55%
2026-03-08 10:48:29,425 - INFO - [Metrics for 'Normal'] | Precision: 0.8957 | Recall: 0.8864 | F1: 0.8910
2026-03-08 10:48:29,425 - INFO - [Metrics for 'Defect'] | Precision: 0.8744 | Recall: 0.8845 | F1: 0.8794
2026-03-08 10:48:29,473 - INFO - --------------------------------------------------
2026-03-08 10:48:29,473 - INFO - [LR]    [85/90] | Learning Rate: 0.000112
2026-03-08 10:55:55,889 - INFO - [Train] [85/90] | Loss: 0.2618 | Train Acc: 96.62%
2026-03-08 10:56:35,396 - INFO - [Valid] [85/90] | Loss: 0.4245 | Val Acc: 88.56%
2026-03-08 10:56:35,570 - INFO - [Metrics for 'Normal'] | Precision: 0.8981 | Recall: 0.8838 | F1: 0.8909
2026-03-08 10:56:35,570 - INFO - [Metrics for 'Defect'] | Precision: 0.8722 | Recall: 0.8877 | F1: 0.8799
2026-03-08 10:56:35,631 - INFO - --------------------------------------------------
2026-03-08 10:56:35,631 - INFO - [LR]    [86/90] | Learning Rate: 0.000109
2026-03-08 11:04:03,059 - INFO - [Train] [86/90] | Loss: 0.2612 | Train Acc: 96.66%
2026-03-08 11:04:42,451 - INFO - [Valid] [86/90] | Loss: 0.4236 | Val Acc: 88.50%
2026-03-08 11:04:42,600 - INFO - [Metrics for 'Normal'] | Precision: 0.8964 | Recall: 0.8846 | F1: 0.8904
2026-03-08 11:04:42,600 - INFO - [Metrics for 'Defect'] | Precision: 0.8727 | Recall: 0.8855 | F1: 0.8791
2026-03-08 11:04:42,648 - INFO - --------------------------------------------------
2026-03-08 11:04:42,648 - INFO - [LR]    [87/90] | Learning Rate: 0.000106
2026-03-08 11:12:09,376 - INFO - [Train] [87/90] | Loss: 0.2609 | Train Acc: 96.68%
2026-03-08 11:12:48,757 - INFO - [Valid] [87/90] | Loss: 0.4221 | Val Acc: 88.56%
2026-03-08 11:12:48,938 - INFO - [Metrics for 'Normal'] | Precision: 0.8967 | Recall: 0.8853 | F1: 0.8910
2026-03-08 11:12:48,938 - INFO - [Metrics for 'Defect'] | Precision: 0.8735 | Recall: 0.8859 | F1: 0.8796
2026-03-08 11:12:49,003 - INFO - --------------------------------------------------
2026-03-08 11:12:49,003 - INFO - [LR]    [88/90] | Learning Rate: 0.000103
2026-03-08 11:20:15,227 - INFO - [Train] [88/90] | Loss: 0.2601 | Train Acc: 96.73%
2026-03-08 11:20:54,776 - INFO - [Valid] [88/90] | Loss: 0.4257 | Val Acc: 88.45%
2026-03-08 11:20:54,926 - INFO - [Metrics for 'Normal'] | Precision: 0.8946 | Recall: 0.8857 | F1: 0.8901
2026-03-08 11:20:54,926 - INFO - [Metrics for 'Defect'] | Precision: 0.8734 | Recall: 0.8832 | F1: 0.8783
2026-03-08 11:20:54,973 - INFO - --------------------------------------------------
2026-03-08 11:20:54,974 - INFO - [LR]    [89/90] | Learning Rate: 0.000101
2026-03-08 11:28:21,606 - INFO - [Train] [89/90] | Loss: 0.2600 | Train Acc: 96.73%
2026-03-08 11:29:00,987 - INFO - [Valid] [89/90] | Loss: 0.4259 | Val Acc: 88.54%
2026-03-08 11:29:01,139 - INFO - [Metrics for 'Normal'] | Precision: 0.8959 | Recall: 0.8858 | F1: 0.8908
2026-03-08 11:29:01,139 - INFO - [Metrics for 'Defect'] | Precision: 0.8738 | Recall: 0.8848 | F1: 0.8793
2026-03-08 11:29:01,187 - INFO - --------------------------------------------------
2026-03-08 11:29:01,188 - INFO - [LR]    [90/90] | Learning Rate: 0.000100
2026-03-08 11:36:29,450 - INFO - [Train] [90/90] | Loss: 0.2594 | Train Acc: 96.78%
2026-03-08 11:37:08,758 - INFO - [Valid] [90/90] | Loss: 0.4269 | Val Acc: 88.47%
2026-03-08 11:37:08,947 - INFO - [Metrics for 'Normal'] | Precision: 0.8956 | Recall: 0.8849 | F1: 0.8902
2026-03-08 11:37:08,947 - INFO - [Metrics for 'Defect'] | Precision: 0.8728 | Recall: 0.8846 | F1: 0.8787
2026-03-08 11:37:09,017 - INFO - ==================================================
2026-03-08 11:37:09,017 - INFO - 훈련 완료. 최고 성능 모델을 불러와 테스트 세트로 최종 평가합니다.
2026-03-08 11:37:09,017 - INFO - 최종 평가를 위해 새로운 모델 객체를 생성합니다.
2026-03-08 11:37:09,017 - INFO - Baseline 모델 'deit_tiny'을(를) 생성합니다 (사전 훈련 가중치: 미사용).
2026-03-08 11:37:09,052 - INFO - timm 모델(deit_tiny)의 Attention.forward를 Pruning 호환성을 위해 Monkey-patching 합니다.
2026-03-08 11:37:09,052 - INFO - 최종 평가 모델에 Pruning 구조를 재적용합니다.
2026-03-08 11:37:09,333 - INFO - torch-pruning을 사용한 L1 Norm Pruning을 시작합니다.
2026-03-08 11:37:09,333 - INFO - 분류 레이어 'Linear'을(를) Pruning 대상에서 제외합니다.
2026-03-08 11:37:09,333 - INFO - ViT 계열 모델의 모든 qkv 레이어를 Pruning 대상에서 제외합니다.
2026-03-08 11:37:09,421 - INFO - 저장된 pruning_history를 사용해 Pruning 구조를 재현했습니다.
2026-03-08 11:37:09,422 - INFO - torch-pruning 완료. 모델 구조가 희소도(0.7821)에 맞춰 변경되었습니다.
2026-03-08 11:37:09,422 - INFO - ==================================================
2026-03-08 11:37:09,435 - INFO - 최고 성능 모델 가중치를 새로 생성된 모델 객체에 로드 완료: 'log/Sewer_ML_flops/baseline_deit_tiny_l1_20260307_232139/best_model.pth'
2026-03-08 11:37:09,435 - INFO - ==================================================
2026-03-08 11:37:09,435 - INFO - Test 모드를 시작합니다.
2026-03-08 11:37:09,436 - INFO - FLOPs 및 MACs 측정을 시작합니다...
2026-03-08 11:37:09,454 - INFO - Model FLOPs: 0.2260 GFLOPs
2026-03-08 11:37:09,455 - INFO - Model MACs: 0.1130 GMACs
2026-03-08 11:37:09,639 - INFO - 테스트 데이터셋에 대한 추론을 시작합니다.
2026-03-08 11:37:49,426 - INFO - [Test] Loss: 0.2750 | Test Acc: 89.44%
2026-03-08 11:37:49,591 - INFO - [Metrics for 'Normal'] | Precision: 0.9018 | Recall: 0.8977 | F1: 0.8998
2026-03-08 11:37:49,591 - INFO - [Metrics for 'Defect'] | Precision: 0.8861 | Recall: 0.8906 | F1: 0.8884
2026-03-08 11:37:49,884 - INFO - ==================================================
2026-03-08 11:37:49,885 - INFO - 혼동 행렬 저장 완료. 'log/Sewer_ML_flops/baseline_deit_tiny_l1_20260307_232139/confusion_matrix_20260307_232139.png' and 'log/Sewer_ML_flops/baseline_deit_tiny_l1_20260307_232139/confusion_matrix_20260307_232139.pdf'
2026-03-08 11:37:50,002 - INFO - Val Acc 그래프 저장 완료: 'log/Sewer_ML_flops/baseline_deit_tiny_l1_20260307_232139/graph_20260307_232139/val_acc.png' and 'log/Sewer_ML_flops/baseline_deit_tiny_l1_20260307_232139/graph_20260307_232139/val_acc.pdf'
2026-03-08 11:37:50,131 - INFO - Train/Val Acc 그래프 저장 완료: 'log/Sewer_ML_flops/baseline_deit_tiny_l1_20260307_232139/graph_20260307_232139/train_val_acc.png' and 'log/Sewer_ML_flops/baseline_deit_tiny_l1_20260307_232139/graph_20260307_232139/train_val_acc.pdf'
2026-03-08 11:37:50,235 - INFO - F1 (Normal) 그래프 저장 완료: 'log/Sewer_ML_flops/baseline_deit_tiny_l1_20260307_232139/graph_20260307_232139/F1_normal.png' and 'log/Sewer_ML_flops/baseline_deit_tiny_l1_20260307_232139/graph_20260307_232139/F1_normal.pdf'
2026-03-08 11:37:50,345 - INFO - Validation Loss 그래프 저장 완료: 'log/Sewer_ML_flops/baseline_deit_tiny_l1_20260307_232139/graph_20260307_232139/val_loss.png' and 'log/Sewer_ML_flops/baseline_deit_tiny_l1_20260307_232139/graph_20260307_232139/val_loss.pdf'
2026-03-08 11:37:50,453 - INFO - Learning Rate 그래프 저장 완료: 'log/Sewer_ML_flops/baseline_deit_tiny_l1_20260307_232139/graph_20260307_232139/learning_rate.png' and 'log/Sewer_ML_flops/baseline_deit_tiny_l1_20260307_232139/graph_20260307_232139/learning_rate.pdf'
2026-03-08 11:38:13,725 - INFO - 종합 그래프 저장 완료: 'log/Sewer_ML_flops/baseline_deit_tiny_l1_20260307_232139/graph_20260307_232139/compile.png' and 'log/Sewer_ML_flops/baseline_deit_tiny_l1_20260307_232139/graph_20260307_232139/compile.pdf'
