2026-03-07 10:06:21,618 - INFO - 로그 파일이 'log/Sewer_ML_flops/baseline_xie2019_l1_20260307_100621/log_20260307_100621.log'에 저장됩니다.
2026-03-07 10:06:21,620 - INFO - ==================================================
2026-03-07 10:06:21,620 - INFO - config.yaml:
2026-03-07 10:06:21,620 - INFO - 
run:
  global_seed: 42
  cuda: true
  mode: train
  pth_best_name: best_model.pth
  only_inference: false
  show_log: true
  dataset:
    name: Sewer_ML_flops
    type: csv
    train_split_ratio: 0.8
    paths:
      train_img_dir: /home/tai/workspace/ssd1/data/Sewer/Sewer-ML/train
      valid_img_dir: /home/tai/workspace/ssd1/data/Sewer/Sewer-ML/valid
      test_img_dir: /home/tai/workspace/ssd1/data/Sewer/Sewer-ML/valid
      train_csv: /home/tai/workspace/ssd1/data/Sewer/Sewer-ML/SewerML_Train.csv
      valid_csv: /home/tai/workspace/ssd1/data/Sewer/Sewer-ML/SewerML_Val.csv
      test_csv: /home/tai/workspace/ssd1/data/Sewer/Sewer-ML/SewerML_Val.csv
      img_folder: /home/tai/workspace/ssd1/data/Sewer/Sewer-TAPNEW
  random_sampling_ratio:
    train: 1.0
    valid: 1.0
    test: 1.0
  num_workers: 16
model:
  img_size: 224
  num_patches_per_side: 7
  num_decoder_patches: 1
  num_decoder_layers: 6
  num_heads: 4
  cnn_feature_extractor:
    name: custom32
  encoder_dim: 32
  emb_dim: 32
  adaptive_initial_query: true
  decoder_ff_ratio: 2
  dropout: 0.1
  positional_encoding: true
  drop_path_ratio: 0.2
  visualize_attention: true
  num_plot_attention: 1500
training_main:
  epochs: 10
  batch_size: 256
  pre_trained: false
  optimizer: adamw
  lr: 0.001
  weight_decay: 0.0001
  loss_function: CrossEntropyLoss
  label_smoothing: 0.1
  scheduler: cosineannealinglr
  scheduler_params:
    T_max: 10
    eta_min: 0.0001
  best_model_criterion: val_loss
training_baseline:
  model_name: xie2019
  epochs: 10
  batch_size: 256
  pre_trained: false
  optimizer: adamw
  lr: 0.001
  weight_decay: 0.0001
  loss_function: CrossEntropyLoss
  label_smoothing: 0.1
  scheduler: cosineannealinglr
  scheduler_params:
    T_max: 10
    eta_min: 0.0001
  best_model_criterion: val_loss
finetuning_pruned:
  epochs: 80
  batch_size: 256
  optimizer: adamw
  lr: 0.001
  weight_decay: 0.0001
  loss_function: CrossEntropyLoss
  label_smoothing: 0.1
  scheduler: cosineannealinglr
  scheduler_params:
    T_max: 80
    eta_min: 0.0001
  best_model_criterion: val_loss
  use_l1_pruning: true
  pruning_sparsity: 0.8914
  exclude_attention_qkv_pruning: true
  exclude_embedding_bridge_pruning: true
  exclude_learnable_queries_pruning: true

2026-03-07 10:06:21,620 - INFO - ==================================================
2026-03-07 10:06:21,759 - INFO - CUDA 사용 가능. GPU 사용을 시작합니다. (Device: NVIDIA GeForce RTX 5090)
2026-03-07 10:06:21,760 - INFO - 'Sewer_ML_flops' 데이터 로드를 시작합니다 (Type: csv).
2026-03-07 10:06:22,315 - INFO - 데이터셋 클래스: ['Normal', 'Defect'] (총 2개)
2026-03-07 10:06:22,315 - INFO - 훈련 데이터: 1040129개, 검증 데이터: 130046개, 테스트 데이터: 130046개
2026-03-07 10:06:22,315 - INFO - Baseline 모델 'xie2019'을(를) 생성합니다 (사전 훈련 가중치: 미사용).
2026-03-07 10:06:22,396 - INFO - ==================================================
2026-03-07 10:06:22,396 - INFO - 모델 파라미터 수:
2026-03-07 10:06:22,396 - INFO -   - 총 파라미터: 9,160,194 개
2026-03-07 10:06:22,396 - INFO -   - 학습 가능한 파라미터: 9,160,194 개
2026-03-07 10:06:22,396 - INFO - ================================================================================
2026-03-07 10:06:22,396 - INFO - 단계 1/2: 사전 훈련(Pre-training)을 시작합니다.
2026-03-07 10:06:22,396 - INFO - ================================================================================
2026-03-07 10:06:22,396 - INFO - 옵티마이저: AdamW (lr=0.001, weight_decay=0.0001)
2026-03-07 10:06:22,396 - INFO - 스케줄러: CosineAnnealingLR (T_max=10, eta_min=0.0001)
2026-03-07 10:06:22,396 - INFO - ==================================================
2026-03-07 10:06:22,396 - INFO - train 모드를 시작합니다.
2026-03-07 10:06:22,396 - INFO - 손실 함수: CrossEntropyLoss (label_smoothing: 0.1)
2026-03-07 10:06:22,396 - INFO - Best metric을 초기값(inf)으로 설정합니다.
2026-03-07 10:06:22,396 - INFO - --------------------------------------------------
2026-03-07 10:06:22,396 - INFO - [LR]    [1/10] | Learning Rate: 0.001000
2026-03-07 10:13:46,919 - INFO - [Train] [1/10] | Loss: 0.4745 | Train Acc: 82.08%
2026-03-07 10:14:27,294 - INFO - [Valid] [1/10] | Loss: 0.4476 | Val Acc: 84.02%
2026-03-07 10:14:27,466 - INFO - [Metrics for 'Normal'] | Precision: 0.8300 | Recall: 0.8771 | F1: 0.8529
2026-03-07 10:14:27,468 - INFO - [Metrics for 'Defect'] | Precision: 0.8531 | Recall: 0.7989 | F1: 0.8251
2026-03-07 10:14:27,580 - INFO - [Best Model Saved] (val loss: 0.4476) -> 'log/Sewer_ML_flops/baseline_xie2019_l1_20260307_100621/best_model.pth'
2026-03-07 10:14:27,581 - INFO - --------------------------------------------------
2026-03-07 10:14:27,581 - INFO - [LR]    [2/10] | Learning Rate: 0.000978
2026-03-07 10:21:55,486 - INFO - [Train] [2/10] | Loss: 0.4467 | Train Acc: 84.31%
2026-03-07 10:22:36,021 - INFO - [Valid] [2/10] | Loss: 0.4280 | Val Acc: 85.91%
2026-03-07 10:22:36,194 - INFO - [Metrics for 'Normal'] | Precision: 0.8698 | Recall: 0.8622 | F1: 0.8660
2026-03-07 10:22:36,194 - INFO - [Metrics for 'Defect'] | Precision: 0.8473 | Recall: 0.8556 | F1: 0.8514
2026-03-07 10:22:36,309 - INFO - [Best Model Saved] (val loss: 0.4280) -> 'log/Sewer_ML_flops/baseline_xie2019_l1_20260307_100621/best_model.pth'
2026-03-07 10:22:36,309 - INFO - --------------------------------------------------
2026-03-07 10:22:36,309 - INFO - [LR]    [3/10] | Learning Rate: 0.000914
2026-03-07 10:30:05,027 - INFO - [Train] [3/10] | Loss: 0.4367 | Train Acc: 85.12%
2026-03-07 10:30:45,455 - INFO - [Valid] [3/10] | Loss: 0.4227 | Val Acc: 86.54%
2026-03-07 10:30:45,629 - INFO - [Metrics for 'Normal'] | Precision: 0.8699 | Recall: 0.8762 | F1: 0.8731
2026-03-07 10:30:45,629 - INFO - [Metrics for 'Defect'] | Precision: 0.8603 | Recall: 0.8534 | F1: 0.8568
2026-03-07 10:30:45,745 - INFO - [Best Model Saved] (val loss: 0.4227) -> 'log/Sewer_ML_flops/baseline_xie2019_l1_20260307_100621/best_model.pth'
2026-03-07 10:30:45,745 - INFO - --------------------------------------------------
2026-03-07 10:30:45,745 - INFO - [LR]    [4/10] | Learning Rate: 0.000815
2026-03-07 10:38:16,761 - INFO - [Train] [4/10] | Loss: 0.4284 | Train Acc: 85.69%
2026-03-07 10:38:56,955 - INFO - [Valid] [4/10] | Loss: 0.4161 | Val Acc: 86.87%
2026-03-07 10:38:57,098 - INFO - [Metrics for 'Normal'] | Precision: 0.8861 | Recall: 0.8623 | F1: 0.8740
2026-03-07 10:38:57,098 - INFO - [Metrics for 'Defect'] | Precision: 0.8504 | Recall: 0.8760 | F1: 0.8630
2026-03-07 10:38:57,214 - INFO - [Best Model Saved] (val loss: 0.4161) -> 'log/Sewer_ML_flops/baseline_xie2019_l1_20260307_100621/best_model.pth'
2026-03-07 10:38:57,214 - INFO - --------------------------------------------------
2026-03-07 10:38:57,214 - INFO - [LR]    [5/10] | Learning Rate: 0.000689
2026-03-07 10:46:29,332 - INFO - [Train] [5/10] | Loss: 0.4207 | Train Acc: 86.25%
2026-03-07 10:47:10,189 - INFO - [Valid] [5/10] | Loss: 0.4191 | Val Acc: 86.33%
2026-03-07 10:47:10,325 - INFO - [Metrics for 'Normal'] | Precision: 0.8470 | Recall: 0.9045 | F1: 0.8748
2026-03-07 10:47:10,325 - INFO - [Metrics for 'Defect'] | Precision: 0.8843 | Recall: 0.8171 | F1: 0.8494
2026-03-07 10:47:10,371 - INFO - --------------------------------------------------
2026-03-07 10:47:10,371 - INFO - [LR]    [6/10] | Learning Rate: 0.000550
2026-03-07 10:54:43,044 - INFO - [Train] [6/10] | Loss: 0.4136 | Train Acc: 86.72%
2026-03-07 10:55:23,905 - INFO - [Valid] [6/10] | Loss: 0.4040 | Val Acc: 87.36%
2026-03-07 10:55:24,081 - INFO - [Metrics for 'Normal'] | Precision: 0.8675 | Recall: 0.8979 | F1: 0.8824
2026-03-07 10:55:24,081 - INFO - [Metrics for 'Defect'] | Precision: 0.8810 | Recall: 0.8465 | F1: 0.8634
2026-03-07 10:55:24,171 - INFO - [Best Model Saved] (val loss: 0.4040) -> 'log/Sewer_ML_flops/baseline_xie2019_l1_20260307_100621/best_model.pth'
2026-03-07 10:55:24,171 - INFO - --------------------------------------------------
2026-03-07 10:55:24,171 - INFO - [LR]    [7/10] | Learning Rate: 0.000411
2026-03-07 11:02:55,440 - INFO - [Train] [7/10] | Loss: 0.4058 | Train Acc: 87.25%
2026-03-07 11:03:36,071 - INFO - [Valid] [7/10] | Loss: 0.4078 | Val Acc: 87.72%
2026-03-07 11:03:36,214 - INFO - [Metrics for 'Normal'] | Precision: 0.8722 | Recall: 0.8992 | F1: 0.8855
2026-03-07 11:03:36,214 - INFO - [Metrics for 'Defect'] | Precision: 0.8832 | Recall: 0.8525 | F1: 0.8676
2026-03-07 11:03:36,259 - INFO - --------------------------------------------------
2026-03-07 11:03:36,259 - INFO - [LR]    [8/10] | Learning Rate: 0.000285
2026-03-07 11:11:07,526 - INFO - [Train] [8/10] | Loss: 0.3988 | Train Acc: 87.67%
2026-03-07 11:11:48,619 - INFO - [Valid] [8/10] | Loss: 0.3977 | Val Acc: 88.28%
2026-03-07 11:11:48,763 - INFO - [Metrics for 'Normal'] | Precision: 0.8916 | Recall: 0.8859 | F1: 0.8887
2026-03-07 11:11:48,763 - INFO - [Metrics for 'Defect'] | Precision: 0.8732 | Recall: 0.8794 | F1: 0.8763
2026-03-07 11:11:48,877 - INFO - [Best Model Saved] (val loss: 0.3977) -> 'log/Sewer_ML_flops/baseline_xie2019_l1_20260307_100621/best_model.pth'
2026-03-07 11:11:48,877 - INFO - --------------------------------------------------
2026-03-07 11:11:48,877 - INFO - [LR]    [9/10] | Learning Rate: 0.000186
2026-03-07 11:19:22,253 - INFO - [Train] [9/10] | Loss: 0.3932 | Train Acc: 88.04%
2026-03-07 11:20:03,026 - INFO - [Valid] [9/10] | Loss: 0.3896 | Val Acc: 88.57%
2026-03-07 11:20:03,170 - INFO - [Metrics for 'Normal'] | Precision: 0.8915 | Recall: 0.8921 | F1: 0.8918
2026-03-07 11:20:03,170 - INFO - [Metrics for 'Defect'] | Precision: 0.8791 | Recall: 0.8785 | F1: 0.8788
2026-03-07 11:20:03,237 - INFO - [Best Model Saved] (val loss: 0.3896) -> 'log/Sewer_ML_flops/baseline_xie2019_l1_20260307_100621/best_model.pth'
2026-03-07 11:20:03,237 - INFO - --------------------------------------------------
2026-03-07 11:20:03,237 - INFO - [LR]    [10/10] | Learning Rate: 0.000122
2026-03-07 11:27:36,539 - INFO - [Train] [10/10] | Loss: 0.3886 | Train Acc: 88.35%
2026-03-07 11:28:17,357 - INFO - [Valid] [10/10] | Loss: 0.3880 | Val Acc: 88.67%
2026-03-07 11:28:17,532 - INFO - [Metrics for 'Normal'] | Precision: 0.8994 | Recall: 0.8844 | F1: 0.8918
2026-03-07 11:28:17,532 - INFO - [Metrics for 'Defect'] | Precision: 0.8729 | Recall: 0.8892 | F1: 0.8810
2026-03-07 11:28:17,657 - INFO - [Best Model Saved] (val loss: 0.3880) -> 'log/Sewer_ML_flops/baseline_xie2019_l1_20260307_100621/best_model.pth'
2026-03-07 11:28:17,659 - INFO - ================================================================================
2026-03-07 11:28:17,659 - INFO - 단계 2/2: Pruning 및 미세 조정(Fine-tuning)을 시작합니다.
2026-03-07 11:28:17,659 - INFO - ================================================================================
2026-03-07 11:28:17,669 - INFO - 사전 훈련된 모델 'log/Sewer_ML_flops/baseline_xie2019_l1_20260307_100621/best_model.pth'을(를) 불러왔습니다.
2026-03-07 11:28:17,681 - INFO - Pruning 전 원본 모델의 FLOPs를 측정합니다.
2026-03-07 11:28:17,684 - INFO - torch-pruning을 사용한 L1 Norm Pruning을 시작합니다.
2026-03-07 11:28:17,684 - INFO - 분류 레이어 'Linear'을(를) Pruning 대상에서 제외합니다.
2026-03-07 11:28:17,887 - INFO - torch-pruning 완료. 모델 구조가 희소도(0.8914)에 맞춰 변경되었습니다.
2026-03-07 11:28:17,887 - INFO - ==================================================
2026-03-07 11:28:17,887 - INFO - ==================================================
2026-03-07 11:28:17,887 - INFO - 모델 파라미터 수:
2026-03-07 11:28:17,887 - INFO -   - 총 파라미터: 103,168 개
2026-03-07 11:28:17,887 - INFO -   - 학습 가능한 파라미터: 103,168 개
2026-03-07 11:28:17,890 - INFO - Pruning 후 모델의 FLOPs를 측정합니다.
2026-03-07 11:28:17,891 - INFO - FLOPs가 2.8695 GFLOPs에서 0.2238 GFLOPs로 감소했습니다 (감소율: 92.20%).
2026-03-07 11:28:17,902 - INFO - Pruning 정보(희소도: 0.8914)를 'log/Sewer_ML_flops/baseline_xie2019_l1_20260307_100621/pruning_info.yaml'에 저장했습니다.
2026-03-07 11:28:17,902 - INFO - 미세 조정을 위한 새로운 옵티마이저와 스케줄러를 생성합니다.
2026-03-07 11:28:17,902 - INFO - 옵티마이저: AdamW (lr=0.001, weight_decay=0.0001)
2026-03-07 11:28:17,902 - INFO - 스케줄러: CosineAnnealingLR (T_max=80, eta_min=0.0001)
2026-03-07 11:28:17,902 - INFO - ==================================================
2026-03-07 11:28:17,902 - INFO - train 모드를 시작합니다.
2026-03-07 11:28:17,902 - INFO - 손실 함수: CrossEntropyLoss (label_smoothing: 0.1)
2026-03-07 11:28:17,902 - INFO - Best metric을 초기값(inf)으로 설정합니다.
2026-03-07 11:28:17,902 - INFO - --------------------------------------------------
2026-03-07 11:28:17,902 - INFO - [LR]    [11/90] | Learning Rate: 0.001000
2026-03-07 11:35:36,145 - INFO - [Train] [11/90] | Loss: 0.4880 | Train Acc: 81.98%
2026-03-07 11:36:15,286 - INFO - [Valid] [11/90] | Loss: 0.4371 | Val Acc: 84.71%
2026-03-07 11:36:15,427 - INFO - [Metrics for 'Normal'] | Precision: 0.8464 | Recall: 0.8681 | F1: 0.8571
2026-03-07 11:36:15,427 - INFO - [Metrics for 'Defect'] | Precision: 0.8480 | Recall: 0.8236 | F1: 0.8357
2026-03-07 11:36:15,471 - INFO - [Best Model Saved] (val loss: 0.4371) -> 'log/Sewer_ML_flops/baseline_xie2019_l1_20260307_100621/best_model.pth'
2026-03-07 11:36:15,471 - INFO - --------------------------------------------------
2026-03-07 11:36:15,471 - INFO - [LR]    [12/90] | Learning Rate: 0.001000
2026-03-07 11:43:33,004 - INFO - [Train] [12/90] | Loss: 0.4630 | Train Acc: 83.69%
2026-03-07 11:44:12,181 - INFO - [Valid] [12/90] | Loss: 0.4278 | Val Acc: 85.47%
2026-03-07 11:44:12,321 - INFO - [Metrics for 'Normal'] | Precision: 0.8513 | Recall: 0.8782 | F1: 0.8645
2026-03-07 11:44:12,321 - INFO - [Metrics for 'Defect'] | Precision: 0.8587 | Recall: 0.8283 | F1: 0.8432
2026-03-07 11:44:12,366 - INFO - [Best Model Saved] (val loss: 0.4278) -> 'log/Sewer_ML_flops/baseline_xie2019_l1_20260307_100621/best_model.pth'
2026-03-07 11:44:12,366 - INFO - --------------------------------------------------
2026-03-07 11:44:12,366 - INFO - [LR]    [13/90] | Learning Rate: 0.000999
2026-03-07 11:51:29,939 - INFO - [Train] [13/90] | Loss: 0.4555 | Train Acc: 84.21%
2026-03-07 11:52:09,027 - INFO - [Valid] [13/90] | Loss: 0.4247 | Val Acc: 85.71%
2026-03-07 11:52:09,197 - INFO - [Metrics for 'Normal'] | Precision: 0.8642 | Recall: 0.8654 | F1: 0.8648
2026-03-07 11:52:09,197 - INFO - [Metrics for 'Defect'] | Precision: 0.8491 | Recall: 0.8477 | F1: 0.8484
2026-03-07 11:52:09,251 - INFO - [Best Model Saved] (val loss: 0.4247) -> 'log/Sewer_ML_flops/baseline_xie2019_l1_20260307_100621/best_model.pth'
2026-03-07 11:52:09,251 - INFO - --------------------------------------------------
2026-03-07 11:52:09,252 - INFO - [LR]    [14/90] | Learning Rate: 0.000997
2026-03-07 11:59:26,218 - INFO - [Train] [14/90] | Loss: 0.4511 | Train Acc: 84.52%
2026-03-07 12:00:05,671 - INFO - [Valid] [14/90] | Loss: 0.4238 | Val Acc: 85.86%
2026-03-07 12:00:05,802 - INFO - [Metrics for 'Normal'] | Precision: 0.8558 | Recall: 0.8806 | F1: 0.8680
2026-03-07 12:00:05,802 - INFO - [Metrics for 'Defect'] | Precision: 0.8619 | Recall: 0.8339 | F1: 0.8477
2026-03-07 12:00:05,847 - INFO - [Best Model Saved] (val loss: 0.4238) -> 'log/Sewer_ML_flops/baseline_xie2019_l1_20260307_100621/best_model.pth'
2026-03-07 12:00:05,847 - INFO - --------------------------------------------------
2026-03-07 12:00:05,848 - INFO - [LR]    [15/90] | Learning Rate: 0.000994
2026-03-07 12:07:23,907 - INFO - [Train] [15/90] | Loss: 0.4480 | Train Acc: 84.77%
2026-03-07 12:08:03,452 - INFO - [Valid] [15/90] | Loss: 0.4173 | Val Acc: 86.22%
2026-03-07 12:08:03,616 - INFO - [Metrics for 'Normal'] | Precision: 0.8717 | Recall: 0.8666 | F1: 0.8692
2026-03-07 12:08:03,616 - INFO - [Metrics for 'Defect'] | Precision: 0.8517 | Recall: 0.8573 | F1: 0.8545
2026-03-07 12:08:03,666 - INFO - [Best Model Saved] (val loss: 0.4173) -> 'log/Sewer_ML_flops/baseline_xie2019_l1_20260307_100621/best_model.pth'
2026-03-07 12:08:03,666 - INFO - --------------------------------------------------
2026-03-07 12:08:03,667 - INFO - [LR]    [16/90] | Learning Rate: 0.000991
2026-03-07 12:15:20,453 - INFO - [Train] [16/90] | Loss: 0.4462 | Train Acc: 84.87%
2026-03-07 12:15:59,766 - INFO - [Valid] [16/90] | Loss: 0.4188 | Val Acc: 86.20%
2026-03-07 12:15:59,906 - INFO - [Metrics for 'Normal'] | Precision: 0.8873 | Recall: 0.8462 | F1: 0.8663
2026-03-07 12:15:59,906 - INFO - [Metrics for 'Defect'] | Precision: 0.8364 | Recall: 0.8797 | F1: 0.8575
2026-03-07 12:15:59,950 - INFO - --------------------------------------------------
2026-03-07 12:15:59,951 - INFO - [LR]    [17/90] | Learning Rate: 0.000988
2026-03-07 12:23:16,505 - INFO - [Train] [17/90] | Loss: 0.4449 | Train Acc: 84.98%
2026-03-07 12:23:56,114 - INFO - [Valid] [17/90] | Loss: 0.4166 | Val Acc: 86.33%
2026-03-07 12:23:56,254 - INFO - [Metrics for 'Normal'] | Precision: 0.8802 | Recall: 0.8578 | F1: 0.8689
2026-03-07 12:23:56,254 - INFO - [Metrics for 'Defect'] | Precision: 0.8452 | Recall: 0.8694 | F1: 0.8571
2026-03-07 12:23:56,299 - INFO - [Best Model Saved] (val loss: 0.4166) -> 'log/Sewer_ML_flops/baseline_xie2019_l1_20260307_100621/best_model.pth'
2026-03-07 12:23:56,299 - INFO - --------------------------------------------------
2026-03-07 12:23:56,299 - INFO - [LR]    [18/90] | Learning Rate: 0.000983
2026-03-07 12:31:13,823 - INFO - [Train] [18/90] | Loss: 0.4436 | Train Acc: 85.06%
2026-03-07 12:31:53,257 - INFO - [Valid] [18/90] | Loss: 0.4141 | Val Acc: 86.36%
2026-03-07 12:31:53,398 - INFO - [Metrics for 'Normal'] | Precision: 0.8611 | Recall: 0.8843 | F1: 0.8726
2026-03-07 12:31:53,398 - INFO - [Metrics for 'Defect'] | Precision: 0.8665 | Recall: 0.8403 | F1: 0.8532
2026-03-07 12:31:53,443 - INFO - [Best Model Saved] (val loss: 0.4141) -> 'log/Sewer_ML_flops/baseline_xie2019_l1_20260307_100621/best_model.pth'
2026-03-07 12:31:53,443 - INFO - --------------------------------------------------
2026-03-07 12:31:53,443 - INFO - [LR]    [19/90] | Learning Rate: 0.000978
2026-03-07 12:39:10,243 - INFO - [Train] [19/90] | Loss: 0.4418 | Train Acc: 85.17%
2026-03-07 12:39:49,476 - INFO - [Valid] [19/90] | Loss: 0.4188 | Val Acc: 86.23%
2026-03-07 12:39:49,607 - INFO - [Metrics for 'Normal'] | Precision: 0.8962 | Recall: 0.8362 | F1: 0.8652
2026-03-07 12:39:49,607 - INFO - [Metrics for 'Defect'] | Precision: 0.8295 | Recall: 0.8916 | F1: 0.8594
2026-03-07 12:39:49,651 - INFO - --------------------------------------------------
2026-03-07 12:39:49,651 - INFO - [LR]    [20/90] | Learning Rate: 0.000972
2026-03-07 12:47:07,570 - INFO - [Train] [20/90] | Loss: 0.4406 | Train Acc: 85.28%
2026-03-07 12:47:47,262 - INFO - [Valid] [20/90] | Loss: 0.4149 | Val Acc: 86.46%
2026-03-07 12:47:47,425 - INFO - [Metrics for 'Normal'] | Precision: 0.8921 | Recall: 0.8461 | F1: 0.8685
2026-03-07 12:47:47,425 - INFO - [Metrics for 'Defect'] | Precision: 0.8371 | Recall: 0.8855 | F1: 0.8606
2026-03-07 12:47:47,479 - INFO - --------------------------------------------------
2026-03-07 12:47:47,480 - INFO - [LR]    [21/90] | Learning Rate: 0.000966
2026-03-07 12:55:04,212 - INFO - [Train] [21/90] | Loss: 0.4403 | Train Acc: 85.37%
2026-03-07 12:55:43,455 - INFO - [Valid] [21/90] | Loss: 0.4119 | Val Acc: 86.66%
2026-03-07 12:55:43,595 - INFO - [Metrics for 'Normal'] | Precision: 0.8721 | Recall: 0.8758 | F1: 0.8739
2026-03-07 12:55:43,596 - INFO - [Metrics for 'Defect'] | Precision: 0.8603 | Recall: 0.8563 | F1: 0.8583
2026-03-07 12:55:43,641 - INFO - [Best Model Saved] (val loss: 0.4119) -> 'log/Sewer_ML_flops/baseline_xie2019_l1_20260307_100621/best_model.pth'
2026-03-07 12:55:43,641 - INFO - --------------------------------------------------
2026-03-07 12:55:43,641 - INFO - [LR]    [22/90] | Learning Rate: 0.000959
2026-03-07 13:03:01,026 - INFO - [Train] [22/90] | Loss: 0.4388 | Train Acc: 85.45%
2026-03-07 13:03:40,318 - INFO - [Valid] [22/90] | Loss: 0.4163 | Val Acc: 86.14%
2026-03-07 13:03:40,482 - INFO - [Metrics for 'Normal'] | Precision: 0.8513 | Recall: 0.8936 | F1: 0.8720
2026-03-07 13:03:40,482 - INFO - [Metrics for 'Defect'] | Precision: 0.8739 | Recall: 0.8254 | F1: 0.8490
2026-03-07 13:03:40,538 - INFO - --------------------------------------------------
2026-03-07 13:03:40,538 - INFO - [LR]    [23/90] | Learning Rate: 0.000951
2026-03-07 13:10:57,719 - INFO - [Train] [23/90] | Loss: 0.4384 | Train Acc: 85.47%
2026-03-07 13:11:36,780 - INFO - [Valid] [23/90] | Loss: 0.4098 | Val Acc: 86.81%
2026-03-07 13:11:36,922 - INFO - [Metrics for 'Normal'] | Precision: 0.8884 | Recall: 0.8581 | F1: 0.8730
2026-03-07 13:11:36,922 - INFO - [Metrics for 'Defect'] | Precision: 0.8470 | Recall: 0.8794 | F1: 0.8629
2026-03-07 13:11:36,968 - INFO - [Best Model Saved] (val loss: 0.4098) -> 'log/Sewer_ML_flops/baseline_xie2019_l1_20260307_100621/best_model.pth'
2026-03-07 13:11:36,968 - INFO - --------------------------------------------------
2026-03-07 13:11:36,968 - INFO - [LR]    [24/90] | Learning Rate: 0.000943
2026-03-07 13:18:55,219 - INFO - [Train] [24/90] | Loss: 0.4377 | Train Acc: 85.52%
2026-03-07 13:19:34,634 - INFO - [Valid] [24/90] | Loss: 0.4112 | Val Acc: 86.56%
2026-03-07 13:19:34,807 - INFO - [Metrics for 'Normal'] | Precision: 0.8590 | Recall: 0.8918 | F1: 0.8751
2026-03-07 13:19:34,807 - INFO - [Metrics for 'Defect'] | Precision: 0.8735 | Recall: 0.8362 | F1: 0.8545
2026-03-07 13:19:34,863 - INFO - --------------------------------------------------
2026-03-07 13:19:34,863 - INFO - [LR]    [25/90] | Learning Rate: 0.000934
2026-03-07 13:26:51,536 - INFO - [Train] [25/90] | Loss: 0.4370 | Train Acc: 85.59%
2026-03-07 13:27:31,373 - INFO - [Valid] [25/90] | Loss: 0.4140 | Val Acc: 86.37%
2026-03-07 13:27:31,546 - INFO - [Metrics for 'Normal'] | Precision: 0.8551 | Recall: 0.8932 | F1: 0.8737
2026-03-07 13:27:31,546 - INFO - [Metrics for 'Defect'] | Precision: 0.8742 | Recall: 0.8307 | F1: 0.8519
2026-03-07 13:27:31,601 - INFO - --------------------------------------------------
2026-03-07 13:27:31,602 - INFO - [LR]    [26/90] | Learning Rate: 0.000924
2026-03-07 13:34:48,800 - INFO - [Train] [26/90] | Loss: 0.4368 | Train Acc: 85.56%
2026-03-07 13:35:28,074 - INFO - [Valid] [26/90] | Loss: 0.4094 | Val Acc: 86.76%
2026-03-07 13:35:28,247 - INFO - [Metrics for 'Normal'] | Precision: 0.8623 | Recall: 0.8916 | F1: 0.8767
2026-03-07 13:35:28,247 - INFO - [Metrics for 'Defect'] | Precision: 0.8739 | Recall: 0.8406 | F1: 0.8570
2026-03-07 13:35:28,304 - INFO - [Best Model Saved] (val loss: 0.4094) -> 'log/Sewer_ML_flops/baseline_xie2019_l1_20260307_100621/best_model.pth'
2026-03-07 13:35:28,305 - INFO - --------------------------------------------------
2026-03-07 13:35:28,305 - INFO - [LR]    [27/90] | Learning Rate: 0.000914
2026-03-07 13:42:46,185 - INFO - [Train] [27/90] | Loss: 0.4358 | Train Acc: 85.66%
2026-03-07 13:43:25,476 - INFO - [Valid] [27/90] | Loss: 0.4114 | Val Acc: 86.69%
2026-03-07 13:43:25,607 - INFO - [Metrics for 'Normal'] | Precision: 0.8971 | Recall: 0.8449 | F1: 0.8702
2026-03-07 13:43:25,607 - INFO - [Metrics for 'Defect'] | Precision: 0.8370 | Recall: 0.8916 | F1: 0.8634
2026-03-07 13:43:25,652 - INFO - --------------------------------------------------
2026-03-07 13:43:25,652 - INFO - [LR]    [28/90] | Learning Rate: 0.000903
2026-03-07 13:50:42,006 - INFO - [Train] [28/90] | Loss: 0.4355 | Train Acc: 85.72%
2026-03-07 13:51:21,043 - INFO - [Valid] [28/90] | Loss: 0.4065 | Val Acc: 87.05%
2026-03-07 13:51:21,184 - INFO - [Metrics for 'Normal'] | Precision: 0.8782 | Recall: 0.8764 | F1: 0.8773
2026-03-07 13:51:21,184 - INFO - [Metrics for 'Defect'] | Precision: 0.8620 | Recall: 0.8639 | F1: 0.8630
2026-03-07 13:51:21,230 - INFO - [Best Model Saved] (val loss: 0.4065) -> 'log/Sewer_ML_flops/baseline_xie2019_l1_20260307_100621/best_model.pth'
2026-03-07 13:51:21,230 - INFO - --------------------------------------------------
2026-03-07 13:51:21,230 - INFO - [LR]    [29/90] | Learning Rate: 0.000892
2026-03-07 13:58:37,278 - INFO - [Train] [29/90] | Loss: 0.4354 | Train Acc: 85.70%
2026-03-07 13:59:16,726 - INFO - [Valid] [29/90] | Loss: 0.4121 | Val Acc: 86.50%
2026-03-07 13:59:16,868 - INFO - [Metrics for 'Normal'] | Precision: 0.8560 | Recall: 0.8950 | F1: 0.8751
2026-03-07 13:59:16,868 - INFO - [Metrics for 'Defect'] | Precision: 0.8762 | Recall: 0.8315 | F1: 0.8532
2026-03-07 13:59:16,912 - INFO - --------------------------------------------------
2026-03-07 13:59:16,912 - INFO - [LR]    [30/90] | Learning Rate: 0.000880
2026-03-07 14:06:34,492 - INFO - [Train] [30/90] | Loss: 0.4347 | Train Acc: 85.74%
2026-03-07 14:07:13,930 - INFO - [Valid] [30/90] | Loss: 0.4083 | Val Acc: 86.92%
2026-03-07 14:07:14,106 - INFO - [Metrics for 'Normal'] | Precision: 0.8715 | Recall: 0.8825 | F1: 0.8769
2026-03-07 14:07:14,106 - INFO - [Metrics for 'Defect'] | Precision: 0.8666 | Recall: 0.8543 | F1: 0.8604
2026-03-07 14:07:14,163 - INFO - --------------------------------------------------
2026-03-07 14:07:14,163 - INFO - [LR]    [31/90] | Learning Rate: 0.000868
2026-03-07 14:14:31,447 - INFO - [Train] [31/90] | Loss: 0.4341 | Train Acc: 85.81%
2026-03-07 14:15:11,216 - INFO - [Valid] [31/90] | Loss: 0.4086 | Val Acc: 86.83%
2026-03-07 14:15:11,391 - INFO - [Metrics for 'Normal'] | Precision: 0.8797 | Recall: 0.8695 | F1: 0.8745
2026-03-07 14:15:11,391 - INFO - [Metrics for 'Defect'] | Precision: 0.8558 | Recall: 0.8669 | F1: 0.8613
2026-03-07 14:15:11,447 - INFO - --------------------------------------------------
2026-03-07 14:15:11,447 - INFO - [LR]    [32/90] | Learning Rate: 0.000855
2026-03-07 14:22:33,040 - INFO - [Train] [32/90] | Loss: 0.4337 | Train Acc: 85.79%
2026-03-07 14:23:11,900 - INFO - [Valid] [32/90] | Loss: 0.4080 | Val Acc: 86.95%
2026-03-07 14:23:12,032 - INFO - [Metrics for 'Normal'] | Precision: 0.8781 | Recall: 0.8742 | F1: 0.8761
2026-03-07 14:23:12,032 - INFO - [Metrics for 'Defect'] | Precision: 0.8599 | Recall: 0.8642 | F1: 0.8620
2026-03-07 14:23:12,078 - INFO - --------------------------------------------------
2026-03-07 14:23:12,078 - INFO - [LR]    [33/90] | Learning Rate: 0.000842
2026-03-07 14:30:30,713 - INFO - [Train] [33/90] | Loss: 0.4332 | Train Acc: 85.85%
2026-03-07 14:31:10,512 - INFO - [Valid] [33/90] | Loss: 0.4090 | Val Acc: 86.81%
2026-03-07 14:31:10,644 - INFO - [Metrics for 'Normal'] | Precision: 0.8646 | Recall: 0.8896 | F1: 0.8769
2026-03-07 14:31:10,644 - INFO - [Metrics for 'Defect'] | Precision: 0.8723 | Recall: 0.8441 | F1: 0.8579
2026-03-07 14:31:10,690 - INFO - --------------------------------------------------
2026-03-07 14:31:10,690 - INFO - [LR]    [34/90] | Learning Rate: 0.000829
2026-03-07 14:38:28,829 - INFO - [Train] [34/90] | Loss: 0.4328 | Train Acc: 85.93%
2026-03-07 14:39:08,234 - INFO - [Valid] [34/90] | Loss: 0.4090 | Val Acc: 86.93%
2026-03-07 14:39:08,402 - INFO - [Metrics for 'Normal'] | Precision: 0.8691 | Recall: 0.8860 | F1: 0.8775
2026-03-07 14:39:08,402 - INFO - [Metrics for 'Defect'] | Precision: 0.8696 | Recall: 0.8507 | F1: 0.8600
2026-03-07 14:39:08,460 - INFO - --------------------------------------------------
2026-03-07 14:39:08,460 - INFO - [LR]    [35/90] | Learning Rate: 0.000815
2026-03-07 14:46:25,939 - INFO - [Train] [35/90] | Loss: 0.4322 | Train Acc: 85.91%
2026-03-07 14:47:05,911 - INFO - [Valid] [35/90] | Loss: 0.4047 | Val Acc: 87.07%
2026-03-07 14:47:06,044 - INFO - [Metrics for 'Normal'] | Precision: 0.8789 | Recall: 0.8760 | F1: 0.8774
2026-03-07 14:47:06,044 - INFO - [Metrics for 'Defect'] | Precision: 0.8617 | Recall: 0.8649 | F1: 0.8633
2026-03-07 14:47:06,090 - INFO - [Best Model Saved] (val loss: 0.4047) -> 'log/Sewer_ML_flops/baseline_xie2019_l1_20260307_100621/best_model.pth'
2026-03-07 14:47:06,091 - INFO - --------------------------------------------------
2026-03-07 14:47:06,091 - INFO - [LR]    [36/90] | Learning Rate: 0.000800
2026-03-07 14:54:25,382 - INFO - [Train] [36/90] | Loss: 0.4320 | Train Acc: 85.94%
2026-03-07 14:55:05,452 - INFO - [Valid] [36/90] | Loss: 0.4065 | Val Acc: 86.91%
2026-03-07 14:55:05,585 - INFO - [Metrics for 'Normal'] | Precision: 0.8681 | Recall: 0.8869 | F1: 0.8774
2026-03-07 14:55:05,585 - INFO - [Metrics for 'Defect'] | Precision: 0.8702 | Recall: 0.8491 | F1: 0.8596
2026-03-07 14:55:05,630 - INFO - --------------------------------------------------
2026-03-07 14:55:05,630 - INFO - [LR]    [37/90] | Learning Rate: 0.000785
2026-03-07 15:02:25,023 - INFO - [Train] [37/90] | Loss: 0.4312 | Train Acc: 85.98%
2026-03-07 15:03:04,730 - INFO - [Valid] [37/90] | Loss: 0.4052 | Val Acc: 87.07%
2026-03-07 15:03:04,864 - INFO - [Metrics for 'Normal'] | Precision: 0.8798 | Recall: 0.8746 | F1: 0.8772
2026-03-07 15:03:04,864 - INFO - [Metrics for 'Defect'] | Precision: 0.8606 | Recall: 0.8663 | F1: 0.8634
2026-03-07 15:03:04,909 - INFO - --------------------------------------------------
2026-03-07 15:03:04,910 - INFO - [LR]    [38/90] | Learning Rate: 0.000770
2026-03-07 15:10:23,549 - INFO - [Train] [38/90] | Loss: 0.4313 | Train Acc: 85.97%
2026-03-07 15:11:03,133 - INFO - [Valid] [38/90] | Loss: 0.4056 | Val Acc: 87.03%
2026-03-07 15:11:03,294 - INFO - [Metrics for 'Normal'] | Precision: 0.8647 | Recall: 0.8943 | F1: 0.8793
2026-03-07 15:11:03,294 - INFO - [Metrics for 'Defect'] | Precision: 0.8770 | Recall: 0.8434 | F1: 0.8599
2026-03-07 15:11:03,340 - INFO - --------------------------------------------------
2026-03-07 15:11:03,340 - INFO - [LR]    [39/90] | Learning Rate: 0.000754
2026-03-07 15:18:20,962 - INFO - [Train] [39/90] | Loss: 0.4305 | Train Acc: 86.06%
2026-03-07 15:19:00,553 - INFO - [Valid] [39/90] | Loss: 0.4065 | Val Acc: 87.09%
2026-03-07 15:19:00,721 - INFO - [Metrics for 'Normal'] | Precision: 0.8850 | Recall: 0.8683 | F1: 0.8766
2026-03-07 15:19:00,721 - INFO - [Metrics for 'Defect'] | Precision: 0.8557 | Recall: 0.8737 | F1: 0.8646
2026-03-07 15:19:00,780 - INFO - --------------------------------------------------
2026-03-07 15:19:00,780 - INFO - [LR]    [40/90] | Learning Rate: 0.000738
2026-03-07 15:26:18,820 - INFO - [Train] [40/90] | Loss: 0.4304 | Train Acc: 86.05%
2026-03-07 15:26:58,018 - INFO - [Valid] [40/90] | Loss: 0.4070 | Val Acc: 86.98%
2026-03-07 15:26:58,152 - INFO - [Metrics for 'Normal'] | Precision: 0.8731 | Recall: 0.8818 | F1: 0.8774
2026-03-07 15:26:58,152 - INFO - [Metrics for 'Defect'] | Precision: 0.8662 | Recall: 0.8565 | F1: 0.8613
2026-03-07 15:26:58,197 - INFO - --------------------------------------------------
2026-03-07 15:26:58,198 - INFO - [LR]    [41/90] | Learning Rate: 0.000722
2026-03-07 15:34:16,348 - INFO - [Train] [41/90] | Loss: 0.4299 | Train Acc: 86.06%
2026-03-07 15:34:55,476 - INFO - [Valid] [41/90] | Loss: 0.4059 | Val Acc: 86.93%
2026-03-07 15:34:55,620 - INFO - [Metrics for 'Normal'] | Precision: 0.8637 | Recall: 0.8936 | F1: 0.8784
2026-03-07 15:34:55,620 - INFO - [Metrics for 'Defect'] | Precision: 0.8761 | Recall: 0.8421 | F1: 0.8588
2026-03-07 15:34:55,665 - INFO - --------------------------------------------------
2026-03-07 15:34:55,665 - INFO - [LR]    [42/90] | Learning Rate: 0.000706
2026-03-07 15:42:13,221 - INFO - [Train] [42/90] | Loss: 0.4294 | Train Acc: 86.08%
2026-03-07 15:42:52,778 - INFO - [Valid] [42/90] | Loss: 0.4034 | Val Acc: 87.22%
2026-03-07 15:42:52,922 - INFO - [Metrics for 'Normal'] | Precision: 0.8769 | Recall: 0.8819 | F1: 0.8794
2026-03-07 15:42:52,922 - INFO - [Metrics for 'Defect'] | Precision: 0.8669 | Recall: 0.8614 | F1: 0.8642
2026-03-07 15:42:52,969 - INFO - [Best Model Saved] (val loss: 0.4034) -> 'log/Sewer_ML_flops/baseline_xie2019_l1_20260307_100621/best_model.pth'
2026-03-07 15:42:52,969 - INFO - --------------------------------------------------
2026-03-07 15:42:52,969 - INFO - [LR]    [43/90] | Learning Rate: 0.000689
2026-03-07 15:50:10,837 - INFO - [Train] [43/90] | Loss: 0.4289 | Train Acc: 86.14%
2026-03-07 15:50:50,385 - INFO - [Valid] [43/90] | Loss: 0.4021 | Val Acc: 87.24%
2026-03-07 15:50:50,518 - INFO - [Metrics for 'Normal'] | Precision: 0.8770 | Recall: 0.8820 | F1: 0.8795
2026-03-07 15:50:50,518 - INFO - [Metrics for 'Defect'] | Precision: 0.8671 | Recall: 0.8616 | F1: 0.8643
2026-03-07 15:50:50,564 - INFO - [Best Model Saved] (val loss: 0.4021) -> 'log/Sewer_ML_flops/baseline_xie2019_l1_20260307_100621/best_model.pth'
2026-03-07 15:50:50,564 - INFO - --------------------------------------------------
2026-03-07 15:50:50,564 - INFO - [LR]    [44/90] | Learning Rate: 0.000672
2026-03-07 15:58:08,157 - INFO - [Train] [44/90] | Loss: 0.4287 | Train Acc: 86.17%
2026-03-07 15:58:47,907 - INFO - [Valid] [44/90] | Loss: 0.4038 | Val Acc: 87.22%
2026-03-07 15:58:48,050 - INFO - [Metrics for 'Normal'] | Precision: 0.8767 | Recall: 0.8820 | F1: 0.8793
2026-03-07 15:58:48,050 - INFO - [Metrics for 'Defect'] | Precision: 0.8670 | Recall: 0.8612 | F1: 0.8641
2026-03-07 15:58:48,095 - INFO - --------------------------------------------------
2026-03-07 15:58:48,096 - INFO - [LR]    [45/90] | Learning Rate: 0.000655
2026-03-07 16:06:05,855 - INFO - [Train] [45/90] | Loss: 0.4280 | Train Acc: 86.22%
2026-03-07 16:06:45,297 - INFO - [Valid] [45/90] | Loss: 0.4026 | Val Acc: 87.25%
2026-03-07 16:06:45,441 - INFO - [Metrics for 'Normal'] | Precision: 0.8894 | Recall: 0.8663 | F1: 0.8777
2026-03-07 16:06:45,441 - INFO - [Metrics for 'Defect'] | Precision: 0.8546 | Recall: 0.8794 | F1: 0.8668
2026-03-07 16:06:45,486 - INFO - --------------------------------------------------
2026-03-07 16:06:45,487 - INFO - [LR]    [46/90] | Learning Rate: 0.000638
2026-03-07 16:14:03,967 - INFO - [Train] [46/90] | Loss: 0.4276 | Train Acc: 86.24%
2026-03-07 16:14:43,375 - INFO - [Valid] [46/90] | Loss: 0.4036 | Val Acc: 87.22%
2026-03-07 16:14:43,510 - INFO - [Metrics for 'Normal'] | Precision: 0.8790 | Recall: 0.8792 | F1: 0.8791
2026-03-07 16:14:43,510 - INFO - [Metrics for 'Defect'] | Precision: 0.8647 | Recall: 0.8645 | F1: 0.8646
2026-03-07 16:14:43,556 - INFO - --------------------------------------------------
2026-03-07 16:14:43,556 - INFO - [LR]    [47/90] | Learning Rate: 0.000620
2026-03-07 16:22:00,357 - INFO - [Train] [47/90] | Loss: 0.4276 | Train Acc: 86.25%
2026-03-07 16:22:39,735 - INFO - [Valid] [47/90] | Loss: 0.4055 | Val Acc: 87.00%
2026-03-07 16:22:39,880 - INFO - [Metrics for 'Normal'] | Precision: 0.8687 | Recall: 0.8880 | F1: 0.8783
2026-03-07 16:22:39,880 - INFO - [Metrics for 'Defect'] | Precision: 0.8715 | Recall: 0.8498 | F1: 0.8605
2026-03-07 16:22:39,926 - INFO - --------------------------------------------------
2026-03-07 16:22:39,926 - INFO - [LR]    [48/90] | Learning Rate: 0.000603
2026-03-07 16:29:57,760 - INFO - [Train] [48/90] | Loss: 0.4271 | Train Acc: 86.29%
2026-03-07 16:30:37,068 - INFO - [Valid] [48/90] | Loss: 0.4035 | Val Acc: 87.25%
2026-03-07 16:30:37,230 - INFO - [Metrics for 'Normal'] | Precision: 0.8849 | Recall: 0.8719 | F1: 0.8784
2026-03-07 16:30:37,230 - INFO - [Metrics for 'Defect'] | Precision: 0.8590 | Recall: 0.8731 | F1: 0.8660
2026-03-07 16:30:37,288 - INFO - --------------------------------------------------
2026-03-07 16:30:37,288 - INFO - [LR]    [49/90] | Learning Rate: 0.000585
2026-03-07 16:37:54,183 - INFO - [Train] [49/90] | Loss: 0.4265 | Train Acc: 86.30%
2026-03-07 16:38:34,012 - INFO - [Valid] [49/90] | Loss: 0.4052 | Val Acc: 87.02%
2026-03-07 16:38:34,145 - INFO - [Metrics for 'Normal'] | Precision: 0.8596 | Recall: 0.9014 | F1: 0.8800
2026-03-07 16:38:34,145 - INFO - [Metrics for 'Defect'] | Precision: 0.8833 | Recall: 0.8353 | F1: 0.8586
2026-03-07 16:38:34,191 - INFO - --------------------------------------------------
2026-03-07 16:38:34,191 - INFO - [LR]    [50/90] | Learning Rate: 0.000568
2026-03-07 16:45:52,334 - INFO - [Train] [50/90] | Loss: 0.4259 | Train Acc: 86.37%
2026-03-07 16:46:31,829 - INFO - [Valid] [50/90] | Loss: 0.4012 | Val Acc: 87.38%
2026-03-07 16:46:31,966 - INFO - [Metrics for 'Normal'] | Precision: 0.8847 | Recall: 0.8751 | F1: 0.8799
2026-03-07 16:46:31,966 - INFO - [Metrics for 'Defect'] | Precision: 0.8619 | Recall: 0.8724 | F1: 0.8671
2026-03-07 16:46:32,025 - INFO - [Best Model Saved] (val loss: 0.4012) -> 'log/Sewer_ML_flops/baseline_xie2019_l1_20260307_100621/best_model.pth'
2026-03-07 16:46:32,025 - INFO - --------------------------------------------------
2026-03-07 16:46:32,025 - INFO - [LR]    [51/90] | Learning Rate: 0.000550
2026-03-07 16:53:48,586 - INFO - [Train] [51/90] | Loss: 0.4261 | Train Acc: 86.29%
2026-03-07 16:54:27,773 - INFO - [Valid] [51/90] | Loss: 0.4030 | Val Acc: 87.17%
2026-03-07 16:54:27,908 - INFO - [Metrics for 'Normal'] | Precision: 0.8720 | Recall: 0.8873 | F1: 0.8796
2026-03-07 16:54:27,908 - INFO - [Metrics for 'Defect'] | Precision: 0.8713 | Recall: 0.8543 | F1: 0.8627
2026-03-07 16:54:27,955 - INFO - --------------------------------------------------
2026-03-07 16:54:27,955 - INFO - [LR]    [52/90] | Learning Rate: 0.000532
2026-03-07 17:01:44,394 - INFO - [Train] [52/90] | Loss: 0.4252 | Train Acc: 86.38%
2026-03-07 17:02:24,122 - INFO - [Valid] [52/90] | Loss: 0.4020 | Val Acc: 87.38%
2026-03-07 17:02:24,267 - INFO - [Metrics for 'Normal'] | Precision: 0.8748 | Recall: 0.8880 | F1: 0.8814
2026-03-07 17:02:24,267 - INFO - [Metrics for 'Defect'] | Precision: 0.8725 | Recall: 0.8578 | F1: 0.8651
2026-03-07 17:02:24,323 - INFO - --------------------------------------------------
2026-03-07 17:02:24,323 - INFO - [LR]    [53/90] | Learning Rate: 0.000515
2026-03-07 17:09:42,293 - INFO - [Train] [53/90] | Loss: 0.4250 | Train Acc: 86.44%
2026-03-07 17:10:21,872 - INFO - [Valid] [53/90] | Loss: 0.4028 | Val Acc: 87.30%
2026-03-07 17:10:22,060 - INFO - [Metrics for 'Normal'] | Precision: 0.8770 | Recall: 0.8835 | F1: 0.8802
2026-03-07 17:10:22,060 - INFO - [Metrics for 'Defect'] | Precision: 0.8685 | Recall: 0.8614 | F1: 0.8649
2026-03-07 17:10:22,124 - INFO - --------------------------------------------------
2026-03-07 17:10:22,124 - INFO - [LR]    [54/90] | Learning Rate: 0.000497
2026-03-07 17:17:39,744 - INFO - [Train] [54/90] | Loss: 0.4246 | Train Acc: 86.42%
2026-03-07 17:18:19,297 - INFO - [Valid] [54/90] | Loss: 0.4003 | Val Acc: 87.37%
2026-03-07 17:18:19,466 - INFO - [Metrics for 'Normal'] | Precision: 0.8832 | Recall: 0.8769 | F1: 0.8800
2026-03-07 17:18:19,466 - INFO - [Metrics for 'Defect'] | Precision: 0.8633 | Recall: 0.8702 | F1: 0.8667
2026-03-07 17:18:19,527 - INFO - [Best Model Saved] (val loss: 0.4003) -> 'log/Sewer_ML_flops/baseline_xie2019_l1_20260307_100621/best_model.pth'
2026-03-07 17:18:19,527 - INFO - --------------------------------------------------
2026-03-07 17:18:19,527 - INFO - [LR]    [55/90] | Learning Rate: 0.000480
2026-03-07 17:25:37,341 - INFO - [Train] [55/90] | Loss: 0.4239 | Train Acc: 86.51%
2026-03-07 17:26:16,695 - INFO - [Valid] [55/90] | Loss: 0.4007 | Val Acc: 87.43%
2026-03-07 17:26:16,839 - INFO - [Metrics for 'Normal'] | Precision: 0.8903 | Recall: 0.8692 | F1: 0.8796
2026-03-07 17:26:16,839 - INFO - [Metrics for 'Defect'] | Precision: 0.8574 | Recall: 0.8801 | F1: 0.8686
2026-03-07 17:26:16,884 - INFO - --------------------------------------------------
2026-03-07 17:26:16,885 - INFO - [LR]    [56/90] | Learning Rate: 0.000462
2026-03-07 17:33:35,436 - INFO - [Train] [56/90] | Loss: 0.4242 | Train Acc: 86.49%
2026-03-07 17:34:14,929 - INFO - [Valid] [56/90] | Loss: 0.4009 | Val Acc: 87.40%
2026-03-07 17:34:15,109 - INFO - [Metrics for 'Normal'] | Precision: 0.8849 | Recall: 0.8753 | F1: 0.8801
2026-03-07 17:34:15,109 - INFO - [Metrics for 'Defect'] | Precision: 0.8621 | Recall: 0.8726 | F1: 0.8673
2026-03-07 17:34:15,168 - INFO - --------------------------------------------------
2026-03-07 17:34:15,168 - INFO - [LR]    [57/90] | Learning Rate: 0.000445
2026-03-07 17:41:32,371 - INFO - [Train] [57/90] | Loss: 0.4233 | Train Acc: 86.52%
2026-03-07 17:42:11,959 - INFO - [Valid] [57/90] | Loss: 0.4029 | Val Acc: 87.33%
2026-03-07 17:42:12,104 - INFO - [Metrics for 'Normal'] | Precision: 0.8996 | Recall: 0.8555 | F1: 0.8770
2026-03-07 17:42:12,104 - INFO - [Metrics for 'Defect'] | Precision: 0.8467 | Recall: 0.8931 | F1: 0.8693
2026-03-07 17:42:12,150 - INFO - --------------------------------------------------
2026-03-07 17:42:12,150 - INFO - [LR]    [58/90] | Learning Rate: 0.000428
2026-03-07 17:49:29,585 - INFO - [Train] [58/90] | Loss: 0.4229 | Train Acc: 86.56%
2026-03-07 17:50:08,771 - INFO - [Valid] [58/90] | Loss: 0.4003 | Val Acc: 87.39%
2026-03-07 17:50:08,916 - INFO - [Metrics for 'Normal'] | Precision: 0.8727 | Recall: 0.8912 | F1: 0.8818
2026-03-07 17:50:08,916 - INFO - [Metrics for 'Defect'] | Precision: 0.8752 | Recall: 0.8545 | F1: 0.8648
2026-03-07 17:50:08,962 - INFO - --------------------------------------------------
2026-03-07 17:50:08,962 - INFO - [LR]    [59/90] | Learning Rate: 0.000411
2026-03-07 17:57:25,944 - INFO - [Train] [59/90] | Loss: 0.4224 | Train Acc: 86.57%
2026-03-07 17:58:05,354 - INFO - [Valid] [59/90] | Loss: 0.3988 | Val Acc: 87.45%
2026-03-07 17:58:05,499 - INFO - [Metrics for 'Normal'] | Precision: 0.8907 | Recall: 0.8690 | F1: 0.8797
2026-03-07 17:58:05,499 - INFO - [Metrics for 'Defect'] | Precision: 0.8573 | Recall: 0.8807 | F1: 0.8688
2026-03-07 17:58:05,546 - INFO - [Best Model Saved] (val loss: 0.3988) -> 'log/Sewer_ML_flops/baseline_xie2019_l1_20260307_100621/best_model.pth'
2026-03-07 17:58:05,546 - INFO - --------------------------------------------------
2026-03-07 17:58:05,546 - INFO - [LR]    [60/90] | Learning Rate: 0.000394
2026-03-07 18:05:23,744 - INFO - [Train] [60/90] | Loss: 0.4219 | Train Acc: 86.61%
2026-03-07 18:06:03,139 - INFO - [Valid] [60/90] | Loss: 0.3985 | Val Acc: 87.51%
2026-03-07 18:06:03,284 - INFO - [Metrics for 'Normal'] | Precision: 0.8838 | Recall: 0.8792 | F1: 0.8815
2026-03-07 18:06:03,284 - INFO - [Metrics for 'Defect'] | Precision: 0.8656 | Recall: 0.8706 | F1: 0.8681
2026-03-07 18:06:03,331 - INFO - [Best Model Saved] (val loss: 0.3985) -> 'log/Sewer_ML_flops/baseline_xie2019_l1_20260307_100621/best_model.pth'
2026-03-07 18:06:03,331 - INFO - --------------------------------------------------
2026-03-07 18:06:03,331 - INFO - [LR]    [61/90] | Learning Rate: 0.000378
2026-03-07 18:13:21,162 - INFO - [Train] [61/90] | Loss: 0.4217 | Train Acc: 86.64%
2026-03-07 18:14:00,809 - INFO - [Valid] [61/90] | Loss: 0.4016 | Val Acc: 87.41%
2026-03-07 18:14:00,943 - INFO - [Metrics for 'Normal'] | Precision: 0.8922 | Recall: 0.8664 | F1: 0.8791
2026-03-07 18:14:00,943 - INFO - [Metrics for 'Defect'] | Precision: 0.8552 | Recall: 0.8828 | F1: 0.8688
2026-03-07 18:14:00,990 - INFO - --------------------------------------------------
2026-03-07 18:14:00,990 - INFO - [LR]    [62/90] | Learning Rate: 0.000362
2026-03-07 18:21:17,964 - INFO - [Train] [62/90] | Loss: 0.4220 | Train Acc: 86.61%
2026-03-07 18:21:57,751 - INFO - [Valid] [62/90] | Loss: 0.3990 | Val Acc: 87.43%
2026-03-07 18:21:57,886 - INFO - [Metrics for 'Normal'] | Precision: 0.8713 | Recall: 0.8941 | F1: 0.8826
2026-03-07 18:21:57,886 - INFO - [Metrics for 'Defect'] | Precision: 0.8779 | Recall: 0.8522 | F1: 0.8649
2026-03-07 18:21:57,932 - INFO - --------------------------------------------------
2026-03-07 18:21:57,932 - INFO - [LR]    [63/90] | Learning Rate: 0.000346
2026-03-07 18:29:18,372 - INFO - [Train] [63/90] | Loss: 0.4213 | Train Acc: 86.65%
2026-03-07 18:29:58,058 - INFO - [Valid] [63/90] | Loss: 0.3993 | Val Acc: 87.44%
2026-03-07 18:29:58,205 - INFO - [Metrics for 'Normal'] | Precision: 0.8769 | Recall: 0.8867 | F1: 0.8818
2026-03-07 18:29:58,205 - INFO - [Metrics for 'Defect'] | Precision: 0.8716 | Recall: 0.8606 | F1: 0.8661
2026-03-07 18:29:58,252 - INFO - --------------------------------------------------
2026-03-07 18:29:58,252 - INFO - [LR]    [64/90] | Learning Rate: 0.000330
2026-03-07 18:37:14,739 - INFO - [Train] [64/90] | Loss: 0.4208 | Train Acc: 86.66%
2026-03-07 18:37:53,800 - INFO - [Valid] [64/90] | Loss: 0.3976 | Val Acc: 87.52%
2026-03-07 18:37:53,945 - INFO - [Metrics for 'Normal'] | Precision: 0.8795 | Recall: 0.8849 | F1: 0.8822
2026-03-07 18:37:53,945 - INFO - [Metrics for 'Defect'] | Precision: 0.8703 | Recall: 0.8644 | F1: 0.8673
2026-03-07 18:37:53,993 - INFO - [Best Model Saved] (val loss: 0.3976) -> 'log/Sewer_ML_flops/baseline_xie2019_l1_20260307_100621/best_model.pth'
2026-03-07 18:37:53,993 - INFO - --------------------------------------------------
2026-03-07 18:37:53,993 - INFO - [LR]    [65/90] | Learning Rate: 0.000315
2026-03-07 18:45:10,710 - INFO - [Train] [65/90] | Loss: 0.4203 | Train Acc: 86.70%
2026-03-07 18:45:50,201 - INFO - [Valid] [65/90] | Loss: 0.4072 | Val Acc: 86.72%
2026-03-07 18:45:50,337 - INFO - [Metrics for 'Normal'] | Precision: 0.8464 | Recall: 0.9146 | F1: 0.8792
2026-03-07 18:45:50,337 - INFO - [Metrics for 'Defect'] | Precision: 0.8949 | Recall: 0.8142 | F1: 0.8527
2026-03-07 18:45:50,383 - INFO - --------------------------------------------------
2026-03-07 18:45:50,383 - INFO - [LR]    [66/90] | Learning Rate: 0.000300
2026-03-07 18:53:07,438 - INFO - [Train] [66/90] | Loss: 0.4202 | Train Acc: 86.71%
2026-03-07 18:53:46,451 - INFO - [Valid] [66/90] | Loss: 0.3979 | Val Acc: 87.52%
2026-03-07 18:53:46,625 - INFO - [Metrics for 'Normal'] | Precision: 0.8814 | Recall: 0.8824 | F1: 0.8819
2026-03-07 18:53:46,625 - INFO - [Metrics for 'Defect'] | Precision: 0.8682 | Recall: 0.8671 | F1: 0.8677
2026-03-07 18:53:46,685 - INFO - --------------------------------------------------
2026-03-07 18:53:46,685 - INFO - [LR]    [67/90] | Learning Rate: 0.000285
2026-03-07 19:01:08,961 - INFO - [Train] [67/90] | Loss: 0.4204 | Train Acc: 86.68%
2026-03-07 19:01:53,590 - INFO - [Valid] [67/90] | Loss: 0.3989 | Val Acc: 87.47%
2026-03-07 19:01:53,735 - INFO - [Metrics for 'Normal'] | Precision: 0.8990 | Recall: 0.8593 | F1: 0.8787
2026-03-07 19:01:53,735 - INFO - [Metrics for 'Defect'] | Precision: 0.8500 | Recall: 0.8920 | F1: 0.8705
2026-03-07 19:01:53,781 - INFO - --------------------------------------------------
2026-03-07 19:01:53,781 - INFO - [LR]    [68/90] | Learning Rate: 0.000271
2026-03-07 19:09:11,717 - INFO - [Train] [68/90] | Loss: 0.4197 | Train Acc: 86.75%
2026-03-07 19:09:51,052 - INFO - [Valid] [68/90] | Loss: 0.4003 | Val Acc: 87.40%
2026-03-07 19:09:51,199 - INFO - [Metrics for 'Normal'] | Precision: 0.8676 | Recall: 0.8986 | F1: 0.8828
2026-03-07 19:09:51,200 - INFO - [Metrics for 'Defect'] | Precision: 0.8817 | Recall: 0.8466 | F1: 0.8638
2026-03-07 19:09:51,246 - INFO - --------------------------------------------------
2026-03-07 19:09:51,246 - INFO - [LR]    [69/90] | Learning Rate: 0.000258
2026-03-07 19:17:09,246 - INFO - [Train] [69/90] | Loss: 0.4192 | Train Acc: 86.75%
2026-03-07 19:17:48,472 - INFO - [Valid] [69/90] | Loss: 0.3979 | Val Acc: 87.52%
2026-03-07 19:17:48,640 - INFO - [Metrics for 'Normal'] | Precision: 0.8768 | Recall: 0.8885 | F1: 0.8826
2026-03-07 19:17:48,640 - INFO - [Metrics for 'Defect'] | Precision: 0.8733 | Recall: 0.8602 | F1: 0.8667
2026-03-07 19:17:48,699 - INFO - --------------------------------------------------
2026-03-07 19:17:48,699 - INFO - [LR]    [70/90] | Learning Rate: 0.000245
2026-03-07 19:25:06,391 - INFO - [Train] [70/90] | Loss: 0.4190 | Train Acc: 86.80%
2026-03-07 19:25:45,905 - INFO - [Valid] [70/90] | Loss: 0.3969 | Val Acc: 87.67%
2026-03-07 19:25:46,050 - INFO - [Metrics for 'Normal'] | Precision: 0.8929 | Recall: 0.8710 | F1: 0.8818
2026-03-07 19:25:46,050 - INFO - [Metrics for 'Defect'] | Precision: 0.8595 | Recall: 0.8831 | F1: 0.8711
2026-03-07 19:25:46,097 - INFO - [Best Model Saved] (val loss: 0.3969) -> 'log/Sewer_ML_flops/baseline_xie2019_l1_20260307_100621/best_model.pth'
2026-03-07 19:25:46,097 - INFO - --------------------------------------------------
2026-03-07 19:25:46,097 - INFO - [LR]    [71/90] | Learning Rate: 0.000232
2026-03-07 19:33:03,659 - INFO - [Train] [71/90] | Loss: 0.4188 | Train Acc: 86.80%
2026-03-07 19:33:43,257 - INFO - [Valid] [71/90] | Loss: 0.3981 | Val Acc: 87.70%
2026-03-07 19:33:43,403 - INFO - [Metrics for 'Normal'] | Precision: 0.8972 | Recall: 0.8664 | F1: 0.8815
2026-03-07 19:33:43,403 - INFO - [Metrics for 'Defect'] | Precision: 0.8560 | Recall: 0.8889 | F1: 0.8721
2026-03-07 19:33:43,451 - INFO - --------------------------------------------------
2026-03-07 19:33:43,451 - INFO - [LR]    [72/90] | Learning Rate: 0.000220
2026-03-07 19:41:00,871 - INFO - [Train] [72/90] | Loss: 0.4183 | Train Acc: 86.82%
2026-03-07 19:41:40,106 - INFO - [Valid] [72/90] | Loss: 0.3965 | Val Acc: 87.61%
2026-03-07 19:41:40,251 - INFO - [Metrics for 'Normal'] | Precision: 0.8916 | Recall: 0.8713 | F1: 0.8813
2026-03-07 19:41:40,251 - INFO - [Metrics for 'Defect'] | Precision: 0.8595 | Recall: 0.8814 | F1: 0.8703
2026-03-07 19:41:40,299 - INFO - [Best Model Saved] (val loss: 0.3965) -> 'log/Sewer_ML_flops/baseline_xie2019_l1_20260307_100621/best_model.pth'
2026-03-07 19:41:40,299 - INFO - --------------------------------------------------
2026-03-07 19:41:40,299 - INFO - [LR]    [73/90] | Learning Rate: 0.000208
2026-03-07 19:48:58,768 - INFO - [Train] [73/90] | Loss: 0.4182 | Train Acc: 86.81%
2026-03-07 19:49:37,986 - INFO - [Valid] [73/90] | Loss: 0.3966 | Val Acc: 87.61%
2026-03-07 19:49:38,132 - INFO - [Metrics for 'Normal'] | Precision: 0.8806 | Recall: 0.8855 | F1: 0.8830
2026-03-07 19:49:38,132 - INFO - [Metrics for 'Defect'] | Precision: 0.8711 | Recall: 0.8656 | F1: 0.8683
2026-03-07 19:49:38,178 - INFO - --------------------------------------------------
2026-03-07 19:49:38,178 - INFO - [LR]    [74/90] | Learning Rate: 0.000197
2026-03-07 19:56:54,436 - INFO - [Train] [74/90] | Loss: 0.4179 | Train Acc: 86.85%
2026-03-07 19:57:34,699 - INFO - [Valid] [74/90] | Loss: 0.3961 | Val Acc: 87.63%
2026-03-07 19:57:34,845 - INFO - [Metrics for 'Normal'] | Precision: 0.8869 | Recall: 0.8777 | F1: 0.8823
2026-03-07 19:57:34,845 - INFO - [Metrics for 'Defect'] | Precision: 0.8647 | Recall: 0.8748 | F1: 0.8697
2026-03-07 19:57:34,904 - INFO - [Best Model Saved] (val loss: 0.3961) -> 'log/Sewer_ML_flops/baseline_xie2019_l1_20260307_100621/best_model.pth'
2026-03-07 19:57:34,904 - INFO - --------------------------------------------------
2026-03-07 19:57:34,904 - INFO - [LR]    [75/90] | Learning Rate: 0.000186
2026-03-07 20:04:53,222 - INFO - [Train] [75/90] | Loss: 0.4174 | Train Acc: 86.85%
2026-03-07 20:05:32,440 - INFO - [Valid] [75/90] | Loss: 0.3984 | Val Acc: 87.63%
2026-03-07 20:05:32,578 - INFO - [Metrics for 'Normal'] | Precision: 0.8950 | Recall: 0.8675 | F1: 0.8811
2026-03-07 20:05:32,578 - INFO - [Metrics for 'Defect'] | Precision: 0.8567 | Recall: 0.8861 | F1: 0.8712
2026-03-07 20:05:32,625 - INFO - --------------------------------------------------
2026-03-07 20:05:32,625 - INFO - [LR]    [76/90] | Learning Rate: 0.000176
2026-03-07 20:12:50,095 - INFO - [Train] [76/90] | Loss: 0.4177 | Train Acc: 86.88%
2026-03-07 20:13:29,510 - INFO - [Valid] [76/90] | Loss: 0.3961 | Val Acc: 87.70%
2026-03-07 20:13:29,656 - INFO - [Metrics for 'Normal'] | Precision: 0.8836 | Recall: 0.8833 | F1: 0.8835
2026-03-07 20:13:29,656 - INFO - [Metrics for 'Defect'] | Precision: 0.8695 | Recall: 0.8698 | F1: 0.8696
2026-03-07 20:13:29,702 - INFO - --------------------------------------------------
2026-03-07 20:13:29,702 - INFO - [LR]    [77/90] | Learning Rate: 0.000166
2026-03-07 20:20:47,496 - INFO - [Train] [77/90] | Loss: 0.4172 | Train Acc: 86.90%
2026-03-07 20:21:26,991 - INFO - [Valid] [77/90] | Loss: 0.3971 | Val Acc: 87.60%
2026-03-07 20:21:27,136 - INFO - [Metrics for 'Normal'] | Precision: 0.8923 | Recall: 0.8703 | F1: 0.8812
2026-03-07 20:21:27,136 - INFO - [Metrics for 'Defect'] | Precision: 0.8587 | Recall: 0.8824 | F1: 0.8704
2026-03-07 20:21:27,182 - INFO - --------------------------------------------------
2026-03-07 20:21:27,182 - INFO - [LR]    [78/90] | Learning Rate: 0.000157
2026-03-07 20:28:44,971 - INFO - [Train] [78/90] | Loss: 0.4172 | Train Acc: 86.90%
2026-03-07 20:29:24,523 - INFO - [Valid] [78/90] | Loss: 0.3954 | Val Acc: 87.68%
2026-03-07 20:29:24,658 - INFO - [Metrics for 'Normal'] | Precision: 0.8820 | Recall: 0.8852 | F1: 0.8836
2026-03-07 20:29:24,658 - INFO - [Metrics for 'Defect'] | Precision: 0.8710 | Recall: 0.8674 | F1: 0.8692
2026-03-07 20:29:24,706 - INFO - [Best Model Saved] (val loss: 0.3954) -> 'log/Sewer_ML_flops/baseline_xie2019_l1_20260307_100621/best_model.pth'
2026-03-07 20:29:24,706 - INFO - --------------------------------------------------
2026-03-07 20:29:24,706 - INFO - [LR]    [79/90] | Learning Rate: 0.000149
2026-03-07 20:36:42,261 - INFO - [Train] [79/90] | Loss: 0.4169 | Train Acc: 86.94%
2026-03-07 20:37:22,411 - INFO - [Valid] [79/90] | Loss: 0.3970 | Val Acc: 87.60%
2026-03-07 20:37:22,562 - INFO - [Metrics for 'Normal'] | Precision: 0.8805 | Recall: 0.8853 | F1: 0.8829
2026-03-07 20:37:22,562 - INFO - [Metrics for 'Defect'] | Precision: 0.8708 | Recall: 0.8655 | F1: 0.8682
2026-03-07 20:37:22,620 - INFO - --------------------------------------------------
2026-03-07 20:37:22,621 - INFO - [LR]    [80/90] | Learning Rate: 0.000141
2026-03-07 20:44:39,674 - INFO - [Train] [80/90] | Loss: 0.4170 | Train Acc: 86.95%
2026-03-07 20:45:18,984 - INFO - [Valid] [80/90] | Loss: 0.3961 | Val Acc: 87.65%
2026-03-07 20:45:19,129 - INFO - [Metrics for 'Normal'] | Precision: 0.8774 | Recall: 0.8906 | F1: 0.8839
2026-03-07 20:45:19,129 - INFO - [Metrics for 'Defect'] | Precision: 0.8755 | Recall: 0.8607 | F1: 0.8680
2026-03-07 20:45:19,175 - INFO - --------------------------------------------------
2026-03-07 20:45:19,175 - INFO - [LR]    [81/90] | Learning Rate: 0.000134
2026-03-07 20:52:36,262 - INFO - [Train] [81/90] | Loss: 0.4162 | Train Acc: 86.94%
2026-03-07 20:53:16,011 - INFO - [Valid] [81/90] | Loss: 0.3962 | Val Acc: 87.67%
2026-03-07 20:53:16,157 - INFO - [Metrics for 'Normal'] | Precision: 0.8943 | Recall: 0.8692 | F1: 0.8816
2026-03-07 20:53:16,157 - INFO - [Metrics for 'Defect'] | Precision: 0.8581 | Recall: 0.8850 | F1: 0.8714
2026-03-07 20:53:16,203 - INFO - --------------------------------------------------
2026-03-07 20:53:16,203 - INFO - [LR]    [82/90] | Learning Rate: 0.000128
2026-03-07 21:00:33,760 - INFO - [Train] [82/90] | Loss: 0.4161 | Train Acc: 86.97%
2026-03-07 21:01:13,372 - INFO - [Valid] [82/90] | Loss: 0.3954 | Val Acc: 87.65%
2026-03-07 21:01:13,509 - INFO - [Metrics for 'Normal'] | Precision: 0.8835 | Recall: 0.8826 | F1: 0.8831
2026-03-07 21:01:13,509 - INFO - [Metrics for 'Defect'] | Precision: 0.8688 | Recall: 0.8697 | F1: 0.8693
2026-03-07 21:01:13,557 - INFO - [Best Model Saved] (val loss: 0.3954) -> 'log/Sewer_ML_flops/baseline_xie2019_l1_20260307_100621/best_model.pth'
2026-03-07 21:01:13,557 - INFO - --------------------------------------------------
2026-03-07 21:01:13,557 - INFO - [LR]    [83/90] | Learning Rate: 0.000122
2026-03-07 21:08:30,815 - INFO - [Train] [83/90] | Loss: 0.4162 | Train Acc: 86.96%
2026-03-07 21:09:10,412 - INFO - [Valid] [83/90] | Loss: 0.3962 | Val Acc: 87.70%
2026-03-07 21:09:10,558 - INFO - [Metrics for 'Normal'] | Precision: 0.8857 | Recall: 0.8808 | F1: 0.8832
2026-03-07 21:09:10,558 - INFO - [Metrics for 'Defect'] | Precision: 0.8674 | Recall: 0.8728 | F1: 0.8701
2026-03-07 21:09:10,604 - INFO - --------------------------------------------------
2026-03-07 21:09:10,604 - INFO - [LR]    [84/90] | Learning Rate: 0.000117
2026-03-07 21:16:28,157 - INFO - [Train] [84/90] | Loss: 0.4160 | Train Acc: 86.99%
2026-03-07 21:17:07,675 - INFO - [Valid] [84/90] | Loss: 0.3955 | Val Acc: 87.69%
2026-03-07 21:17:07,814 - INFO - [Metrics for 'Normal'] | Precision: 0.8851 | Recall: 0.8813 | F1: 0.8832
2026-03-07 21:17:07,814 - INFO - [Metrics for 'Defect'] | Precision: 0.8678 | Recall: 0.8720 | F1: 0.8699
2026-03-07 21:17:07,861 - INFO - --------------------------------------------------
2026-03-07 21:17:07,861 - INFO - [LR]    [85/90] | Learning Rate: 0.000112
2026-03-07 21:24:25,478 - INFO - [Train] [85/90] | Loss: 0.4159 | Train Acc: 87.00%
2026-03-07 21:25:04,635 - INFO - [Valid] [85/90] | Loss: 0.3957 | Val Acc: 87.71%
2026-03-07 21:25:04,782 - INFO - [Metrics for 'Normal'] | Precision: 0.8825 | Recall: 0.8851 | F1: 0.8838
2026-03-07 21:25:04,782 - INFO - [Metrics for 'Defect'] | Precision: 0.8710 | Recall: 0.8681 | F1: 0.8695
2026-03-07 21:25:04,829 - INFO - --------------------------------------------------
2026-03-07 21:25:04,829 - INFO - [LR]    [86/90] | Learning Rate: 0.000109
2026-03-07 21:32:21,688 - INFO - [Train] [86/90] | Loss: 0.4161 | Train Acc: 86.96%
2026-03-07 21:33:00,896 - INFO - [Valid] [86/90] | Loss: 0.3954 | Val Acc: 87.72%
2026-03-07 21:33:01,042 - INFO - [Metrics for 'Normal'] | Precision: 0.8910 | Recall: 0.8745 | F1: 0.8827
2026-03-07 21:33:01,042 - INFO - [Metrics for 'Defect'] | Precision: 0.8624 | Recall: 0.8802 | F1: 0.8712
2026-03-07 21:33:01,090 - INFO - [Best Model Saved] (val loss: 0.3954) -> 'log/Sewer_ML_flops/baseline_xie2019_l1_20260307_100621/best_model.pth'
2026-03-07 21:33:01,090 - INFO - --------------------------------------------------
2026-03-07 21:33:01,090 - INFO - [LR]    [87/90] | Learning Rate: 0.000106
2026-03-07 21:40:21,458 - INFO - [Train] [87/90] | Loss: 0.4160 | Train Acc: 86.99%
2026-03-07 21:41:00,908 - INFO - [Valid] [87/90] | Loss: 0.3958 | Val Acc: 87.61%
2026-03-07 21:41:01,045 - INFO - [Metrics for 'Normal'] | Precision: 0.8761 | Recall: 0.8915 | F1: 0.8837
2026-03-07 21:41:01,045 - INFO - [Metrics for 'Defect'] | Precision: 0.8761 | Recall: 0.8588 | F1: 0.8674
2026-03-07 21:41:01,092 - INFO - --------------------------------------------------
2026-03-07 21:41:01,092 - INFO - [LR]    [88/90] | Learning Rate: 0.000103
2026-03-07 21:48:18,807 - INFO - [Train] [88/90] | Loss: 0.4158 | Train Acc: 87.02%
2026-03-07 21:48:58,855 - INFO - [Valid] [88/90] | Loss: 0.3953 | Val Acc: 87.68%
2026-03-07 21:48:59,001 - INFO - [Metrics for 'Normal'] | Precision: 0.8851 | Recall: 0.8811 | F1: 0.8831
2026-03-07 21:48:59,001 - INFO - [Metrics for 'Defect'] | Precision: 0.8676 | Recall: 0.8719 | F1: 0.8698
2026-03-07 21:48:59,048 - INFO - [Best Model Saved] (val loss: 0.3953) -> 'log/Sewer_ML_flops/baseline_xie2019_l1_20260307_100621/best_model.pth'
2026-03-07 21:48:59,048 - INFO - --------------------------------------------------
2026-03-07 21:48:59,048 - INFO - [LR]    [89/90] | Learning Rate: 0.000101
2026-03-07 21:56:16,528 - INFO - [Train] [89/90] | Loss: 0.4154 | Train Acc: 86.99%
2026-03-07 21:56:56,233 - INFO - [Valid] [89/90] | Loss: 0.3946 | Val Acc: 87.72%
2026-03-07 21:56:56,379 - INFO - [Metrics for 'Normal'] | Precision: 0.8915 | Recall: 0.8738 | F1: 0.8826
2026-03-07 21:56:56,379 - INFO - [Metrics for 'Defect'] | Precision: 0.8618 | Recall: 0.8810 | F1: 0.8713
2026-03-07 21:56:56,426 - INFO - [Best Model Saved] (val loss: 0.3946) -> 'log/Sewer_ML_flops/baseline_xie2019_l1_20260307_100621/best_model.pth'
2026-03-07 21:56:56,427 - INFO - --------------------------------------------------
2026-03-07 21:56:56,427 - INFO - [LR]    [90/90] | Learning Rate: 0.000100
2026-03-07 22:04:14,179 - INFO - [Train] [90/90] | Loss: 0.4157 | Train Acc: 86.98%
2026-03-07 22:04:53,710 - INFO - [Valid] [90/90] | Loss: 0.3944 | Val Acc: 87.78%
2026-03-07 22:04:53,849 - INFO - [Metrics for 'Normal'] | Precision: 0.8865 | Recall: 0.8814 | F1: 0.8839
2026-03-07 22:04:53,849 - INFO - [Metrics for 'Defect'] | Precision: 0.8681 | Recall: 0.8737 | F1: 0.8709
2026-03-07 22:04:53,898 - INFO - [Best Model Saved] (val loss: 0.3944) -> 'log/Sewer_ML_flops/baseline_xie2019_l1_20260307_100621/best_model.pth'
2026-03-07 22:04:53,899 - INFO - ==================================================
2026-03-07 22:04:53,899 - INFO - 훈련 완료. 최고 성능 모델을 불러와 테스트 세트로 최종 평가합니다.
2026-03-07 22:04:53,899 - INFO - 최종 평가를 위해 새로운 모델 객체를 생성합니다.
2026-03-07 22:04:53,899 - INFO - Baseline 모델 'xie2019'을(를) 생성합니다 (사전 훈련 가중치: 미사용).
2026-03-07 22:04:53,922 - INFO - 최종 평가 모델에 Pruning 구조를 재적용합니다.
2026-03-07 22:04:53,945 - INFO - torch-pruning을 사용한 L1 Norm Pruning을 시작합니다.
2026-03-07 22:04:53,945 - INFO - 분류 레이어 'Linear'을(를) Pruning 대상에서 제외합니다.
2026-03-07 22:04:54,081 - INFO - 저장된 pruning_history를 사용해 Pruning 구조를 재현했습니다.
2026-03-07 22:04:54,081 - INFO - torch-pruning 완료. 모델 구조가 희소도(0.8914)에 맞춰 변경되었습니다.
2026-03-07 22:04:54,081 - INFO - ==================================================
2026-03-07 22:04:54,083 - INFO - 최고 성능 모델 가중치를 새로 생성된 모델 객체에 로드 완료: 'log/Sewer_ML_flops/baseline_xie2019_l1_20260307_100621/best_model.pth'
2026-03-07 22:04:54,083 - INFO - ==================================================
2026-03-07 22:04:54,083 - INFO - Test 모드를 시작합니다.
2026-03-07 22:04:54,083 - INFO - FLOPs 및 MACs 측정을 시작합니다...
2026-03-07 22:04:54,085 - INFO - Model FLOPs: 0.2238 GFLOPs
2026-03-07 22:04:54,085 - INFO - Model MACs: 0.1119 GMACs
2026-03-07 22:04:54,189 - INFO - 테스트 데이터셋에 대한 추론을 시작합니다.
2026-03-07 22:05:32,817 - INFO - [Test] Loss: 0.3150 | Test Acc: 87.78%
2026-03-07 22:05:32,954 - INFO - [Metrics for 'Normal'] | Precision: 0.8865 | Recall: 0.8814 | F1: 0.8839
2026-03-07 22:05:32,954 - INFO - [Metrics for 'Defect'] | Precision: 0.8681 | Recall: 0.8737 | F1: 0.8709
2026-03-07 22:05:33,160 - INFO - ==================================================
2026-03-07 22:05:33,160 - INFO - 혼동 행렬 저장 완료. 'log/Sewer_ML_flops/baseline_xie2019_l1_20260307_100621/confusion_matrix_20260307_100621.png' and 'log/Sewer_ML_flops/baseline_xie2019_l1_20260307_100621/confusion_matrix_20260307_100621.pdf'
2026-03-07 22:05:33,255 - INFO - Val Acc 그래프 저장 완료: 'log/Sewer_ML_flops/baseline_xie2019_l1_20260307_100621/graph_20260307_100621/val_acc.png' and 'log/Sewer_ML_flops/baseline_xie2019_l1_20260307_100621/graph_20260307_100621/val_acc.pdf'
2026-03-07 22:05:33,359 - INFO - Train/Val Acc 그래프 저장 완료: 'log/Sewer_ML_flops/baseline_xie2019_l1_20260307_100621/graph_20260307_100621/train_val_acc.png' and 'log/Sewer_ML_flops/baseline_xie2019_l1_20260307_100621/graph_20260307_100621/train_val_acc.pdf'
2026-03-07 22:05:33,445 - INFO - F1 (Normal) 그래프 저장 완료: 'log/Sewer_ML_flops/baseline_xie2019_l1_20260307_100621/graph_20260307_100621/F1_normal.png' and 'log/Sewer_ML_flops/baseline_xie2019_l1_20260307_100621/graph_20260307_100621/F1_normal.pdf'
2026-03-07 22:05:33,540 - INFO - Validation Loss 그래프 저장 완료: 'log/Sewer_ML_flops/baseline_xie2019_l1_20260307_100621/graph_20260307_100621/val_loss.png' and 'log/Sewer_ML_flops/baseline_xie2019_l1_20260307_100621/graph_20260307_100621/val_loss.pdf'
2026-03-07 22:05:33,629 - INFO - Learning Rate 그래프 저장 완료: 'log/Sewer_ML_flops/baseline_xie2019_l1_20260307_100621/graph_20260307_100621/learning_rate.png' and 'log/Sewer_ML_flops/baseline_xie2019_l1_20260307_100621/graph_20260307_100621/learning_rate.pdf'
2026-03-07 22:06:20,574 - INFO - 종합 그래프 저장 완료: 'log/Sewer_ML_flops/baseline_xie2019_l1_20260307_100621/graph_20260307_100621/compile.png' and 'log/Sewer_ML_flops/baseline_xie2019_l1_20260307_100621/graph_20260307_100621/compile.pdf'
