2026-03-06 21:22:07,484 - INFO - 로그 파일이 'log/Sewer_ML_flops/baseline_mobile_vit_xxs_l1_20260306_212207/log_20260306_212207.log'에 저장됩니다.
2026-03-06 21:22:07,485 - INFO - ==================================================
2026-03-06 21:22:07,485 - INFO - config.yaml:
2026-03-06 21:22:07,485 - INFO - 
run:
  global_seed: 42
  cuda: true
  mode: train
  pth_best_name: best_model.pth
  only_inference: false
  show_log: true
  dataset:
    name: Sewer_ML_flops
    type: csv
    train_split_ratio: 0.8
    paths:
      train_img_dir: /home/tai/workspace/ssd1/data/Sewer/Sewer-ML/train
      valid_img_dir: /home/tai/workspace/ssd1/data/Sewer/Sewer-ML/valid
      test_img_dir: /home/tai/workspace/ssd1/data/Sewer/Sewer-ML/valid
      train_csv: /home/tai/workspace/ssd1/data/Sewer/Sewer-ML/SewerML_Train.csv
      valid_csv: /home/tai/workspace/ssd1/data/Sewer/Sewer-ML/SewerML_Val.csv
      test_csv: /home/tai/workspace/ssd1/data/Sewer/Sewer-ML/SewerML_Val.csv
      img_folder: /home/tai/workspace/ssd1/data/Sewer/Sewer-TAPNEW
  random_sampling_ratio:
    train: 1.0
    valid: 1.0
    test: 1.0
  num_workers: 16
model:
  img_size: 224
  num_patches_per_side: 7
  num_decoder_patches: 1
  num_decoder_layers: 6
  num_heads: 4
  cnn_feature_extractor:
    name: custom32
  encoder_dim: 32
  emb_dim: 32
  adaptive_initial_query: true
  decoder_ff_ratio: 2
  dropout: 0.1
  positional_encoding: true
  drop_path_ratio: 0.2
  visualize_attention: true
  num_plot_attention: 1500
training_main:
  epochs: 10
  batch_size: 256
  pre_trained: false
  optimizer: adamw
  lr: 0.001
  weight_decay: 0.0001
  loss_function: CrossEntropyLoss
  label_smoothing: 0.1
  scheduler: cosineannealinglr
  scheduler_params:
    T_max: 10
    eta_min: 0.0001
  best_model_criterion: val_loss
training_baseline:
  model_name: mobile_vit_xxs
  epochs: 10
  batch_size: 256
  pre_trained: false
  optimizer: adamw
  lr: 0.001
  weight_decay: 0.0001
  loss_function: CrossEntropyLoss
  label_smoothing: 0.1
  scheduler: cosineannealinglr
  scheduler_params:
    T_max: 10
    eta_min: 0.0001
  best_model_criterion: val_loss
finetuning_pruned:
  epochs: 80
  batch_size: 256
  optimizer: adamw
  lr: 0.001
  weight_decay: 0.0001
  loss_function: CrossEntropyLoss
  label_smoothing: 0.1
  scheduler: cosineannealinglr
  scheduler_params:
    T_max: 80
    eta_min: 0.0001
  best_model_criterion: val_loss
  use_l1_pruning: true
  pruning_sparsity: 0.3964
  exclude_attention_qkv_pruning: true
  exclude_embedding_bridge_pruning: true
  exclude_learnable_queries_pruning: true

2026-03-06 21:22:07,485 - INFO - ==================================================
2026-03-06 21:22:07,624 - INFO - CUDA 사용 가능. GPU 사용을 시작합니다. (Device: NVIDIA GeForce RTX 5090)
2026-03-06 21:22:07,625 - INFO - 'Sewer_ML_flops' 데이터 로드를 시작합니다 (Type: csv).
2026-03-06 21:22:08,181 - INFO - 데이터셋 클래스: ['Normal', 'Defect'] (총 2개)
2026-03-06 21:22:08,182 - INFO - 훈련 데이터: 1040129개, 검증 데이터: 130046개, 테스트 데이터: 130046개
2026-03-06 21:22:08,182 - INFO - Baseline 모델 'mobile_vit_xxs'을(를) 생성합니다 (사전 훈련 가중치: 미사용).
2026-03-06 21:22:08,254 - INFO - timm 모델(mobile_vit_xxs)의 Attention.forward를 Pruning 호환성을 위해 Monkey-patching 합니다.
2026-03-06 21:22:08,259 - INFO - ==================================================
2026-03-06 21:22:08,259 - INFO - 모델 파라미터 수:
2026-03-06 21:22:08,259 - INFO -   - 총 파라미터: 951,666 개
2026-03-06 21:22:08,259 - INFO -   - 학습 가능한 파라미터: 951,666 개
2026-03-06 21:22:08,259 - INFO - ================================================================================
2026-03-06 21:22:08,259 - INFO - 단계 1/2: 사전 훈련(Pre-training)을 시작합니다.
2026-03-06 21:22:08,259 - INFO - ================================================================================
2026-03-06 21:22:08,259 - INFO - 옵티마이저: AdamW (lr=0.001, weight_decay=0.0001)
2026-03-06 21:22:08,259 - INFO - 스케줄러: CosineAnnealingLR (T_max=10, eta_min=0.0001)
2026-03-06 21:22:08,259 - INFO - ==================================================
2026-03-06 21:22:08,259 - INFO - train 모드를 시작합니다.
2026-03-06 21:22:08,259 - INFO - 손실 함수: CrossEntropyLoss (label_smoothing: 0.1)
2026-03-06 21:22:08,259 - INFO - Best metric을 초기값(inf)으로 설정합니다.
2026-03-06 21:22:08,259 - INFO - --------------------------------------------------
2026-03-06 21:22:08,260 - INFO - [LR]    [1/10] | Learning Rate: 0.001000
2026-03-06 21:30:22,041 - INFO - [Train] [1/10] | Loss: 0.4270 | Train Acc: 85.33%
2026-03-06 21:31:02,145 - INFO - [Valid] [1/10] | Loss: 0.3994 | Val Acc: 87.30%
2026-03-06 21:31:02,288 - INFO - [Metrics for 'Normal'] | Precision: 0.8764 | Recall: 0.8843 | F1: 0.8803
2026-03-06 21:31:02,288 - INFO - [Metrics for 'Defect'] | Precision: 0.8692 | Recall: 0.8605 | F1: 0.8648
2026-03-06 21:31:02,345 - INFO - [Best Model Saved] (val loss: 0.3994) -> 'log/Sewer_ML_flops/baseline_mobile_vit_xxs_l1_20260306_212207/best_model.pth'
2026-03-06 21:31:02,345 - INFO - --------------------------------------------------
2026-03-06 21:31:02,346 - INFO - [LR]    [2/10] | Learning Rate: 0.000978
2026-03-06 21:39:14,383 - INFO - [Train] [2/10] | Loss: 0.3891 | Train Acc: 88.05%
2026-03-06 21:39:53,968 - INFO - [Valid] [2/10] | Loss: 0.3814 | Val Acc: 88.57%
2026-03-06 21:39:54,102 - INFO - [Metrics for 'Normal'] | Precision: 0.8832 | Recall: 0.9029 | F1: 0.8930
2026-03-06 21:39:54,102 - INFO - [Metrics for 'Defect'] | Precision: 0.8885 | Recall: 0.8664 | F1: 0.8773
2026-03-06 21:39:54,159 - INFO - [Best Model Saved] (val loss: 0.3814) -> 'log/Sewer_ML_flops/baseline_mobile_vit_xxs_l1_20260306_212207/best_model.pth'
2026-03-06 21:39:54,159 - INFO - --------------------------------------------------
2026-03-06 21:39:54,160 - INFO - [LR]    [3/10] | Learning Rate: 0.000914
2026-03-06 21:48:06,255 - INFO - [Train] [3/10] | Loss: 0.3754 | Train Acc: 88.98%
2026-03-06 21:48:46,481 - INFO - [Valid] [3/10] | Loss: 0.3717 | Val Acc: 89.25%
2026-03-06 21:48:46,615 - INFO - [Metrics for 'Normal'] | Precision: 0.8939 | Recall: 0.9037 | F1: 0.8988
2026-03-06 21:48:46,615 - INFO - [Metrics for 'Defect'] | Precision: 0.8909 | Recall: 0.8799 | F1: 0.8854
2026-03-06 21:48:46,672 - INFO - [Best Model Saved] (val loss: 0.3717) -> 'log/Sewer_ML_flops/baseline_mobile_vit_xxs_l1_20260306_212207/best_model.pth'
2026-03-06 21:48:46,672 - INFO - --------------------------------------------------
2026-03-06 21:48:46,673 - INFO - [LR]    [4/10] | Learning Rate: 0.000815
2026-03-06 21:56:58,631 - INFO - [Train] [4/10] | Loss: 0.3660 | Train Acc: 89.59%
2026-03-06 21:57:38,478 - INFO - [Valid] [4/10] | Loss: 0.3628 | Val Acc: 89.83%
2026-03-06 21:57:38,623 - INFO - [Metrics for 'Normal'] | Precision: 0.9183 | Recall: 0.8864 | F1: 0.9020
2026-03-06 21:57:38,623 - INFO - [Metrics for 'Defect'] | Precision: 0.8776 | Recall: 0.9117 | F1: 0.8943
2026-03-06 21:57:38,681 - INFO - [Best Model Saved] (val loss: 0.3628) -> 'log/Sewer_ML_flops/baseline_mobile_vit_xxs_l1_20260306_212207/best_model.pth'
2026-03-06 21:57:38,681 - INFO - --------------------------------------------------
2026-03-06 21:57:38,681 - INFO - [LR]    [5/10] | Learning Rate: 0.000689
2026-03-06 22:05:50,796 - INFO - [Train] [5/10] | Loss: 0.3584 | Train Acc: 90.09%
2026-03-06 22:06:31,206 - INFO - [Valid] [5/10] | Loss: 0.3603 | Val Acc: 90.05%
2026-03-06 22:06:31,350 - INFO - [Metrics for 'Normal'] | Precision: 0.9166 | Recall: 0.8929 | F1: 0.9046
2026-03-06 22:06:31,350 - INFO - [Metrics for 'Defect'] | Precision: 0.8835 | Recall: 0.9091 | F1: 0.8961
2026-03-06 22:06:31,407 - INFO - [Best Model Saved] (val loss: 0.3603) -> 'log/Sewer_ML_flops/baseline_mobile_vit_xxs_l1_20260306_212207/best_model.pth'
2026-03-06 22:06:31,407 - INFO - --------------------------------------------------
2026-03-06 22:06:31,408 - INFO - [LR]    [6/10] | Learning Rate: 0.000550
2026-03-06 22:14:43,593 - INFO - [Train] [6/10] | Loss: 0.3516 | Train Acc: 90.58%
2026-03-06 22:15:23,772 - INFO - [Valid] [6/10] | Loss: 0.3543 | Val Acc: 90.42%
2026-03-06 22:15:23,917 - INFO - [Metrics for 'Normal'] | Precision: 0.9186 | Recall: 0.8983 | F1: 0.9083
2026-03-06 22:15:23,917 - INFO - [Metrics for 'Defect'] | Precision: 0.8889 | Recall: 0.9109 | F1: 0.8998
2026-03-06 22:15:23,975 - INFO - [Best Model Saved] (val loss: 0.3543) -> 'log/Sewer_ML_flops/baseline_mobile_vit_xxs_l1_20260306_212207/best_model.pth'
2026-03-06 22:15:23,975 - INFO - --------------------------------------------------
2026-03-06 22:15:23,976 - INFO - [LR]    [7/10] | Learning Rate: 0.000411
2026-03-06 22:23:36,177 - INFO - [Train] [7/10] | Loss: 0.3455 | Train Acc: 91.00%
2026-03-06 22:24:16,325 - INFO - [Valid] [7/10] | Loss: 0.3514 | Val Acc: 90.55%
2026-03-06 22:24:16,471 - INFO - [Metrics for 'Normal'] | Precision: 0.9231 | Recall: 0.8957 | F1: 0.9092
2026-03-06 22:24:16,471 - INFO - [Metrics for 'Defect'] | Precision: 0.8870 | Recall: 0.9165 | F1: 0.9015
2026-03-06 22:24:16,529 - INFO - [Best Model Saved] (val loss: 0.3514) -> 'log/Sewer_ML_flops/baseline_mobile_vit_xxs_l1_20260306_212207/best_model.pth'
2026-03-06 22:24:16,529 - INFO - --------------------------------------------------
2026-03-06 22:24:16,530 - INFO - [LR]    [8/10] | Learning Rate: 0.000285
2026-03-06 22:32:28,932 - INFO - [Train] [8/10] | Loss: 0.3400 | Train Acc: 91.32%
2026-03-06 22:33:09,308 - INFO - [Valid] [8/10] | Loss: 0.3472 | Val Acc: 90.87%
2026-03-06 22:33:09,483 - INFO - [Metrics for 'Normal'] | Precision: 0.9158 | Recall: 0.9108 | F1: 0.9133
2026-03-06 22:33:09,483 - INFO - [Metrics for 'Defect'] | Precision: 0.9008 | Recall: 0.9063 | F1: 0.9035
2026-03-06 22:33:09,556 - INFO - [Best Model Saved] (val loss: 0.3472) -> 'log/Sewer_ML_flops/baseline_mobile_vit_xxs_l1_20260306_212207/best_model.pth'
2026-03-06 22:33:09,556 - INFO - --------------------------------------------------
2026-03-06 22:33:09,557 - INFO - [LR]    [9/10] | Learning Rate: 0.000186
2026-03-06 22:41:21,764 - INFO - [Train] [9/10] | Loss: 0.3353 | Train Acc: 91.67%
2026-03-06 22:42:02,199 - INFO - [Valid] [9/10] | Loss: 0.3467 | Val Acc: 90.87%
2026-03-06 22:42:02,345 - INFO - [Metrics for 'Normal'] | Precision: 0.9195 | Recall: 0.9064 | F1: 0.9129
2026-03-06 22:42:02,345 - INFO - [Metrics for 'Defect'] | Precision: 0.8969 | Recall: 0.9112 | F1: 0.9040
2026-03-06 22:42:02,402 - INFO - [Best Model Saved] (val loss: 0.3467) -> 'log/Sewer_ML_flops/baseline_mobile_vit_xxs_l1_20260306_212207/best_model.pth'
2026-03-06 22:42:02,402 - INFO - --------------------------------------------------
2026-03-06 22:42:02,403 - INFO - [LR]    [10/10] | Learning Rate: 0.000122
2026-03-06 22:50:14,649 - INFO - [Train] [10/10] | Loss: 0.3320 | Train Acc: 91.88%
2026-03-06 22:50:54,891 - INFO - [Valid] [10/10] | Loss: 0.3468 | Val Acc: 90.92%
2026-03-06 22:50:55,027 - INFO - [Metrics for 'Normal'] | Precision: 0.9226 | Recall: 0.9040 | F1: 0.9132
2026-03-06 22:50:55,027 - INFO - [Metrics for 'Defect'] | Precision: 0.8949 | Recall: 0.9151 | F1: 0.9049
2026-03-06 22:50:55,075 - INFO - ================================================================================
2026-03-06 22:50:55,075 - INFO - 단계 2/2: Pruning 및 미세 조정(Fine-tuning)을 시작합니다.
2026-03-06 22:50:55,075 - INFO - ================================================================================
2026-03-06 22:50:55,097 - INFO - 사전 훈련된 모델 'log/Sewer_ML_flops/baseline_mobile_vit_xxs_l1_20260306_212207/best_model.pth'을(를) 불러왔습니다.
2026-03-06 22:50:55,122 - INFO - Pruning 전 원본 모델의 FLOPs를 측정합니다.
2026-03-06 22:50:55,152 - INFO - torch-pruning을 사용한 L1 Norm Pruning을 시작합니다.
2026-03-06 22:50:55,152 - INFO - 분류 레이어 'ClassifierHead'을(를) Pruning 대상에서 제외합니다.
2026-03-06 22:50:55,152 - INFO - ViT 계열 모델의 모든 qkv 레이어를 Pruning 대상에서 제외합니다.
2026-03-06 22:50:55,442 - INFO - torch-pruning 완료. 모델 구조가 희소도(0.3964)에 맞춰 변경되었습니다.
2026-03-06 22:50:55,442 - INFO - ==================================================
2026-03-06 22:50:55,443 - INFO - ==================================================
2026-03-06 22:50:55,443 - INFO - 모델 파라미터 수:
2026-03-06 22:50:55,443 - INFO -   - 총 파라미터: 402,629 개
2026-03-06 22:50:55,443 - INFO -   - 학습 가능한 파라미터: 402,629 개
2026-03-06 22:50:55,466 - INFO - Pruning 후 모델의 FLOPs를 측정합니다.
2026-03-06 22:50:55,496 - INFO - FLOPs가 0.5384 GFLOPs에서 0.2263 GFLOPs로 감소했습니다 (감소율: 57.96%).
2026-03-06 22:50:55,506 - INFO - Pruning 정보(희소도: 0.3964)를 'log/Sewer_ML_flops/baseline_mobile_vit_xxs_l1_20260306_212207/pruning_info.yaml'에 저장했습니다.
2026-03-06 22:50:55,506 - INFO - 미세 조정을 위한 새로운 옵티마이저와 스케줄러를 생성합니다.
2026-03-06 22:50:55,506 - INFO - 옵티마이저: AdamW (lr=0.001, weight_decay=0.0001)
2026-03-06 22:50:55,506 - INFO - 스케줄러: CosineAnnealingLR (T_max=80, eta_min=0.0001)
2026-03-06 22:50:55,506 - INFO - ==================================================
2026-03-06 22:50:55,506 - INFO - train 모드를 시작합니다.
2026-03-06 22:50:55,506 - INFO - 손실 함수: CrossEntropyLoss (label_smoothing: 0.1)
2026-03-06 22:50:55,506 - INFO - Best metric을 초기값(inf)으로 설정합니다.
2026-03-06 22:50:55,506 - INFO - --------------------------------------------------
2026-03-06 22:50:55,507 - INFO - [LR]    [11/90] | Learning Rate: 0.001000
2026-03-06 22:58:31,695 - INFO - [Train] [11/90] | Loss: 0.3921 | Train Acc: 87.81%
2026-03-06 22:59:11,633 - INFO - [Valid] [11/90] | Loss: 0.3729 | Val Acc: 89.12%
2026-03-06 22:59:11,800 - INFO - [Metrics for 'Normal'] | Precision: 0.9011 | Recall: 0.8919 | F1: 0.8965
2026-03-06 22:59:11,800 - INFO - [Metrics for 'Defect'] | Precision: 0.8804 | Recall: 0.8905 | F1: 0.8854
2026-03-06 22:59:11,879 - INFO - [Best Model Saved] (val loss: 0.3729) -> 'log/Sewer_ML_flops/baseline_mobile_vit_xxs_l1_20260306_212207/best_model.pth'
2026-03-06 22:59:11,879 - INFO - --------------------------------------------------
2026-03-06 22:59:11,880 - INFO - [LR]    [12/90] | Learning Rate: 0.001000
2026-03-06 23:06:46,568 - INFO - [Train] [12/90] | Loss: 0.3704 | Train Acc: 89.32%
2026-03-06 23:07:26,382 - INFO - [Valid] [12/90] | Loss: 0.3715 | Val Acc: 89.32%
2026-03-06 23:07:26,526 - INFO - [Metrics for 'Normal'] | Precision: 0.9262 | Recall: 0.8667 | F1: 0.8955
2026-03-06 23:07:26,526 - INFO - [Metrics for 'Defect'] | Precision: 0.8609 | Recall: 0.9228 | F1: 0.8907
2026-03-06 23:07:26,582 - INFO - [Best Model Saved] (val loss: 0.3715) -> 'log/Sewer_ML_flops/baseline_mobile_vit_xxs_l1_20260306_212207/best_model.pth'
2026-03-06 23:07:26,582 - INFO - --------------------------------------------------
2026-03-06 23:07:26,582 - INFO - [LR]    [13/90] | Learning Rate: 0.000999
2026-03-06 23:15:01,433 - INFO - [Train] [13/90] | Loss: 0.3632 | Train Acc: 89.80%
2026-03-06 23:15:41,104 - INFO - [Valid] [13/90] | Loss: 0.3704 | Val Acc: 89.30%
2026-03-06 23:15:41,249 - INFO - [Metrics for 'Normal'] | Precision: 0.9211 | Recall: 0.8720 | F1: 0.8959
2026-03-06 23:15:41,249 - INFO - [Metrics for 'Defect'] | Precision: 0.8648 | Recall: 0.9165 | F1: 0.8899
2026-03-06 23:15:41,305 - INFO - [Best Model Saved] (val loss: 0.3704) -> 'log/Sewer_ML_flops/baseline_mobile_vit_xxs_l1_20260306_212207/best_model.pth'
2026-03-06 23:15:41,305 - INFO - --------------------------------------------------
2026-03-06 23:15:41,306 - INFO - [LR]    [14/90] | Learning Rate: 0.000997
2026-03-06 23:23:16,026 - INFO - [Train] [14/90] | Loss: 0.3587 | Train Acc: 90.08%
2026-03-06 23:23:55,809 - INFO - [Valid] [14/90] | Loss: 0.3602 | Val Acc: 89.97%
2026-03-06 23:23:55,953 - INFO - [Metrics for 'Normal'] | Precision: 0.8903 | Recall: 0.9240 | F1: 0.9068
2026-03-06 23:23:55,953 - INFO - [Metrics for 'Defect'] | Precision: 0.9111 | Recall: 0.8725 | F1: 0.8914
2026-03-06 23:23:56,009 - INFO - [Best Model Saved] (val loss: 0.3602) -> 'log/Sewer_ML_flops/baseline_mobile_vit_xxs_l1_20260306_212207/best_model.pth'
2026-03-06 23:23:56,010 - INFO - --------------------------------------------------
2026-03-06 23:23:56,010 - INFO - [LR]    [15/90] | Learning Rate: 0.000994
2026-03-06 23:31:31,632 - INFO - [Train] [15/90] | Loss: 0.3552 | Train Acc: 90.31%
2026-03-06 23:32:11,827 - INFO - [Valid] [15/90] | Loss: 0.3590 | Val Acc: 90.10%
2026-03-06 23:32:11,972 - INFO - [Metrics for 'Normal'] | Precision: 0.9317 | Recall: 0.8769 | F1: 0.9035
2026-03-06 23:32:11,972 - INFO - [Metrics for 'Defect'] | Precision: 0.8707 | Recall: 0.9281 | F1: 0.8985
2026-03-06 23:32:12,029 - INFO - [Best Model Saved] (val loss: 0.3590) -> 'log/Sewer_ML_flops/baseline_mobile_vit_xxs_l1_20260306_212207/best_model.pth'
2026-03-06 23:32:12,029 - INFO - --------------------------------------------------
2026-03-06 23:32:12,029 - INFO - [LR]    [16/90] | Learning Rate: 0.000991
2026-03-06 23:39:46,653 - INFO - [Train] [16/90] | Loss: 0.3525 | Train Acc: 90.48%
2026-03-06 23:40:26,508 - INFO - [Valid] [16/90] | Loss: 0.3551 | Val Acc: 90.30%
2026-03-06 23:40:26,642 - INFO - [Metrics for 'Normal'] | Precision: 0.9008 | Recall: 0.9174 | F1: 0.9090
2026-03-06 23:40:26,642 - INFO - [Metrics for 'Defect'] | Precision: 0.9056 | Recall: 0.8869 | F1: 0.8962
2026-03-06 23:40:26,699 - INFO - [Best Model Saved] (val loss: 0.3551) -> 'log/Sewer_ML_flops/baseline_mobile_vit_xxs_l1_20260306_212207/best_model.pth'
2026-03-06 23:40:26,699 - INFO - --------------------------------------------------
2026-03-06 23:40:26,700 - INFO - [LR]    [17/90] | Learning Rate: 0.000988
2026-03-06 23:48:01,948 - INFO - [Train] [17/90] | Loss: 0.3494 | Train Acc: 90.70%
2026-03-06 23:48:41,336 - INFO - [Valid] [17/90] | Loss: 0.3532 | Val Acc: 90.45%
2026-03-06 23:48:41,482 - INFO - [Metrics for 'Normal'] | Precision: 0.9276 | Recall: 0.8886 | F1: 0.9076
2026-03-06 23:48:41,482 - INFO - [Metrics for 'Defect'] | Precision: 0.8809 | Recall: 0.9223 | F1: 0.9011
2026-03-06 23:48:41,538 - INFO - [Best Model Saved] (val loss: 0.3532) -> 'log/Sewer_ML_flops/baseline_mobile_vit_xxs_l1_20260306_212207/best_model.pth'
2026-03-06 23:48:41,538 - INFO - --------------------------------------------------
2026-03-06 23:48:41,538 - INFO - [LR]    [18/90] | Learning Rate: 0.000983
2026-03-06 23:56:16,624 - INFO - [Train] [18/90] | Loss: 0.3473 | Train Acc: 90.84%
2026-03-06 23:56:56,610 - INFO - [Valid] [18/90] | Loss: 0.3495 | Val Acc: 90.79%
2026-03-06 23:56:56,745 - INFO - [Metrics for 'Normal'] | Precision: 0.9267 | Recall: 0.8964 | F1: 0.9113
2026-03-06 23:56:56,745 - INFO - [Metrics for 'Defect'] | Precision: 0.8882 | Recall: 0.9206 | F1: 0.9041
2026-03-06 23:56:56,802 - INFO - [Best Model Saved] (val loss: 0.3495) -> 'log/Sewer_ML_flops/baseline_mobile_vit_xxs_l1_20260306_212207/best_model.pth'
2026-03-06 23:56:56,802 - INFO - --------------------------------------------------
2026-03-06 23:56:56,802 - INFO - [LR]    [19/90] | Learning Rate: 0.000978
2026-03-07 00:04:31,450 - INFO - [Train] [19/90] | Loss: 0.3451 | Train Acc: 90.99%
2026-03-07 00:05:11,215 - INFO - [Valid] [19/90] | Loss: 0.3517 | Val Acc: 90.51%
2026-03-07 00:05:11,360 - INFO - [Metrics for 'Normal'] | Precision: 0.9230 | Recall: 0.8949 | F1: 0.9088
2026-03-07 00:05:11,360 - INFO - [Metrics for 'Defect'] | Precision: 0.8863 | Recall: 0.9165 | F1: 0.9011
2026-03-07 00:05:11,406 - INFO - --------------------------------------------------
2026-03-07 00:05:11,407 - INFO - [LR]    [20/90] | Learning Rate: 0.000972
2026-03-07 00:12:46,628 - INFO - [Train] [20/90] | Loss: 0.3434 | Train Acc: 91.06%
2026-03-07 00:13:26,751 - INFO - [Valid] [20/90] | Loss: 0.3500 | Val Acc: 90.67%
2026-03-07 00:13:26,896 - INFO - [Metrics for 'Normal'] | Precision: 0.9229 | Recall: 0.8983 | F1: 0.9105
2026-03-07 00:13:26,896 - INFO - [Metrics for 'Defect'] | Precision: 0.8895 | Recall: 0.9161 | F1: 0.9026
2026-03-07 00:13:26,942 - INFO - --------------------------------------------------
2026-03-07 00:13:26,943 - INFO - [LR]    [21/90] | Learning Rate: 0.000966
2026-03-07 00:21:01,392 - INFO - [Train] [21/90] | Loss: 0.3419 | Train Acc: 91.18%
2026-03-07 00:21:40,739 - INFO - [Valid] [21/90] | Loss: 0.3493 | Val Acc: 90.78%
2026-03-07 00:21:40,885 - INFO - [Metrics for 'Normal'] | Precision: 0.9308 | Recall: 0.8917 | F1: 0.9108
2026-03-07 00:21:40,885 - INFO - [Metrics for 'Defect'] | Precision: 0.8842 | Recall: 0.9258 | F1: 0.9045
2026-03-07 00:21:40,941 - INFO - [Best Model Saved] (val loss: 0.3493) -> 'log/Sewer_ML_flops/baseline_mobile_vit_xxs_l1_20260306_212207/best_model.pth'
2026-03-07 00:21:40,942 - INFO - --------------------------------------------------
2026-03-07 00:21:40,942 - INFO - [LR]    [22/90] | Learning Rate: 0.000959
2026-03-07 00:29:15,498 - INFO - [Train] [22/90] | Loss: 0.3397 | Train Acc: 91.31%
2026-03-07 00:29:55,498 - INFO - [Valid] [22/90] | Loss: 0.3526 | Val Acc: 90.52%
2026-03-07 00:29:55,682 - INFO - [Metrics for 'Normal'] | Precision: 0.9351 | Recall: 0.8816 | F1: 0.9076
2026-03-07 00:29:55,682 - INFO - [Metrics for 'Defect'] | Precision: 0.8755 | Recall: 0.9315 | F1: 0.9027
2026-03-07 00:29:55,729 - INFO - --------------------------------------------------
2026-03-07 00:29:55,730 - INFO - [LR]    [23/90] | Learning Rate: 0.000951
2026-03-07 00:37:30,194 - INFO - [Train] [23/90] | Loss: 0.3383 | Train Acc: 91.42%
2026-03-07 00:38:10,240 - INFO - [Valid] [23/90] | Loss: 0.3473 | Val Acc: 90.93%
2026-03-07 00:38:10,386 - INFO - [Metrics for 'Normal'] | Precision: 0.9297 | Recall: 0.8959 | F1: 0.9125
2026-03-07 00:38:10,386 - INFO - [Metrics for 'Defect'] | Precision: 0.8881 | Recall: 0.9242 | F1: 0.9058
2026-03-07 00:38:10,443 - INFO - [Best Model Saved] (val loss: 0.3473) -> 'log/Sewer_ML_flops/baseline_mobile_vit_xxs_l1_20260306_212207/best_model.pth'
2026-03-07 00:38:10,443 - INFO - --------------------------------------------------
2026-03-07 00:38:10,444 - INFO - [LR]    [24/90] | Learning Rate: 0.000943
2026-03-07 00:45:46,009 - INFO - [Train] [24/90] | Loss: 0.3370 | Train Acc: 91.51%
2026-03-07 00:46:25,535 - INFO - [Valid] [24/90] | Loss: 0.3514 | Val Acc: 90.64%
2026-03-07 00:46:25,681 - INFO - [Metrics for 'Normal'] | Precision: 0.9381 | Recall: 0.8808 | F1: 0.9086
2026-03-07 00:46:25,681 - INFO - [Metrics for 'Defect'] | Precision: 0.8752 | Recall: 0.9350 | F1: 0.9041
2026-03-07 00:46:25,727 - INFO - --------------------------------------------------
2026-03-07 00:46:25,728 - INFO - [LR]    [25/90] | Learning Rate: 0.000934
2026-03-07 00:54:01,335 - INFO - [Train] [25/90] | Loss: 0.3354 | Train Acc: 91.61%
2026-03-07 00:54:41,372 - INFO - [Valid] [25/90] | Loss: 0.3486 | Val Acc: 90.83%
2026-03-07 00:54:41,509 - INFO - [Metrics for 'Normal'] | Precision: 0.9374 | Recall: 0.8854 | F1: 0.9107
2026-03-07 00:54:41,509 - INFO - [Metrics for 'Defect'] | Precision: 0.8793 | Recall: 0.9338 | F1: 0.9057
2026-03-07 00:54:41,555 - INFO - --------------------------------------------------
2026-03-07 00:54:41,556 - INFO - [LR]    [26/90] | Learning Rate: 0.000924
2026-03-07 01:02:16,569 - INFO - [Train] [26/90] | Loss: 0.3339 | Train Acc: 91.69%
2026-03-07 01:02:56,080 - INFO - [Valid] [26/90] | Loss: 0.3468 | Val Acc: 90.97%
2026-03-07 01:02:56,226 - INFO - [Metrics for 'Normal'] | Precision: 0.9270 | Recall: 0.8999 | F1: 0.9133
2026-03-07 01:02:56,226 - INFO - [Metrics for 'Defect'] | Precision: 0.8915 | Recall: 0.9207 | F1: 0.9059
2026-03-07 01:02:56,283 - INFO - [Best Model Saved] (val loss: 0.3468) -> 'log/Sewer_ML_flops/baseline_mobile_vit_xxs_l1_20260306_212207/best_model.pth'
2026-03-07 01:02:56,283 - INFO - --------------------------------------------------
2026-03-07 01:02:56,283 - INFO - [LR]    [27/90] | Learning Rate: 0.000914
2026-03-07 01:10:30,728 - INFO - [Train] [27/90] | Loss: 0.3328 | Train Acc: 91.78%
2026-03-07 01:11:10,657 - INFO - [Valid] [27/90] | Loss: 0.3443 | Val Acc: 91.08%
2026-03-07 01:11:10,793 - INFO - [Metrics for 'Normal'] | Precision: 0.9123 | Recall: 0.9194 | F1: 0.9158
2026-03-07 01:11:10,793 - INFO - [Metrics for 'Defect'] | Precision: 0.9090 | Recall: 0.9011 | F1: 0.9050
2026-03-07 01:11:10,850 - INFO - [Best Model Saved] (val loss: 0.3443) -> 'log/Sewer_ML_flops/baseline_mobile_vit_xxs_l1_20260306_212207/best_model.pth'
2026-03-07 01:11:10,850 - INFO - --------------------------------------------------
2026-03-07 01:11:10,850 - INFO - [LR]    [28/90] | Learning Rate: 0.000903
2026-03-07 01:18:45,628 - INFO - [Train] [28/90] | Loss: 0.3315 | Train Acc: 91.86%
2026-03-07 01:19:25,198 - INFO - [Valid] [28/90] | Loss: 0.3451 | Val Acc: 91.05%
2026-03-07 01:19:25,345 - INFO - [Metrics for 'Normal'] | Precision: 0.9181 | Recall: 0.9119 | F1: 0.9150
2026-03-07 01:19:25,345 - INFO - [Metrics for 'Defect'] | Precision: 0.9022 | Recall: 0.9090 | F1: 0.9055
2026-03-07 01:19:25,391 - INFO - --------------------------------------------------
2026-03-07 01:19:25,392 - INFO - [LR]    [29/90] | Learning Rate: 0.000892
2026-03-07 01:26:59,961 - INFO - [Train] [29/90] | Loss: 0.3304 | Train Acc: 91.92%
2026-03-07 01:27:40,043 - INFO - [Valid] [29/90] | Loss: 0.3473 | Val Acc: 90.93%
2026-03-07 01:27:40,190 - INFO - [Metrics for 'Normal'] | Precision: 0.9290 | Recall: 0.8968 | F1: 0.9126
2026-03-07 01:27:40,190 - INFO - [Metrics for 'Defect'] | Precision: 0.8888 | Recall: 0.9233 | F1: 0.9057
2026-03-07 01:27:40,236 - INFO - --------------------------------------------------
2026-03-07 01:27:40,237 - INFO - [LR]    [30/90] | Learning Rate: 0.000880
2026-03-07 01:35:15,238 - INFO - [Train] [30/90] | Loss: 0.3293 | Train Acc: 92.03%
2026-03-07 01:35:55,036 - INFO - [Valid] [30/90] | Loss: 0.3453 | Val Acc: 91.02%
2026-03-07 01:35:55,182 - INFO - [Metrics for 'Normal'] | Precision: 0.9257 | Recall: 0.9023 | F1: 0.9139
2026-03-07 01:35:55,182 - INFO - [Metrics for 'Defect'] | Precision: 0.8937 | Recall: 0.9190 | F1: 0.9061
2026-03-07 01:35:55,229 - INFO - --------------------------------------------------
2026-03-07 01:35:55,229 - INFO - [LR]    [31/90] | Learning Rate: 0.000868
2026-03-07 01:43:29,457 - INFO - [Train] [31/90] | Loss: 0.3281 | Train Acc: 92.09%
2026-03-07 01:44:09,523 - INFO - [Valid] [31/90] | Loss: 0.3441 | Val Acc: 91.17%
2026-03-07 01:44:09,659 - INFO - [Metrics for 'Normal'] | Precision: 0.9189 | Recall: 0.9134 | F1: 0.9161
2026-03-07 01:44:09,659 - INFO - [Metrics for 'Defect'] | Precision: 0.9037 | Recall: 0.9097 | F1: 0.9067
2026-03-07 01:44:09,716 - INFO - [Best Model Saved] (val loss: 0.3441) -> 'log/Sewer_ML_flops/baseline_mobile_vit_xxs_l1_20260306_212207/best_model.pth'
2026-03-07 01:44:09,716 - INFO - --------------------------------------------------
2026-03-07 01:44:09,716 - INFO - [LR]    [32/90] | Learning Rate: 0.000855
2026-03-07 01:51:44,619 - INFO - [Train] [32/90] | Loss: 0.3269 | Train Acc: 92.20%
2026-03-07 01:52:24,385 - INFO - [Valid] [32/90] | Loss: 0.3444 | Val Acc: 91.10%
2026-03-07 01:52:24,521 - INFO - [Metrics for 'Normal'] | Precision: 0.9176 | Recall: 0.9135 | F1: 0.9155
2026-03-07 01:52:24,521 - INFO - [Metrics for 'Defect'] | Precision: 0.9037 | Recall: 0.9081 | F1: 0.9059
2026-03-07 01:52:24,568 - INFO - --------------------------------------------------
2026-03-07 01:52:24,569 - INFO - [LR]    [33/90] | Learning Rate: 0.000842
2026-03-07 01:59:57,490 - INFO - [Train] [33/90] | Loss: 0.3258 | Train Acc: 92.28%
2026-03-07 02:00:37,349 - INFO - [Valid] [33/90] | Loss: 0.3475 | Val Acc: 90.92%
2026-03-07 02:00:37,496 - INFO - [Metrics for 'Normal'] | Precision: 0.9326 | Recall: 0.8925 | F1: 0.9121
2026-03-07 02:00:37,496 - INFO - [Metrics for 'Defect'] | Precision: 0.8852 | Recall: 0.9278 | F1: 0.9060
2026-03-07 02:00:37,543 - INFO - --------------------------------------------------
2026-03-07 02:00:37,543 - INFO - [LR]    [34/90] | Learning Rate: 0.000829
2026-03-07 02:08:11,175 - INFO - [Train] [34/90] | Loss: 0.3249 | Train Acc: 92.32%
2026-03-07 02:08:50,817 - INFO - [Valid] [34/90] | Loss: 0.3440 | Val Acc: 91.13%
2026-03-07 02:08:50,964 - INFO - [Metrics for 'Normal'] | Precision: 0.9313 | Recall: 0.8983 | F1: 0.9145
2026-03-07 02:08:50,964 - INFO - [Metrics for 'Defect'] | Precision: 0.8906 | Recall: 0.9258 | F1: 0.9078
2026-03-07 02:08:51,021 - INFO - [Best Model Saved] (val loss: 0.3440) -> 'log/Sewer_ML_flops/baseline_mobile_vit_xxs_l1_20260306_212207/best_model.pth'
2026-03-07 02:08:51,022 - INFO - --------------------------------------------------
2026-03-07 02:08:51,022 - INFO - [LR]    [35/90] | Learning Rate: 0.000815
2026-03-07 02:16:24,386 - INFO - [Train] [35/90] | Loss: 0.3238 | Train Acc: 92.40%
2026-03-07 02:17:04,119 - INFO - [Valid] [35/90] | Loss: 0.3433 | Val Acc: 91.20%
2026-03-07 02:17:04,266 - INFO - [Metrics for 'Normal'] | Precision: 0.9296 | Recall: 0.9016 | F1: 0.9154
2026-03-07 02:17:04,266 - INFO - [Metrics for 'Defect'] | Precision: 0.8935 | Recall: 0.9236 | F1: 0.9083
2026-03-07 02:17:04,324 - INFO - [Best Model Saved] (val loss: 0.3433) -> 'log/Sewer_ML_flops/baseline_mobile_vit_xxs_l1_20260306_212207/best_model.pth'
2026-03-07 02:17:04,324 - INFO - --------------------------------------------------
2026-03-07 02:17:04,325 - INFO - [LR]    [36/90] | Learning Rate: 0.000800
2026-03-07 02:24:37,923 - INFO - [Train] [36/90] | Loss: 0.3228 | Train Acc: 92.48%
2026-03-07 02:25:17,653 - INFO - [Valid] [36/90] | Loss: 0.3443 | Val Acc: 91.17%
2026-03-07 02:25:17,800 - INFO - [Metrics for 'Normal'] | Precision: 0.9272 | Recall: 0.9037 | F1: 0.9153
2026-03-07 02:25:17,800 - INFO - [Metrics for 'Defect'] | Precision: 0.8952 | Recall: 0.9206 | F1: 0.9077
2026-03-07 02:25:17,847 - INFO - --------------------------------------------------
2026-03-07 02:25:17,848 - INFO - [LR]    [37/90] | Learning Rate: 0.000785
2026-03-07 02:32:51,069 - INFO - [Train] [37/90] | Loss: 0.3218 | Train Acc: 92.52%
2026-03-07 02:33:30,892 - INFO - [Valid] [37/90] | Loss: 0.3428 | Val Acc: 91.11%
2026-03-07 02:33:31,038 - INFO - [Metrics for 'Normal'] | Precision: 0.9260 | Recall: 0.9040 | F1: 0.9149
2026-03-07 02:33:31,038 - INFO - [Metrics for 'Defect'] | Precision: 0.8954 | Recall: 0.9191 | F1: 0.9071
2026-03-07 02:33:31,096 - INFO - [Best Model Saved] (val loss: 0.3428) -> 'log/Sewer_ML_flops/baseline_mobile_vit_xxs_l1_20260306_212207/best_model.pth'
2026-03-07 02:33:31,096 - INFO - --------------------------------------------------
2026-03-07 02:33:31,096 - INFO - [LR]    [38/90] | Learning Rate: 0.000770
2026-03-07 02:41:04,357 - INFO - [Train] [38/90] | Loss: 0.3210 | Train Acc: 92.57%
2026-03-07 02:41:43,749 - INFO - [Valid] [38/90] | Loss: 0.3458 | Val Acc: 91.07%
2026-03-07 02:41:43,885 - INFO - [Metrics for 'Normal'] | Precision: 0.9212 | Recall: 0.9087 | F1: 0.9149
2026-03-07 02:41:43,885 - INFO - [Metrics for 'Defect'] | Precision: 0.8993 | Recall: 0.9130 | F1: 0.9061
2026-03-07 02:41:43,932 - INFO - --------------------------------------------------
2026-03-07 02:41:43,932 - INFO - [LR]    [39/90] | Learning Rate: 0.000754
2026-03-07 02:49:17,807 - INFO - [Train] [39/90] | Loss: 0.3200 | Train Acc: 92.63%
2026-03-07 02:49:57,297 - INFO - [Valid] [39/90] | Loss: 0.3424 | Val Acc: 91.22%
2026-03-07 02:49:57,434 - INFO - [Metrics for 'Normal'] | Precision: 0.9268 | Recall: 0.9053 | F1: 0.9159
2026-03-07 02:49:57,434 - INFO - [Metrics for 'Defect'] | Precision: 0.8967 | Recall: 0.9200 | F1: 0.9082
2026-03-07 02:49:57,492 - INFO - [Best Model Saved] (val loss: 0.3424) -> 'log/Sewer_ML_flops/baseline_mobile_vit_xxs_l1_20260306_212207/best_model.pth'
2026-03-07 02:49:57,492 - INFO - --------------------------------------------------
2026-03-07 02:49:57,492 - INFO - [LR]    [40/90] | Learning Rate: 0.000738
2026-03-07 02:57:30,474 - INFO - [Train] [40/90] | Loss: 0.3191 | Train Acc: 92.72%
2026-03-07 02:58:10,296 - INFO - [Valid] [40/90] | Loss: 0.3448 | Val Acc: 91.21%
2026-03-07 02:58:10,433 - INFO - [Metrics for 'Normal'] | Precision: 0.9259 | Recall: 0.9059 | F1: 0.9158
2026-03-07 02:58:10,433 - INFO - [Metrics for 'Defect'] | Precision: 0.8972 | Recall: 0.9189 | F1: 0.9079
2026-03-07 02:58:10,480 - INFO - --------------------------------------------------
2026-03-07 02:58:10,480 - INFO - [LR]    [41/90] | Learning Rate: 0.000722
2026-03-07 03:05:43,623 - INFO - [Train] [41/90] | Loss: 0.3181 | Train Acc: 92.77%
2026-03-07 03:06:23,135 - INFO - [Valid] [41/90] | Loss: 0.3467 | Val Acc: 91.09%
2026-03-07 03:06:23,282 - INFO - [Metrics for 'Normal'] | Precision: 0.9350 | Recall: 0.8933 | F1: 0.9137
2026-03-07 03:06:23,282 - INFO - [Metrics for 'Defect'] | Precision: 0.8863 | Recall: 0.9305 | F1: 0.9079
2026-03-07 03:06:23,329 - INFO - --------------------------------------------------
2026-03-07 03:06:23,329 - INFO - [LR]    [42/90] | Learning Rate: 0.000706
2026-03-07 03:13:57,088 - INFO - [Train] [42/90] | Loss: 0.3169 | Train Acc: 92.84%
2026-03-07 03:14:37,038 - INFO - [Valid] [42/90] | Loss: 0.3454 | Val Acc: 91.14%
2026-03-07 03:14:37,185 - INFO - [Metrics for 'Normal'] | Precision: 0.9235 | Recall: 0.9073 | F1: 0.9153
2026-03-07 03:14:37,185 - INFO - [Metrics for 'Defect'] | Precision: 0.8982 | Recall: 0.9159 | F1: 0.9070
2026-03-07 03:14:37,231 - INFO - --------------------------------------------------
2026-03-07 03:14:37,232 - INFO - [LR]    [43/90] | Learning Rate: 0.000689
2026-03-07 03:22:11,131 - INFO - [Train] [43/90] | Loss: 0.3163 | Train Acc: 92.89%
2026-03-07 03:22:50,586 - INFO - [Valid] [43/90] | Loss: 0.3447 | Val Acc: 91.18%
2026-03-07 03:22:50,733 - INFO - [Metrics for 'Normal'] | Precision: 0.9230 | Recall: 0.9089 | F1: 0.9159
2026-03-07 03:22:50,733 - INFO - [Metrics for 'Defect'] | Precision: 0.8997 | Recall: 0.9152 | F1: 0.9074
2026-03-07 03:22:50,780 - INFO - --------------------------------------------------
2026-03-07 03:22:50,781 - INFO - [LR]    [44/90] | Learning Rate: 0.000672
2026-03-07 03:30:23,756 - INFO - [Train] [44/90] | Loss: 0.3154 | Train Acc: 92.95%
2026-03-07 03:31:03,386 - INFO - [Valid] [44/90] | Loss: 0.3454 | Val Acc: 91.10%
2026-03-07 03:31:03,533 - INFO - [Metrics for 'Normal'] | Precision: 0.9287 | Recall: 0.9007 | F1: 0.9145
2026-03-07 03:31:03,533 - INFO - [Metrics for 'Defect'] | Precision: 0.8924 | Recall: 0.9226 | F1: 0.9073
2026-03-07 03:31:03,579 - INFO - --------------------------------------------------
2026-03-07 03:31:03,580 - INFO - [LR]    [45/90] | Learning Rate: 0.000655
2026-03-07 03:38:37,140 - INFO - [Train] [45/90] | Loss: 0.3141 | Train Acc: 93.05%
2026-03-07 03:39:16,549 - INFO - [Valid] [45/90] | Loss: 0.3462 | Val Acc: 91.14%
2026-03-07 03:39:16,687 - INFO - [Metrics for 'Normal'] | Precision: 0.9261 | Recall: 0.9045 | F1: 0.9152
2026-03-07 03:39:16,687 - INFO - [Metrics for 'Defect'] | Precision: 0.8958 | Recall: 0.9192 | F1: 0.9074
2026-03-07 03:39:16,735 - INFO - --------------------------------------------------
2026-03-07 03:39:16,736 - INFO - [LR]    [46/90] | Learning Rate: 0.000638
2026-03-07 03:46:49,978 - INFO - [Train] [46/90] | Loss: 0.3134 | Train Acc: 93.09%
2026-03-07 03:47:29,976 - INFO - [Valid] [46/90] | Loss: 0.3466 | Val Acc: 91.11%
2026-03-07 03:47:30,124 - INFO - [Metrics for 'Normal'] | Precision: 0.9228 | Recall: 0.9076 | F1: 0.9152
2026-03-07 03:47:30,124 - INFO - [Metrics for 'Defect'] | Precision: 0.8985 | Recall: 0.9150 | F1: 0.9067
2026-03-07 03:47:30,171 - INFO - --------------------------------------------------
2026-03-07 03:47:30,172 - INFO - [LR]    [47/90] | Learning Rate: 0.000620
2026-03-07 03:55:03,739 - INFO - [Train] [47/90] | Loss: 0.3125 | Train Acc: 93.14%
2026-03-07 03:55:43,479 - INFO - [Valid] [47/90] | Loss: 0.3445 | Val Acc: 91.20%
2026-03-07 03:55:43,617 - INFO - [Metrics for 'Normal'] | Precision: 0.9293 | Recall: 0.9019 | F1: 0.9154
2026-03-07 03:55:43,617 - INFO - [Metrics for 'Defect'] | Precision: 0.8937 | Recall: 0.9232 | F1: 0.9082
2026-03-07 03:55:43,664 - INFO - --------------------------------------------------
2026-03-07 03:55:43,665 - INFO - [LR]    [48/90] | Learning Rate: 0.000603
2026-03-07 04:03:17,808 - INFO - [Train] [48/90] | Loss: 0.3115 | Train Acc: 93.21%
2026-03-07 04:03:57,413 - INFO - [Valid] [48/90] | Loss: 0.3470 | Val Acc: 91.04%
2026-03-07 04:03:57,552 - INFO - [Metrics for 'Normal'] | Precision: 0.9310 | Recall: 0.8969 | F1: 0.9136
2026-03-07 04:03:57,552 - INFO - [Metrics for 'Defect'] | Precision: 0.8892 | Recall: 0.9256 | F1: 0.9070
2026-03-07 04:03:57,599 - INFO - --------------------------------------------------
2026-03-07 04:03:57,600 - INFO - [LR]    [49/90] | Learning Rate: 0.000585
2026-03-07 04:11:30,313 - INFO - [Train] [49/90] | Loss: 0.3106 | Train Acc: 93.28%
2026-03-07 04:12:10,455 - INFO - [Valid] [49/90] | Loss: 0.3457 | Val Acc: 91.21%
2026-03-07 04:12:10,603 - INFO - [Metrics for 'Normal'] | Precision: 0.9248 | Recall: 0.9073 | F1: 0.9160
2026-03-07 04:12:10,603 - INFO - [Metrics for 'Defect'] | Precision: 0.8984 | Recall: 0.9174 | F1: 0.9078
2026-03-07 04:12:10,650 - INFO - --------------------------------------------------
2026-03-07 04:12:10,651 - INFO - [LR]    [50/90] | Learning Rate: 0.000568
2026-03-07 04:19:43,507 - INFO - [Train] [50/90] | Loss: 0.3096 | Train Acc: 93.35%
2026-03-07 04:20:22,964 - INFO - [Valid] [50/90] | Loss: 0.3469 | Val Acc: 91.18%
2026-03-07 04:20:23,111 - INFO - [Metrics for 'Normal'] | Precision: 0.9223 | Recall: 0.9095 | F1: 0.9159
2026-03-07 04:20:23,112 - INFO - [Metrics for 'Defect'] | Precision: 0.9003 | Recall: 0.9143 | F1: 0.9072
2026-03-07 04:20:23,159 - INFO - --------------------------------------------------
2026-03-07 04:20:23,159 - INFO - [LR]    [51/90] | Learning Rate: 0.000550
2026-03-07 04:27:56,096 - INFO - [Train] [51/90] | Loss: 0.3086 | Train Acc: 93.42%
2026-03-07 04:28:35,882 - INFO - [Valid] [51/90] | Loss: 0.3474 | Val Acc: 91.14%
2026-03-07 04:28:36,020 - INFO - [Metrics for 'Normal'] | Precision: 0.9276 | Recall: 0.9026 | F1: 0.9149
2026-03-07 04:28:36,020 - INFO - [Metrics for 'Defect'] | Precision: 0.8942 | Recall: 0.9212 | F1: 0.9075
2026-03-07 04:28:36,068 - INFO - --------------------------------------------------
2026-03-07 04:28:36,068 - INFO - [LR]    [52/90] | Learning Rate: 0.000532
2026-03-07 04:36:08,435 - INFO - [Train] [52/90] | Loss: 0.3079 | Train Acc: 93.46%
2026-03-07 04:36:47,960 - INFO - [Valid] [52/90] | Loss: 0.3485 | Val Acc: 91.17%
2026-03-07 04:36:48,109 - INFO - [Metrics for 'Normal'] | Precision: 0.9257 | Recall: 0.9054 | F1: 0.9155
2026-03-07 04:36:48,109 - INFO - [Metrics for 'Defect'] | Precision: 0.8967 | Recall: 0.9187 | F1: 0.9076
2026-03-07 04:36:48,156 - INFO - --------------------------------------------------
2026-03-07 04:36:48,157 - INFO - [LR]    [53/90] | Learning Rate: 0.000515
2026-03-07 04:44:21,652 - INFO - [Train] [53/90] | Loss: 0.3070 | Train Acc: 93.54%
2026-03-07 04:45:01,487 - INFO - [Valid] [53/90] | Loss: 0.3485 | Val Acc: 91.12%
2026-03-07 04:45:01,636 - INFO - [Metrics for 'Normal'] | Precision: 0.9299 | Recall: 0.8996 | F1: 0.9145
2026-03-07 04:45:01,636 - INFO - [Metrics for 'Defect'] | Precision: 0.8916 | Recall: 0.9241 | F1: 0.9075
2026-03-07 04:45:01,684 - INFO - --------------------------------------------------
2026-03-07 04:45:01,685 - INFO - [LR]    [54/90] | Learning Rate: 0.000497
2026-03-07 04:52:33,844 - INFO - [Train] [54/90] | Loss: 0.3060 | Train Acc: 93.59%
2026-03-07 04:53:14,089 - INFO - [Valid] [54/90] | Loss: 0.3488 | Val Acc: 91.08%
2026-03-07 04:53:14,238 - INFO - [Metrics for 'Normal'] | Precision: 0.9225 | Recall: 0.9074 | F1: 0.9149
2026-03-07 04:53:14,238 - INFO - [Metrics for 'Defect'] | Precision: 0.8982 | Recall: 0.9147 | F1: 0.9064
2026-03-07 04:53:14,285 - INFO - --------------------------------------------------
2026-03-07 04:53:14,286 - INFO - [LR]    [55/90] | Learning Rate: 0.000480
2026-03-07 05:00:46,790 - INFO - [Train] [55/90] | Loss: 0.3050 | Train Acc: 93.65%
2026-03-07 05:01:26,650 - INFO - [Valid] [55/90] | Loss: 0.3498 | Val Acc: 91.12%
2026-03-07 05:01:26,787 - INFO - [Metrics for 'Normal'] | Precision: 0.9286 | Recall: 0.9011 | F1: 0.9147
2026-03-07 05:01:26,787 - INFO - [Metrics for 'Defect'] | Precision: 0.8929 | Recall: 0.9224 | F1: 0.9074
2026-03-07 05:01:26,835 - INFO - --------------------------------------------------
2026-03-07 05:01:26,836 - INFO - [LR]    [56/90] | Learning Rate: 0.000462
2026-03-07 05:09:00,093 - INFO - [Train] [56/90] | Loss: 0.3043 | Train Acc: 93.73%
2026-03-07 05:09:39,733 - INFO - [Valid] [56/90] | Loss: 0.3500 | Val Acc: 91.06%
2026-03-07 05:09:39,882 - INFO - [Metrics for 'Normal'] | Precision: 0.9276 | Recall: 0.9011 | F1: 0.9141
2026-03-07 05:09:39,882 - INFO - [Metrics for 'Defect'] | Precision: 0.8927 | Recall: 0.9212 | F1: 0.9068
2026-03-07 05:09:39,930 - INFO - --------------------------------------------------
2026-03-07 05:09:39,930 - INFO - [LR]    [57/90] | Learning Rate: 0.000445
2026-03-07 05:17:13,492 - INFO - [Train] [57/90] | Loss: 0.3036 | Train Acc: 93.77%
2026-03-07 05:17:52,962 - INFO - [Valid] [57/90] | Loss: 0.3484 | Val Acc: 91.19%
2026-03-07 05:17:53,127 - INFO - [Metrics for 'Normal'] | Precision: 0.9258 | Recall: 0.9057 | F1: 0.9156
2026-03-07 05:17:53,127 - INFO - [Metrics for 'Defect'] | Precision: 0.8969 | Recall: 0.9188 | F1: 0.9077
2026-03-07 05:17:53,188 - INFO - --------------------------------------------------
2026-03-07 05:17:53,189 - INFO - [LR]    [58/90] | Learning Rate: 0.000428
2026-03-07 05:25:26,596 - INFO - [Train] [58/90] | Loss: 0.3025 | Train Acc: 93.83%
2026-03-07 05:26:05,829 - INFO - [Valid] [58/90] | Loss: 0.3494 | Val Acc: 91.09%
2026-03-07 05:26:06,022 - INFO - [Metrics for 'Normal'] | Precision: 0.9211 | Recall: 0.9091 | F1: 0.9150
2026-03-07 05:26:06,022 - INFO - [Metrics for 'Defect'] | Precision: 0.8997 | Recall: 0.9129 | F1: 0.9062
2026-03-07 05:26:06,092 - INFO - --------------------------------------------------
2026-03-07 05:26:06,093 - INFO - [LR]    [59/90] | Learning Rate: 0.000411
2026-03-07 05:33:38,545 - INFO - [Train] [59/90] | Loss: 0.3018 | Train Acc: 93.90%
2026-03-07 05:34:18,030 - INFO - [Valid] [59/90] | Loss: 0.3487 | Val Acc: 91.12%
2026-03-07 05:34:18,217 - INFO - [Metrics for 'Normal'] | Precision: 0.9238 | Recall: 0.9067 | F1: 0.9152
2026-03-07 05:34:18,217 - INFO - [Metrics for 'Defect'] | Precision: 0.8977 | Recall: 0.9164 | F1: 0.9069
2026-03-07 05:34:18,279 - INFO - --------------------------------------------------
2026-03-07 05:34:18,280 - INFO - [LR]    [60/90] | Learning Rate: 0.000394
2026-03-07 05:41:50,609 - INFO - [Train] [60/90] | Loss: 0.3008 | Train Acc: 93.97%
2026-03-07 05:42:30,349 - INFO - [Valid] [60/90] | Loss: 0.3506 | Val Acc: 91.07%
2026-03-07 05:42:30,507 - INFO - [Metrics for 'Normal'] | Precision: 0.9233 | Recall: 0.9062 | F1: 0.9147
2026-03-07 05:42:30,507 - INFO - [Metrics for 'Defect'] | Precision: 0.8972 | Recall: 0.9157 | F1: 0.9064
2026-03-07 05:42:30,555 - INFO - --------------------------------------------------
2026-03-07 05:42:30,556 - INFO - [LR]    [61/90] | Learning Rate: 0.000378
2026-03-07 05:50:03,916 - INFO - [Train] [61/90] | Loss: 0.3002 | Train Acc: 93.99%
2026-03-07 05:50:43,696 - INFO - [Valid] [61/90] | Loss: 0.3530 | Val Acc: 90.88%
2026-03-07 05:50:43,845 - INFO - [Metrics for 'Normal'] | Precision: 0.9305 | Recall: 0.8940 | F1: 0.9119
2026-03-07 05:50:43,845 - INFO - [Metrics for 'Defect'] | Precision: 0.8863 | Recall: 0.9253 | F1: 0.9054
2026-03-07 05:50:43,892 - INFO - --------------------------------------------------
2026-03-07 05:50:43,893 - INFO - [LR]    [62/90] | Learning Rate: 0.000362
2026-03-07 05:58:16,696 - INFO - [Train] [62/90] | Loss: 0.2991 | Train Acc: 94.07%
2026-03-07 05:58:56,309 - INFO - [Valid] [62/90] | Loss: 0.3547 | Val Acc: 90.91%
2026-03-07 05:58:56,457 - INFO - [Metrics for 'Normal'] | Precision: 0.9275 | Recall: 0.8980 | F1: 0.9125
2026-03-07 05:58:56,457 - INFO - [Metrics for 'Defect'] | Precision: 0.8898 | Recall: 0.9215 | F1: 0.9053
2026-03-07 05:58:56,504 - INFO - --------------------------------------------------
2026-03-07 05:58:56,505 - INFO - [LR]    [63/90] | Learning Rate: 0.000346
2026-03-07 06:06:29,219 - INFO - [Train] [63/90] | Loss: 0.2985 | Train Acc: 94.12%
2026-03-07 06:07:08,651 - INFO - [Valid] [63/90] | Loss: 0.3513 | Val Acc: 91.05%
2026-03-07 06:07:08,799 - INFO - [Metrics for 'Normal'] | Precision: 0.9184 | Recall: 0.9116 | F1: 0.9150
2026-03-07 06:07:08,799 - INFO - [Metrics for 'Defect'] | Precision: 0.9018 | Recall: 0.9094 | F1: 0.9056
2026-03-07 06:07:08,847 - INFO - --------------------------------------------------
2026-03-07 06:07:08,847 - INFO - [LR]    [64/90] | Learning Rate: 0.000330
2026-03-07 06:14:41,722 - INFO - [Train] [64/90] | Loss: 0.2977 | Train Acc: 94.17%
2026-03-07 06:15:21,682 - INFO - [Valid] [64/90] | Loss: 0.3512 | Val Acc: 91.02%
2026-03-07 06:15:21,831 - INFO - [Metrics for 'Normal'] | Precision: 0.9201 | Recall: 0.9088 | F1: 0.9144
2026-03-07 06:15:21,831 - INFO - [Metrics for 'Defect'] | Precision: 0.8993 | Recall: 0.9117 | F1: 0.9055
2026-03-07 06:15:21,878 - INFO - --------------------------------------------------
2026-03-07 06:15:21,879 - INFO - [LR]    [65/90] | Learning Rate: 0.000315
2026-03-07 06:22:54,218 - INFO - [Train] [65/90] | Loss: 0.2970 | Train Acc: 94.23%
2026-03-07 06:23:33,763 - INFO - [Valid] [65/90] | Loss: 0.3522 | Val Acc: 91.04%
2026-03-07 06:23:33,912 - INFO - [Metrics for 'Normal'] | Precision: 0.9253 | Recall: 0.9033 | F1: 0.9142
2026-03-07 06:23:33,912 - INFO - [Metrics for 'Defect'] | Precision: 0.8946 | Recall: 0.9184 | F1: 0.9063
2026-03-07 06:23:33,959 - INFO - --------------------------------------------------
2026-03-07 06:23:33,960 - INFO - [LR]    [66/90] | Learning Rate: 0.000300
2026-03-07 06:31:06,140 - INFO - [Train] [66/90] | Loss: 0.2960 | Train Acc: 94.29%
2026-03-07 06:31:46,191 - INFO - [Valid] [66/90] | Loss: 0.3540 | Val Acc: 90.88%
2026-03-07 06:31:46,340 - INFO - [Metrics for 'Normal'] | Precision: 0.9221 | Recall: 0.9036 | F1: 0.9128
2026-03-07 06:31:46,340 - INFO - [Metrics for 'Defect'] | Precision: 0.8945 | Recall: 0.9145 | F1: 0.9044
2026-03-07 06:31:46,388 - INFO - --------------------------------------------------
2026-03-07 06:31:46,388 - INFO - [LR]    [67/90] | Learning Rate: 0.000285
2026-03-07 06:39:20,507 - INFO - [Train] [67/90] | Loss: 0.2953 | Train Acc: 94.33%
2026-03-07 06:39:59,824 - INFO - [Valid] [67/90] | Loss: 0.3569 | Val Acc: 90.88%
2026-03-07 06:39:59,962 - INFO - [Metrics for 'Normal'] | Precision: 0.9307 | Recall: 0.8938 | F1: 0.9119
2026-03-07 06:39:59,962 - INFO - [Metrics for 'Defect'] | Precision: 0.8862 | Recall: 0.9255 | F1: 0.9054
2026-03-07 06:40:00,010 - INFO - --------------------------------------------------
2026-03-07 06:40:00,011 - INFO - [LR]    [68/90] | Learning Rate: 0.000271
2026-03-07 06:47:32,605 - INFO - [Train] [68/90] | Loss: 0.2945 | Train Acc: 94.37%
2026-03-07 06:48:11,995 - INFO - [Valid] [68/90] | Loss: 0.3579 | Val Acc: 90.83%
2026-03-07 06:48:12,145 - INFO - [Metrics for 'Normal'] | Precision: 0.9286 | Recall: 0.8952 | F1: 0.9116
2026-03-07 06:48:12,145 - INFO - [Metrics for 'Defect'] | Precision: 0.8873 | Recall: 0.9230 | F1: 0.9048
2026-03-07 06:48:12,193 - INFO - --------------------------------------------------
2026-03-07 06:48:12,193 - INFO - [LR]    [69/90] | Learning Rate: 0.000258
2026-03-07 06:55:45,614 - INFO - [Train] [69/90] | Loss: 0.2938 | Train Acc: 94.45%
2026-03-07 06:56:25,640 - INFO - [Valid] [69/90] | Loss: 0.3548 | Val Acc: 90.91%
2026-03-07 06:56:25,790 - INFO - [Metrics for 'Normal'] | Precision: 0.9200 | Recall: 0.9066 | F1: 0.9133
2026-03-07 06:56:25,790 - INFO - [Metrics for 'Defect'] | Precision: 0.8972 | Recall: 0.9118 | F1: 0.9044
2026-03-07 06:56:25,838 - INFO - --------------------------------------------------
2026-03-07 06:56:25,839 - INFO - [LR]    [70/90] | Learning Rate: 0.000245
2026-03-07 07:03:58,472 - INFO - [Train] [70/90] | Loss: 0.2932 | Train Acc: 94.47%
2026-03-07 07:04:38,170 - INFO - [Valid] [70/90] | Loss: 0.3569 | Val Acc: 90.91%
2026-03-07 07:04:38,319 - INFO - [Metrics for 'Normal'] | Precision: 0.9199 | Recall: 0.9069 | F1: 0.9133
2026-03-07 07:04:38,319 - INFO - [Metrics for 'Defect'] | Precision: 0.8974 | Recall: 0.9116 | F1: 0.9044
2026-03-07 07:04:38,367 - INFO - --------------------------------------------------
2026-03-07 07:04:38,367 - INFO - [LR]    [71/90] | Learning Rate: 0.000232
2026-03-07 07:12:11,682 - INFO - [Train] [71/90] | Loss: 0.2926 | Train Acc: 94.53%
2026-03-07 07:12:51,626 - INFO - [Valid] [71/90] | Loss: 0.3576 | Val Acc: 90.87%
2026-03-07 07:12:51,775 - INFO - [Metrics for 'Normal'] | Precision: 0.9280 | Recall: 0.8967 | F1: 0.9121
2026-03-07 07:12:51,776 - INFO - [Metrics for 'Defect'] | Precision: 0.8886 | Recall: 0.9221 | F1: 0.9050
2026-03-07 07:12:51,823 - INFO - --------------------------------------------------
2026-03-07 07:12:51,824 - INFO - [LR]    [72/90] | Learning Rate: 0.000220
2026-03-07 07:20:23,980 - INFO - [Train] [72/90] | Loss: 0.2919 | Train Acc: 94.57%
2026-03-07 07:21:03,479 - INFO - [Valid] [72/90] | Loss: 0.3560 | Val Acc: 90.94%
2026-03-07 07:21:03,669 - INFO - [Metrics for 'Normal'] | Precision: 0.9239 | Recall: 0.9028 | F1: 0.9132
2026-03-07 07:21:03,669 - INFO - [Metrics for 'Defect'] | Precision: 0.8939 | Recall: 0.9168 | F1: 0.9052
2026-03-07 07:21:03,730 - INFO - --------------------------------------------------
2026-03-07 07:21:03,731 - INFO - [LR]    [73/90] | Learning Rate: 0.000208
2026-03-07 07:28:36,321 - INFO - [Train] [73/90] | Loss: 0.2912 | Train Acc: 94.64%
2026-03-07 07:29:16,059 - INFO - [Valid] [73/90] | Loss: 0.3584 | Val Acc: 90.93%
2026-03-07 07:29:16,208 - INFO - [Metrics for 'Normal'] | Precision: 0.9255 | Recall: 0.9008 | F1: 0.9130
2026-03-07 07:29:16,208 - INFO - [Metrics for 'Defect'] | Precision: 0.8922 | Recall: 0.9188 | F1: 0.9053
2026-03-07 07:29:16,256 - INFO - --------------------------------------------------
2026-03-07 07:29:16,257 - INFO - [LR]    [74/90] | Learning Rate: 0.000197
2026-03-07 07:36:49,078 - INFO - [Train] [74/90] | Loss: 0.2906 | Train Acc: 94.66%
2026-03-07 07:37:29,192 - INFO - [Valid] [74/90] | Loss: 0.3578 | Val Acc: 90.88%
2026-03-07 07:37:29,383 - INFO - [Metrics for 'Normal'] | Precision: 0.9259 | Recall: 0.8992 | F1: 0.9124
2026-03-07 07:37:29,383 - INFO - [Metrics for 'Defect'] | Precision: 0.8908 | Recall: 0.9194 | F1: 0.9049
2026-03-07 07:37:29,468 - INFO - --------------------------------------------------
2026-03-07 07:37:29,469 - INFO - [LR]    [75/90] | Learning Rate: 0.000186
2026-03-07 07:45:01,713 - INFO - [Train] [75/90] | Loss: 0.2900 | Train Acc: 94.71%
2026-03-07 07:45:41,070 - INFO - [Valid] [75/90] | Loss: 0.3578 | Val Acc: 90.92%
2026-03-07 07:45:41,220 - INFO - [Metrics for 'Normal'] | Precision: 0.9242 | Recall: 0.9021 | F1: 0.9130
2026-03-07 07:45:41,220 - INFO - [Metrics for 'Defect'] | Precision: 0.8933 | Recall: 0.9172 | F1: 0.9051
2026-03-07 07:45:41,268 - INFO - --------------------------------------------------
2026-03-07 07:45:41,269 - INFO - [LR]    [76/90] | Learning Rate: 0.000176
2026-03-07 07:53:14,172 - INFO - [Train] [76/90] | Loss: 0.2897 | Train Acc: 94.74%
2026-03-07 07:53:53,708 - INFO - [Valid] [76/90] | Loss: 0.3608 | Val Acc: 90.76%
2026-03-07 07:53:53,849 - INFO - [Metrics for 'Normal'] | Precision: 0.9270 | Recall: 0.8956 | F1: 0.9110
2026-03-07 07:53:53,849 - INFO - [Metrics for 'Defect'] | Precision: 0.8874 | Recall: 0.9210 | F1: 0.9039
2026-03-07 07:53:53,897 - INFO - --------------------------------------------------
2026-03-07 07:53:53,898 - INFO - [LR]    [77/90] | Learning Rate: 0.000166
2026-03-07 08:01:26,656 - INFO - [Train] [77/90] | Loss: 0.2890 | Train Acc: 94.78%
2026-03-07 08:02:06,403 - INFO - [Valid] [77/90] | Loss: 0.3593 | Val Acc: 90.86%
2026-03-07 08:02:06,553 - INFO - [Metrics for 'Normal'] | Precision: 0.9216 | Recall: 0.9038 | F1: 0.9126
2026-03-07 08:02:06,553 - INFO - [Metrics for 'Defect'] | Precision: 0.8946 | Recall: 0.9139 | F1: 0.9041
2026-03-07 08:02:06,601 - INFO - --------------------------------------------------
2026-03-07 08:02:06,602 - INFO - [LR]    [78/90] | Learning Rate: 0.000157
2026-03-07 08:09:39,103 - INFO - [Train] [78/90] | Loss: 0.2883 | Train Acc: 94.83%
2026-03-07 08:10:18,632 - INFO - [Valid] [78/90] | Loss: 0.3600 | Val Acc: 90.81%
2026-03-07 08:10:18,783 - INFO - [Metrics for 'Normal'] | Precision: 0.9253 | Recall: 0.8984 | F1: 0.9117
2026-03-07 08:10:18,783 - INFO - [Metrics for 'Defect'] | Precision: 0.8899 | Recall: 0.9189 | F1: 0.9042
2026-03-07 08:10:18,831 - INFO - --------------------------------------------------
2026-03-07 08:10:18,832 - INFO - [LR]    [79/90] | Learning Rate: 0.000149
2026-03-07 08:17:51,784 - INFO - [Train] [79/90] | Loss: 0.2879 | Train Acc: 94.85%
2026-03-07 08:18:31,581 - INFO - [Valid] [79/90] | Loss: 0.3614 | Val Acc: 90.78%
2026-03-07 08:18:31,732 - INFO - [Metrics for 'Normal'] | Precision: 0.9248 | Recall: 0.8986 | F1: 0.9115
2026-03-07 08:18:31,732 - INFO - [Metrics for 'Defect'] | Precision: 0.8900 | Recall: 0.9182 | F1: 0.9039
2026-03-07 08:18:31,779 - INFO - --------------------------------------------------
2026-03-07 08:18:31,780 - INFO - [LR]    [80/90] | Learning Rate: 0.000141
2026-03-07 08:26:04,236 - INFO - [Train] [80/90] | Loss: 0.2873 | Train Acc: 94.91%
2026-03-07 08:26:44,385 - INFO - [Valid] [80/90] | Loss: 0.3605 | Val Acc: 90.83%
2026-03-07 08:26:44,525 - INFO - [Metrics for 'Normal'] | Precision: 0.9195 | Recall: 0.9057 | F1: 0.9126
2026-03-07 08:26:44,525 - INFO - [Metrics for 'Defect'] | Precision: 0.8962 | Recall: 0.9112 | F1: 0.9037
2026-03-07 08:26:44,574 - INFO - --------------------------------------------------
2026-03-07 08:26:44,574 - INFO - [LR]    [81/90] | Learning Rate: 0.000134
2026-03-07 08:34:17,949 - INFO - [Train] [81/90] | Loss: 0.2869 | Train Acc: 94.93%
2026-03-07 08:34:57,394 - INFO - [Valid] [81/90] | Loss: 0.3624 | Val Acc: 90.78%
2026-03-07 08:34:57,544 - INFO - [Metrics for 'Normal'] | Precision: 0.9229 | Recall: 0.9008 | F1: 0.9117
2026-03-07 08:34:57,544 - INFO - [Metrics for 'Defect'] | Precision: 0.8918 | Recall: 0.9158 | F1: 0.9036
2026-03-07 08:34:57,592 - INFO - --------------------------------------------------
2026-03-07 08:34:57,593 - INFO - [LR]    [82/90] | Learning Rate: 0.000128
2026-03-07 08:42:30,141 - INFO - [Train] [82/90] | Loss: 0.2864 | Train Acc: 94.97%
2026-03-07 08:43:10,275 - INFO - [Valid] [82/90] | Loss: 0.3610 | Val Acc: 90.90%
2026-03-07 08:43:10,414 - INFO - [Metrics for 'Normal'] | Precision: 0.9236 | Recall: 0.9024 | F1: 0.9129
2026-03-07 08:43:10,414 - INFO - [Metrics for 'Defect'] | Precision: 0.8935 | Recall: 0.9165 | F1: 0.9048
2026-03-07 08:43:10,463 - INFO - --------------------------------------------------
2026-03-07 08:43:10,463 - INFO - [LR]    [83/90] | Learning Rate: 0.000122
2026-03-07 08:50:42,598 - INFO - [Train] [83/90] | Loss: 0.2862 | Train Acc: 94.98%
2026-03-07 08:51:22,444 - INFO - [Valid] [83/90] | Loss: 0.3630 | Val Acc: 90.82%
2026-03-07 08:51:22,594 - INFO - [Metrics for 'Normal'] | Precision: 0.9246 | Recall: 0.8995 | F1: 0.9119
2026-03-07 08:51:22,594 - INFO - [Metrics for 'Defect'] | Precision: 0.8909 | Recall: 0.9179 | F1: 0.9042
2026-03-07 08:51:22,642 - INFO - --------------------------------------------------
2026-03-07 08:51:22,643 - INFO - [LR]    [84/90] | Learning Rate: 0.000117
2026-03-07 08:58:57,663 - INFO - [Train] [84/90] | Loss: 0.2857 | Train Acc: 95.01%
2026-03-07 08:59:37,776 - INFO - [Valid] [84/90] | Loss: 0.3638 | Val Acc: 90.70%
2026-03-07 08:59:37,917 - INFO - [Metrics for 'Normal'] | Precision: 0.9236 | Recall: 0.8983 | F1: 0.9108
2026-03-07 08:59:37,917 - INFO - [Metrics for 'Defect'] | Precision: 0.8896 | Recall: 0.9168 | F1: 0.9030
2026-03-07 08:59:37,965 - INFO - --------------------------------------------------
2026-03-07 08:59:37,966 - INFO - [LR]    [85/90] | Learning Rate: 0.000112
2026-03-07 09:07:11,963 - INFO - [Train] [85/90] | Loss: 0.2854 | Train Acc: 95.04%
2026-03-07 09:07:51,656 - INFO - [Valid] [85/90] | Loss: 0.3630 | Val Acc: 90.79%
2026-03-07 09:07:51,806 - INFO - [Metrics for 'Normal'] | Precision: 0.9174 | Recall: 0.9073 | F1: 0.9123
2026-03-07 09:07:51,806 - INFO - [Metrics for 'Defect'] | Precision: 0.8975 | Recall: 0.9085 | F1: 0.9030
2026-03-07 09:07:51,854 - INFO - --------------------------------------------------
2026-03-07 09:07:51,855 - INFO - [LR]    [86/90] | Learning Rate: 0.000109
2026-03-07 09:15:25,159 - INFO - [Train] [86/90] | Loss: 0.2852 | Train Acc: 95.04%
2026-03-07 09:16:05,780 - INFO - [Valid] [86/90] | Loss: 0.3634 | Val Acc: 90.87%
2026-03-07 09:16:05,931 - INFO - [Metrics for 'Normal'] | Precision: 0.9238 | Recall: 0.9016 | F1: 0.9125
2026-03-07 09:16:05,931 - INFO - [Metrics for 'Defect'] | Precision: 0.8927 | Recall: 0.9167 | F1: 0.9046
2026-03-07 09:16:05,979 - INFO - --------------------------------------------------
2026-03-07 09:16:05,980 - INFO - [LR]    [87/90] | Learning Rate: 0.000106
2026-03-07 09:23:40,596 - INFO - [Train] [87/90] | Loss: 0.2851 | Train Acc: 95.06%
2026-03-07 09:24:20,492 - INFO - [Valid] [87/90] | Loss: 0.3635 | Val Acc: 90.71%
2026-03-07 09:24:20,642 - INFO - [Metrics for 'Normal'] | Precision: 0.9218 | Recall: 0.9004 | F1: 0.9110
2026-03-07 09:24:20,642 - INFO - [Metrics for 'Defect'] | Precision: 0.8914 | Recall: 0.9145 | F1: 0.9028
2026-03-07 09:24:20,690 - INFO - --------------------------------------------------
2026-03-07 09:24:20,691 - INFO - [LR]    [88/90] | Learning Rate: 0.000103
2026-03-07 09:31:54,734 - INFO - [Train] [88/90] | Loss: 0.2848 | Train Acc: 95.07%
2026-03-07 09:32:34,786 - INFO - [Valid] [88/90] | Loss: 0.3635 | Val Acc: 90.71%
2026-03-07 09:32:34,925 - INFO - [Metrics for 'Normal'] | Precision: 0.9212 | Recall: 0.9013 | F1: 0.9111
2026-03-07 09:32:34,926 - INFO - [Metrics for 'Defect'] | Precision: 0.8921 | Recall: 0.9137 | F1: 0.9028
2026-03-07 09:32:34,974 - INFO - --------------------------------------------------
2026-03-07 09:32:34,974 - INFO - [LR]    [89/90] | Learning Rate: 0.000101
2026-03-07 09:40:08,970 - INFO - [Train] [89/90] | Loss: 0.2845 | Train Acc: 95.11%
2026-03-07 09:40:48,657 - INFO - [Valid] [89/90] | Loss: 0.3638 | Val Acc: 90.78%
2026-03-07 09:40:48,798 - INFO - [Metrics for 'Normal'] | Precision: 0.9192 | Recall: 0.9048 | F1: 0.9120
2026-03-07 09:40:48,798 - INFO - [Metrics for 'Defect'] | Precision: 0.8953 | Recall: 0.9110 | F1: 0.9031
2026-03-07 09:40:48,846 - INFO - --------------------------------------------------
2026-03-07 09:40:48,847 - INFO - [LR]    [90/90] | Learning Rate: 0.000100
2026-03-07 09:48:22,369 - INFO - [Train] [90/90] | Loss: 0.2844 | Train Acc: 95.09%
2026-03-07 09:49:02,236 - INFO - [Valid] [90/90] | Loss: 0.3654 | Val Acc: 90.67%
2026-03-07 09:49:02,378 - INFO - [Metrics for 'Normal'] | Precision: 0.9204 | Recall: 0.9013 | F1: 0.9107
2026-03-07 09:49:02,378 - INFO - [Metrics for 'Defect'] | Precision: 0.8920 | Recall: 0.9127 | F1: 0.9023
2026-03-07 09:49:02,428 - INFO - ==================================================
2026-03-07 09:49:02,428 - INFO - 훈련 완료. 최고 성능 모델을 불러와 테스트 세트로 최종 평가합니다.
2026-03-07 09:49:02,428 - INFO - 최종 평가를 위해 새로운 모델 객체를 생성합니다.
2026-03-07 09:49:02,428 - INFO - Baseline 모델 'mobile_vit_xxs'을(를) 생성합니다 (사전 훈련 가중치: 미사용).
2026-03-07 09:49:02,441 - INFO - timm 모델(mobile_vit_xxs)의 Attention.forward를 Pruning 호환성을 위해 Monkey-patching 합니다.
2026-03-07 09:49:02,446 - INFO - 최종 평가 모델에 Pruning 구조를 재적용합니다.
2026-03-07 09:49:02,468 - INFO - torch-pruning을 사용한 L1 Norm Pruning을 시작합니다.
2026-03-07 09:49:02,468 - INFO - 분류 레이어 'ClassifierHead'을(를) Pruning 대상에서 제외합니다.
2026-03-07 09:49:02,468 - INFO - ViT 계열 모델의 모든 qkv 레이어를 Pruning 대상에서 제외합니다.
2026-03-07 09:49:02,674 - INFO - 저장된 pruning_history를 사용해 Pruning 구조를 재현했습니다.
2026-03-07 09:49:02,674 - INFO - torch-pruning 완료. 모델 구조가 희소도(0.3964)에 맞춰 변경되었습니다.
2026-03-07 09:49:02,674 - INFO - ==================================================
2026-03-07 09:49:02,695 - INFO - 최고 성능 모델 가중치를 새로 생성된 모델 객체에 로드 완료: 'log/Sewer_ML_flops/baseline_mobile_vit_xxs_l1_20260306_212207/best_model.pth'
2026-03-07 09:49:02,695 - INFO - ==================================================
2026-03-07 09:49:02,695 - INFO - Test 모드를 시작합니다.
2026-03-07 09:49:02,696 - INFO - FLOPs 및 MACs 측정을 시작합니다...
2026-03-07 09:49:02,722 - INFO - Model FLOPs: 0.2263 GFLOPs
2026-03-07 09:49:02,722 - INFO - Model MACs: 0.1132 GMACs
2026-03-07 09:49:02,862 - INFO - 테스트 데이터셋에 대한 추론을 시작합니다.
2026-03-07 09:49:42,470 - INFO - [Test] Loss: 0.2435 | Test Acc: 91.22%
2026-03-07 09:49:42,609 - INFO - [Metrics for 'Normal'] | Precision: 0.9268 | Recall: 0.9053 | F1: 0.9159
2026-03-07 09:49:42,609 - INFO - [Metrics for 'Defect'] | Precision: 0.8967 | Recall: 0.9200 | F1: 0.9082
2026-03-07 09:49:42,828 - INFO - ==================================================
2026-03-07 09:49:42,828 - INFO - 혼동 행렬 저장 완료. 'log/Sewer_ML_flops/baseline_mobile_vit_xxs_l1_20260306_212207/confusion_matrix_20260306_212207.png' and 'log/Sewer_ML_flops/baseline_mobile_vit_xxs_l1_20260306_212207/confusion_matrix_20260306_212207.pdf'
2026-03-07 09:49:42,924 - INFO - Val Acc 그래프 저장 완료: 'log/Sewer_ML_flops/baseline_mobile_vit_xxs_l1_20260306_212207/graph_20260306_212207/val_acc.png' and 'log/Sewer_ML_flops/baseline_mobile_vit_xxs_l1_20260306_212207/graph_20260306_212207/val_acc.pdf'
2026-03-07 09:49:43,030 - INFO - Train/Val Acc 그래프 저장 완료: 'log/Sewer_ML_flops/baseline_mobile_vit_xxs_l1_20260306_212207/graph_20260306_212207/train_val_acc.png' and 'log/Sewer_ML_flops/baseline_mobile_vit_xxs_l1_20260306_212207/graph_20260306_212207/train_val_acc.pdf'
2026-03-07 09:49:43,116 - INFO - F1 (Normal) 그래프 저장 완료: 'log/Sewer_ML_flops/baseline_mobile_vit_xxs_l1_20260306_212207/graph_20260306_212207/F1_normal.png' and 'log/Sewer_ML_flops/baseline_mobile_vit_xxs_l1_20260306_212207/graph_20260306_212207/F1_normal.pdf'
2026-03-07 09:49:43,213 - INFO - Validation Loss 그래프 저장 완료: 'log/Sewer_ML_flops/baseline_mobile_vit_xxs_l1_20260306_212207/graph_20260306_212207/val_loss.png' and 'log/Sewer_ML_flops/baseline_mobile_vit_xxs_l1_20260306_212207/graph_20260306_212207/val_loss.pdf'
2026-03-07 09:49:43,302 - INFO - Learning Rate 그래프 저장 완료: 'log/Sewer_ML_flops/baseline_mobile_vit_xxs_l1_20260306_212207/graph_20260306_212207/learning_rate.png' and 'log/Sewer_ML_flops/baseline_mobile_vit_xxs_l1_20260306_212207/graph_20260306_212207/learning_rate.pdf'
2026-03-07 09:49:44,866 - INFO - 종합 그래프 저장 완료: 'log/Sewer_ML_flops/baseline_mobile_vit_xxs_l1_20260306_212207/graph_20260306_212207/compile.png' and 'log/Sewer_ML_flops/baseline_mobile_vit_xxs_l1_20260306_212207/graph_20260306_212207/compile.pdf'
