2026-03-14 20:50:13,079 - INFO - 로그 파일이 'log/Sewer_ML_params/baseline_mobilenet_v4_s_fpgm_20260314_205013/log_20260314_205013.log'에 저장됩니다.
2026-03-14 20:50:13,081 - INFO - ==================================================
2026-03-14 20:50:13,081 - INFO - config.yaml:
2026-03-14 20:50:13,081 - INFO - 
run:
  global_seed: 42
  cuda: true
  mode: train
  pth_best_name: best_model.pth
  only_inference: false
  show_log: true
  dataset:
    name: Sewer_ML_params
    type: csv
    train_split_ratio: 0.8
    paths:
      train_img_dir: /home/tai/workspace/ssd1/data/Sewer/Sewer-ML/train
      valid_img_dir: /home/tai/workspace/ssd1/data/Sewer/Sewer-ML/valid
      test_img_dir: /home/tai/workspace/ssd1/data/Sewer/Sewer-ML/valid
      train_csv: /home/tai/workspace/ssd1/data/Sewer/Sewer-ML/SewerML_Train.csv
      valid_csv: /home/tai/workspace/ssd1/data/Sewer/Sewer-ML/SewerML_Val.csv
      test_csv: /home/tai/workspace/ssd1/data/Sewer/Sewer-ML/SewerML_Val.csv
      img_folder: /home/tai/workspace/ssd1/data/Sewer/Sewer-TAPNEW
  random_sampling_ratio:
    train: 1.0
    valid: 1.0
    test: 1.0
  num_workers: 16
model:
  img_size: 224
  num_patches_per_side: 7
  num_decoder_patches: 1
  num_decoder_layers: 6
  num_heads: 4
  cnn_feature_extractor:
    name: custom32
  encoder_dim: 32
  emb_dim: 32
  adaptive_initial_query: true
  decoder_ff_ratio: 2
  dropout: 0.1
  positional_encoding: true
  drop_path_ratio: 0.2
  visualize_attention: true
  num_plot_attention: 1500
training_main:
  epochs: 10
  batch_size: 256
  pre_trained: false
  optimizer: adamw
  lr: 0.001
  weight_decay: 0.0001
  loss_function: CrossEntropyLoss
  label_smoothing: 0.1
  scheduler: cosineannealinglr
  scheduler_params:
    T_max: 10
    eta_min: 0.0001
  best_model_criterion: val_loss
training_baseline:
  model_name: mobilenet_v4_s
  epochs: 10
  batch_size: 256
  pre_trained: false
  optimizer: adamw
  lr: 0.001
  weight_decay: 0.0001
  loss_function: CrossEntropyLoss
  label_smoothing: 0.1
  scheduler: cosineannealinglr
  scheduler_params:
    T_max: 10
    eta_min: 0.0001
  best_model_criterion: val_loss
finetuning_pruned:
  epochs: 80
  batch_size: 256
  optimizer: adamw
  lr: 0.001
  weight_decay: 0.0001
  loss_function: CrossEntropyLoss
  label_smoothing: 0.1
  scheduler: cosineannealinglr
  scheduler_params:
    T_max: 80
    eta_min: 0.0001
  best_model_criterion: val_loss
  use_fpgm_pruning: true
  pruning_sparsity: 0.8363
  exclude_attention_qkv_pruning: true
  exclude_embedding_bridge_pruning: true
  exclude_learnable_queries_pruning: true

2026-03-14 20:50:13,081 - INFO - ==================================================
2026-03-14 20:50:13,210 - INFO - CUDA 사용 가능. GPU 사용을 시작합니다. (Device: NVIDIA GeForce RTX 5090)
2026-03-14 20:50:13,210 - INFO - 'Sewer_ML_params' 데이터 로드를 시작합니다 (Type: csv).
2026-03-14 20:50:13,772 - INFO - 데이터셋 클래스: ['Normal', 'Defect'] (총 2개)
2026-03-14 20:50:13,773 - INFO - 훈련 데이터: 1040129개, 검증 데이터: 130046개, 테스트 데이터: 130046개
2026-03-14 20:50:13,773 - INFO - Baseline 모델 'mobilenet_v4_s'을(를) 생성합니다 (사전 훈련 가중치: 미사용).
2026-03-14 20:50:13,863 - INFO - ==================================================
2026-03-14 20:50:13,863 - INFO - 모델 파라미터 수:
2026-03-14 20:50:13,863 - INFO -   - 총 파라미터: 2,495,586 개
2026-03-14 20:50:13,863 - INFO -   - 학습 가능한 파라미터: 2,495,586 개
2026-03-14 20:50:13,863 - INFO - ================================================================================
2026-03-14 20:50:13,863 - INFO - 단계 1/2: 사전 훈련(Pre-training)을 시작합니다.
2026-03-14 20:50:13,863 - INFO - ================================================================================
2026-03-14 20:50:13,863 - INFO - 옵티마이저: AdamW (lr=0.001, weight_decay=0.0001)
2026-03-14 20:50:13,863 - INFO - 스케줄러: CosineAnnealingLR (T_max=10, eta_min=0.0001)
2026-03-14 20:50:13,864 - INFO - ==================================================
2026-03-14 20:50:13,864 - INFO - train 모드를 시작합니다.
2026-03-14 20:50:13,864 - INFO - 손실 함수: CrossEntropyLoss (label_smoothing: 0.1)
2026-03-14 20:50:13,864 - INFO - Best metric을 초기값(inf)으로 설정합니다.
2026-03-14 20:50:13,864 - INFO - --------------------------------------------------
2026-03-14 20:50:13,864 - INFO - [LR]    [1/10] | Learning Rate: 0.001000
2026-03-14 20:57:40,161 - INFO - [Train] [1/10] | Loss: 0.5081 | Train Acc: 80.94%
2026-03-14 20:58:19,294 - INFO - [Valid] [1/10] | Loss: 0.4348 | Val Acc: 84.95%
2026-03-14 20:58:19,462 - INFO - [Metrics for 'Normal'] | Precision: 0.8381 | Recall: 0.8863 | F1: 0.8615
2026-03-14 20:58:19,462 - INFO - [Metrics for 'Defect'] | Precision: 0.8640 | Recall: 0.8083 | F1: 0.8352
2026-03-14 20:58:19,531 - INFO - [Best Model Saved] (val loss: 0.4348) -> 'log/Sewer_ML_params/baseline_mobilenet_v4_s_fpgm_20260314_205013/best_model.pth'
2026-03-14 20:58:19,531 - INFO - --------------------------------------------------
2026-03-14 20:58:19,532 - INFO - [LR]    [2/10] | Learning Rate: 0.000978
2026-03-14 21:05:44,200 - INFO - [Train] [2/10] | Loss: 0.4374 | Train Acc: 85.04%
2026-03-14 21:06:22,735 - INFO - [Valid] [2/10] | Loss: 0.4165 | Val Acc: 86.16%
2026-03-14 21:06:22,875 - INFO - [Metrics for 'Normal'] | Precision: 0.8779 | Recall: 0.8573 | F1: 0.8675
2026-03-14 21:06:22,875 - INFO - [Metrics for 'Defect'] | Precision: 0.8444 | Recall: 0.8665 | F1: 0.8553
2026-03-14 21:06:22,933 - INFO - [Best Model Saved] (val loss: 0.4165) -> 'log/Sewer_ML_params/baseline_mobilenet_v4_s_fpgm_20260314_205013/best_model.pth'
2026-03-14 21:06:22,933 - INFO - --------------------------------------------------
2026-03-14 21:06:22,933 - INFO - [LR]    [3/10] | Learning Rate: 0.000914
2026-03-14 21:13:48,019 - INFO - [Train] [3/10] | Loss: 0.4231 | Train Acc: 86.07%
2026-03-14 21:14:26,563 - INFO - [Valid] [3/10] | Loss: 0.4021 | Val Acc: 87.09%
2026-03-14 21:14:26,723 - INFO - [Metrics for 'Normal'] | Precision: 0.8899 | Recall: 0.8622 | F1: 0.8758
2026-03-14 21:14:26,723 - INFO - [Metrics for 'Defect'] | Precision: 0.8510 | Recall: 0.8806 | F1: 0.8655
2026-03-14 21:14:26,794 - INFO - [Best Model Saved] (val loss: 0.4021) -> 'log/Sewer_ML_params/baseline_mobilenet_v4_s_fpgm_20260314_205013/best_model.pth'
2026-03-14 21:14:26,794 - INFO - --------------------------------------------------
2026-03-14 21:14:26,795 - INFO - [LR]    [4/10] | Learning Rate: 0.000815
2026-03-14 21:21:52,241 - INFO - [Train] [4/10] | Loss: 0.4040 | Train Acc: 87.22%
2026-03-14 21:22:31,282 - INFO - [Valid] [4/10] | Loss: 0.4393 | Val Acc: 87.69%
2026-03-14 21:22:31,443 - INFO - [Metrics for 'Normal'] | Precision: 0.8905 | Recall: 0.8744 | F1: 0.8824
2026-03-14 21:22:31,443 - INFO - [Metrics for 'Defect'] | Precision: 0.8622 | Recall: 0.8797 | F1: 0.8709
2026-03-14 21:22:31,497 - INFO - --------------------------------------------------
2026-03-14 21:22:31,498 - INFO - [LR]    [5/10] | Learning Rate: 0.000689
2026-03-14 21:29:58,459 - INFO - [Train] [5/10] | Loss: 0.3913 | Train Acc: 88.04%
2026-03-14 21:30:37,486 - INFO - [Valid] [5/10] | Loss: 0.6962 | Val Acc: 87.77%
2026-03-14 21:30:37,646 - INFO - [Metrics for 'Normal'] | Precision: 0.8996 | Recall: 0.8649 | F1: 0.8819
2026-03-14 21:30:37,646 - INFO - [Metrics for 'Defect'] | Precision: 0.8551 | Recall: 0.8920 | F1: 0.8731
2026-03-14 21:30:37,701 - INFO - --------------------------------------------------
2026-03-14 21:30:37,701 - INFO - [LR]    [6/10] | Learning Rate: 0.000550
2026-03-14 21:38:04,421 - INFO - [Train] [6/10] | Loss: 0.3780 | Train Acc: 88.90%
2026-03-14 21:38:43,395 - INFO - [Valid] [6/10] | Loss: 0.4116 | Val Acc: 89.21%
2026-03-14 21:38:43,536 - INFO - [Metrics for 'Normal'] | Precision: 0.9066 | Recall: 0.8871 | F1: 0.8968
2026-03-14 21:38:43,536 - INFO - [Metrics for 'Defect'] | Precision: 0.8766 | Recall: 0.8977 | F1: 0.8870
2026-03-14 21:38:43,580 - INFO - --------------------------------------------------
2026-03-14 21:38:43,581 - INFO - [LR]    [7/10] | Learning Rate: 0.000411
2026-03-14 21:46:11,208 - INFO - [Train] [7/10] | Loss: 0.3671 | Train Acc: 89.58%
2026-03-14 21:46:50,110 - INFO - [Valid] [7/10] | Loss: 0.3955 | Val Acc: 89.03%
2026-03-14 21:46:50,251 - INFO - [Metrics for 'Normal'] | Precision: 0.9100 | Recall: 0.8793 | F1: 0.8944
2026-03-14 21:46:50,251 - INFO - [Metrics for 'Defect'] | Precision: 0.8698 | Recall: 0.9026 | F1: 0.8859
2026-03-14 21:46:50,312 - INFO - [Best Model Saved] (val loss: 0.3955) -> 'log/Sewer_ML_params/baseline_mobilenet_v4_s_fpgm_20260314_205013/best_model.pth'
2026-03-14 21:46:50,312 - INFO - --------------------------------------------------
2026-03-14 21:46:50,313 - INFO - [LR]    [8/10] | Learning Rate: 0.000285
2026-03-14 21:54:19,024 - INFO - [Train] [8/10] | Loss: 0.3560 | Train Acc: 90.26%
2026-03-14 21:54:58,259 - INFO - [Valid] [8/10] | Loss: 0.3650 | Val Acc: 89.70%
2026-03-14 21:54:58,400 - INFO - [Metrics for 'Normal'] | Precision: 0.9067 | Recall: 0.8973 | F1: 0.9020
2026-03-14 21:54:58,400 - INFO - [Metrics for 'Defect'] | Precision: 0.8864 | Recall: 0.8967 | F1: 0.8915
2026-03-14 21:54:58,458 - INFO - [Best Model Saved] (val loss: 0.3650) -> 'log/Sewer_ML_params/baseline_mobilenet_v4_s_fpgm_20260314_205013/best_model.pth'
2026-03-14 21:54:58,458 - INFO - --------------------------------------------------
2026-03-14 21:54:58,459 - INFO - [LR]    [9/10] | Learning Rate: 0.000186
2026-03-14 22:02:26,177 - INFO - [Train] [9/10] | Loss: 0.3468 | Train Acc: 90.90%
2026-03-14 22:03:05,173 - INFO - [Valid] [9/10] | Loss: 0.3681 | Val Acc: 89.83%
2026-03-14 22:03:05,321 - INFO - [Metrics for 'Normal'] | Precision: 0.9058 | Recall: 0.9011 | F1: 0.9035
2026-03-14 22:03:05,322 - INFO - [Metrics for 'Defect'] | Precision: 0.8900 | Recall: 0.8952 | F1: 0.8926
2026-03-14 22:03:05,377 - INFO - --------------------------------------------------
2026-03-14 22:03:05,378 - INFO - [LR]    [10/10] | Learning Rate: 0.000122
2026-03-14 22:10:33,907 - INFO - [Train] [10/10] | Loss: 0.3391 | Train Acc: 91.43%
2026-03-14 22:11:12,850 - INFO - [Valid] [10/10] | Loss: 0.3648 | Val Acc: 89.81%
2026-03-14 22:11:13,024 - INFO - [Metrics for 'Normal'] | Precision: 0.9083 | Recall: 0.8976 | F1: 0.9029
2026-03-14 22:11:13,024 - INFO - [Metrics for 'Defect'] | Precision: 0.8869 | Recall: 0.8986 | F1: 0.8927
2026-03-14 22:11:13,096 - INFO - [Best Model Saved] (val loss: 0.3648) -> 'log/Sewer_ML_params/baseline_mobilenet_v4_s_fpgm_20260314_205013/best_model.pth'
2026-03-14 22:11:13,098 - INFO - ================================================================================
2026-03-14 22:11:13,099 - INFO - 단계 2/2: Pruning 및 미세 조정(Fine-tuning)을 시작합니다.
2026-03-14 22:11:13,099 - INFO - ================================================================================
2026-03-14 22:11:13,122 - INFO - 사전 훈련된 모델 'log/Sewer_ML_params/baseline_mobilenet_v4_s_fpgm_20260314_205013/best_model.pth'을(를) 불러왔습니다.
2026-03-14 22:11:13,147 - INFO - Pruning 전 원본 모델의 FLOPs를 측정합니다.
2026-03-14 22:11:13,177 - INFO - FPGM Pruning을 시작합니다.
2026-03-14 22:11:13,177 - INFO - 분류 레이어 'Linear'을(를) Pruning 대상에서 제외합니다.
2026-03-14 22:11:13,272 - INFO - torch-pruning 완료. 모델 구조가 희소도(0.8363)에 맞춰 변경되었습니다.
2026-03-14 22:11:13,272 - INFO - ==================================================
2026-03-14 22:11:13,272 - INFO - ==================================================
2026-03-14 22:11:13,272 - INFO - 모델 파라미터 수:
2026-03-14 22:11:13,272 - INFO -   - 총 파라미터: 77,987 개
2026-03-14 22:11:13,272 - INFO -   - 학습 가능한 파라미터: 77,987 개
2026-03-14 22:11:13,298 - INFO - Pruning 후 모델의 FLOPs를 측정합니다.
2026-03-14 22:11:13,320 - INFO - FLOPs가 0.3853 GFLOPs에서 0.0164 GFLOPs로 감소했습니다 (감소율: 95.76%).
2026-03-14 22:11:13,353 - INFO - Pruning 정보(희소도: 0.8363)를 'log/Sewer_ML_params/baseline_mobilenet_v4_s_fpgm_20260314_205013/pruning_info.yaml'에 저장했습니다.
2026-03-14 22:11:13,353 - INFO - 미세 조정을 위한 새로운 옵티마이저와 스케줄러를 생성합니다.
2026-03-14 22:11:13,353 - INFO - 옵티마이저: AdamW (lr=0.001, weight_decay=0.0001)
2026-03-14 22:11:13,353 - INFO - 스케줄러: CosineAnnealingLR (T_max=80, eta_min=0.0001)
2026-03-14 22:11:13,353 - INFO - ==================================================
2026-03-14 22:11:13,353 - INFO - train 모드를 시작합니다.
2026-03-14 22:11:13,353 - INFO - 손실 함수: CrossEntropyLoss (label_smoothing: 0.1)
2026-03-14 22:11:13,354 - INFO - Best metric을 초기값(inf)으로 설정합니다.
2026-03-14 22:11:13,354 - INFO - --------------------------------------------------
2026-03-14 22:11:13,354 - INFO - [LR]    [11/90] | Learning Rate: 0.001000
2026-03-14 22:18:38,748 - INFO - [Train] [11/90] | Loss: 0.4947 | Train Acc: 80.18%
2026-03-14 22:19:17,624 - INFO - [Valid] [11/90] | Loss: 0.4366 | Val Acc: 84.58%
2026-03-14 22:19:17,764 - INFO - [Metrics for 'Normal'] | Precision: 0.8501 | Recall: 0.8596 | F1: 0.8548
2026-03-14 22:19:17,765 - INFO - [Metrics for 'Defect'] | Precision: 0.8409 | Recall: 0.8303 | F1: 0.8355
2026-03-14 22:19:17,815 - INFO - [Best Model Saved] (val loss: 0.4366) -> 'log/Sewer_ML_params/baseline_mobilenet_v4_s_fpgm_20260314_205013/best_model.pth'
2026-03-14 22:19:17,815 - INFO - --------------------------------------------------
2026-03-14 22:19:17,815 - INFO - [LR]    [12/90] | Learning Rate: 0.001000
2026-03-14 22:26:41,655 - INFO - [Train] [12/90] | Loss: 0.4327 | Train Acc: 84.99%
2026-03-14 22:27:20,372 - INFO - [Valid] [12/90] | Loss: 0.4188 | Val Acc: 85.95%
2026-03-14 22:27:20,502 - INFO - [Metrics for 'Normal'] | Precision: 0.8872 | Recall: 0.8408 | F1: 0.8634
2026-03-14 22:27:20,502 - INFO - [Metrics for 'Defect'] | Precision: 0.8317 | Recall: 0.8804 | F1: 0.8553
2026-03-14 22:27:20,554 - INFO - [Best Model Saved] (val loss: 0.4188) -> 'log/Sewer_ML_params/baseline_mobilenet_v4_s_fpgm_20260314_205013/best_model.pth'
2026-03-14 22:27:20,554 - INFO - --------------------------------------------------
2026-03-14 22:27:20,554 - INFO - [LR]    [13/90] | Learning Rate: 0.000999
2026-03-14 22:34:45,665 - INFO - [Train] [13/90] | Loss: 0.4179 | Train Acc: 86.01%
2026-03-14 22:35:24,343 - INFO - [Valid] [13/90] | Loss: 0.4081 | Val Acc: 86.73%
2026-03-14 22:35:24,483 - INFO - [Metrics for 'Normal'] | Precision: 0.8681 | Recall: 0.8828 | F1: 0.8754
2026-03-14 22:35:24,483 - INFO - [Metrics for 'Defect'] | Precision: 0.8663 | Recall: 0.8499 | F1: 0.8580
2026-03-14 22:35:24,535 - INFO - [Best Model Saved] (val loss: 0.4081) -> 'log/Sewer_ML_params/baseline_mobilenet_v4_s_fpgm_20260314_205013/best_model.pth'
2026-03-14 22:35:24,535 - INFO - --------------------------------------------------
2026-03-14 22:35:24,535 - INFO - [LR]    [14/90] | Learning Rate: 0.000997
2026-03-14 22:42:50,180 - INFO - [Train] [14/90] | Loss: 0.4089 | Train Acc: 86.68%
2026-03-14 22:43:29,075 - INFO - [Valid] [14/90] | Loss: 0.3984 | Val Acc: 87.42%
2026-03-14 22:43:29,215 - INFO - [Metrics for 'Normal'] | Precision: 0.8845 | Recall: 0.8761 | F1: 0.8803
2026-03-14 22:43:29,215 - INFO - [Metrics for 'Defect'] | Precision: 0.8628 | Recall: 0.8720 | F1: 0.8674
2026-03-14 22:43:29,267 - INFO - [Best Model Saved] (val loss: 0.3984) -> 'log/Sewer_ML_params/baseline_mobilenet_v4_s_fpgm_20260314_205013/best_model.pth'
2026-03-14 22:43:29,267 - INFO - --------------------------------------------------
2026-03-14 22:43:29,267 - INFO - [LR]    [15/90] | Learning Rate: 0.000994
2026-03-14 22:50:57,526 - INFO - [Train] [15/90] | Loss: 0.4126 | Train Acc: 86.40%
2026-03-14 22:51:36,088 - INFO - [Valid] [15/90] | Loss: 0.4026 | Val Acc: 86.99%
2026-03-14 22:51:36,218 - INFO - [Metrics for 'Normal'] | Precision: 0.9076 | Recall: 0.8391 | F1: 0.8720
2026-03-14 22:51:36,218 - INFO - [Metrics for 'Defect'] | Precision: 0.8339 | Recall: 0.9044 | F1: 0.8677
2026-03-14 22:51:36,262 - INFO - --------------------------------------------------
2026-03-14 22:51:36,263 - INFO - [LR]    [16/90] | Learning Rate: 0.000991
2026-03-14 22:58:59,910 - INFO - [Train] [16/90] | Loss: 0.4003 | Train Acc: 87.24%
2026-03-14 22:59:38,425 - INFO - [Valid] [16/90] | Loss: 0.4064 | Val Acc: 86.92%
2026-03-14 22:59:38,555 - INFO - [Metrics for 'Normal'] | Precision: 0.8620 | Recall: 0.8958 | F1: 0.8786
2026-03-14 22:59:38,555 - INFO - [Metrics for 'Defect'] | Precision: 0.8780 | Recall: 0.8394 | F1: 0.8583
2026-03-14 22:59:38,599 - INFO - --------------------------------------------------
2026-03-14 22:59:38,599 - INFO - [LR]    [17/90] | Learning Rate: 0.000988
2026-03-14 23:07:02,162 - INFO - [Train] [17/90] | Loss: 0.3976 | Train Acc: 87.43%
2026-03-14 23:07:40,966 - INFO - [Valid] [17/90] | Loss: 0.3922 | Val Acc: 87.76%
2026-03-14 23:07:41,105 - INFO - [Metrics for 'Normal'] | Precision: 0.8964 | Recall: 0.8686 | F1: 0.8823
2026-03-14 23:07:41,105 - INFO - [Metrics for 'Defect'] | Precision: 0.8579 | Recall: 0.8876 | F1: 0.8725
2026-03-14 23:07:41,157 - INFO - [Best Model Saved] (val loss: 0.3922) -> 'log/Sewer_ML_params/baseline_mobilenet_v4_s_fpgm_20260314_205013/best_model.pth'
2026-03-14 23:07:41,157 - INFO - --------------------------------------------------
2026-03-14 23:07:41,157 - INFO - [LR]    [18/90] | Learning Rate: 0.000983
2026-03-14 23:15:06,314 - INFO - [Train] [18/90] | Loss: 0.3952 | Train Acc: 87.59%
2026-03-14 23:15:44,825 - INFO - [Valid] [18/90] | Loss: 0.3888 | Val Acc: 88.00%
2026-03-14 23:15:44,987 - INFO - [Metrics for 'Normal'] | Precision: 0.8859 | Recall: 0.8871 | F1: 0.8865
2026-03-14 23:15:44,987 - INFO - [Metrics for 'Defect'] | Precision: 0.8734 | Recall: 0.8721 | F1: 0.8728
2026-03-14 23:15:45,053 - INFO - [Best Model Saved] (val loss: 0.3888) -> 'log/Sewer_ML_params/baseline_mobilenet_v4_s_fpgm_20260314_205013/best_model.pth'
2026-03-14 23:15:45,054 - INFO - --------------------------------------------------
2026-03-14 23:15:45,054 - INFO - [LR]    [19/90] | Learning Rate: 0.000978
2026-03-14 23:23:09,724 - INFO - [Train] [19/90] | Loss: 0.3919 | Train Acc: 87.82%
2026-03-14 23:23:48,513 - INFO - [Valid] [19/90] | Loss: 0.3891 | Val Acc: 88.00%
2026-03-14 23:23:48,676 - INFO - [Metrics for 'Normal'] | Precision: 0.8760 | Recall: 0.9001 | F1: 0.8879
2026-03-14 23:23:48,676 - INFO - [Metrics for 'Defect'] | Precision: 0.8846 | Recall: 0.8575 | F1: 0.8708
2026-03-14 23:23:48,732 - INFO - --------------------------------------------------
2026-03-14 23:23:48,733 - INFO - [LR]    [20/90] | Learning Rate: 0.000972
2026-03-14 23:31:14,551 - INFO - [Train] [20/90] | Loss: 0.3900 | Train Acc: 87.94%
2026-03-14 23:31:53,183 - INFO - [Valid] [20/90] | Loss: 0.3887 | Val Acc: 88.18%
2026-03-14 23:31:53,353 - INFO - [Metrics for 'Normal'] | Precision: 0.8914 | Recall: 0.8839 | F1: 0.8876
2026-03-14 23:31:53,353 - INFO - [Metrics for 'Defect'] | Precision: 0.8713 | Recall: 0.8795 | F1: 0.8754
2026-03-14 23:31:53,417 - INFO - [Best Model Saved] (val loss: 0.3887) -> 'log/Sewer_ML_params/baseline_mobilenet_v4_s_fpgm_20260314_205013/best_model.pth'
2026-03-14 23:31:53,418 - INFO - --------------------------------------------------
2026-03-14 23:31:53,418 - INFO - [LR]    [21/90] | Learning Rate: 0.000966
2026-03-14 23:39:17,748 - INFO - [Train] [21/90] | Loss: 0.3876 | Train Acc: 88.12%
2026-03-14 23:39:56,569 - INFO - [Valid] [21/90] | Loss: 0.3869 | Val Acc: 88.12%
2026-03-14 23:39:56,710 - INFO - [Metrics for 'Normal'] | Precision: 0.8787 | Recall: 0.8991 | F1: 0.8888
2026-03-14 23:39:56,710 - INFO - [Metrics for 'Defect'] | Precision: 0.8841 | Recall: 0.8611 | F1: 0.8725
2026-03-14 23:39:56,762 - INFO - [Best Model Saved] (val loss: 0.3869) -> 'log/Sewer_ML_params/baseline_mobilenet_v4_s_fpgm_20260314_205013/best_model.pth'
2026-03-14 23:39:56,763 - INFO - --------------------------------------------------
2026-03-14 23:39:56,763 - INFO - [LR]    [22/90] | Learning Rate: 0.000959
2026-03-14 23:47:20,437 - INFO - [Train] [22/90] | Loss: 0.3856 | Train Acc: 88.24%
2026-03-14 23:47:59,460 - INFO - [Valid] [22/90] | Loss: 0.3839 | Val Acc: 88.31%
2026-03-14 23:47:59,600 - INFO - [Metrics for 'Normal'] | Precision: 0.8909 | Recall: 0.8872 | F1: 0.8891
2026-03-14 23:47:59,600 - INFO - [Metrics for 'Defect'] | Precision: 0.8744 | Recall: 0.8784 | F1: 0.8764
2026-03-14 23:47:59,652 - INFO - [Best Model Saved] (val loss: 0.3839) -> 'log/Sewer_ML_params/baseline_mobilenet_v4_s_fpgm_20260314_205013/best_model.pth'
2026-03-14 23:47:59,652 - INFO - --------------------------------------------------
2026-03-14 23:47:59,652 - INFO - [LR]    [23/90] | Learning Rate: 0.000951
2026-03-14 23:55:24,171 - INFO - [Train] [23/90] | Loss: 0.3840 | Train Acc: 88.34%
2026-03-14 23:56:02,776 - INFO - [Valid] [23/90] | Loss: 0.3834 | Val Acc: 88.38%
2026-03-14 23:56:02,917 - INFO - [Metrics for 'Normal'] | Precision: 0.8910 | Recall: 0.8887 | F1: 0.8898
2026-03-14 23:56:02,917 - INFO - [Metrics for 'Defect'] | Precision: 0.8758 | Recall: 0.8783 | F1: 0.8771
2026-03-14 23:56:02,970 - INFO - [Best Model Saved] (val loss: 0.3834) -> 'log/Sewer_ML_params/baseline_mobilenet_v4_s_fpgm_20260314_205013/best_model.pth'
2026-03-14 23:56:02,970 - INFO - --------------------------------------------------
2026-03-14 23:56:02,970 - INFO - [LR]    [24/90] | Learning Rate: 0.000943
2026-03-15 00:03:27,133 - INFO - [Train] [24/90] | Loss: 0.3824 | Train Acc: 88.44%
2026-03-15 00:04:06,249 - INFO - [Valid] [24/90] | Loss: 0.3793 | Val Acc: 88.70%
2026-03-15 00:04:06,389 - INFO - [Metrics for 'Normal'] | Precision: 0.8974 | Recall: 0.8876 | F1: 0.8925
2026-03-15 00:04:06,389 - INFO - [Metrics for 'Defect'] | Precision: 0.8757 | Recall: 0.8864 | F1: 0.8810
2026-03-15 00:04:06,441 - INFO - [Best Model Saved] (val loss: 0.3793) -> 'log/Sewer_ML_params/baseline_mobilenet_v4_s_fpgm_20260314_205013/best_model.pth'
2026-03-15 00:04:06,441 - INFO - --------------------------------------------------
2026-03-15 00:04:06,441 - INFO - [LR]    [25/90] | Learning Rate: 0.000934
2026-03-15 00:11:31,193 - INFO - [Train] [25/90] | Loss: 0.3807 | Train Acc: 88.56%
2026-03-15 00:12:09,945 - INFO - [Valid] [25/90] | Loss: 0.3804 | Val Acc: 88.65%
2026-03-15 00:12:10,118 - INFO - [Metrics for 'Normal'] | Precision: 0.8903 | Recall: 0.8954 | F1: 0.8928
2026-03-15 00:12:10,118 - INFO - [Metrics for 'Defect'] | Precision: 0.8822 | Recall: 0.8765 | F1: 0.8793
2026-03-15 00:12:10,174 - INFO - --------------------------------------------------
2026-03-15 00:12:10,175 - INFO - [LR]    [26/90] | Learning Rate: 0.000924
2026-03-15 00:19:33,155 - INFO - [Train] [26/90] | Loss: 0.3792 | Train Acc: 88.64%
2026-03-15 00:20:11,652 - INFO - [Valid] [26/90] | Loss: 0.3772 | Val Acc: 88.76%
2026-03-15 00:20:11,795 - INFO - [Metrics for 'Normal'] | Precision: 0.9010 | Recall: 0.8843 | F1: 0.8926
2026-03-15 00:20:11,795 - INFO - [Metrics for 'Defect'] | Precision: 0.8731 | Recall: 0.8913 | F1: 0.8821
2026-03-15 00:20:11,847 - INFO - [Best Model Saved] (val loss: 0.3772) -> 'log/Sewer_ML_params/baseline_mobilenet_v4_s_fpgm_20260314_205013/best_model.pth'
2026-03-15 00:20:11,847 - INFO - --------------------------------------------------
2026-03-15 00:20:11,848 - INFO - [LR]    [27/90] | Learning Rate: 0.000914
2026-03-15 00:27:39,795 - INFO - [Train] [27/90] | Loss: 0.3784 | Train Acc: 88.75%
2026-03-15 00:28:18,588 - INFO - [Valid] [27/90] | Loss: 0.3786 | Val Acc: 88.77%
2026-03-15 00:28:18,729 - INFO - [Metrics for 'Normal'] | Precision: 0.8944 | Recall: 0.8928 | F1: 0.8936
2026-03-15 00:28:18,729 - INFO - [Metrics for 'Defect'] | Precision: 0.8802 | Recall: 0.8820 | F1: 0.8811
2026-03-15 00:28:18,773 - INFO - --------------------------------------------------
2026-03-15 00:28:18,774 - INFO - [LR]    [28/90] | Learning Rate: 0.000903
2026-03-15 00:35:43,309 - INFO - [Train] [28/90] | Loss: 0.3770 | Train Acc: 88.85%
2026-03-15 00:36:21,795 - INFO - [Valid] [28/90] | Loss: 0.3778 | Val Acc: 88.84%
2026-03-15 00:36:21,936 - INFO - [Metrics for 'Normal'] | Precision: 0.9033 | Recall: 0.8834 | F1: 0.8932
2026-03-15 00:36:21,936 - INFO - [Metrics for 'Defect'] | Precision: 0.8726 | Recall: 0.8941 | F1: 0.8832
2026-03-15 00:36:21,980 - INFO - --------------------------------------------------
2026-03-15 00:36:21,981 - INFO - [LR]    [29/90] | Learning Rate: 0.000892
2026-03-15 00:43:48,099 - INFO - [Train] [29/90] | Loss: 0.3759 | Train Acc: 88.89%
2026-03-15 00:44:26,923 - INFO - [Valid] [29/90] | Loss: 0.3798 | Val Acc: 88.79%
2026-03-15 00:44:27,055 - INFO - [Metrics for 'Normal'] | Precision: 0.9142 | Recall: 0.8693 | F1: 0.8912
2026-03-15 00:44:27,055 - INFO - [Metrics for 'Defect'] | Precision: 0.8614 | Recall: 0.9087 | F1: 0.8844
2026-03-15 00:44:27,100 - INFO - --------------------------------------------------
2026-03-15 00:44:27,101 - INFO - [LR]    [30/90] | Learning Rate: 0.000880
2026-03-15 00:51:50,429 - INFO - [Train] [30/90] | Loss: 0.3751 | Train Acc: 88.96%
2026-03-15 00:52:28,812 - INFO - [Valid] [30/90] | Loss: 0.3764 | Val Acc: 88.84%
2026-03-15 00:52:28,954 - INFO - [Metrics for 'Normal'] | Precision: 0.8996 | Recall: 0.8878 | F1: 0.8937
2026-03-15 00:52:28,954 - INFO - [Metrics for 'Defect'] | Precision: 0.8762 | Recall: 0.8892 | F1: 0.8826
2026-03-15 00:52:29,006 - INFO - [Best Model Saved] (val loss: 0.3764) -> 'log/Sewer_ML_params/baseline_mobilenet_v4_s_fpgm_20260314_205013/best_model.pth'
2026-03-15 00:52:29,006 - INFO - --------------------------------------------------
2026-03-15 00:52:29,006 - INFO - [LR]    [31/90] | Learning Rate: 0.000868
2026-03-15 00:59:55,074 - INFO - [Train] [31/90] | Loss: 0.3738 | Train Acc: 89.03%
2026-03-15 01:00:33,606 - INFO - [Valid] [31/90] | Loss: 0.3737 | Val Acc: 89.02%
2026-03-15 01:00:33,737 - INFO - [Metrics for 'Normal'] | Precision: 0.8972 | Recall: 0.8946 | F1: 0.8959
2026-03-15 01:00:33,737 - INFO - [Metrics for 'Defect'] | Precision: 0.8824 | Recall: 0.8853 | F1: 0.8838
2026-03-15 01:00:33,789 - INFO - [Best Model Saved] (val loss: 0.3737) -> 'log/Sewer_ML_params/baseline_mobilenet_v4_s_fpgm_20260314_205013/best_model.pth'
2026-03-15 01:00:33,789 - INFO - --------------------------------------------------
2026-03-15 01:00:33,790 - INFO - [LR]    [32/90] | Learning Rate: 0.000855
2026-03-15 01:08:00,173 - INFO - [Train] [32/90] | Loss: 0.3730 | Train Acc: 89.10%
2026-03-15 01:08:39,651 - INFO - [Valid] [32/90] | Loss: 0.3760 | Val Acc: 88.94%
2026-03-15 01:08:39,814 - INFO - [Metrics for 'Normal'] | Precision: 0.9038 | Recall: 0.8848 | F1: 0.8942
2026-03-15 01:08:39,814 - INFO - [Metrics for 'Defect'] | Precision: 0.8741 | Recall: 0.8946 | F1: 0.8842
2026-03-15 01:08:39,869 - INFO - --------------------------------------------------
2026-03-15 01:08:39,870 - INFO - [LR]    [33/90] | Learning Rate: 0.000842
2026-03-15 01:16:04,336 - INFO - [Train] [33/90] | Loss: 0.3722 | Train Acc: 89.15%
2026-03-15 01:16:42,965 - INFO - [Valid] [33/90] | Loss: 0.3741 | Val Acc: 89.01%
2026-03-15 01:16:43,145 - INFO - [Metrics for 'Normal'] | Precision: 0.9065 | Recall: 0.8829 | F1: 0.8946
2026-03-15 01:16:43,145 - INFO - [Metrics for 'Defect'] | Precision: 0.8727 | Recall: 0.8981 | F1: 0.8852
2026-03-15 01:16:43,202 - INFO - --------------------------------------------------
2026-03-15 01:16:43,203 - INFO - [LR]    [34/90] | Learning Rate: 0.000829
2026-03-15 01:24:07,693 - INFO - [Train] [34/90] | Loss: 0.3715 | Train Acc: 89.21%
2026-03-15 01:24:46,830 - INFO - [Valid] [34/90] | Loss: 0.3747 | Val Acc: 88.99%
2026-03-15 01:24:46,971 - INFO - [Metrics for 'Normal'] | Precision: 0.9137 | Recall: 0.8741 | F1: 0.8935
2026-03-15 01:24:46,971 - INFO - [Metrics for 'Defect'] | Precision: 0.8656 | Recall: 0.9075 | F1: 0.8861
2026-03-15 01:24:47,016 - INFO - --------------------------------------------------
2026-03-15 01:24:47,016 - INFO - [LR]    [35/90] | Learning Rate: 0.000815
2026-03-15 01:32:11,215 - INFO - [Train] [35/90] | Loss: 0.3707 | Train Acc: 89.27%
2026-03-15 01:32:49,957 - INFO - [Valid] [35/90] | Loss: 0.3717 | Val Acc: 89.22%
2026-03-15 01:32:50,088 - INFO - [Metrics for 'Normal'] | Precision: 0.9050 | Recall: 0.8893 | F1: 0.8971
2026-03-15 01:32:50,088 - INFO - [Metrics for 'Defect'] | Precision: 0.8785 | Recall: 0.8955 | F1: 0.8869
2026-03-15 01:32:50,140 - INFO - [Best Model Saved] (val loss: 0.3717) -> 'log/Sewer_ML_params/baseline_mobilenet_v4_s_fpgm_20260314_205013/best_model.pth'
2026-03-15 01:32:50,140 - INFO - --------------------------------------------------
2026-03-15 01:32:50,140 - INFO - [LR]    [36/90] | Learning Rate: 0.000800
2026-03-15 01:40:14,327 - INFO - [Train] [36/90] | Loss: 0.3695 | Train Acc: 89.32%
2026-03-15 01:40:53,183 - INFO - [Valid] [36/90] | Loss: 0.3729 | Val Acc: 89.08%
2026-03-15 01:40:53,358 - INFO - [Metrics for 'Normal'] | Precision: 0.9032 | Recall: 0.8886 | F1: 0.8958
2026-03-15 01:40:53,358 - INFO - [Metrics for 'Defect'] | Precision: 0.8775 | Recall: 0.8934 | F1: 0.8854
2026-03-15 01:40:53,404 - INFO - --------------------------------------------------
2026-03-15 01:40:53,404 - INFO - [LR]    [37/90] | Learning Rate: 0.000785
2026-03-15 01:48:18,686 - INFO - [Train] [37/90] | Loss: 0.3690 | Train Acc: 89.34%
2026-03-15 01:48:57,749 - INFO - [Valid] [37/90] | Loss: 0.3761 | Val Acc: 88.89%
2026-03-15 01:48:57,913 - INFO - [Metrics for 'Normal'] | Precision: 0.8856 | Recall: 0.9067 | F1: 0.8960
2026-03-15 01:48:57,913 - INFO - [Metrics for 'Defect'] | Precision: 0.8928 | Recall: 0.8689 | F1: 0.8807
2026-03-15 01:48:57,969 - INFO - --------------------------------------------------
2026-03-15 01:48:57,970 - INFO - [LR]    [38/90] | Learning Rate: 0.000770
2026-03-15 01:56:23,733 - INFO - [Train] [38/90] | Loss: 0.3683 | Train Acc: 89.41%
2026-03-15 01:57:02,759 - INFO - [Valid] [38/90] | Loss: 0.3710 | Val Acc: 89.21%
2026-03-15 01:57:02,902 - INFO - [Metrics for 'Normal'] | Precision: 0.9057 | Recall: 0.8883 | F1: 0.8969
2026-03-15 01:57:02,902 - INFO - [Metrics for 'Defect'] | Precision: 0.8776 | Recall: 0.8965 | F1: 0.8869
2026-03-15 01:57:02,955 - INFO - [Best Model Saved] (val loss: 0.3710) -> 'log/Sewer_ML_params/baseline_mobilenet_v4_s_fpgm_20260314_205013/best_model.pth'
2026-03-15 01:57:02,955 - INFO - --------------------------------------------------
2026-03-15 01:57:02,956 - INFO - [LR]    [39/90] | Learning Rate: 0.000754
2026-03-15 02:04:28,456 - INFO - [Train] [39/90] | Loss: 0.3675 | Train Acc: 89.48%
2026-03-15 02:05:07,622 - INFO - [Valid] [39/90] | Loss: 0.3712 | Val Acc: 89.20%
2026-03-15 02:05:07,787 - INFO - [Metrics for 'Normal'] | Precision: 0.9028 | Recall: 0.8915 | F1: 0.8971
2026-03-15 02:05:07,787 - INFO - [Metrics for 'Defect'] | Precision: 0.8802 | Recall: 0.8926 | F1: 0.8864
2026-03-15 02:05:07,843 - INFO - --------------------------------------------------
2026-03-15 02:05:07,844 - INFO - [LR]    [40/90] | Learning Rate: 0.000738
2026-03-15 02:12:32,320 - INFO - [Train] [40/90] | Loss: 0.3676 | Train Acc: 89.47%
2026-03-15 02:13:11,208 - INFO - [Valid] [40/90] | Loss: 0.3703 | Val Acc: 89.28%
2026-03-15 02:13:11,340 - INFO - [Metrics for 'Normal'] | Precision: 0.9076 | Recall: 0.8873 | F1: 0.8973
2026-03-15 02:13:11,340 - INFO - [Metrics for 'Defect'] | Precision: 0.8770 | Recall: 0.8988 | F1: 0.8878
2026-03-15 02:13:11,393 - INFO - [Best Model Saved] (val loss: 0.3703) -> 'log/Sewer_ML_params/baseline_mobilenet_v4_s_fpgm_20260314_205013/best_model.pth'
2026-03-15 02:13:11,393 - INFO - --------------------------------------------------
2026-03-15 02:13:11,393 - INFO - [LR]    [41/90] | Learning Rate: 0.000722
2026-03-15 02:20:37,353 - INFO - [Train] [41/90] | Loss: 0.3660 | Train Acc: 89.59%
2026-03-15 02:21:16,421 - INFO - [Valid] [41/90] | Loss: 0.3711 | Val Acc: 89.19%
2026-03-15 02:21:16,598 - INFO - [Metrics for 'Normal'] | Precision: 0.8988 | Recall: 0.8962 | F1: 0.8975
2026-03-15 02:21:16,598 - INFO - [Metrics for 'Defect'] | Precision: 0.8842 | Recall: 0.8871 | F1: 0.8856
2026-03-15 02:21:16,646 - INFO - --------------------------------------------------
2026-03-15 02:21:16,647 - INFO - [LR]    [42/90] | Learning Rate: 0.000706
2026-03-15 02:28:42,766 - INFO - [Train] [42/90] | Loss: 0.3658 | Train Acc: 89.58%
2026-03-15 02:29:22,207 - INFO - [Valid] [42/90] | Loss: 0.3702 | Val Acc: 89.27%
2026-03-15 02:29:22,348 - INFO - [Metrics for 'Normal'] | Precision: 0.9075 | Recall: 0.8874 | F1: 0.8973
2026-03-15 02:29:22,348 - INFO - [Metrics for 'Defect'] | Precision: 0.8770 | Recall: 0.8987 | F1: 0.8877
2026-03-15 02:29:22,400 - INFO - [Best Model Saved] (val loss: 0.3702) -> 'log/Sewer_ML_params/baseline_mobilenet_v4_s_fpgm_20260314_205013/best_model.pth'
2026-03-15 02:29:22,400 - INFO - --------------------------------------------------
2026-03-15 02:29:22,401 - INFO - [LR]    [43/90] | Learning Rate: 0.000689
2026-03-15 02:36:46,551 - INFO - [Train] [43/90] | Loss: 0.3659 | Train Acc: 89.58%
2026-03-15 02:37:25,160 - INFO - [Valid] [43/90] | Loss: 0.3697 | Val Acc: 89.34%
2026-03-15 02:37:25,334 - INFO - [Metrics for 'Normal'] | Precision: 0.9090 | Recall: 0.8869 | F1: 0.8978
2026-03-15 02:37:25,334 - INFO - [Metrics for 'Defect'] | Precision: 0.8768 | Recall: 0.9006 | F1: 0.8885
2026-03-15 02:37:25,401 - INFO - [Best Model Saved] (val loss: 0.3697) -> 'log/Sewer_ML_params/baseline_mobilenet_v4_s_fpgm_20260314_205013/best_model.pth'
2026-03-15 02:37:25,401 - INFO - --------------------------------------------------
2026-03-15 02:37:25,402 - INFO - [LR]    [44/90] | Learning Rate: 0.000672
2026-03-15 02:44:48,522 - INFO - [Train] [44/90] | Loss: 0.3645 | Train Acc: 89.65%
2026-03-15 02:45:27,469 - INFO - [Valid] [44/90] | Loss: 0.3701 | Val Acc: 89.26%
2026-03-15 02:45:27,610 - INFO - [Metrics for 'Normal'] | Precision: 0.9097 | Recall: 0.8845 | F1: 0.8969
2026-03-15 02:45:27,610 - INFO - [Metrics for 'Defect'] | Precision: 0.8746 | Recall: 0.9018 | F1: 0.8880
2026-03-15 02:45:27,655 - INFO - --------------------------------------------------
2026-03-15 02:45:27,656 - INFO - [LR]    [45/90] | Learning Rate: 0.000655
2026-03-15 02:52:51,862 - INFO - [Train] [45/90] | Loss: 0.3640 | Train Acc: 89.72%
2026-03-15 02:53:30,401 - INFO - [Valid] [45/90] | Loss: 0.3688 | Val Acc: 89.42%
2026-03-15 02:53:30,544 - INFO - [Metrics for 'Normal'] | Precision: 0.9093 | Recall: 0.8883 | F1: 0.8987
2026-03-15 02:53:30,545 - INFO - [Metrics for 'Defect'] | Precision: 0.8781 | Recall: 0.9008 | F1: 0.8893
2026-03-15 02:53:30,598 - INFO - [Best Model Saved] (val loss: 0.3688) -> 'log/Sewer_ML_params/baseline_mobilenet_v4_s_fpgm_20260314_205013/best_model.pth'
2026-03-15 02:53:30,598 - INFO - --------------------------------------------------
2026-03-15 02:53:30,598 - INFO - [LR]    [46/90] | Learning Rate: 0.000638
2026-03-15 03:00:55,059 - INFO - [Train] [46/90] | Loss: 0.3636 | Train Acc: 89.74%
2026-03-15 03:01:33,498 - INFO - [Valid] [46/90] | Loss: 0.3699 | Val Acc: 89.27%
2026-03-15 03:01:33,630 - INFO - [Metrics for 'Normal'] | Precision: 0.9143 | Recall: 0.8793 | F1: 0.8964
2026-03-15 03:01:33,630 - INFO - [Metrics for 'Defect'] | Precision: 0.8704 | Recall: 0.9077 | F1: 0.8887
2026-03-15 03:01:33,675 - INFO - --------------------------------------------------
2026-03-15 03:01:33,675 - INFO - [LR]    [47/90] | Learning Rate: 0.000620
2026-03-15 03:08:58,456 - INFO - [Train] [47/90] | Loss: 0.3627 | Train Acc: 89.80%
2026-03-15 03:09:37,471 - INFO - [Valid] [47/90] | Loss: 0.3689 | Val Acc: 89.39%
2026-03-15 03:09:37,612 - INFO - [Metrics for 'Normal'] | Precision: 0.9091 | Recall: 0.8879 | F1: 0.8984
2026-03-15 03:09:37,612 - INFO - [Metrics for 'Defect'] | Precision: 0.8778 | Recall: 0.9006 | F1: 0.8890
2026-03-15 03:09:37,657 - INFO - --------------------------------------------------
2026-03-15 03:09:37,657 - INFO - [LR]    [48/90] | Learning Rate: 0.000603
2026-03-15 03:17:01,626 - INFO - [Train] [48/90] | Loss: 0.3624 | Train Acc: 89.80%
2026-03-15 03:17:40,510 - INFO - [Valid] [48/90] | Loss: 0.3717 | Val Acc: 89.34%
2026-03-15 03:17:40,655 - INFO - [Metrics for 'Normal'] | Precision: 0.9003 | Recall: 0.8975 | F1: 0.8989
2026-03-15 03:17:40,655 - INFO - [Metrics for 'Defect'] | Precision: 0.8856 | Recall: 0.8888 | F1: 0.8872
2026-03-15 03:17:40,700 - INFO - --------------------------------------------------
2026-03-15 03:17:40,701 - INFO - [LR]    [49/90] | Learning Rate: 0.000585
2026-03-15 03:25:05,251 - INFO - [Train] [49/90] | Loss: 0.3617 | Train Acc: 89.84%
2026-03-15 03:25:43,978 - INFO - [Valid] [49/90] | Loss: 0.3691 | Val Acc: 89.35%
2026-03-15 03:25:44,145 - INFO - [Metrics for 'Normal'] | Precision: 0.9064 | Recall: 0.8903 | F1: 0.8983
2026-03-15 03:25:44,145 - INFO - [Metrics for 'Defect'] | Precision: 0.8796 | Recall: 0.8971 | F1: 0.8883
2026-03-15 03:25:44,202 - INFO - --------------------------------------------------
2026-03-15 03:25:44,203 - INFO - [LR]    [50/90] | Learning Rate: 0.000568
2026-03-15 03:33:09,898 - INFO - [Train] [50/90] | Loss: 0.3614 | Train Acc: 89.87%
2026-03-15 03:33:48,927 - INFO - [Valid] [50/90] | Loss: 0.3687 | Val Acc: 89.42%
2026-03-15 03:33:49,103 - INFO - [Metrics for 'Normal'] | Precision: 0.9090 | Recall: 0.8887 | F1: 0.8987
2026-03-15 03:33:49,104 - INFO - [Metrics for 'Defect'] | Precision: 0.8785 | Recall: 0.9004 | F1: 0.8893
2026-03-15 03:33:49,172 - INFO - [Best Model Saved] (val loss: 0.3687) -> 'log/Sewer_ML_params/baseline_mobilenet_v4_s_fpgm_20260314_205013/best_model.pth'
2026-03-15 03:33:49,172 - INFO - --------------------------------------------------
2026-03-15 03:33:49,173 - INFO - [LR]    [51/90] | Learning Rate: 0.000550
2026-03-15 03:41:12,921 - INFO - [Train] [51/90] | Loss: 0.3610 | Train Acc: 89.89%
2026-03-15 03:41:51,447 - INFO - [Valid] [51/90] | Loss: 0.3692 | Val Acc: 89.41%
2026-03-15 03:41:51,611 - INFO - [Metrics for 'Normal'] | Precision: 0.9108 | Recall: 0.8862 | F1: 0.8984
2026-03-15 03:41:51,611 - INFO - [Metrics for 'Defect'] | Precision: 0.8764 | Recall: 0.9029 | F1: 0.8895
2026-03-15 03:41:51,657 - INFO - --------------------------------------------------
2026-03-15 03:41:51,658 - INFO - [LR]    [52/90] | Learning Rate: 0.000532
2026-03-15 03:49:15,931 - INFO - [Train] [52/90] | Loss: 0.3602 | Train Acc: 89.96%
2026-03-15 03:49:54,436 - INFO - [Valid] [52/90] | Loss: 0.3702 | Val Acc: 89.38%
2026-03-15 03:49:54,613 - INFO - [Metrics for 'Normal'] | Precision: 0.9164 | Recall: 0.8791 | F1: 0.8974
2026-03-15 03:49:54,613 - INFO - [Metrics for 'Defect'] | Precision: 0.8706 | Recall: 0.9103 | F1: 0.8900
2026-03-15 03:49:54,670 - INFO - --------------------------------------------------
2026-03-15 03:49:54,671 - INFO - [LR]    [53/90] | Learning Rate: 0.000515
2026-03-15 03:57:19,174 - INFO - [Train] [53/90] | Loss: 0.3597 | Train Acc: 89.98%
2026-03-15 03:57:58,280 - INFO - [Valid] [53/90] | Loss: 0.3684 | Val Acc: 89.50%
2026-03-15 03:57:58,423 - INFO - [Metrics for 'Normal'] | Precision: 0.9038 | Recall: 0.8967 | F1: 0.9002
2026-03-15 03:57:58,423 - INFO - [Metrics for 'Defect'] | Precision: 0.8854 | Recall: 0.8931 | F1: 0.8892
2026-03-15 03:57:58,477 - INFO - [Best Model Saved] (val loss: 0.3684) -> 'log/Sewer_ML_params/baseline_mobilenet_v4_s_fpgm_20260314_205013/best_model.pth'
2026-03-15 03:57:58,477 - INFO - --------------------------------------------------
2026-03-15 03:57:58,477 - INFO - [LR]    [54/90] | Learning Rate: 0.000497
2026-03-15 04:05:22,707 - INFO - [Train] [54/90] | Loss: 0.3595 | Train Acc: 90.00%
2026-03-15 04:06:01,387 - INFO - [Valid] [54/90] | Loss: 0.3690 | Val Acc: 89.32%
2026-03-15 04:06:01,519 - INFO - [Metrics for 'Normal'] | Precision: 0.8996 | Recall: 0.8980 | F1: 0.8988
2026-03-15 04:06:01,519 - INFO - [Metrics for 'Defect'] | Precision: 0.8861 | Recall: 0.8879 | F1: 0.8870
2026-03-15 04:06:01,564 - INFO - --------------------------------------------------
2026-03-15 04:06:01,565 - INFO - [LR]    [55/90] | Learning Rate: 0.000480
2026-03-15 04:13:26,479 - INFO - [Train] [55/90] | Loss: 0.3588 | Train Acc: 90.06%
2026-03-15 04:14:05,080 - INFO - [Valid] [55/90] | Loss: 0.3672 | Val Acc: 89.57%
2026-03-15 04:14:05,225 - INFO - [Metrics for 'Normal'] | Precision: 0.9030 | Recall: 0.8992 | F1: 0.9011
2026-03-15 04:14:05,225 - INFO - [Metrics for 'Defect'] | Precision: 0.8877 | Recall: 0.8919 | F1: 0.8898
2026-03-15 04:14:05,278 - INFO - [Best Model Saved] (val loss: 0.3672) -> 'log/Sewer_ML_params/baseline_mobilenet_v4_s_fpgm_20260314_205013/best_model.pth'
2026-03-15 04:14:05,278 - INFO - --------------------------------------------------
2026-03-15 04:14:05,278 - INFO - [LR]    [56/90] | Learning Rate: 0.000462
2026-03-15 04:21:30,194 - INFO - [Train] [56/90] | Loss: 0.3581 | Train Acc: 90.08%
2026-03-15 04:22:08,446 - INFO - [Valid] [56/90] | Loss: 0.3680 | Val Acc: 89.51%
2026-03-15 04:22:08,581 - INFO - [Metrics for 'Normal'] | Precision: 0.9004 | Recall: 0.9010 | F1: 0.9007
2026-03-15 04:22:08,581 - INFO - [Metrics for 'Defect'] | Precision: 0.8892 | Recall: 0.8885 | F1: 0.8888
2026-03-15 04:22:08,627 - INFO - --------------------------------------------------
2026-03-15 04:22:08,627 - INFO - [LR]    [57/90] | Learning Rate: 0.000445
2026-03-15 04:29:32,785 - INFO - [Train] [57/90] | Loss: 0.3578 | Train Acc: 90.12%
2026-03-15 04:30:11,525 - INFO - [Valid] [57/90] | Loss: 0.3676 | Val Acc: 89.51%
2026-03-15 04:30:11,688 - INFO - [Metrics for 'Normal'] | Precision: 0.9041 | Recall: 0.8964 | F1: 0.9002
2026-03-15 04:30:11,688 - INFO - [Metrics for 'Defect'] | Precision: 0.8851 | Recall: 0.8936 | F1: 0.8893
2026-03-15 04:30:11,744 - INFO - --------------------------------------------------
2026-03-15 04:30:11,745 - INFO - [LR]    [58/90] | Learning Rate: 0.000428
2026-03-15 04:37:37,059 - INFO - [Train] [58/90] | Loss: 0.3574 | Train Acc: 90.13%
2026-03-15 04:38:15,918 - INFO - [Valid] [58/90] | Loss: 0.3675 | Val Acc: 89.50%
2026-03-15 04:38:16,050 - INFO - [Metrics for 'Normal'] | Precision: 0.9009 | Recall: 0.9002 | F1: 0.9006
2026-03-15 04:38:16,050 - INFO - [Metrics for 'Defect'] | Precision: 0.8884 | Recall: 0.8892 | F1: 0.8888
2026-03-15 04:38:16,096 - INFO - --------------------------------------------------
2026-03-15 04:38:16,096 - INFO - [LR]    [59/90] | Learning Rate: 0.000411
2026-03-15 04:45:39,571 - INFO - [Train] [59/90] | Loss: 0.3567 | Train Acc: 90.18%
2026-03-15 04:46:18,457 - INFO - [Valid] [59/90] | Loss: 0.3678 | Val Acc: 89.52%
2026-03-15 04:46:18,637 - INFO - [Metrics for 'Normal'] | Precision: 0.9063 | Recall: 0.8939 | F1: 0.9001
2026-03-15 04:46:18,637 - INFO - [Metrics for 'Defect'] | Precision: 0.8831 | Recall: 0.8965 | F1: 0.8897
2026-03-15 04:46:18,697 - INFO - --------------------------------------------------
2026-03-15 04:46:18,698 - INFO - [LR]    [60/90] | Learning Rate: 0.000394
2026-03-15 04:53:43,643 - INFO - [Train] [60/90] | Loss: 0.3563 | Train Acc: 90.22%
2026-03-15 04:54:22,420 - INFO - [Valid] [60/90] | Loss: 0.3671 | Val Acc: 89.52%
2026-03-15 04:54:22,583 - INFO - [Metrics for 'Normal'] | Precision: 0.9058 | Recall: 0.8946 | F1: 0.9001
2026-03-15 04:54:22,583 - INFO - [Metrics for 'Defect'] | Precision: 0.8836 | Recall: 0.8958 | F1: 0.8897
2026-03-15 04:54:22,650 - INFO - [Best Model Saved] (val loss: 0.3671) -> 'log/Sewer_ML_params/baseline_mobilenet_v4_s_fpgm_20260314_205013/best_model.pth'
2026-03-15 04:54:22,650 - INFO - --------------------------------------------------
2026-03-15 04:54:22,651 - INFO - [LR]    [61/90] | Learning Rate: 0.000378
2026-03-15 05:01:47,503 - INFO - [Train] [61/90] | Loss: 0.3558 | Train Acc: 90.23%
2026-03-15 05:02:26,457 - INFO - [Valid] [61/90] | Loss: 0.3671 | Val Acc: 89.53%
2026-03-15 05:02:26,593 - INFO - [Metrics for 'Normal'] | Precision: 0.9053 | Recall: 0.8955 | F1: 0.9004
2026-03-15 05:02:26,593 - INFO - [Metrics for 'Defect'] | Precision: 0.8844 | Recall: 0.8952 | F1: 0.8898
2026-03-15 05:02:26,646 - INFO - [Best Model Saved] (val loss: 0.3671) -> 'log/Sewer_ML_params/baseline_mobilenet_v4_s_fpgm_20260314_205013/best_model.pth'
2026-03-15 05:02:26,646 - INFO - --------------------------------------------------
2026-03-15 05:02:26,647 - INFO - [LR]    [62/90] | Learning Rate: 0.000362
2026-03-15 05:09:52,789 - INFO - [Train] [62/90] | Loss: 0.3555 | Train Acc: 90.27%
2026-03-15 05:10:31,849 - INFO - [Valid] [62/90] | Loss: 0.3663 | Val Acc: 89.65%
2026-03-15 05:10:31,993 - INFO - [Metrics for 'Normal'] | Precision: 0.9116 | Recall: 0.8903 | F1: 0.9008
2026-03-15 05:10:31,993 - INFO - [Metrics for 'Defect'] | Precision: 0.8804 | Recall: 0.9033 | F1: 0.8917
2026-03-15 05:10:32,047 - INFO - [Best Model Saved] (val loss: 0.3663) -> 'log/Sewer_ML_params/baseline_mobilenet_v4_s_fpgm_20260314_205013/best_model.pth'
2026-03-15 05:10:32,047 - INFO - --------------------------------------------------
2026-03-15 05:10:32,047 - INFO - [LR]    [63/90] | Learning Rate: 0.000346
2026-03-15 05:17:55,992 - INFO - [Train] [63/90] | Loss: 0.3552 | Train Acc: 90.28%
2026-03-15 05:18:34,687 - INFO - [Valid] [63/90] | Loss: 0.3669 | Val Acc: 89.56%
2026-03-15 05:18:34,852 - INFO - [Metrics for 'Normal'] | Precision: 0.9041 | Recall: 0.8976 | F1: 0.9008
2026-03-15 05:18:34,852 - INFO - [Metrics for 'Defect'] | Precision: 0.8863 | Recall: 0.8935 | F1: 0.8899
2026-03-15 05:18:34,909 - INFO - --------------------------------------------------
2026-03-15 05:18:34,910 - INFO - [LR]    [64/90] | Learning Rate: 0.000330
2026-03-15 05:26:02,570 - INFO - [Train] [64/90] | Loss: 0.3549 | Train Acc: 90.28%
2026-03-15 05:26:41,282 - INFO - [Valid] [64/90] | Loss: 0.3665 | Val Acc: 89.62%
2026-03-15 05:26:41,461 - INFO - [Metrics for 'Normal'] | Precision: 0.9086 | Recall: 0.8933 | F1: 0.9009
2026-03-15 05:26:41,461 - INFO - [Metrics for 'Defect'] | Precision: 0.8828 | Recall: 0.8994 | F1: 0.8910
2026-03-15 05:26:41,519 - INFO - --------------------------------------------------
2026-03-15 05:26:41,519 - INFO - [LR]    [65/90] | Learning Rate: 0.000315
2026-03-15 05:34:07,231 - INFO - [Train] [65/90] | Loss: 0.3543 | Train Acc: 90.38%
2026-03-15 05:34:46,049 - INFO - [Valid] [65/90] | Loss: 0.3667 | Val Acc: 89.57%
2026-03-15 05:34:46,193 - INFO - [Metrics for 'Normal'] | Precision: 0.9025 | Recall: 0.8996 | F1: 0.9010
2026-03-15 05:34:46,193 - INFO - [Metrics for 'Defect'] | Precision: 0.8880 | Recall: 0.8913 | F1: 0.8896
2026-03-15 05:34:46,239 - INFO - --------------------------------------------------
2026-03-15 05:34:46,239 - INFO - [LR]    [66/90] | Learning Rate: 0.000300
2026-03-15 05:42:09,545 - INFO - [Train] [66/90] | Loss: 0.3541 | Train Acc: 90.36%
2026-03-15 05:42:48,321 - INFO - [Valid] [66/90] | Loss: 0.3668 | Val Acc: 89.59%
2026-03-15 05:42:48,486 - INFO - [Metrics for 'Normal'] | Precision: 0.9089 | Recall: 0.8923 | F1: 0.9005
2026-03-15 05:42:48,486 - INFO - [Metrics for 'Defect'] | Precision: 0.8819 | Recall: 0.8999 | F1: 0.8908
2026-03-15 05:42:48,532 - INFO - --------------------------------------------------
2026-03-15 05:42:48,532 - INFO - [LR]    [67/90] | Learning Rate: 0.000285
2026-03-15 05:50:13,183 - INFO - [Train] [67/90] | Loss: 0.3537 | Train Acc: 90.37%
2026-03-15 05:50:52,420 - INFO - [Valid] [67/90] | Loss: 0.3671 | Val Acc: 89.55%
2026-03-15 05:50:52,564 - INFO - [Metrics for 'Normal'] | Precision: 0.9131 | Recall: 0.8865 | F1: 0.8996
2026-03-15 05:50:52,564 - INFO - [Metrics for 'Defect'] | Precision: 0.8770 | Recall: 0.9056 | F1: 0.8910
2026-03-15 05:50:52,610 - INFO - --------------------------------------------------
2026-03-15 05:50:52,611 - INFO - [LR]    [68/90] | Learning Rate: 0.000271
2026-03-15 05:58:17,430 - INFO - [Train] [68/90] | Loss: 0.3532 | Train Acc: 90.42%
2026-03-15 05:58:56,579 - INFO - [Valid] [68/90] | Loss: 0.3659 | Val Acc: 89.65%
2026-03-15 05:58:56,723 - INFO - [Metrics for 'Normal'] | Precision: 0.9087 | Recall: 0.8938 | F1: 0.9012
2026-03-15 05:58:56,723 - INFO - [Metrics for 'Defect'] | Precision: 0.8832 | Recall: 0.8995 | F1: 0.8913
2026-03-15 05:58:56,777 - INFO - [Best Model Saved] (val loss: 0.3659) -> 'log/Sewer_ML_params/baseline_mobilenet_v4_s_fpgm_20260314_205013/best_model.pth'
2026-03-15 05:58:56,777 - INFO - --------------------------------------------------
2026-03-15 05:58:56,777 - INFO - [LR]    [69/90] | Learning Rate: 0.000258
2026-03-15 06:06:20,248 - INFO - [Train] [69/90] | Loss: 0.3528 | Train Acc: 90.45%
2026-03-15 06:06:59,307 - INFO - [Valid] [69/90] | Loss: 0.3668 | Val Acc: 89.61%
2026-03-15 06:06:59,453 - INFO - [Metrics for 'Normal'] | Precision: 0.9072 | Recall: 0.8949 | F1: 0.9010
2026-03-15 06:06:59,453 - INFO - [Metrics for 'Defect'] | Precision: 0.8841 | Recall: 0.8975 | F1: 0.8908
2026-03-15 06:06:59,500 - INFO - --------------------------------------------------
2026-03-15 06:06:59,500 - INFO - [LR]    [70/90] | Learning Rate: 0.000245
2026-03-15 06:14:22,944 - INFO - [Train] [70/90] | Loss: 0.3526 | Train Acc: 90.43%
2026-03-15 06:15:01,979 - INFO - [Valid] [70/90] | Loss: 0.3671 | Val Acc: 89.56%
2026-03-15 06:15:02,154 - INFO - [Metrics for 'Normal'] | Precision: 0.9106 | Recall: 0.8896 | F1: 0.9000
2026-03-15 06:15:02,154 - INFO - [Metrics for 'Defect'] | Precision: 0.8796 | Recall: 0.9023 | F1: 0.8908
2026-03-15 06:15:02,211 - INFO - --------------------------------------------------
2026-03-15 06:15:02,212 - INFO - [LR]    [71/90] | Learning Rate: 0.000232
2026-03-15 06:22:27,701 - INFO - [Train] [71/90] | Loss: 0.3522 | Train Acc: 90.50%
2026-03-15 06:23:06,052 - INFO - [Valid] [71/90] | Loss: 0.3675 | Val Acc: 89.61%
2026-03-15 06:23:06,200 - INFO - [Metrics for 'Normal'] | Precision: 0.9131 | Recall: 0.8878 | F1: 0.9003
2026-03-15 06:23:06,200 - INFO - [Metrics for 'Defect'] | Precision: 0.8782 | Recall: 0.9054 | F1: 0.8916
2026-03-15 06:23:06,247 - INFO - --------------------------------------------------
2026-03-15 06:23:06,247 - INFO - [LR]    [72/90] | Learning Rate: 0.000220
2026-03-15 06:30:31,672 - INFO - [Train] [72/90] | Loss: 0.3522 | Train Acc: 90.50%
2026-03-15 06:31:10,272 - INFO - [Valid] [72/90] | Loss: 0.3661 | Val Acc: 89.68%
2026-03-15 06:31:10,407 - INFO - [Metrics for 'Normal'] | Precision: 0.9057 | Recall: 0.8981 | F1: 0.9019
2026-03-15 06:31:10,407 - INFO - [Metrics for 'Defect'] | Precision: 0.8870 | Recall: 0.8953 | F1: 0.8911
2026-03-15 06:31:10,453 - INFO - --------------------------------------------------
2026-03-15 06:31:10,453 - INFO - [LR]    [73/90] | Learning Rate: 0.000208
2026-03-15 06:38:35,278 - INFO - [Train] [73/90] | Loss: 0.3517 | Train Acc: 90.55%
2026-03-15 06:39:14,309 - INFO - [Valid] [73/90] | Loss: 0.3668 | Val Acc: 89.65%
2026-03-15 06:39:14,456 - INFO - [Metrics for 'Normal'] | Precision: 0.9014 | Recall: 0.9027 | F1: 0.9020
2026-03-15 06:39:14,456 - INFO - [Metrics for 'Defect'] | Precision: 0.8909 | Recall: 0.8895 | F1: 0.8902
2026-03-15 06:39:14,501 - INFO - --------------------------------------------------
2026-03-15 06:39:14,502 - INFO - [LR]    [74/90] | Learning Rate: 0.000197
2026-03-15 06:46:40,018 - INFO - [Train] [74/90] | Loss: 0.3513 | Train Acc: 90.56%
2026-03-15 06:47:18,468 - INFO - [Valid] [74/90] | Loss: 0.3669 | Val Acc: 89.58%
2026-03-15 06:47:18,612 - INFO - [Metrics for 'Normal'] | Precision: 0.9114 | Recall: 0.8891 | F1: 0.9001
2026-03-15 06:47:18,612 - INFO - [Metrics for 'Defect'] | Precision: 0.8792 | Recall: 0.9032 | F1: 0.8910
2026-03-15 06:47:18,657 - INFO - --------------------------------------------------
2026-03-15 06:47:18,658 - INFO - [LR]    [75/90] | Learning Rate: 0.000186
2026-03-15 06:54:42,974 - INFO - [Train] [75/90] | Loss: 0.3511 | Train Acc: 90.59%
2026-03-15 06:55:21,577 - INFO - [Valid] [75/90] | Loss: 0.3667 | Val Acc: 89.64%
2026-03-15 06:55:21,746 - INFO - [Metrics for 'Normal'] | Precision: 0.9128 | Recall: 0.8889 | F1: 0.9007
2026-03-15 06:55:21,746 - INFO - [Metrics for 'Defect'] | Precision: 0.8792 | Recall: 0.9049 | F1: 0.8919
2026-03-15 06:55:21,804 - INFO - --------------------------------------------------
2026-03-15 06:55:21,805 - INFO - [LR]    [76/90] | Learning Rate: 0.000176
2026-03-15 07:02:47,689 - INFO - [Train] [76/90] | Loss: 0.3509 | Train Acc: 90.58%
2026-03-15 07:03:26,504 - INFO - [Valid] [76/90] | Loss: 0.3664 | Val Acc: 89.64%
2026-03-15 07:03:26,638 - INFO - [Metrics for 'Normal'] | Precision: 0.9057 | Recall: 0.8972 | F1: 0.9014
2026-03-15 07:03:26,638 - INFO - [Metrics for 'Defect'] | Precision: 0.8861 | Recall: 0.8954 | F1: 0.8907
2026-03-15 07:03:26,684 - INFO - --------------------------------------------------
2026-03-15 07:03:26,684 - INFO - [LR]    [77/90] | Learning Rate: 0.000166
2026-03-15 07:10:52,772 - INFO - [Train] [77/90] | Loss: 0.3506 | Train Acc: 90.61%
2026-03-15 07:11:31,779 - INFO - [Valid] [77/90] | Loss: 0.3662 | Val Acc: 89.66%
2026-03-15 07:11:31,924 - INFO - [Metrics for 'Normal'] | Precision: 0.9074 | Recall: 0.8956 | F1: 0.9015
2026-03-15 07:11:31,924 - INFO - [Metrics for 'Defect'] | Precision: 0.8848 | Recall: 0.8977 | F1: 0.8912
2026-03-15 07:11:31,970 - INFO - --------------------------------------------------
2026-03-15 07:11:31,971 - INFO - [LR]    [78/90] | Learning Rate: 0.000157
2026-03-15 07:18:56,793 - INFO - [Train] [78/90] | Loss: 0.3504 | Train Acc: 90.62%
2026-03-15 07:19:35,543 - INFO - [Valid] [78/90] | Loss: 0.3664 | Val Acc: 89.67%
2026-03-15 07:19:35,718 - INFO - [Metrics for 'Normal'] | Precision: 0.9104 | Recall: 0.8923 | F1: 0.9013
2026-03-15 07:19:35,718 - INFO - [Metrics for 'Defect'] | Precision: 0.8821 | Recall: 0.9018 | F1: 0.8918
2026-03-15 07:19:35,765 - INFO - --------------------------------------------------
2026-03-15 07:19:35,766 - INFO - [LR]    [79/90] | Learning Rate: 0.000149
2026-03-15 07:27:03,220 - INFO - [Train] [79/90] | Loss: 0.3499 | Train Acc: 90.64%
2026-03-15 07:27:42,979 - INFO - [Valid] [79/90] | Loss: 0.3669 | Val Acc: 89.61%
2026-03-15 07:27:43,160 - INFO - [Metrics for 'Normal'] | Precision: 0.9135 | Recall: 0.8872 | F1: 0.9002
2026-03-15 07:27:43,161 - INFO - [Metrics for 'Defect'] | Precision: 0.8777 | Recall: 0.9060 | F1: 0.8916
2026-03-15 07:27:43,219 - INFO - --------------------------------------------------
2026-03-15 07:27:43,220 - INFO - [LR]    [80/90] | Learning Rate: 0.000141
2026-03-15 07:35:08,335 - INFO - [Train] [80/90] | Loss: 0.3500 | Train Acc: 90.63%
2026-03-15 07:35:46,857 - INFO - [Valid] [80/90] | Loss: 0.3665 | Val Acc: 89.65%
2026-03-15 07:35:47,035 - INFO - [Metrics for 'Normal'] | Precision: 0.9091 | Recall: 0.8933 | F1: 0.9012
2026-03-15 07:35:47,035 - INFO - [Metrics for 'Defect'] | Precision: 0.8829 | Recall: 0.9001 | F1: 0.8914
2026-03-15 07:35:47,093 - INFO - --------------------------------------------------
2026-03-15 07:35:47,094 - INFO - [LR]    [81/90] | Learning Rate: 0.000134
2026-03-15 07:43:11,308 - INFO - [Train] [81/90] | Loss: 0.3498 | Train Acc: 90.67%
2026-03-15 07:43:50,122 - INFO - [Valid] [81/90] | Loss: 0.3671 | Val Acc: 89.59%
2026-03-15 07:43:50,301 - INFO - [Metrics for 'Normal'] | Precision: 0.9046 | Recall: 0.8975 | F1: 0.9010
2026-03-15 07:43:50,301 - INFO - [Metrics for 'Defect'] | Precision: 0.8863 | Recall: 0.8940 | F1: 0.8901
2026-03-15 07:43:50,360 - INFO - --------------------------------------------------
2026-03-15 07:43:50,361 - INFO - [LR]    [82/90] | Learning Rate: 0.000128
2026-03-15 07:51:14,006 - INFO - [Train] [82/90] | Loss: 0.3496 | Train Acc: 90.67%
2026-03-15 07:51:53,065 - INFO - [Valid] [82/90] | Loss: 0.3660 | Val Acc: 89.64%
2026-03-15 07:51:53,210 - INFO - [Metrics for 'Normal'] | Precision: 0.9078 | Recall: 0.8947 | F1: 0.9012
2026-03-15 07:51:53,210 - INFO - [Metrics for 'Defect'] | Precision: 0.8840 | Recall: 0.8983 | F1: 0.8911
2026-03-15 07:51:53,255 - INFO - --------------------------------------------------
2026-03-15 07:51:53,256 - INFO - [LR]    [83/90] | Learning Rate: 0.000122
2026-03-15 07:59:19,427 - INFO - [Train] [83/90] | Loss: 0.3492 | Train Acc: 90.70%
2026-03-15 07:59:58,601 - INFO - [Valid] [83/90] | Loss: 0.3666 | Val Acc: 89.62%
2026-03-15 07:59:58,737 - INFO - [Metrics for 'Normal'] | Precision: 0.9069 | Recall: 0.8954 | F1: 0.9011
2026-03-15 07:59:58,737 - INFO - [Metrics for 'Defect'] | Precision: 0.8846 | Recall: 0.8972 | F1: 0.8908
2026-03-15 07:59:58,786 - INFO - --------------------------------------------------
2026-03-15 07:59:58,787 - INFO - [LR]    [84/90] | Learning Rate: 0.000117
2026-03-15 08:07:24,513 - INFO - [Train] [84/90] | Loss: 0.3490 | Train Acc: 90.71%
2026-03-15 08:08:07,020 - INFO - [Valid] [84/90] | Loss: 0.3667 | Val Acc: 89.63%
2026-03-15 08:08:07,199 - INFO - [Metrics for 'Normal'] | Precision: 0.9096 | Recall: 0.8923 | F1: 0.9009
2026-03-15 08:08:07,199 - INFO - [Metrics for 'Defect'] | Precision: 0.8820 | Recall: 0.9007 | F1: 0.8913
2026-03-15 08:08:07,257 - INFO - --------------------------------------------------
2026-03-15 08:08:07,258 - INFO - [LR]    [85/90] | Learning Rate: 0.000112
2026-03-15 08:15:31,313 - INFO - [Train] [85/90] | Loss: 0.3491 | Train Acc: 90.73%
2026-03-15 08:16:09,820 - INFO - [Valid] [85/90] | Loss: 0.3670 | Val Acc: 89.66%
2026-03-15 08:16:09,970 - INFO - [Metrics for 'Normal'] | Precision: 0.9094 | Recall: 0.8931 | F1: 0.9012
2026-03-15 08:16:09,970 - INFO - [Metrics for 'Defect'] | Precision: 0.8827 | Recall: 0.9004 | F1: 0.8915
2026-03-15 08:16:10,027 - INFO - --------------------------------------------------
2026-03-15 08:16:10,027 - INFO - [LR]    [86/90] | Learning Rate: 0.000109
2026-03-15 08:23:36,030 - INFO - [Train] [86/90] | Loss: 0.3490 | Train Acc: 90.71%
2026-03-15 08:24:14,452 - INFO - [Valid] [86/90] | Loss: 0.3681 | Val Acc: 89.57%
2026-03-15 08:24:14,598 - INFO - [Metrics for 'Normal'] | Precision: 0.9104 | Recall: 0.8901 | F1: 0.9001
2026-03-15 08:24:14,598 - INFO - [Metrics for 'Defect'] | Precision: 0.8800 | Recall: 0.9019 | F1: 0.8908
2026-03-15 08:24:14,644 - INFO - --------------------------------------------------
2026-03-15 08:24:14,645 - INFO - [LR]    [87/90] | Learning Rate: 0.000106
2026-03-15 08:31:37,484 - INFO - [Train] [87/90] | Loss: 0.3488 | Train Acc: 90.73%
2026-03-15 08:32:16,405 - INFO - [Valid] [87/90] | Loss: 0.3668 | Val Acc: 89.67%
2026-03-15 08:32:16,585 - INFO - [Metrics for 'Normal'] | Precision: 0.9127 | Recall: 0.8894 | F1: 0.9009
2026-03-15 08:32:16,585 - INFO - [Metrics for 'Defect'] | Precision: 0.8797 | Recall: 0.9048 | F1: 0.8921
2026-03-15 08:32:16,643 - INFO - --------------------------------------------------
2026-03-15 08:32:16,644 - INFO - [LR]    [88/90] | Learning Rate: 0.000103
2026-03-15 08:39:40,810 - INFO - [Train] [88/90] | Loss: 0.3488 | Train Acc: 90.73%
2026-03-15 08:40:19,534 - INFO - [Valid] [88/90] | Loss: 0.3673 | Val Acc: 89.60%
2026-03-15 08:40:19,681 - INFO - [Metrics for 'Normal'] | Precision: 0.9067 | Recall: 0.8951 | F1: 0.9009
2026-03-15 08:40:19,681 - INFO - [Metrics for 'Defect'] | Precision: 0.8842 | Recall: 0.8970 | F1: 0.8905
2026-03-15 08:40:19,727 - INFO - --------------------------------------------------
2026-03-15 08:40:19,728 - INFO - [LR]    [89/90] | Learning Rate: 0.000101
2026-03-15 08:47:48,710 - INFO - [Train] [89/90] | Loss: 0.3489 | Train Acc: 90.74%
2026-03-15 08:48:27,684 - INFO - [Valid] [89/90] | Loss: 0.3673 | Val Acc: 89.61%
2026-03-15 08:48:27,857 - INFO - [Metrics for 'Normal'] | Precision: 0.9119 | Recall: 0.8891 | F1: 0.9004
2026-03-15 08:48:27,857 - INFO - [Metrics for 'Defect'] | Precision: 0.8792 | Recall: 0.9039 | F1: 0.8914
2026-03-15 08:48:27,918 - INFO - --------------------------------------------------
2026-03-15 08:48:27,918 - INFO - [LR]    [90/90] | Learning Rate: 0.000100
2026-03-15 08:55:52,804 - INFO - [Train] [90/90] | Loss: 0.3488 | Train Acc: 90.73%
2026-03-15 08:56:31,780 - INFO - [Valid] [90/90] | Loss: 0.3664 | Val Acc: 89.68%
2026-03-15 08:56:31,936 - INFO - [Metrics for 'Normal'] | Precision: 0.9080 | Recall: 0.8953 | F1: 0.9016
2026-03-15 08:56:31,936 - INFO - [Metrics for 'Defect'] | Precision: 0.8846 | Recall: 0.8984 | F1: 0.8915
2026-03-15 08:56:31,984 - INFO - ==================================================
2026-03-15 08:56:31,984 - INFO - 훈련 완료. 최고 성능 모델을 불러와 테스트 세트로 최종 평가합니다.
2026-03-15 08:56:31,984 - INFO - 최종 평가를 위해 새로운 모델 객체를 생성합니다.
2026-03-15 08:56:31,984 - INFO - Baseline 모델 'mobilenet_v4_s'을(를) 생성합니다 (사전 훈련 가중치: 미사용).
2026-03-15 08:56:32,008 - INFO - 최종 평가 모델에 Pruning 구조를 재적용합니다.
2026-03-15 08:56:32,087 - INFO - FPGM Pruning을 시작합니다.
2026-03-15 08:56:32,087 - INFO - 분류 레이어 'Linear'을(를) Pruning 대상에서 제외합니다.
2026-03-15 08:56:32,106 - INFO - 저장된 pruning_history를 사용해 Pruning 구조를 재현했습니다.
2026-03-15 08:56:32,106 - INFO - torch-pruning 완료. 모델 구조가 희소도(0.8363)에 맞춰 변경되었습니다.
2026-03-15 08:56:32,106 - INFO - ==================================================
2026-03-15 08:56:32,122 - INFO - 최고 성능 모델 가중치를 새로 생성된 모델 객체에 로드 완료: 'log/Sewer_ML_params/baseline_mobilenet_v4_s_fpgm_20260314_205013/best_model.pth'
2026-03-15 08:56:32,122 - INFO - ==================================================
2026-03-15 08:56:32,122 - INFO - Test 모드를 시작합니다.
2026-03-15 08:56:32,122 - INFO - FLOPs 및 MACs 측정을 시작합니다...
2026-03-15 08:56:32,141 - INFO - Model FLOPs: 0.0164 GFLOPs
2026-03-15 08:56:32,141 - INFO - Model MACs: 0.0082 GMACs
2026-03-15 08:56:32,263 - INFO - 테스트 데이터셋에 대한 추론을 시작합니다.
2026-03-15 08:57:11,016 - INFO - [Test] Loss: 0.2737 | Test Acc: 89.65%
2026-03-15 08:57:11,159 - INFO - [Metrics for 'Normal'] | Precision: 0.9087 | Recall: 0.8938 | F1: 0.9012
2026-03-15 08:57:11,159 - INFO - [Metrics for 'Defect'] | Precision: 0.8832 | Recall: 0.8995 | F1: 0.8913
2026-03-15 08:57:11,370 - INFO - ==================================================
2026-03-15 08:57:11,370 - INFO - 혼동 행렬 저장 완료. 'log/Sewer_ML_params/baseline_mobilenet_v4_s_fpgm_20260314_205013/confusion_matrix_20260314_205013.png' and 'log/Sewer_ML_params/baseline_mobilenet_v4_s_fpgm_20260314_205013/confusion_matrix_20260314_205013.pdf'
2026-03-15 08:57:11,464 - INFO - Val Acc 그래프 저장 완료: 'log/Sewer_ML_params/baseline_mobilenet_v4_s_fpgm_20260314_205013/graph_20260314_205013/val_acc.png' and 'log/Sewer_ML_params/baseline_mobilenet_v4_s_fpgm_20260314_205013/graph_20260314_205013/val_acc.pdf'
2026-03-15 08:57:11,568 - INFO - Train/Val Acc 그래프 저장 완료: 'log/Sewer_ML_params/baseline_mobilenet_v4_s_fpgm_20260314_205013/graph_20260314_205013/train_val_acc.png' and 'log/Sewer_ML_params/baseline_mobilenet_v4_s_fpgm_20260314_205013/graph_20260314_205013/train_val_acc.pdf'
2026-03-15 08:57:11,653 - INFO - F1 (Normal) 그래프 저장 완료: 'log/Sewer_ML_params/baseline_mobilenet_v4_s_fpgm_20260314_205013/graph_20260314_205013/F1_normal.png' and 'log/Sewer_ML_params/baseline_mobilenet_v4_s_fpgm_20260314_205013/graph_20260314_205013/F1_normal.pdf'
2026-03-15 08:57:11,750 - INFO - Validation Loss 그래프 저장 완료: 'log/Sewer_ML_params/baseline_mobilenet_v4_s_fpgm_20260314_205013/graph_20260314_205013/val_loss.png' and 'log/Sewer_ML_params/baseline_mobilenet_v4_s_fpgm_20260314_205013/graph_20260314_205013/val_loss.pdf'
2026-03-15 08:57:11,838 - INFO - Learning Rate 그래프 저장 완료: 'log/Sewer_ML_params/baseline_mobilenet_v4_s_fpgm_20260314_205013/graph_20260314_205013/learning_rate.png' and 'log/Sewer_ML_params/baseline_mobilenet_v4_s_fpgm_20260314_205013/graph_20260314_205013/learning_rate.pdf'
2026-03-15 08:57:16,109 - INFO - 종합 그래프 저장 완료: 'log/Sewer_ML_params/baseline_mobilenet_v4_s_fpgm_20260314_205013/graph_20260314_205013/compile.png' and 'log/Sewer_ML_params/baseline_mobilenet_v4_s_fpgm_20260314_205013/graph_20260314_205013/compile.pdf'
