2026-03-18 05:14:35,043 - INFO - 로그 파일이 'log/Sewer_ML_params/baseline_mobile_vit_xxs_l1_20260318_051435/log_20260318_051435.log'에 저장됩니다.
2026-03-18 05:14:35,045 - INFO - ==================================================
2026-03-18 05:14:35,045 - INFO - config.yaml:
2026-03-18 05:14:35,045 - INFO - 
run:
  global_seed: 42
  cuda: true
  mode: train
  pth_best_name: best_model.pth
  only_inference: false
  show_log: true
  dataset:
    name: Sewer_ML_params
    type: csv
    train_split_ratio: 0.8
    paths:
      train_img_dir: /home/tai/workspace/ssd1/data/Sewer/Sewer-ML/train
      valid_img_dir: /home/tai/workspace/ssd1/data/Sewer/Sewer-ML/valid
      test_img_dir: /home/tai/workspace/ssd1/data/Sewer/Sewer-ML/valid
      train_csv: /home/tai/workspace/ssd1/data/Sewer/Sewer-ML/SewerML_Train.csv
      valid_csv: /home/tai/workspace/ssd1/data/Sewer/Sewer-ML/SewerML_Val.csv
      test_csv: /home/tai/workspace/ssd1/data/Sewer/Sewer-ML/SewerML_Val.csv
      img_folder: /home/tai/workspace/ssd1/data/Sewer/Sewer-TAPNEW
  random_sampling_ratio:
    train: 1.0
    valid: 1.0
    test: 1.0
  num_workers: 16
model:
  img_size: 224
  num_patches_per_side: 7
  num_decoder_patches: 1
  num_decoder_layers: 6
  num_heads: 4
  cnn_feature_extractor:
    name: custom32
  encoder_dim: 32
  emb_dim: 32
  adaptive_initial_query: true
  decoder_ff_ratio: 2
  dropout: 0.1
  positional_encoding: true
  drop_path_ratio: 0.2
  visualize_attention: true
  num_plot_attention: 1500
training_main:
  epochs: 10
  batch_size: 256
  pre_trained: false
  optimizer: adamw
  lr: 0.001
  weight_decay: 0.0001
  loss_function: CrossEntropyLoss
  label_smoothing: 0.1
  scheduler: cosineannealinglr
  scheduler_params:
    T_max: 10
    eta_min: 0.0001
  best_model_criterion: val_loss
training_baseline:
  model_name: mobile_vit_xxs
  epochs: 10
  batch_size: 256
  pre_trained: false
  optimizer: adamw
  lr: 0.001
  weight_decay: 0.0001
  loss_function: CrossEntropyLoss
  label_smoothing: 0.1
  scheduler: cosineannealinglr
  scheduler_params:
    T_max: 10
    eta_min: 0.0001
  best_model_criterion: val_loss
finetuning_pruned:
  epochs: 80
  batch_size: 256
  optimizer: adamw
  lr: 0.001
  weight_decay: 0.0001
  loss_function: CrossEntropyLoss
  label_smoothing: 0.1
  scheduler: cosineannealinglr
  scheduler_params:
    T_max: 80
    eta_min: 0.0001
  best_model_criterion: val_loss
  use_l1_pruning: true
  pruning_sparsity: 0.8005
  exclude_attention_qkv_pruning: true
  exclude_embedding_bridge_pruning: true
  exclude_learnable_queries_pruning: true

2026-03-18 05:14:35,045 - INFO - ==================================================
2026-03-18 05:14:35,185 - INFO - CUDA 사용 가능. GPU 사용을 시작합니다. (Device: NVIDIA GeForce RTX 5090)
2026-03-18 05:14:35,185 - INFO - 'Sewer_ML_params' 데이터 로드를 시작합니다 (Type: csv).
2026-03-18 05:14:35,754 - INFO - 데이터셋 클래스: ['Normal', 'Defect'] (총 2개)
2026-03-18 05:14:35,754 - INFO - 훈련 데이터: 1040129개, 검증 데이터: 130046개, 테스트 데이터: 130046개
2026-03-18 05:14:35,754 - INFO - Baseline 모델 'mobile_vit_xxs'을(를) 생성합니다 (사전 훈련 가중치: 미사용).
2026-03-18 05:14:35,836 - INFO - timm 모델(mobile_vit_xxs)의 Attention.forward를 Pruning 호환성을 위해 Monkey-patching 합니다.
2026-03-18 05:14:35,841 - INFO - ==================================================
2026-03-18 05:14:35,841 - INFO - 모델 파라미터 수:
2026-03-18 05:14:35,841 - INFO -   - 총 파라미터: 951,666 개
2026-03-18 05:14:35,841 - INFO -   - 학습 가능한 파라미터: 951,666 개
2026-03-18 05:14:35,841 - INFO - ================================================================================
2026-03-18 05:14:35,841 - INFO - 단계 1/2: 사전 훈련(Pre-training)을 시작합니다.
2026-03-18 05:14:35,841 - INFO - ================================================================================
2026-03-18 05:14:35,841 - INFO - 옵티마이저: AdamW (lr=0.001, weight_decay=0.0001)
2026-03-18 05:14:35,841 - INFO - 스케줄러: CosineAnnealingLR (T_max=10, eta_min=0.0001)
2026-03-18 05:14:35,842 - INFO - ==================================================
2026-03-18 05:14:35,842 - INFO - train 모드를 시작합니다.
2026-03-18 05:14:35,842 - INFO - 손실 함수: CrossEntropyLoss (label_smoothing: 0.1)
2026-03-18 05:14:35,842 - INFO - Best metric을 초기값(inf)으로 설정합니다.
2026-03-18 05:14:35,842 - INFO - --------------------------------------------------
2026-03-18 05:14:35,842 - INFO - [LR]    [1/10] | Learning Rate: 0.001000
2026-03-18 05:22:49,342 - INFO - [Train] [1/10] | Loss: 0.4273 | Train Acc: 85.32%
2026-03-18 05:23:30,145 - INFO - [Valid] [1/10] | Loss: 0.4061 | Val Acc: 86.91%
2026-03-18 05:23:30,288 - INFO - [Metrics for 'Normal'] | Precision: 0.8839 | Recall: 0.8660 | F1: 0.8748
2026-03-18 05:23:30,288 - INFO - [Metrics for 'Defect'] | Precision: 0.8533 | Recall: 0.8726 | F1: 0.8629
2026-03-18 05:23:30,345 - INFO - [Best Model Saved] (val loss: 0.4061) -> 'log/Sewer_ML_params/baseline_mobile_vit_xxs_l1_20260318_051435/best_model.pth'
2026-03-18 05:23:30,345 - INFO - --------------------------------------------------
2026-03-18 05:23:30,346 - INFO - [LR]    [2/10] | Learning Rate: 0.000978
2026-03-18 05:31:42,322 - INFO - [Train] [2/10] | Loss: 0.3892 | Train Acc: 88.04%
2026-03-18 05:32:23,104 - INFO - [Valid] [2/10] | Loss: 0.3773 | Val Acc: 88.74%
2026-03-18 05:32:23,267 - INFO - [Metrics for 'Normal'] | Precision: 0.8883 | Recall: 0.9000 | F1: 0.8941
2026-03-18 05:32:23,267 - INFO - [Metrics for 'Defect'] | Precision: 0.8864 | Recall: 0.8734 | F1: 0.8798
2026-03-18 05:32:23,347 - INFO - [Best Model Saved] (val loss: 0.3773) -> 'log/Sewer_ML_params/baseline_mobile_vit_xxs_l1_20260318_051435/best_model.pth'
2026-03-18 05:32:23,347 - INFO - --------------------------------------------------
2026-03-18 05:32:23,348 - INFO - [LR]    [3/10] | Learning Rate: 0.000914
2026-03-18 05:40:36,101 - INFO - [Train] [3/10] | Loss: 0.3757 | Train Acc: 88.96%
2026-03-18 05:41:17,080 - INFO - [Valid] [3/10] | Loss: 0.3704 | Val Acc: 89.28%
2026-03-18 05:41:17,255 - INFO - [Metrics for 'Normal'] | Precision: 0.8875 | Recall: 0.9126 | F1: 0.8999
2026-03-18 05:41:17,256 - INFO - [Metrics for 'Defect'] | Precision: 0.8990 | Recall: 0.8706 | F1: 0.8846
2026-03-18 05:41:17,327 - INFO - [Best Model Saved] (val loss: 0.3704) -> 'log/Sewer_ML_params/baseline_mobile_vit_xxs_l1_20260318_051435/best_model.pth'
2026-03-18 05:41:17,327 - INFO - --------------------------------------------------
2026-03-18 05:41:17,328 - INFO - [LR]    [4/10] | Learning Rate: 0.000815
2026-03-18 05:49:29,883 - INFO - [Train] [4/10] | Loss: 0.3660 | Train Acc: 89.58%
2026-03-18 05:50:10,612 - INFO - [Valid] [4/10] | Loss: 0.3627 | Val Acc: 89.86%
2026-03-18 05:50:10,788 - INFO - [Metrics for 'Normal'] | Precision: 0.9006 | Recall: 0.9082 | F1: 0.9044
2026-03-18 05:50:10,789 - INFO - [Metrics for 'Defect'] | Precision: 0.8963 | Recall: 0.8879 | F1: 0.8920
2026-03-18 05:50:10,860 - INFO - [Best Model Saved] (val loss: 0.3627) -> 'log/Sewer_ML_params/baseline_mobile_vit_xxs_l1_20260318_051435/best_model.pth'
2026-03-18 05:50:10,860 - INFO - --------------------------------------------------
2026-03-18 05:50:10,861 - INFO - [LR]    [5/10] | Learning Rate: 0.000689
2026-03-18 05:58:23,468 - INFO - [Train] [5/10] | Loss: 0.3583 | Train Acc: 90.10%
2026-03-18 05:59:04,234 - INFO - [Valid] [5/10] | Loss: 0.3595 | Val Acc: 90.07%
2026-03-18 05:59:04,411 - INFO - [Metrics for 'Normal'] | Precision: 0.9186 | Recall: 0.8908 | F1: 0.9045
2026-03-18 05:59:04,412 - INFO - [Metrics for 'Defect'] | Precision: 0.8818 | Recall: 0.9117 | F1: 0.8965
2026-03-18 05:59:04,484 - INFO - [Best Model Saved] (val loss: 0.3595) -> 'log/Sewer_ML_params/baseline_mobile_vit_xxs_l1_20260318_051435/best_model.pth'
2026-03-18 05:59:04,484 - INFO - --------------------------------------------------
2026-03-18 05:59:04,485 - INFO - [LR]    [6/10] | Learning Rate: 0.000550
2026-03-18 06:07:17,207 - INFO - [Train] [6/10] | Loss: 0.3512 | Train Acc: 90.59%
2026-03-18 06:07:57,400 - INFO - [Valid] [6/10] | Loss: 0.3536 | Val Acc: 90.47%
2026-03-18 06:07:57,533 - INFO - [Metrics for 'Normal'] | Precision: 0.9172 | Recall: 0.9009 | F1: 0.9089
2026-03-18 06:07:57,533 - INFO - [Metrics for 'Defect'] | Precision: 0.8912 | Recall: 0.9090 | F1: 0.9000
2026-03-18 06:07:57,600 - INFO - [Best Model Saved] (val loss: 0.3536) -> 'log/Sewer_ML_params/baseline_mobile_vit_xxs_l1_20260318_051435/best_model.pth'
2026-03-18 06:07:57,600 - INFO - --------------------------------------------------
2026-03-18 06:07:57,601 - INFO - [LR]    [7/10] | Learning Rate: 0.000411
2026-03-18 06:16:10,226 - INFO - [Train] [7/10] | Loss: 0.3452 | Train Acc: 91.00%
2026-03-18 06:16:50,703 - INFO - [Valid] [7/10] | Loss: 0.3515 | Val Acc: 90.60%
2026-03-18 06:16:50,839 - INFO - [Metrics for 'Normal'] | Precision: 0.9208 | Recall: 0.8995 | F1: 0.9100
2026-03-18 06:16:50,839 - INFO - [Metrics for 'Defect'] | Precision: 0.8904 | Recall: 0.9134 | F1: 0.9017
2026-03-18 06:16:50,895 - INFO - [Best Model Saved] (val loss: 0.3515) -> 'log/Sewer_ML_params/baseline_mobile_vit_xxs_l1_20260318_051435/best_model.pth'
2026-03-18 06:16:50,896 - INFO - --------------------------------------------------
2026-03-18 06:16:50,896 - INFO - [LR]    [8/10] | Learning Rate: 0.000285
2026-03-18 06:25:03,513 - INFO - [Train] [8/10] | Loss: 0.3396 | Train Acc: 91.36%
2026-03-18 06:25:44,108 - INFO - [Valid] [8/10] | Loss: 0.3487 | Val Acc: 90.67%
2026-03-18 06:25:44,254 - INFO - [Metrics for 'Normal'] | Precision: 0.9158 | Recall: 0.9068 | F1: 0.9113
2026-03-18 06:25:44,254 - INFO - [Metrics for 'Defect'] | Precision: 0.8969 | Recall: 0.9066 | F1: 0.9017
2026-03-18 06:25:44,311 - INFO - [Best Model Saved] (val loss: 0.3487) -> 'log/Sewer_ML_params/baseline_mobile_vit_xxs_l1_20260318_051435/best_model.pth'
2026-03-18 06:25:44,311 - INFO - --------------------------------------------------
2026-03-18 06:25:44,311 - INFO - [LR]    [9/10] | Learning Rate: 0.000186
2026-03-18 06:33:56,900 - INFO - [Train] [9/10] | Loss: 0.3347 | Train Acc: 91.70%
2026-03-18 06:34:37,376 - INFO - [Valid] [9/10] | Loss: 0.3474 | Val Acc: 90.88%
2026-03-18 06:34:37,521 - INFO - [Metrics for 'Normal'] | Precision: 0.9186 | Recall: 0.9078 | F1: 0.9132
2026-03-18 06:34:37,521 - INFO - [Metrics for 'Defect'] | Precision: 0.8982 | Recall: 0.9100 | F1: 0.9040
2026-03-18 06:34:37,578 - INFO - [Best Model Saved] (val loss: 0.3474) -> 'log/Sewer_ML_params/baseline_mobile_vit_xxs_l1_20260318_051435/best_model.pth'
2026-03-18 06:34:37,578 - INFO - --------------------------------------------------
2026-03-18 06:34:37,579 - INFO - [LR]    [10/10] | Learning Rate: 0.000122
2026-03-18 06:42:49,997 - INFO - [Train] [10/10] | Loss: 0.3312 | Train Acc: 91.92%
2026-03-18 06:43:30,010 - INFO - [Valid] [10/10] | Loss: 0.3475 | Val Acc: 90.87%
2026-03-18 06:43:30,182 - INFO - [Metrics for 'Normal'] | Precision: 0.9232 | Recall: 0.9022 | F1: 0.9125
2026-03-18 06:43:30,183 - INFO - [Metrics for 'Defect'] | Precision: 0.8932 | Recall: 0.9159 | F1: 0.9044
2026-03-18 06:43:30,242 - INFO - ================================================================================
2026-03-18 06:43:30,242 - INFO - 단계 2/2: Pruning 및 미세 조정(Fine-tuning)을 시작합니다.
2026-03-18 06:43:30,242 - INFO - ================================================================================
2026-03-18 06:43:30,271 - INFO - 사전 훈련된 모델 'log/Sewer_ML_params/baseline_mobile_vit_xxs_l1_20260318_051435/best_model.pth'을(를) 불러왔습니다.
2026-03-18 06:43:30,306 - INFO - Pruning 전 원본 모델의 FLOPs를 측정합니다.
2026-03-18 06:43:30,346 - INFO - torch-pruning을 사용한 L1 Norm Pruning을 시작합니다.
2026-03-18 06:43:30,346 - INFO - 분류 레이어 'ClassifierHead'을(를) Pruning 대상에서 제외합니다.
2026-03-18 06:43:30,347 - INFO - ViT 계열 모델의 모든 qkv 레이어를 Pruning 대상에서 제외합니다.
2026-03-18 06:43:30,737 - INFO - torch-pruning 완료. 모델 구조가 희소도(0.8005)에 맞춰 변경되었습니다.
2026-03-18 06:43:30,737 - INFO - ==================================================
2026-03-18 06:43:30,738 - INFO - ==================================================
2026-03-18 06:43:30,738 - INFO - 모델 파라미터 수:
2026-03-18 06:43:30,738 - INFO -   - 총 파라미터: 77,310 개
2026-03-18 06:43:30,738 - INFO -   - 학습 가능한 파라미터: 77,310 개
2026-03-18 06:43:30,775 - INFO - Pruning 후 모델의 FLOPs를 측정합니다.
2026-03-18 06:43:30,815 - INFO - FLOPs가 0.5384 GFLOPs에서 0.0435 GFLOPs로 감소했습니다 (감소율: 91.92%).
2026-03-18 06:43:30,837 - INFO - Pruning 정보(희소도: 0.8005)를 'log/Sewer_ML_params/baseline_mobile_vit_xxs_l1_20260318_051435/pruning_info.yaml'에 저장했습니다.
2026-03-18 06:43:30,838 - INFO - 미세 조정을 위한 새로운 옵티마이저와 스케줄러를 생성합니다.
2026-03-18 06:43:30,838 - INFO - 옵티마이저: AdamW (lr=0.001, weight_decay=0.0001)
2026-03-18 06:43:30,838 - INFO - 스케줄러: CosineAnnealingLR (T_max=80, eta_min=0.0001)
2026-03-18 06:43:30,838 - INFO - ==================================================
2026-03-18 06:43:30,838 - INFO - train 모드를 시작합니다.
2026-03-18 06:43:30,838 - INFO - 손실 함수: CrossEntropyLoss (label_smoothing: 0.1)
2026-03-18 06:43:30,838 - INFO - Best metric을 초기값(inf)으로 설정합니다.
2026-03-18 06:43:30,838 - INFO - --------------------------------------------------
2026-03-18 06:43:30,839 - INFO - [LR]    [11/90] | Learning Rate: 0.001000
2026-03-18 06:51:05,607 - INFO - [Train] [11/90] | Loss: 0.4527 | Train Acc: 83.40%
2026-03-18 06:51:45,238 - INFO - [Valid] [11/90] | Loss: 0.4228 | Val Acc: 85.68%
2026-03-18 06:51:45,381 - INFO - [Metrics for 'Normal'] | Precision: 0.8586 | Recall: 0.8726 | F1: 0.8655
2026-03-18 06:51:45,381 - INFO - [Metrics for 'Defect'] | Precision: 0.8548 | Recall: 0.8391 | F1: 0.8469
2026-03-18 06:51:45,433 - INFO - [Best Model Saved] (val loss: 0.4228) -> 'log/Sewer_ML_params/baseline_mobile_vit_xxs_l1_20260318_051435/best_model.pth'
2026-03-18 06:51:45,433 - INFO - --------------------------------------------------
2026-03-18 06:51:45,434 - INFO - [LR]    [12/90] | Learning Rate: 0.001000
2026-03-18 06:59:17,576 - INFO - [Train] [12/90] | Loss: 0.4225 | Train Acc: 85.68%
2026-03-18 06:59:57,120 - INFO - [Valid] [12/90] | Loss: 0.4180 | Val Acc: 86.07%
2026-03-18 06:59:57,297 - INFO - [Metrics for 'Normal'] | Precision: 0.8495 | Recall: 0.8947 | F1: 0.8715
2026-03-18 06:59:57,297 - INFO - [Metrics for 'Defect'] | Precision: 0.8747 | Recall: 0.8226 | F1: 0.8479
2026-03-18 06:59:57,366 - INFO - [Best Model Saved] (val loss: 0.4180) -> 'log/Sewer_ML_params/baseline_mobile_vit_xxs_l1_20260318_051435/best_model.pth'
2026-03-18 06:59:57,366 - INFO - --------------------------------------------------
2026-03-18 06:59:57,367 - INFO - [LR]    [13/90] | Learning Rate: 0.000999
2026-03-18 07:07:29,890 - INFO - [Train] [13/90] | Loss: 0.4133 | Train Acc: 86.34%
2026-03-18 07:08:09,436 - INFO - [Valid] [13/90] | Loss: 0.4050 | Val Acc: 87.01%
2026-03-18 07:08:09,612 - INFO - [Metrics for 'Normal'] | Precision: 0.8720 | Recall: 0.8838 | F1: 0.8778
2026-03-18 07:08:09,612 - INFO - [Metrics for 'Defect'] | Precision: 0.8679 | Recall: 0.8548 | F1: 0.8613
2026-03-18 07:08:09,679 - INFO - [Best Model Saved] (val loss: 0.4050) -> 'log/Sewer_ML_params/baseline_mobile_vit_xxs_l1_20260318_051435/best_model.pth'
2026-03-18 07:08:09,679 - INFO - --------------------------------------------------
2026-03-18 07:08:09,680 - INFO - [LR]    [14/90] | Learning Rate: 0.000997
2026-03-18 07:15:41,461 - INFO - [Train] [14/90] | Loss: 0.4079 | Train Acc: 86.70%
2026-03-18 07:16:20,698 - INFO - [Valid] [14/90] | Loss: 0.4026 | Val Acc: 87.02%
2026-03-18 07:16:20,873 - INFO - [Metrics for 'Normal'] | Precision: 0.9003 | Recall: 0.8482 | F1: 0.8735
2026-03-18 07:16:20,873 - INFO - [Metrics for 'Defect'] | Precision: 0.8404 | Recall: 0.8949 | F1: 0.8668
2026-03-18 07:16:20,940 - INFO - [Best Model Saved] (val loss: 0.4026) -> 'log/Sewer_ML_params/baseline_mobile_vit_xxs_l1_20260318_051435/best_model.pth'
2026-03-18 07:16:20,940 - INFO - --------------------------------------------------
2026-03-18 07:16:20,941 - INFO - [LR]    [15/90] | Learning Rate: 0.000994
2026-03-18 07:23:52,332 - INFO - [Train] [15/90] | Loss: 0.4039 | Train Acc: 86.99%
2026-03-18 07:24:31,773 - INFO - [Valid] [15/90] | Loss: 0.4007 | Val Acc: 87.25%
2026-03-18 07:24:31,907 - INFO - [Metrics for 'Normal'] | Precision: 0.8977 | Recall: 0.8562 | F1: 0.8764
2026-03-18 07:24:31,907 - INFO - [Metrics for 'Defect'] | Precision: 0.8470 | Recall: 0.8907 | F1: 0.8683
2026-03-18 07:24:31,960 - INFO - [Best Model Saved] (val loss: 0.4007) -> 'log/Sewer_ML_params/baseline_mobile_vit_xxs_l1_20260318_051435/best_model.pth'
2026-03-18 07:24:31,960 - INFO - --------------------------------------------------
2026-03-18 07:24:31,960 - INFO - [LR]    [16/90] | Learning Rate: 0.000991
2026-03-18 07:32:03,014 - INFO - [Train] [16/90] | Loss: 0.4004 | Train Acc: 87.24%
2026-03-18 07:32:42,491 - INFO - [Valid] [16/90] | Loss: 0.3980 | Val Acc: 87.44%
2026-03-18 07:32:42,637 - INFO - [Metrics for 'Normal'] | Precision: 0.8752 | Recall: 0.8890 | F1: 0.8820
2026-03-18 07:32:42,637 - INFO - [Metrics for 'Defect'] | Precision: 0.8735 | Recall: 0.8581 | F1: 0.8657
2026-03-18 07:32:42,691 - INFO - [Best Model Saved] (val loss: 0.3980) -> 'log/Sewer_ML_params/baseline_mobile_vit_xxs_l1_20260318_051435/best_model.pth'
2026-03-18 07:32:42,691 - INFO - --------------------------------------------------
2026-03-18 07:32:42,692 - INFO - [LR]    [17/90] | Learning Rate: 0.000988
2026-03-18 07:40:14,751 - INFO - [Train] [17/90] | Loss: 0.3979 | Train Acc: 87.41%
2026-03-18 07:40:54,093 - INFO - [Valid] [17/90] | Loss: 0.3928 | Val Acc: 87.77%
2026-03-18 07:40:54,226 - INFO - [Metrics for 'Normal'] | Precision: 0.8904 | Recall: 0.8762 | F1: 0.8833
2026-03-18 07:40:54,226 - INFO - [Metrics for 'Defect'] | Precision: 0.8639 | Recall: 0.8793 | F1: 0.8715
2026-03-18 07:40:54,280 - INFO - [Best Model Saved] (val loss: 0.3928) -> 'log/Sewer_ML_params/baseline_mobile_vit_xxs_l1_20260318_051435/best_model.pth'
2026-03-18 07:40:54,281 - INFO - --------------------------------------------------
2026-03-18 07:40:54,281 - INFO - [LR]    [18/90] | Learning Rate: 0.000983
2026-03-18 07:48:27,212 - INFO - [Train] [18/90] | Loss: 0.3957 | Train Acc: 87.57%
2026-03-18 07:49:06,573 - INFO - [Valid] [18/90] | Loss: 0.3923 | Val Acc: 87.80%
2026-03-18 07:49:06,716 - INFO - [Metrics for 'Normal'] | Precision: 0.8685 | Recall: 0.9062 | F1: 0.8869
2026-03-18 07:49:06,716 - INFO - [Metrics for 'Defect'] | Precision: 0.8897 | Recall: 0.8464 | F1: 0.8675
2026-03-18 07:49:06,770 - INFO - [Best Model Saved] (val loss: 0.3923) -> 'log/Sewer_ML_params/baseline_mobile_vit_xxs_l1_20260318_051435/best_model.pth'
2026-03-18 07:49:06,770 - INFO - --------------------------------------------------
2026-03-18 07:49:06,770 - INFO - [LR]    [19/90] | Learning Rate: 0.000978
2026-03-18 07:56:38,931 - INFO - [Train] [19/90] | Loss: 0.3938 | Train Acc: 87.71%
2026-03-18 07:57:17,945 - INFO - [Valid] [19/90] | Loss: 0.3913 | Val Acc: 87.86%
2026-03-18 07:57:18,122 - INFO - [Metrics for 'Normal'] | Precision: 0.8755 | Recall: 0.8977 | F1: 0.8865
2026-03-18 07:57:18,122 - INFO - [Metrics for 'Defect'] | Precision: 0.8822 | Recall: 0.8571 | F1: 0.8695
2026-03-18 07:57:18,191 - INFO - [Best Model Saved] (val loss: 0.3913) -> 'log/Sewer_ML_params/baseline_mobile_vit_xxs_l1_20260318_051435/best_model.pth'
2026-03-18 07:57:18,191 - INFO - --------------------------------------------------
2026-03-18 07:57:18,192 - INFO - [LR]    [20/90] | Learning Rate: 0.000972
2026-03-18 08:04:49,632 - INFO - [Train] [20/90] | Loss: 0.3921 | Train Acc: 87.81%
2026-03-18 08:05:29,172 - INFO - [Valid] [20/90] | Loss: 0.3882 | Val Acc: 88.02%
2026-03-18 08:05:29,315 - INFO - [Metrics for 'Normal'] | Precision: 0.8977 | Recall: 0.8726 | F1: 0.8849
2026-03-18 08:05:29,315 - INFO - [Metrics for 'Defect'] | Precision: 0.8617 | Recall: 0.8886 | F1: 0.8750
2026-03-18 08:05:29,369 - INFO - [Best Model Saved] (val loss: 0.3882) -> 'log/Sewer_ML_params/baseline_mobile_vit_xxs_l1_20260318_051435/best_model.pth'
2026-03-18 08:05:29,369 - INFO - --------------------------------------------------
2026-03-18 08:05:29,369 - INFO - [LR]    [21/90] | Learning Rate: 0.000966
2026-03-18 08:13:00,914 - INFO - [Train] [21/90] | Loss: 0.3906 | Train Acc: 87.90%
2026-03-18 08:13:40,240 - INFO - [Valid] [21/90] | Loss: 0.3882 | Val Acc: 88.08%
2026-03-18 08:13:40,384 - INFO - [Metrics for 'Normal'] | Precision: 0.8795 | Recall: 0.8974 | F1: 0.8883
2026-03-18 08:13:40,384 - INFO - [Metrics for 'Defect'] | Precision: 0.8824 | Recall: 0.8623 | F1: 0.8723
2026-03-18 08:13:40,429 - INFO - --------------------------------------------------
2026-03-18 08:13:40,430 - INFO - [LR]    [22/90] | Learning Rate: 0.000959
2026-03-18 08:21:11,786 - INFO - [Train] [22/90] | Loss: 0.3891 | Train Acc: 88.03%
2026-03-18 08:21:51,120 - INFO - [Valid] [22/90] | Loss: 0.3863 | Val Acc: 88.22%
2026-03-18 08:21:51,264 - INFO - [Metrics for 'Normal'] | Precision: 0.9085 | Recall: 0.8639 | F1: 0.8856
2026-03-18 08:21:51,264 - INFO - [Metrics for 'Defect'] | Precision: 0.8556 | Recall: 0.9027 | F1: 0.8785
2026-03-18 08:21:51,318 - INFO - [Best Model Saved] (val loss: 0.3863) -> 'log/Sewer_ML_params/baseline_mobile_vit_xxs_l1_20260318_051435/best_model.pth'
2026-03-18 08:21:51,318 - INFO - --------------------------------------------------
2026-03-18 08:21:51,318 - INFO - [LR]    [23/90] | Learning Rate: 0.000951
2026-03-18 08:29:21,160 - INFO - [Train] [23/90] | Loss: 0.3878 | Train Acc: 88.10%
2026-03-18 08:30:00,428 - INFO - [Valid] [23/90] | Loss: 0.3832 | Val Acc: 88.39%
2026-03-18 08:30:00,572 - INFO - [Metrics for 'Normal'] | Precision: 0.8955 | Recall: 0.8833 | F1: 0.8894
2026-03-18 08:30:00,572 - INFO - [Metrics for 'Defect'] | Precision: 0.8713 | Recall: 0.8846 | F1: 0.8779
2026-03-18 08:30:00,626 - INFO - [Best Model Saved] (val loss: 0.3832) -> 'log/Sewer_ML_params/baseline_mobile_vit_xxs_l1_20260318_051435/best_model.pth'
2026-03-18 08:30:00,627 - INFO - --------------------------------------------------
2026-03-18 08:30:00,627 - INFO - [LR]    [24/90] | Learning Rate: 0.000943
2026-03-18 08:37:31,319 - INFO - [Train] [24/90] | Loss: 0.3864 | Train Acc: 88.20%
2026-03-18 08:38:10,474 - INFO - [Valid] [24/90] | Loss: 0.3843 | Val Acc: 88.40%
2026-03-18 08:38:10,618 - INFO - [Metrics for 'Normal'] | Precision: 0.8877 | Recall: 0.8934 | F1: 0.8906
2026-03-18 08:38:10,618 - INFO - [Metrics for 'Defect'] | Precision: 0.8798 | Recall: 0.8736 | F1: 0.8767
2026-03-18 08:38:10,664 - INFO - --------------------------------------------------
2026-03-18 08:38:10,665 - INFO - [LR]    [25/90] | Learning Rate: 0.000934
2026-03-18 08:45:42,709 - INFO - [Train] [25/90] | Loss: 0.3854 | Train Acc: 88.27%
2026-03-18 08:46:22,231 - INFO - [Valid] [25/90] | Loss: 0.3828 | Val Acc: 88.46%
2026-03-18 08:46:22,366 - INFO - [Metrics for 'Normal'] | Precision: 0.8874 | Recall: 0.8950 | F1: 0.8912
2026-03-18 08:46:22,366 - INFO - [Metrics for 'Defect'] | Precision: 0.8813 | Recall: 0.8729 | F1: 0.8771
2026-03-18 08:46:22,421 - INFO - [Best Model Saved] (val loss: 0.3828) -> 'log/Sewer_ML_params/baseline_mobile_vit_xxs_l1_20260318_051435/best_model.pth'
2026-03-18 08:46:22,421 - INFO - --------------------------------------------------
2026-03-18 08:46:22,421 - INFO - [LR]    [26/90] | Learning Rate: 0.000924
2026-03-18 08:53:54,641 - INFO - [Train] [26/90] | Loss: 0.3842 | Train Acc: 88.35%
2026-03-18 08:54:33,390 - INFO - [Valid] [26/90] | Loss: 0.3873 | Val Acc: 87.99%
2026-03-18 08:54:33,534 - INFO - [Metrics for 'Normal'] | Precision: 0.8783 | Recall: 0.8969 | F1: 0.8875
2026-03-18 08:54:33,534 - INFO - [Metrics for 'Defect'] | Precision: 0.8818 | Recall: 0.8609 | F1: 0.8712
2026-03-18 08:54:33,580 - INFO - --------------------------------------------------
2026-03-18 08:54:33,580 - INFO - [LR]    [27/90] | Learning Rate: 0.000914
2026-03-18 09:02:05,378 - INFO - [Train] [27/90] | Loss: 0.3834 | Train Acc: 88.42%
2026-03-18 09:02:44,760 - INFO - [Valid] [27/90] | Loss: 0.3810 | Val Acc: 88.57%
2026-03-18 09:02:44,905 - INFO - [Metrics for 'Normal'] | Precision: 0.8994 | Recall: 0.8821 | F1: 0.8907
2026-03-18 09:02:44,905 - INFO - [Metrics for 'Defect'] | Precision: 0.8709 | Recall: 0.8896 | F1: 0.8801
2026-03-18 09:02:44,960 - INFO - [Best Model Saved] (val loss: 0.3810) -> 'log/Sewer_ML_params/baseline_mobile_vit_xxs_l1_20260318_051435/best_model.pth'
2026-03-18 09:02:44,960 - INFO - --------------------------------------------------
2026-03-18 09:02:44,961 - INFO - [LR]    [28/90] | Learning Rate: 0.000903
2026-03-18 09:10:15,730 - INFO - [Train] [28/90] | Loss: 0.3822 | Train Acc: 88.51%
2026-03-18 09:10:55,016 - INFO - [Valid] [28/90] | Loss: 0.3829 | Val Acc: 88.37%
2026-03-18 09:10:55,195 - INFO - [Metrics for 'Normal'] | Precision: 0.9159 | Recall: 0.8586 | F1: 0.8863
2026-03-18 09:10:55,195 - INFO - [Metrics for 'Defect'] | Precision: 0.8521 | Recall: 0.9118 | F1: 0.8809
2026-03-18 09:10:55,253 - INFO - --------------------------------------------------
2026-03-18 09:10:55,254 - INFO - [LR]    [29/90] | Learning Rate: 0.000892
2026-03-18 09:18:26,182 - INFO - [Train] [29/90] | Loss: 0.3814 | Train Acc: 88.56%
2026-03-18 09:19:05,652 - INFO - [Valid] [29/90] | Loss: 0.3788 | Val Acc: 88.67%
2026-03-18 09:19:05,786 - INFO - [Metrics for 'Normal'] | Precision: 0.9015 | Recall: 0.8819 | F1: 0.8916
2026-03-18 09:19:05,786 - INFO - [Metrics for 'Defect'] | Precision: 0.8709 | Recall: 0.8922 | F1: 0.8814
2026-03-18 09:19:05,841 - INFO - [Best Model Saved] (val loss: 0.3788) -> 'log/Sewer_ML_params/baseline_mobile_vit_xxs_l1_20260318_051435/best_model.pth'
2026-03-18 09:19:05,841 - INFO - --------------------------------------------------
2026-03-18 09:19:05,842 - INFO - [LR]    [30/90] | Learning Rate: 0.000880
2026-03-18 09:26:36,938 - INFO - [Train] [30/90] | Loss: 0.3807 | Train Acc: 88.59%
2026-03-18 09:27:15,909 - INFO - [Valid] [30/90] | Loss: 0.3800 | Val Acc: 88.71%
2026-03-18 09:27:16,088 - INFO - [Metrics for 'Normal'] | Precision: 0.9063 | Recall: 0.8769 | F1: 0.8914
2026-03-18 09:27:16,088 - INFO - [Metrics for 'Defect'] | Precision: 0.8671 | Recall: 0.8986 | F1: 0.8825
2026-03-18 09:27:16,145 - INFO - --------------------------------------------------
2026-03-18 09:27:16,146 - INFO - [LR]    [31/90] | Learning Rate: 0.000868
2026-03-18 09:34:47,857 - INFO - [Train] [31/90] | Loss: 0.3801 | Train Acc: 88.62%
2026-03-18 09:35:27,489 - INFO - [Valid] [31/90] | Loss: 0.3795 | Val Acc: 88.69%
2026-03-18 09:35:27,634 - INFO - [Metrics for 'Normal'] | Precision: 0.8901 | Recall: 0.8966 | F1: 0.8933
2026-03-18 09:35:27,634 - INFO - [Metrics for 'Defect'] | Precision: 0.8833 | Recall: 0.8761 | F1: 0.8797
2026-03-18 09:35:27,679 - INFO - --------------------------------------------------
2026-03-18 09:35:27,680 - INFO - [LR]    [32/90] | Learning Rate: 0.000855
2026-03-18 09:42:58,946 - INFO - [Train] [32/90] | Loss: 0.3789 | Train Acc: 88.70%
2026-03-18 09:43:38,577 - INFO - [Valid] [32/90] | Loss: 0.3792 | Val Acc: 88.73%
2026-03-18 09:43:38,710 - INFO - [Metrics for 'Normal'] | Precision: 0.8809 | Recall: 0.9096 | F1: 0.8950
2026-03-18 09:43:38,710 - INFO - [Metrics for 'Defect'] | Precision: 0.8950 | Recall: 0.8624 | F1: 0.8784
2026-03-18 09:43:38,755 - INFO - --------------------------------------------------
2026-03-18 09:43:38,756 - INFO - [LR]    [33/90] | Learning Rate: 0.000842
2026-03-18 09:51:10,638 - INFO - [Train] [33/90] | Loss: 0.3781 | Train Acc: 88.76%
2026-03-18 09:51:50,157 - INFO - [Valid] [33/90] | Loss: 0.3778 | Val Acc: 88.85%
2026-03-18 09:51:50,326 - INFO - [Metrics for 'Normal'] | Precision: 0.9095 | Recall: 0.8760 | F1: 0.8924
2026-03-18 09:51:50,327 - INFO - [Metrics for 'Defect'] | Precision: 0.8667 | Recall: 0.9024 | F1: 0.8842
2026-03-18 09:51:50,396 - INFO - [Best Model Saved] (val loss: 0.3778) -> 'log/Sewer_ML_params/baseline_mobile_vit_xxs_l1_20260318_051435/best_model.pth'
2026-03-18 09:51:50,396 - INFO - --------------------------------------------------
2026-03-18 09:51:50,397 - INFO - [LR]    [34/90] | Learning Rate: 0.000829
2026-03-18 09:59:21,982 - INFO - [Train] [34/90] | Loss: 0.3778 | Train Acc: 88.79%
2026-03-18 10:00:01,744 - INFO - [Valid] [34/90] | Loss: 0.3808 | Val Acc: 88.53%
2026-03-18 10:00:01,878 - INFO - [Metrics for 'Normal'] | Precision: 0.9206 | Recall: 0.8566 | F1: 0.8875
2026-03-18 10:00:01,878 - INFO - [Metrics for 'Defect'] | Precision: 0.8511 | Recall: 0.9173 | F1: 0.8830
2026-03-18 10:00:01,924 - INFO - --------------------------------------------------
2026-03-18 10:00:01,925 - INFO - [LR]    [35/90] | Learning Rate: 0.000815
2026-03-18 10:07:32,083 - INFO - [Train] [35/90] | Loss: 0.3770 | Train Acc: 88.83%
2026-03-18 10:08:10,919 - INFO - [Valid] [35/90] | Loss: 0.3748 | Val Acc: 88.95%
2026-03-18 10:08:11,085 - INFO - [Metrics for 'Normal'] | Precision: 0.9097 | Recall: 0.8779 | F1: 0.8935
2026-03-18 10:08:11,086 - INFO - [Metrics for 'Defect'] | Precision: 0.8685 | Recall: 0.9025 | F1: 0.8851
2026-03-18 10:08:11,141 - INFO - [Best Model Saved] (val loss: 0.3748) -> 'log/Sewer_ML_params/baseline_mobile_vit_xxs_l1_20260318_051435/best_model.pth'
2026-03-18 10:08:11,141 - INFO - --------------------------------------------------
2026-03-18 10:08:11,142 - INFO - [LR]    [36/90] | Learning Rate: 0.000800
2026-03-18 10:15:41,738 - INFO - [Train] [36/90] | Loss: 0.3763 | Train Acc: 88.89%
2026-03-18 10:16:21,095 - INFO - [Valid] [36/90] | Loss: 0.3799 | Val Acc: 88.59%
2026-03-18 10:16:21,264 - INFO - [Metrics for 'Normal'] | Precision: 0.9198 | Recall: 0.8589 | F1: 0.8883
2026-03-18 10:16:21,264 - INFO - [Metrics for 'Defect'] | Precision: 0.8529 | Recall: 0.9162 | F1: 0.8834
2026-03-18 10:16:21,311 - INFO - --------------------------------------------------
2026-03-18 10:16:21,312 - INFO - [LR]    [37/90] | Learning Rate: 0.000785
2026-03-18 10:23:51,866 - INFO - [Train] [37/90] | Loss: 0.3756 | Train Acc: 88.92%
2026-03-18 10:24:30,706 - INFO - [Valid] [37/90] | Loss: 0.3858 | Val Acc: 88.24%
2026-03-18 10:24:30,886 - INFO - [Metrics for 'Normal'] | Precision: 0.8620 | Recall: 0.9255 | F1: 0.8926
2026-03-18 10:24:30,886 - INFO - [Metrics for 'Defect'] | Precision: 0.9091 | Recall: 0.8342 | F1: 0.8700
2026-03-18 10:24:30,944 - INFO - --------------------------------------------------
2026-03-18 10:24:30,945 - INFO - [LR]    [38/90] | Learning Rate: 0.000770
2026-03-18 10:32:01,708 - INFO - [Train] [38/90] | Loss: 0.3751 | Train Acc: 88.98%
2026-03-18 10:32:40,764 - INFO - [Valid] [38/90] | Loss: 0.3774 | Val Acc: 88.79%
2026-03-18 10:32:40,909 - INFO - [Metrics for 'Normal'] | Precision: 0.9194 | Recall: 0.8634 | F1: 0.8905
2026-03-18 10:32:40,909 - INFO - [Metrics for 'Defect'] | Precision: 0.8568 | Recall: 0.9153 | F1: 0.8851
2026-03-18 10:32:40,956 - INFO - --------------------------------------------------
2026-03-18 10:32:40,957 - INFO - [LR]    [39/90] | Learning Rate: 0.000754
2026-03-18 10:40:12,341 - INFO - [Train] [39/90] | Loss: 0.3744 | Train Acc: 89.03%
2026-03-18 10:40:51,058 - INFO - [Valid] [39/90] | Loss: 0.3726 | Val Acc: 89.12%
2026-03-18 10:40:51,204 - INFO - [Metrics for 'Normal'] | Precision: 0.9025 | Recall: 0.8901 | F1: 0.8962
2026-03-18 10:40:51,204 - INFO - [Metrics for 'Defect'] | Precision: 0.8789 | Recall: 0.8923 | F1: 0.8855
2026-03-18 10:40:51,259 - INFO - [Best Model Saved] (val loss: 0.3726) -> 'log/Sewer_ML_params/baseline_mobile_vit_xxs_l1_20260318_051435/best_model.pth'
2026-03-18 10:40:51,259 - INFO - --------------------------------------------------
2026-03-18 10:40:51,260 - INFO - [LR]    [40/90] | Learning Rate: 0.000738
2026-03-18 10:48:22,558 - INFO - [Train] [40/90] | Loss: 0.3740 | Train Acc: 89.06%
2026-03-18 10:49:01,772 - INFO - [Valid] [40/90] | Loss: 0.3738 | Val Acc: 89.04%
2026-03-18 10:49:01,917 - INFO - [Metrics for 'Normal'] | Precision: 0.8932 | Recall: 0.9001 | F1: 0.8966
2026-03-18 10:49:01,917 - INFO - [Metrics for 'Defect'] | Precision: 0.8872 | Recall: 0.8796 | F1: 0.8834
2026-03-18 10:49:01,964 - INFO - --------------------------------------------------
2026-03-18 10:49:01,964 - INFO - [LR]    [41/90] | Learning Rate: 0.000722
2026-03-18 10:56:32,806 - INFO - [Train] [41/90] | Loss: 0.3734 | Train Acc: 89.07%
2026-03-18 10:57:11,890 - INFO - [Valid] [41/90] | Loss: 0.3754 | Val Acc: 88.97%
2026-03-18 10:57:12,036 - INFO - [Metrics for 'Normal'] | Precision: 0.9127 | Recall: 0.8749 | F1: 0.8934
2026-03-18 10:57:12,036 - INFO - [Metrics for 'Defect'] | Precision: 0.8662 | Recall: 0.9064 | F1: 0.8858
2026-03-18 10:57:12,083 - INFO - --------------------------------------------------
2026-03-18 10:57:12,084 - INFO - [LR]    [42/90] | Learning Rate: 0.000706
2026-03-18 11:04:43,088 - INFO - [Train] [42/90] | Loss: 0.3726 | Train Acc: 89.14%
2026-03-18 11:05:23,114 - INFO - [Valid] [42/90] | Loss: 0.3720 | Val Acc: 89.15%
2026-03-18 11:05:23,259 - INFO - [Metrics for 'Normal'] | Precision: 0.9074 | Recall: 0.8848 | F1: 0.8959
2026-03-18 11:05:23,259 - INFO - [Metrics for 'Defect'] | Precision: 0.8745 | Recall: 0.8989 | F1: 0.8866
2026-03-18 11:05:23,315 - INFO - [Best Model Saved] (val loss: 0.3720) -> 'log/Sewer_ML_params/baseline_mobile_vit_xxs_l1_20260318_051435/best_model.pth'
2026-03-18 11:05:23,315 - INFO - --------------------------------------------------
2026-03-18 11:05:23,315 - INFO - [LR]    [43/90] | Learning Rate: 0.000689
2026-03-18 11:12:56,306 - INFO - [Train] [43/90] | Loss: 0.3722 | Train Acc: 89.15%
2026-03-18 11:13:35,584 - INFO - [Valid] [43/90] | Loss: 0.3752 | Val Acc: 88.94%
2026-03-18 11:13:35,720 - INFO - [Metrics for 'Normal'] | Precision: 0.8838 | Recall: 0.9104 | F1: 0.8969
2026-03-18 11:13:35,720 - INFO - [Metrics for 'Defect'] | Precision: 0.8962 | Recall: 0.8660 | F1: 0.8808
2026-03-18 11:13:35,767 - INFO - --------------------------------------------------
2026-03-18 11:13:35,767 - INFO - [LR]    [44/90] | Learning Rate: 0.000672
2026-03-18 11:21:06,845 - INFO - [Train] [44/90] | Loss: 0.3716 | Train Acc: 89.20%
2026-03-18 11:21:45,901 - INFO - [Valid] [44/90] | Loss: 0.3721 | Val Acc: 89.14%
2026-03-18 11:21:46,046 - INFO - [Metrics for 'Normal'] | Precision: 0.9049 | Recall: 0.8875 | F1: 0.8961
2026-03-18 11:21:46,046 - INFO - [Metrics for 'Defect'] | Precision: 0.8768 | Recall: 0.8956 | F1: 0.8861
2026-03-18 11:21:46,092 - INFO - --------------------------------------------------
2026-03-18 11:21:46,093 - INFO - [LR]    [45/90] | Learning Rate: 0.000655
2026-03-18 11:29:16,235 - INFO - [Train] [45/90] | Loss: 0.3709 | Train Acc: 89.26%
2026-03-18 11:29:55,419 - INFO - [Valid] [45/90] | Loss: 0.3702 | Val Acc: 89.35%
2026-03-18 11:29:55,591 - INFO - [Metrics for 'Normal'] | Precision: 0.8981 | Recall: 0.9007 | F1: 0.8994
2026-03-18 11:29:55,591 - INFO - [Metrics for 'Defect'] | Precision: 0.8885 | Recall: 0.8856 | F1: 0.8870
2026-03-18 11:29:55,661 - INFO - [Best Model Saved] (val loss: 0.3702) -> 'log/Sewer_ML_params/baseline_mobile_vit_xxs_l1_20260318_051435/best_model.pth'
2026-03-18 11:29:55,661 - INFO - --------------------------------------------------
2026-03-18 11:29:55,662 - INFO - [LR]    [46/90] | Learning Rate: 0.000638
2026-03-18 11:37:26,840 - INFO - [Train] [46/90] | Loss: 0.3705 | Train Acc: 89.28%
2026-03-18 11:38:06,351 - INFO - [Valid] [46/90] | Loss: 0.3710 | Val Acc: 89.32%
2026-03-18 11:38:06,521 - INFO - [Metrics for 'Normal'] | Precision: 0.9132 | Recall: 0.8816 | F1: 0.8971
2026-03-18 11:38:06,521 - INFO - [Metrics for 'Defect'] | Precision: 0.8724 | Recall: 0.9062 | F1: 0.8890
2026-03-18 11:38:06,577 - INFO - --------------------------------------------------
2026-03-18 11:38:06,578 - INFO - [LR]    [47/90] | Learning Rate: 0.000620
2026-03-18 11:45:38,188 - INFO - [Train] [47/90] | Loss: 0.3701 | Train Acc: 89.28%
2026-03-18 11:46:17,501 - INFO - [Valid] [47/90] | Loss: 0.3731 | Val Acc: 89.11%
2026-03-18 11:46:17,647 - INFO - [Metrics for 'Normal'] | Precision: 0.9189 | Recall: 0.8707 | F1: 0.8941
2026-03-18 11:46:17,647 - INFO - [Metrics for 'Defect'] | Precision: 0.8633 | Recall: 0.9140 | F1: 0.8879
2026-03-18 11:46:17,693 - INFO - --------------------------------------------------
2026-03-18 11:46:17,694 - INFO - [LR]    [48/90] | Learning Rate: 0.000603
2026-03-18 11:53:48,718 - INFO - [Train] [48/90] | Loss: 0.3695 | Train Acc: 89.33%
2026-03-18 11:54:28,107 - INFO - [Valid] [48/90] | Loss: 0.3773 | Val Acc: 88.86%
2026-03-18 11:54:28,290 - INFO - [Metrics for 'Normal'] | Precision: 0.9248 | Recall: 0.8589 | F1: 0.8906
2026-03-18 11:54:28,290 - INFO - [Metrics for 'Defect'] | Precision: 0.8537 | Recall: 0.9218 | F1: 0.8865
2026-03-18 11:54:28,349 - INFO - --------------------------------------------------
2026-03-18 11:54:28,350 - INFO - [LR]    [49/90] | Learning Rate: 0.000585
2026-03-18 12:02:02,311 - INFO - [Train] [49/90] | Loss: 0.3688 | Train Acc: 89.37%
2026-03-18 12:02:41,332 - INFO - [Valid] [49/90] | Loss: 0.3779 | Val Acc: 88.82%
2026-03-18 12:02:41,519 - INFO - [Metrics for 'Normal'] | Precision: 0.9268 | Recall: 0.8559 | F1: 0.8899
2026-03-18 12:02:41,519 - INFO - [Metrics for 'Defect'] | Precision: 0.8514 | Recall: 0.9244 | F1: 0.8864
2026-03-18 12:02:41,580 - INFO - --------------------------------------------------
2026-03-18 12:02:41,581 - INFO - [LR]    [50/90] | Learning Rate: 0.000568
2026-03-18 12:10:13,019 - INFO - [Train] [50/90] | Loss: 0.3685 | Train Acc: 89.40%
2026-03-18 12:10:51,629 - INFO - [Valid] [50/90] | Loss: 0.3711 | Val Acc: 89.25%
2026-03-18 12:10:51,798 - INFO - [Metrics for 'Normal'] | Precision: 0.9071 | Recall: 0.8872 | F1: 0.8971
2026-03-18 12:10:51,798 - INFO - [Metrics for 'Defect'] | Precision: 0.8768 | Recall: 0.8983 | F1: 0.8874
2026-03-18 12:10:51,845 - INFO - --------------------------------------------------
2026-03-18 12:10:51,846 - INFO - [LR]    [51/90] | Learning Rate: 0.000550
2026-03-18 12:18:22,312 - INFO - [Train] [51/90] | Loss: 0.3683 | Train Acc: 89.42%
2026-03-18 12:19:01,768 - INFO - [Valid] [51/90] | Loss: 0.3691 | Val Acc: 89.35%
2026-03-18 12:19:01,915 - INFO - [Metrics for 'Normal'] | Precision: 0.9057 | Recall: 0.8912 | F1: 0.8984
2026-03-18 12:19:01,915 - INFO - [Metrics for 'Defect'] | Precision: 0.8803 | Recall: 0.8961 | F1: 0.8882
2026-03-18 12:19:01,970 - INFO - [Best Model Saved] (val loss: 0.3691) -> 'log/Sewer_ML_params/baseline_mobile_vit_xxs_l1_20260318_051435/best_model.pth'
2026-03-18 12:19:01,971 - INFO - --------------------------------------------------
2026-03-18 12:19:01,971 - INFO - [LR]    [52/90] | Learning Rate: 0.000532
2026-03-18 12:26:33,271 - INFO - [Train] [52/90] | Loss: 0.3678 | Train Acc: 89.44%
2026-03-18 12:27:12,962 - INFO - [Valid] [52/90] | Loss: 0.3722 | Val Acc: 89.22%
2026-03-18 12:27:13,109 - INFO - [Metrics for 'Normal'] | Precision: 0.9230 | Recall: 0.8685 | F1: 0.8949
2026-03-18 12:27:13,109 - INFO - [Metrics for 'Defect'] | Precision: 0.8619 | Recall: 0.9189 | F1: 0.8895
2026-03-18 12:27:13,156 - INFO - --------------------------------------------------
2026-03-18 12:27:13,157 - INFO - [LR]    [53/90] | Learning Rate: 0.000515
2026-03-18 12:34:47,883 - INFO - [Train] [53/90] | Loss: 0.3672 | Train Acc: 89.47%
2026-03-18 12:35:27,402 - INFO - [Valid] [53/90] | Loss: 0.3725 | Val Acc: 89.14%
2026-03-18 12:35:27,566 - INFO - [Metrics for 'Normal'] | Precision: 0.9192 | Recall: 0.8709 | F1: 0.8944
2026-03-18 12:35:27,566 - INFO - [Metrics for 'Defect'] | Precision: 0.8636 | Recall: 0.9143 | F1: 0.8882
2026-03-18 12:35:27,631 - INFO - --------------------------------------------------
2026-03-18 12:35:27,632 - INFO - [LR]    [54/90] | Learning Rate: 0.000497
2026-03-18 12:42:57,790 - INFO - [Train] [54/90] | Loss: 0.3667 | Train Acc: 89.53%
2026-03-18 12:43:37,066 - INFO - [Valid] [54/90] | Loss: 0.3694 | Val Acc: 89.34%
2026-03-18 12:43:37,247 - INFO - [Metrics for 'Normal'] | Precision: 0.9077 | Recall: 0.8885 | F1: 0.8980
2026-03-18 12:43:37,248 - INFO - [Metrics for 'Defect'] | Precision: 0.8781 | Recall: 0.8989 | F1: 0.8884
2026-03-18 12:43:37,306 - INFO - --------------------------------------------------
2026-03-18 12:43:37,307 - INFO - [LR]    [55/90] | Learning Rate: 0.000480
2026-03-18 12:51:08,836 - INFO - [Train] [55/90] | Loss: 0.3662 | Train Acc: 89.57%
2026-03-18 12:51:47,716 - INFO - [Valid] [55/90] | Loss: 0.3683 | Val Acc: 89.48%
2026-03-18 12:51:47,865 - INFO - [Metrics for 'Normal'] | Precision: 0.9069 | Recall: 0.8923 | F1: 0.8996
2026-03-18 12:51:47,865 - INFO - [Metrics for 'Defect'] | Precision: 0.8816 | Recall: 0.8975 | F1: 0.8895
2026-03-18 12:51:47,922 - INFO - [Best Model Saved] (val loss: 0.3683) -> 'log/Sewer_ML_params/baseline_mobile_vit_xxs_l1_20260318_051435/best_model.pth'
2026-03-18 12:51:47,922 - INFO - --------------------------------------------------
2026-03-18 12:51:47,922 - INFO - [LR]    [56/90] | Learning Rate: 0.000462
2026-03-18 12:59:19,560 - INFO - [Train] [56/90] | Loss: 0.3660 | Train Acc: 89.56%
2026-03-18 12:59:58,913 - INFO - [Valid] [56/90] | Loss: 0.3690 | Val Acc: 89.38%
2026-03-18 12:59:59,050 - INFO - [Metrics for 'Normal'] | Precision: 0.8991 | Recall: 0.9000 | F1: 0.8995
2026-03-18 12:59:59,051 - INFO - [Metrics for 'Defect'] | Precision: 0.8879 | Recall: 0.8870 | F1: 0.8875
2026-03-18 12:59:59,097 - INFO - --------------------------------------------------
2026-03-18 12:59:59,098 - INFO - [LR]    [57/90] | Learning Rate: 0.000445
2026-03-18 13:07:31,827 - INFO - [Train] [57/90] | Loss: 0.3654 | Train Acc: 89.61%
2026-03-18 13:08:10,779 - INFO - [Valid] [57/90] | Loss: 0.3678 | Val Acc: 89.48%
2026-03-18 13:08:10,963 - INFO - [Metrics for 'Normal'] | Precision: 0.9105 | Recall: 0.8880 | F1: 0.8991
2026-03-18 13:08:10,964 - INFO - [Metrics for 'Defect'] | Precision: 0.8781 | Recall: 0.9023 | F1: 0.8900
2026-03-18 13:08:11,035 - INFO - [Best Model Saved] (val loss: 0.3678) -> 'log/Sewer_ML_params/baseline_mobile_vit_xxs_l1_20260318_051435/best_model.pth'
2026-03-18 13:08:11,035 - INFO - --------------------------------------------------
2026-03-18 13:08:11,035 - INFO - [LR]    [58/90] | Learning Rate: 0.000428
2026-03-18 13:15:41,653 - INFO - [Train] [58/90] | Loss: 0.3654 | Train Acc: 89.61%
2026-03-18 13:16:20,932 - INFO - [Valid] [58/90] | Loss: 0.3674 | Val Acc: 89.52%
2026-03-18 13:16:21,109 - INFO - [Metrics for 'Normal'] | Precision: 0.9000 | Recall: 0.9019 | F1: 0.9009
2026-03-18 13:16:21,109 - INFO - [Metrics for 'Defect'] | Precision: 0.8899 | Recall: 0.8879 | F1: 0.8889
2026-03-18 13:16:21,165 - INFO - [Best Model Saved] (val loss: 0.3674) -> 'log/Sewer_ML_params/baseline_mobile_vit_xxs_l1_20260318_051435/best_model.pth'
2026-03-18 13:16:21,166 - INFO - --------------------------------------------------
2026-03-18 13:16:21,166 - INFO - [LR]    [59/90] | Learning Rate: 0.000411
2026-03-18 13:23:52,676 - INFO - [Train] [59/90] | Loss: 0.3647 | Train Acc: 89.67%
2026-03-18 13:24:32,234 - INFO - [Valid] [59/90] | Loss: 0.3676 | Val Acc: 89.47%
2026-03-18 13:24:32,382 - INFO - [Metrics for 'Normal'] | Precision: 0.9063 | Recall: 0.8930 | F1: 0.8996
2026-03-18 13:24:32,382 - INFO - [Metrics for 'Defect'] | Precision: 0.8821 | Recall: 0.8967 | F1: 0.8893
2026-03-18 13:24:32,429 - INFO - --------------------------------------------------
2026-03-18 13:24:32,429 - INFO - [LR]    [60/90] | Learning Rate: 0.000394
2026-03-18 13:32:05,145 - INFO - [Train] [60/90] | Loss: 0.3643 | Train Acc: 89.69%
2026-03-18 13:32:44,260 - INFO - [Valid] [60/90] | Loss: 0.3694 | Val Acc: 89.41%
2026-03-18 13:32:44,407 - INFO - [Metrics for 'Normal'] | Precision: 0.9184 | Recall: 0.8773 | F1: 0.8974
2026-03-18 13:32:44,407 - INFO - [Metrics for 'Defect'] | Precision: 0.8693 | Recall: 0.9128 | F1: 0.8905
2026-03-18 13:32:44,454 - INFO - --------------------------------------------------
2026-03-18 13:32:44,455 - INFO - [LR]    [61/90] | Learning Rate: 0.000378
2026-03-18 13:40:15,364 - INFO - [Train] [61/90] | Loss: 0.3641 | Train Acc: 89.73%
2026-03-18 13:40:54,542 - INFO - [Valid] [61/90] | Loss: 0.3681 | Val Acc: 89.46%
2026-03-18 13:40:54,727 - INFO - [Metrics for 'Normal'] | Precision: 0.9099 | Recall: 0.8884 | F1: 0.8990
2026-03-18 13:40:54,727 - INFO - [Metrics for 'Defect'] | Precision: 0.8783 | Recall: 0.9016 | F1: 0.8898
2026-03-18 13:40:54,780 - INFO - --------------------------------------------------
2026-03-18 13:40:54,781 - INFO - [LR]    [62/90] | Learning Rate: 0.000362
2026-03-18 13:48:26,563 - INFO - [Train] [62/90] | Loss: 0.3638 | Train Acc: 89.71%
2026-03-18 13:49:05,861 - INFO - [Valid] [62/90] | Loss: 0.3674 | Val Acc: 89.48%
2026-03-18 13:49:06,010 - INFO - [Metrics for 'Normal'] | Precision: 0.9109 | Recall: 0.8876 | F1: 0.8991
2026-03-18 13:49:06,010 - INFO - [Metrics for 'Defect'] | Precision: 0.8777 | Recall: 0.9028 | F1: 0.8901
2026-03-18 13:49:06,066 - INFO - [Best Model Saved] (val loss: 0.3674) -> 'log/Sewer_ML_params/baseline_mobile_vit_xxs_l1_20260318_051435/best_model.pth'
2026-03-18 13:49:06,066 - INFO - --------------------------------------------------
2026-03-18 13:49:06,066 - INFO - [LR]    [63/90] | Learning Rate: 0.000346
2026-03-18 13:56:37,121 - INFO - [Train] [63/90] | Loss: 0.3631 | Train Acc: 89.77%
2026-03-18 13:57:16,636 - INFO - [Valid] [63/90] | Loss: 0.3669 | Val Acc: 89.56%
2026-03-18 13:57:16,785 - INFO - [Metrics for 'Normal'] | Precision: 0.9024 | Recall: 0.8997 | F1: 0.9010
2026-03-18 13:57:16,785 - INFO - [Metrics for 'Defect'] | Precision: 0.8881 | Recall: 0.8911 | F1: 0.8896
2026-03-18 13:57:16,841 - INFO - [Best Model Saved] (val loss: 0.3669) -> 'log/Sewer_ML_params/baseline_mobile_vit_xxs_l1_20260318_051435/best_model.pth'
2026-03-18 13:57:16,841 - INFO - --------------------------------------------------
2026-03-18 13:57:16,842 - INFO - [LR]    [64/90] | Learning Rate: 0.000330
2026-03-18 14:04:48,744 - INFO - [Train] [64/90] | Loss: 0.3628 | Train Acc: 89.77%
2026-03-18 14:05:27,653 - INFO - [Valid] [64/90] | Loss: 0.3659 | Val Acc: 89.60%
2026-03-18 14:05:27,801 - INFO - [Metrics for 'Normal'] | Precision: 0.9052 | Recall: 0.8971 | F1: 0.9011
2026-03-18 14:05:27,801 - INFO - [Metrics for 'Defect'] | Precision: 0.8860 | Recall: 0.8948 | F1: 0.8904
2026-03-18 14:05:27,857 - INFO - [Best Model Saved] (val loss: 0.3659) -> 'log/Sewer_ML_params/baseline_mobile_vit_xxs_l1_20260318_051435/best_model.pth'
2026-03-18 14:05:27,857 - INFO - --------------------------------------------------
2026-03-18 14:05:27,858 - INFO - [LR]    [65/90] | Learning Rate: 0.000315
2026-03-18 14:12:59,130 - INFO - [Train] [65/90] | Loss: 0.3626 | Train Acc: 89.79%
2026-03-18 14:13:38,176 - INFO - [Valid] [65/90] | Loss: 0.3674 | Val Acc: 89.52%
2026-03-18 14:13:38,325 - INFO - [Metrics for 'Normal'] | Precision: 0.9088 | Recall: 0.8910 | F1: 0.8998
2026-03-18 14:13:38,325 - INFO - [Metrics for 'Defect'] | Precision: 0.8807 | Recall: 0.8999 | F1: 0.8902
2026-03-18 14:13:38,372 - INFO - --------------------------------------------------
2026-03-18 14:13:38,373 - INFO - [LR]    [66/90] | Learning Rate: 0.000300
2026-03-18 14:21:10,124 - INFO - [Train] [66/90] | Loss: 0.3624 | Train Acc: 89.83%
2026-03-18 14:21:48,721 - INFO - [Valid] [66/90] | Loss: 0.3671 | Val Acc: 89.47%
2026-03-18 14:21:48,870 - INFO - [Metrics for 'Normal'] | Precision: 0.9096 | Recall: 0.8891 | F1: 0.8992
2026-03-18 14:21:48,870 - INFO - [Metrics for 'Defect'] | Precision: 0.8789 | Recall: 0.9011 | F1: 0.8898
2026-03-18 14:21:48,917 - INFO - --------------------------------------------------
2026-03-18 14:21:48,918 - INFO - [LR]    [67/90] | Learning Rate: 0.000285
2026-03-18 14:29:20,370 - INFO - [Train] [67/90] | Loss: 0.3618 | Train Acc: 89.87%
2026-03-18 14:29:59,370 - INFO - [Valid] [67/90] | Loss: 0.3674 | Val Acc: 89.50%
2026-03-18 14:29:59,558 - INFO - [Metrics for 'Normal'] | Precision: 0.9178 | Recall: 0.8799 | F1: 0.8985
2026-03-18 14:29:59,558 - INFO - [Metrics for 'Defect'] | Precision: 0.8715 | Recall: 0.9118 | F1: 0.8912
2026-03-18 14:29:59,619 - INFO - --------------------------------------------------
2026-03-18 14:29:59,620 - INFO - [LR]    [68/90] | Learning Rate: 0.000271
2026-03-18 14:37:31,399 - INFO - [Train] [68/90] | Loss: 0.3618 | Train Acc: 89.88%
2026-03-18 14:38:10,205 - INFO - [Valid] [68/90] | Loss: 0.3663 | Val Acc: 89.60%
2026-03-18 14:38:10,389 - INFO - [Metrics for 'Normal'] | Precision: 0.9202 | Recall: 0.8794 | F1: 0.8993
2026-03-18 14:38:10,389 - INFO - [Metrics for 'Defect'] | Precision: 0.8714 | Recall: 0.9146 | F1: 0.8925
2026-03-18 14:38:10,449 - INFO - --------------------------------------------------
2026-03-18 14:38:10,450 - INFO - [LR]    [69/90] | Learning Rate: 0.000258
2026-03-18 14:45:43,050 - INFO - [Train] [69/90] | Loss: 0.3613 | Train Acc: 89.88%
2026-03-18 14:46:22,099 - INFO - [Valid] [69/90] | Loss: 0.3656 | Val Acc: 89.58%
2026-03-18 14:46:22,248 - INFO - [Metrics for 'Normal'] | Precision: 0.9119 | Recall: 0.8886 | F1: 0.9001
2026-03-18 14:46:22,248 - INFO - [Metrics for 'Defect'] | Precision: 0.8788 | Recall: 0.9039 | F1: 0.8912
2026-03-18 14:46:22,303 - INFO - [Best Model Saved] (val loss: 0.3656) -> 'log/Sewer_ML_params/baseline_mobile_vit_xxs_l1_20260318_051435/best_model.pth'
2026-03-18 14:46:22,303 - INFO - --------------------------------------------------
2026-03-18 14:46:22,304 - INFO - [LR]    [70/90] | Learning Rate: 0.000245
2026-03-18 14:53:54,284 - INFO - [Train] [70/90] | Loss: 0.3612 | Train Acc: 89.90%
2026-03-18 14:54:33,207 - INFO - [Valid] [70/90] | Loss: 0.3655 | Val Acc: 89.60%
2026-03-18 14:54:33,344 - INFO - [Metrics for 'Normal'] | Precision: 0.9093 | Recall: 0.8921 | F1: 0.9006
2026-03-18 14:54:33,344 - INFO - [Metrics for 'Defect'] | Precision: 0.8817 | Recall: 0.9004 | F1: 0.8910
2026-03-18 14:54:33,400 - INFO - [Best Model Saved] (val loss: 0.3655) -> 'log/Sewer_ML_params/baseline_mobile_vit_xxs_l1_20260318_051435/best_model.pth'
2026-03-18 14:54:33,400 - INFO - --------------------------------------------------
2026-03-18 14:54:33,400 - INFO - [LR]    [71/90] | Learning Rate: 0.000232
2026-03-18 15:02:03,897 - INFO - [Train] [71/90] | Loss: 0.3609 | Train Acc: 89.93%
2026-03-18 15:02:42,809 - INFO - [Valid] [71/90] | Loss: 0.3687 | Val Acc: 89.43%
2026-03-18 15:02:42,990 - INFO - [Metrics for 'Normal'] | Precision: 0.9186 | Recall: 0.8777 | F1: 0.8977
2026-03-18 15:02:42,990 - INFO - [Metrics for 'Defect'] | Precision: 0.8696 | Recall: 0.9129 | F1: 0.8907
2026-03-18 15:02:43,050 - INFO - --------------------------------------------------
2026-03-18 15:02:43,051 - INFO - [LR]    [72/90] | Learning Rate: 0.000220
2026-03-18 15:10:13,998 - INFO - [Train] [72/90] | Loss: 0.3607 | Train Acc: 89.92%
2026-03-18 15:10:53,338 - INFO - [Valid] [72/90] | Loss: 0.3663 | Val Acc: 89.59%
2026-03-18 15:10:53,524 - INFO - [Metrics for 'Normal'] | Precision: 0.9189 | Recall: 0.8807 | F1: 0.8994
2026-03-18 15:10:53,524 - INFO - [Metrics for 'Defect'] | Precision: 0.8724 | Recall: 0.9130 | F1: 0.8923
2026-03-18 15:10:53,585 - INFO - --------------------------------------------------
2026-03-18 15:10:53,586 - INFO - [LR]    [73/90] | Learning Rate: 0.000208
2026-03-18 15:18:24,866 - INFO - [Train] [73/90] | Loss: 0.3601 | Train Acc: 89.99%
2026-03-18 15:19:04,164 - INFO - [Valid] [73/90] | Loss: 0.3663 | Val Acc: 89.57%
2026-03-18 15:19:04,348 - INFO - [Metrics for 'Normal'] | Precision: 0.9141 | Recall: 0.8857 | F1: 0.8997
2026-03-18 15:19:04,349 - INFO - [Metrics for 'Defect'] | Precision: 0.8764 | Recall: 0.9068 | F1: 0.8914
2026-03-18 15:19:04,409 - INFO - --------------------------------------------------
2026-03-18 15:19:04,410 - INFO - [LR]    [74/90] | Learning Rate: 0.000197
2026-03-18 15:26:35,765 - INFO - [Train] [74/90] | Loss: 0.3600 | Train Acc: 89.99%
2026-03-18 15:27:15,590 - INFO - [Valid] [74/90] | Loss: 0.3656 | Val Acc: 89.59%
2026-03-18 15:27:15,728 - INFO - [Metrics for 'Normal'] | Precision: 0.9137 | Recall: 0.8867 | F1: 0.9000
2026-03-18 15:27:15,728 - INFO - [Metrics for 'Defect'] | Precision: 0.8772 | Recall: 0.9063 | F1: 0.8915
2026-03-18 15:27:15,776 - INFO - --------------------------------------------------
2026-03-18 15:27:15,776 - INFO - [LR]    [75/90] | Learning Rate: 0.000186
2026-03-18 15:34:48,264 - INFO - [Train] [75/90] | Loss: 0.3597 | Train Acc: 90.00%
2026-03-18 15:35:28,054 - INFO - [Valid] [75/90] | Loss: 0.3649 | Val Acc: 89.68%
2026-03-18 15:35:28,211 - INFO - [Metrics for 'Normal'] | Precision: 0.9062 | Recall: 0.8974 | F1: 0.9018
2026-03-18 15:35:28,212 - INFO - [Metrics for 'Defect'] | Precision: 0.8864 | Recall: 0.8961 | F1: 0.8912
2026-03-18 15:35:28,269 - INFO - [Best Model Saved] (val loss: 0.3649) -> 'log/Sewer_ML_params/baseline_mobile_vit_xxs_l1_20260318_051435/best_model.pth'
2026-03-18 15:35:28,269 - INFO - --------------------------------------------------
2026-03-18 15:35:28,269 - INFO - [LR]    [76/90] | Learning Rate: 0.000176
2026-03-18 15:43:00,872 - INFO - [Train] [76/90] | Loss: 0.3598 | Train Acc: 89.99%
2026-03-18 15:43:40,411 - INFO - [Valid] [76/90] | Loss: 0.3647 | Val Acc: 89.70%
2026-03-18 15:43:40,549 - INFO - [Metrics for 'Normal'] | Precision: 0.9129 | Recall: 0.8898 | F1: 0.9012
2026-03-18 15:43:40,549 - INFO - [Metrics for 'Defect'] | Precision: 0.8801 | Recall: 0.9050 | F1: 0.8923
2026-03-18 15:43:40,605 - INFO - [Best Model Saved] (val loss: 0.3647) -> 'log/Sewer_ML_params/baseline_mobile_vit_xxs_l1_20260318_051435/best_model.pth'
2026-03-18 15:43:40,605 - INFO - --------------------------------------------------
2026-03-18 15:43:40,606 - INFO - [LR]    [77/90] | Learning Rate: 0.000166
2026-03-18 15:51:12,690 - INFO - [Train] [77/90] | Loss: 0.3593 | Train Acc: 90.02%
2026-03-18 15:51:51,870 - INFO - [Valid] [77/90] | Loss: 0.3650 | Val Acc: 89.63%
2026-03-18 15:51:52,059 - INFO - [Metrics for 'Normal'] | Precision: 0.9111 | Recall: 0.8906 | F1: 0.9007
2026-03-18 15:51:52,059 - INFO - [Metrics for 'Defect'] | Precision: 0.8806 | Recall: 0.9027 | F1: 0.8915
2026-03-18 15:51:52,119 - INFO - --------------------------------------------------
2026-03-18 15:51:52,120 - INFO - [LR]    [78/90] | Learning Rate: 0.000157
2026-03-18 15:59:23,246 - INFO - [Train] [78/90] | Loss: 0.3592 | Train Acc: 90.07%
2026-03-18 16:00:02,421 - INFO - [Valid] [78/90] | Loss: 0.3653 | Val Acc: 89.64%
2026-03-18 16:00:02,561 - INFO - [Metrics for 'Normal'] | Precision: 0.9135 | Recall: 0.8878 | F1: 0.9005
2026-03-18 16:00:02,561 - INFO - [Metrics for 'Defect'] | Precision: 0.8782 | Recall: 0.9060 | F1: 0.8919
2026-03-18 16:00:02,609 - INFO - --------------------------------------------------
2026-03-18 16:00:02,610 - INFO - [LR]    [79/90] | Learning Rate: 0.000149
2026-03-18 16:07:33,568 - INFO - [Train] [79/90] | Loss: 0.3590 | Train Acc: 90.05%
2026-03-18 16:08:13,116 - INFO - [Valid] [79/90] | Loss: 0.3651 | Val Acc: 89.60%
2026-03-18 16:08:13,265 - INFO - [Metrics for 'Normal'] | Precision: 0.9165 | Recall: 0.8834 | F1: 0.8997
2026-03-18 16:08:13,265 - INFO - [Metrics for 'Defect'] | Precision: 0.8746 | Recall: 0.9100 | F1: 0.8919
2026-03-18 16:08:13,312 - INFO - --------------------------------------------------
2026-03-18 16:08:13,313 - INFO - [LR]    [80/90] | Learning Rate: 0.000141
2026-03-18 16:15:45,485 - INFO - [Train] [80/90] | Loss: 0.3588 | Train Acc: 90.07%
2026-03-18 16:16:24,320 - INFO - [Valid] [80/90] | Loss: 0.3645 | Val Acc: 89.67%
2026-03-18 16:16:24,470 - INFO - [Metrics for 'Normal'] | Precision: 0.9066 | Recall: 0.8967 | F1: 0.9016
2026-03-18 16:16:24,470 - INFO - [Metrics for 'Defect'] | Precision: 0.8858 | Recall: 0.8967 | F1: 0.8912
2026-03-18 16:16:24,525 - INFO - [Best Model Saved] (val loss: 0.3645) -> 'log/Sewer_ML_params/baseline_mobile_vit_xxs_l1_20260318_051435/best_model.pth'
2026-03-18 16:16:24,526 - INFO - --------------------------------------------------
2026-03-18 16:16:24,526 - INFO - [LR]    [81/90] | Learning Rate: 0.000134
2026-03-18 16:23:56,523 - INFO - [Train] [81/90] | Loss: 0.3587 | Train Acc: 90.08%
2026-03-18 16:24:36,229 - INFO - [Valid] [81/90] | Loss: 0.3643 | Val Acc: 89.76%
2026-03-18 16:24:36,409 - INFO - [Metrics for 'Normal'] | Precision: 0.9130 | Recall: 0.8911 | F1: 0.9019
2026-03-18 16:24:36,409 - INFO - [Metrics for 'Defect'] | Precision: 0.8813 | Recall: 0.9049 | F1: 0.8929
2026-03-18 16:24:36,480 - INFO - [Best Model Saved] (val loss: 0.3643) -> 'log/Sewer_ML_params/baseline_mobile_vit_xxs_l1_20260318_051435/best_model.pth'
2026-03-18 16:24:36,480 - INFO - --------------------------------------------------
2026-03-18 16:24:36,481 - INFO - [LR]    [82/90] | Learning Rate: 0.000128
2026-03-18 16:32:08,947 - INFO - [Train] [82/90] | Loss: 0.3586 | Train Acc: 90.08%
2026-03-18 16:32:48,388 - INFO - [Valid] [82/90] | Loss: 0.3643 | Val Acc: 89.71%
2026-03-18 16:32:48,528 - INFO - [Metrics for 'Normal'] | Precision: 0.9119 | Recall: 0.8912 | F1: 0.9014
2026-03-18 16:32:48,528 - INFO - [Metrics for 'Defect'] | Precision: 0.8812 | Recall: 0.9037 | F1: 0.8923
2026-03-18 16:32:48,575 - INFO - --------------------------------------------------
2026-03-18 16:32:48,576 - INFO - [LR]    [83/90] | Learning Rate: 0.000122
2026-03-18 16:40:21,892 - INFO - [Train] [83/90] | Loss: 0.3587 | Train Acc: 90.08%
2026-03-18 16:41:03,863 - INFO - [Valid] [83/90] | Loss: 0.3649 | Val Acc: 89.66%
2026-03-18 16:41:04,012 - INFO - [Metrics for 'Normal'] | Precision: 0.9144 | Recall: 0.8874 | F1: 0.9007
2026-03-18 16:41:04,012 - INFO - [Metrics for 'Defect'] | Precision: 0.8780 | Recall: 0.9070 | F1: 0.8922
2026-03-18 16:41:04,058 - INFO - --------------------------------------------------
2026-03-18 16:41:04,059 - INFO - [LR]    [84/90] | Learning Rate: 0.000117
2026-03-18 16:48:37,761 - INFO - [Train] [84/90] | Loss: 0.3584 | Train Acc: 90.11%
2026-03-18 16:49:17,579 - INFO - [Valid] [84/90] | Loss: 0.3645 | Val Acc: 89.67%
2026-03-18 16:49:17,728 - INFO - [Metrics for 'Normal'] | Precision: 0.9140 | Recall: 0.8880 | F1: 0.9008
2026-03-18 16:49:17,729 - INFO - [Metrics for 'Defect'] | Precision: 0.8785 | Recall: 0.9065 | F1: 0.8923
2026-03-18 16:49:17,776 - INFO - --------------------------------------------------
2026-03-18 16:49:17,777 - INFO - [LR]    [85/90] | Learning Rate: 0.000112
2026-03-18 16:56:52,256 - INFO - [Train] [85/90] | Loss: 0.3581 | Train Acc: 90.10%
2026-03-18 16:57:31,605 - INFO - [Valid] [85/90] | Loss: 0.3640 | Val Acc: 89.72%
2026-03-18 16:57:31,756 - INFO - [Metrics for 'Normal'] | Precision: 0.9083 | Recall: 0.8957 | F1: 0.9020
2026-03-18 16:57:31,756 - INFO - [Metrics for 'Defect'] | Precision: 0.8851 | Recall: 0.8988 | F1: 0.8919
2026-03-18 16:57:31,812 - INFO - [Best Model Saved] (val loss: 0.3640) -> 'log/Sewer_ML_params/baseline_mobile_vit_xxs_l1_20260318_051435/best_model.pth'
2026-03-18 16:57:31,812 - INFO - --------------------------------------------------
2026-03-18 16:57:31,813 - INFO - [LR]    [86/90] | Learning Rate: 0.000109
2026-03-18 17:05:04,253 - INFO - [Train] [86/90] | Loss: 0.3580 | Train Acc: 90.11%
2026-03-18 17:05:43,489 - INFO - [Valid] [86/90] | Loss: 0.3642 | Val Acc: 89.70%
2026-03-18 17:05:43,638 - INFO - [Metrics for 'Normal'] | Precision: 0.9131 | Recall: 0.8897 | F1: 0.9013
2026-03-18 17:05:43,638 - INFO - [Metrics for 'Defect'] | Precision: 0.8800 | Recall: 0.9053 | F1: 0.8925
2026-03-18 17:05:43,685 - INFO - --------------------------------------------------
2026-03-18 17:05:43,686 - INFO - [LR]    [87/90] | Learning Rate: 0.000106
2026-03-18 17:13:15,877 - INFO - [Train] [87/90] | Loss: 0.3582 | Train Acc: 90.12%
2026-03-18 17:13:54,974 - INFO - [Valid] [87/90] | Loss: 0.3640 | Val Acc: 89.75%
2026-03-18 17:13:55,123 - INFO - [Metrics for 'Normal'] | Precision: 0.9124 | Recall: 0.8914 | F1: 0.9018
2026-03-18 17:13:55,123 - INFO - [Metrics for 'Defect'] | Precision: 0.8815 | Recall: 0.9042 | F1: 0.8927
2026-03-18 17:13:55,179 - INFO - [Best Model Saved] (val loss: 0.3640) -> 'log/Sewer_ML_params/baseline_mobile_vit_xxs_l1_20260318_051435/best_model.pth'
2026-03-18 17:13:55,179 - INFO - --------------------------------------------------
2026-03-18 17:13:55,180 - INFO - [LR]    [88/90] | Learning Rate: 0.000103
2026-03-18 17:21:27,706 - INFO - [Train] [88/90] | Loss: 0.3581 | Train Acc: 90.11%
2026-03-18 17:22:06,813 - INFO - [Valid] [88/90] | Loss: 0.3646 | Val Acc: 89.65%
2026-03-18 17:22:06,953 - INFO - [Metrics for 'Normal'] | Precision: 0.9111 | Recall: 0.8909 | F1: 0.9009
2026-03-18 17:22:06,953 - INFO - [Metrics for 'Defect'] | Precision: 0.8809 | Recall: 0.9026 | F1: 0.8916
2026-03-18 17:22:07,000 - INFO - --------------------------------------------------
2026-03-18 17:22:07,001 - INFO - [LR]    [89/90] | Learning Rate: 0.000101
2026-03-18 17:29:38,949 - INFO - [Train] [89/90] | Loss: 0.3578 | Train Acc: 90.13%
2026-03-18 17:30:17,847 - INFO - [Valid] [89/90] | Loss: 0.3646 | Val Acc: 89.70%
2026-03-18 17:30:18,036 - INFO - [Metrics for 'Normal'] | Precision: 0.9062 | Recall: 0.8979 | F1: 0.9020
2026-03-18 17:30:18,036 - INFO - [Metrics for 'Defect'] | Precision: 0.8869 | Recall: 0.8960 | F1: 0.8914
2026-03-18 17:30:18,098 - INFO - --------------------------------------------------
2026-03-18 17:30:18,099 - INFO - [LR]    [90/90] | Learning Rate: 0.000100
2026-03-18 17:37:49,746 - INFO - [Train] [90/90] | Loss: 0.3577 | Train Acc: 90.14%
2026-03-18 17:38:28,931 - INFO - [Valid] [90/90] | Loss: 0.3641 | Val Acc: 89.70%
2026-03-18 17:38:29,081 - INFO - [Metrics for 'Normal'] | Precision: 0.9111 | Recall: 0.8920 | F1: 0.9014
2026-03-18 17:38:29,081 - INFO - [Metrics for 'Defect'] | Precision: 0.8819 | Recall: 0.9026 | F1: 0.8921
2026-03-18 17:38:29,130 - INFO - ==================================================
2026-03-18 17:38:29,130 - INFO - 훈련 완료. 최고 성능 모델을 불러와 테스트 세트로 최종 평가합니다.
2026-03-18 17:38:29,130 - INFO - 최종 평가를 위해 새로운 모델 객체를 생성합니다.
2026-03-18 17:38:29,130 - INFO - Baseline 모델 'mobile_vit_xxs'을(를) 생성합니다 (사전 훈련 가중치: 미사용).
2026-03-18 17:38:29,143 - INFO - timm 모델(mobile_vit_xxs)의 Attention.forward를 Pruning 호환성을 위해 Monkey-patching 합니다.
2026-03-18 17:38:29,148 - INFO - 최종 평가 모델에 Pruning 구조를 재적용합니다.
2026-03-18 17:38:29,294 - INFO - torch-pruning을 사용한 L1 Norm Pruning을 시작합니다.
2026-03-18 17:38:29,294 - INFO - 분류 레이어 'ClassifierHead'을(를) Pruning 대상에서 제외합니다.
2026-03-18 17:38:29,294 - INFO - ViT 계열 모델의 모든 qkv 레이어를 Pruning 대상에서 제외합니다.
2026-03-18 17:38:29,387 - INFO - 저장된 pruning_history를 사용해 Pruning 구조를 재현했습니다.
2026-03-18 17:38:29,387 - INFO - torch-pruning 완료. 모델 구조가 희소도(0.8005)에 맞춰 변경되었습니다.
2026-03-18 17:38:29,387 - INFO - ==================================================
2026-03-18 17:38:29,407 - INFO - 최고 성능 모델 가중치를 새로 생성된 모델 객체에 로드 완료: 'log/Sewer_ML_params/baseline_mobile_vit_xxs_l1_20260318_051435/best_model.pth'
2026-03-18 17:38:29,407 - INFO - ==================================================
2026-03-18 17:38:29,407 - INFO - Test 모드를 시작합니다.
2026-03-18 17:38:29,407 - INFO - FLOPs 및 MACs 측정을 시작합니다...
2026-03-18 17:38:29,433 - INFO - Model FLOPs: 0.0435 GFLOPs
2026-03-18 17:38:29,433 - INFO - Model MACs: 0.0218 GMACs
2026-03-18 17:38:29,572 - INFO - 테스트 데이터셋에 대한 추론을 시작합니다.
2026-03-18 17:39:08,279 - INFO - [Test] Loss: 0.2717 | Test Acc: 89.75%
2026-03-18 17:39:08,426 - INFO - [Metrics for 'Normal'] | Precision: 0.9124 | Recall: 0.8914 | F1: 0.9018
2026-03-18 17:39:08,426 - INFO - [Metrics for 'Defect'] | Precision: 0.8815 | Recall: 0.9042 | F1: 0.8927
2026-03-18 17:39:08,639 - INFO - ==================================================
2026-03-18 17:39:08,639 - INFO - 혼동 행렬 저장 완료. 'log/Sewer_ML_params/baseline_mobile_vit_xxs_l1_20260318_051435/confusion_matrix_20260318_051435.png' and 'log/Sewer_ML_params/baseline_mobile_vit_xxs_l1_20260318_051435/confusion_matrix_20260318_051435.pdf'
2026-03-18 17:39:08,734 - INFO - Val Acc 그래프 저장 완료: 'log/Sewer_ML_params/baseline_mobile_vit_xxs_l1_20260318_051435/graph_20260318_051435/val_acc.png' and 'log/Sewer_ML_params/baseline_mobile_vit_xxs_l1_20260318_051435/graph_20260318_051435/val_acc.pdf'
2026-03-18 17:39:08,839 - INFO - Train/Val Acc 그래프 저장 완료: 'log/Sewer_ML_params/baseline_mobile_vit_xxs_l1_20260318_051435/graph_20260318_051435/train_val_acc.png' and 'log/Sewer_ML_params/baseline_mobile_vit_xxs_l1_20260318_051435/graph_20260318_051435/train_val_acc.pdf'
2026-03-18 17:39:08,925 - INFO - F1 (Normal) 그래프 저장 완료: 'log/Sewer_ML_params/baseline_mobile_vit_xxs_l1_20260318_051435/graph_20260318_051435/F1_normal.png' and 'log/Sewer_ML_params/baseline_mobile_vit_xxs_l1_20260318_051435/graph_20260318_051435/F1_normal.pdf'
2026-03-18 17:39:09,024 - INFO - Validation Loss 그래프 저장 완료: 'log/Sewer_ML_params/baseline_mobile_vit_xxs_l1_20260318_051435/graph_20260318_051435/val_loss.png' and 'log/Sewer_ML_params/baseline_mobile_vit_xxs_l1_20260318_051435/graph_20260318_051435/val_loss.pdf'
2026-03-18 17:39:09,114 - INFO - Learning Rate 그래프 저장 완료: 'log/Sewer_ML_params/baseline_mobile_vit_xxs_l1_20260318_051435/graph_20260318_051435/learning_rate.png' and 'log/Sewer_ML_params/baseline_mobile_vit_xxs_l1_20260318_051435/graph_20260318_051435/learning_rate.pdf'
2026-03-18 17:39:13,433 - INFO - 종합 그래프 저장 완료: 'log/Sewer_ML_params/baseline_mobile_vit_xxs_l1_20260318_051435/graph_20260318_051435/compile.png' and 'log/Sewer_ML_params/baseline_mobile_vit_xxs_l1_20260318_051435/graph_20260318_051435/compile.pdf'
