2026-03-06 08:49:50,837 - INFO - 로그 파일이 'log/Sewer_ML_flops/baseline_mobilenet_v4_s_l1_20260306_084950/log_20260306_084950.log'에 저장됩니다.
2026-03-06 08:49:50,838 - INFO - ==================================================
2026-03-06 08:49:50,838 - INFO - config.yaml:
2026-03-06 08:49:50,838 - INFO - 
run:
  global_seed: 42
  cuda: true
  mode: train
  pth_best_name: best_model.pth
  only_inference: false
  show_log: true
  dataset:
    name: Sewer_ML_flops
    type: csv
    train_split_ratio: 0.8
    paths:
      train_img_dir: /home/tai/workspace/ssd1/data/Sewer/Sewer-ML/train
      valid_img_dir: /home/tai/workspace/ssd1/data/Sewer/Sewer-ML/valid
      test_img_dir: /home/tai/workspace/ssd1/data/Sewer/Sewer-ML/valid
      train_csv: /home/tai/workspace/ssd1/data/Sewer/Sewer-ML/SewerML_Train.csv
      valid_csv: /home/tai/workspace/ssd1/data/Sewer/Sewer-ML/SewerML_Val.csv
      test_csv: /home/tai/workspace/ssd1/data/Sewer/Sewer-ML/SewerML_Val.csv
      img_folder: /home/tai/workspace/ssd1/data/Sewer/Sewer-TAPNEW
  random_sampling_ratio:
    train: 1.0
    valid: 1.0
    test: 1.0
  num_workers: 16
model:
  img_size: 224
  num_patches_per_side: 7
  num_decoder_patches: 1
  num_decoder_layers: 6
  num_heads: 4
  cnn_feature_extractor:
    name: custom32
  encoder_dim: 32
  emb_dim: 32
  adaptive_initial_query: true
  decoder_ff_ratio: 2
  dropout: 0.1
  positional_encoding: true
  drop_path_ratio: 0.2
  visualize_attention: true
  num_plot_attention: 1500
training_main:
  epochs: 10
  batch_size: 256
  pre_trained: false
  optimizer: adamw
  lr: 0.001
  weight_decay: 0.0001
  loss_function: CrossEntropyLoss
  label_smoothing: 0.1
  scheduler: cosineannealinglr
  scheduler_params:
    T_max: 10
    eta_min: 0.0001
  best_model_criterion: val_loss
training_baseline:
  model_name: mobilenet_v4_s
  epochs: 10
  batch_size: 256
  pre_trained: false
  optimizer: adamw
  lr: 0.001
  weight_decay: 0.0001
  loss_function: CrossEntropyLoss
  label_smoothing: 0.1
  scheduler: cosineannealinglr
  scheduler_params:
    T_max: 10
    eta_min: 0.0001
  best_model_criterion: val_loss
finetuning_pruned:
  epochs: 80
  batch_size: 256
  optimizer: adamw
  lr: 0.001
  weight_decay: 0.0001
  loss_function: CrossEntropyLoss
  label_smoothing: 0.1
  scheduler: cosineannealinglr
  scheduler_params:
    T_max: 80
    eta_min: 0.0001
  best_model_criterion: val_loss
  use_l1_pruning: true
  pruning_sparsity: 0.2451
  exclude_attention_qkv_pruning: true
  exclude_embedding_bridge_pruning: true
  exclude_learnable_queries_pruning: true

2026-03-06 08:49:50,838 - INFO - ==================================================
2026-03-06 08:49:50,977 - INFO - CUDA 사용 가능. GPU 사용을 시작합니다. (Device: NVIDIA GeForce RTX 5090)
2026-03-06 08:49:50,977 - INFO - 'Sewer_ML_flops' 데이터 로드를 시작합니다 (Type: csv).
2026-03-06 08:49:51,517 - INFO - 데이터셋 클래스: ['Normal', 'Defect'] (총 2개)
2026-03-06 08:49:51,517 - INFO - 훈련 데이터: 1040129개, 검증 데이터: 130046개, 테스트 데이터: 130046개
2026-03-06 08:49:51,517 - INFO - Baseline 모델 'mobilenet_v4_s'을(를) 생성합니다 (사전 훈련 가중치: 미사용).
2026-03-06 08:49:51,603 - INFO - ==================================================
2026-03-06 08:49:51,603 - INFO - 모델 파라미터 수:
2026-03-06 08:49:51,603 - INFO -   - 총 파라미터: 2,495,586 개
2026-03-06 08:49:51,603 - INFO -   - 학습 가능한 파라미터: 2,495,586 개
2026-03-06 08:49:51,603 - INFO - ================================================================================
2026-03-06 08:49:51,603 - INFO - 단계 1/2: 사전 훈련(Pre-training)을 시작합니다.
2026-03-06 08:49:51,603 - INFO - ================================================================================
2026-03-06 08:49:51,603 - INFO - 옵티마이저: AdamW (lr=0.001, weight_decay=0.0001)
2026-03-06 08:49:51,603 - INFO - 스케줄러: CosineAnnealingLR (T_max=10, eta_min=0.0001)
2026-03-06 08:49:51,603 - INFO - ==================================================
2026-03-06 08:49:51,603 - INFO - train 모드를 시작합니다.
2026-03-06 08:49:51,603 - INFO - 손실 함수: CrossEntropyLoss (label_smoothing: 0.1)
2026-03-06 08:49:51,603 - INFO - Best metric을 초기값(inf)으로 설정합니다.
2026-03-06 08:49:51,603 - INFO - --------------------------------------------------
2026-03-06 08:49:51,604 - INFO - [LR]    [1/10] | Learning Rate: 0.001000
2026-03-06 08:57:16,102 - INFO - [Train] [1/10] | Loss: 0.5080 | Train Acc: 80.95%
2026-03-06 08:57:54,728 - INFO - [Valid] [1/10] | Loss: 0.4554 | Val Acc: 83.91%
2026-03-06 08:57:54,866 - INFO - [Metrics for 'Normal'] | Precision: 0.8088 | Recall: 0.9105 | F1: 0.8566
2026-03-06 08:57:54,866 - INFO - [Metrics for 'Defect'] | Precision: 0.8835 | Recall: 0.7590 | F1: 0.8165
2026-03-06 08:57:54,922 - INFO - [Best Model Saved] (val loss: 0.4554) -> 'log/Sewer_ML_flops/baseline_mobilenet_v4_s_l1_20260306_084950/best_model.pth'
2026-03-06 08:57:54,923 - INFO - --------------------------------------------------
2026-03-06 08:57:54,923 - INFO - [LR]    [2/10] | Learning Rate: 0.000978
2026-03-06 09:05:15,127 - INFO - [Train] [2/10] | Loss: 0.4353 | Train Acc: 85.19%
2026-03-06 09:05:54,289 - INFO - [Valid] [2/10] | Loss: 0.5219 | Val Acc: 85.70%
2026-03-06 09:05:54,428 - INFO - [Metrics for 'Normal'] | Precision: 0.8607 | Recall: 0.8702 | F1: 0.8654
2026-03-06 09:05:54,428 - INFO - [Metrics for 'Defect'] | Precision: 0.8529 | Recall: 0.8424 | F1: 0.8476
2026-03-06 09:05:54,471 - INFO - --------------------------------------------------
2026-03-06 09:05:54,472 - INFO - [LR]    [3/10] | Learning Rate: 0.000914
2026-03-06 09:13:15,571 - INFO - [Train] [3/10] | Loss: 0.4329 | Train Acc: 85.89%
2026-03-06 09:13:54,785 - INFO - [Valid] [3/10] | Loss: 0.4054 | Val Acc: 87.18%
2026-03-06 09:13:54,924 - INFO - [Metrics for 'Normal'] | Precision: 0.8969 | Recall: 0.8557 | F1: 0.8758
2026-03-06 09:13:54,924 - INFO - [Metrics for 'Defect'] | Precision: 0.8463 | Recall: 0.8899 | F1: 0.8676
2026-03-06 09:13:54,981 - INFO - [Best Model Saved] (val loss: 0.4054) -> 'log/Sewer_ML_flops/baseline_mobilenet_v4_s_l1_20260306_084950/best_model.pth'
2026-03-06 09:13:54,981 - INFO - --------------------------------------------------
2026-03-06 09:13:54,982 - INFO - [LR]    [4/10] | Learning Rate: 0.000815
2026-03-06 09:21:16,260 - INFO - [Train] [4/10] | Loss: 0.4079 | Train Acc: 86.96%
2026-03-06 09:21:55,047 - INFO - [Valid] [4/10] | Loss: 0.5184 | Val Acc: 85.26%
2026-03-06 09:21:55,176 - INFO - [Metrics for 'Normal'] | Precision: 0.8774 | Recall: 0.8379 | F1: 0.8572
2026-03-06 09:21:55,176 - INFO - [Metrics for 'Defect'] | Precision: 0.8273 | Recall: 0.8690 | F1: 0.8476
2026-03-06 09:21:55,220 - INFO - --------------------------------------------------
2026-03-06 09:21:55,220 - INFO - [LR]    [5/10] | Learning Rate: 0.000689
2026-03-06 09:29:17,357 - INFO - [Train] [5/10] | Loss: 0.4053 | Train Acc: 87.28%
2026-03-06 09:29:56,520 - INFO - [Valid] [5/10] | Loss: 0.3828 | Val Acc: 88.52%
2026-03-06 09:29:56,660 - INFO - [Metrics for 'Normal'] | Precision: 0.9068 | Recall: 0.8724 | F1: 0.8893
2026-03-06 09:29:56,660 - INFO - [Metrics for 'Defect'] | Precision: 0.8630 | Recall: 0.8996 | F1: 0.8809
2026-03-06 09:29:56,717 - INFO - [Best Model Saved] (val loss: 0.3828) -> 'log/Sewer_ML_flops/baseline_mobilenet_v4_s_l1_20260306_084950/best_model.pth'
2026-03-06 09:29:56,717 - INFO - --------------------------------------------------
2026-03-06 09:29:56,718 - INFO - [LR]    [6/10] | Learning Rate: 0.000550
2026-03-06 09:37:18,744 - INFO - [Train] [6/10] | Loss: 0.3787 | Train Acc: 88.80%
2026-03-06 09:37:57,758 - INFO - [Valid] [6/10] | Loss: 0.3741 | Val Acc: 89.08%
2026-03-06 09:37:57,898 - INFO - [Metrics for 'Normal'] | Precision: 0.9149 | Recall: 0.8745 | F1: 0.8943
2026-03-06 09:37:57,898 - INFO - [Metrics for 'Defect'] | Precision: 0.8662 | Recall: 0.9090 | F1: 0.8871
2026-03-06 09:37:57,955 - INFO - [Best Model Saved] (val loss: 0.3741) -> 'log/Sewer_ML_flops/baseline_mobilenet_v4_s_l1_20260306_084950/best_model.pth'
2026-03-06 09:37:57,956 - INFO - --------------------------------------------------
2026-03-06 09:37:57,956 - INFO - [LR]    [7/10] | Learning Rate: 0.000411
2026-03-06 09:45:20,568 - INFO - [Train] [7/10] | Loss: 0.3672 | Train Acc: 89.52%
2026-03-06 09:45:58,887 - INFO - [Valid] [7/10] | Loss: 0.3668 | Val Acc: 89.55%
2026-03-06 09:45:59,027 - INFO - [Metrics for 'Normal'] | Precision: 0.9085 | Recall: 0.8919 | F1: 0.9001
2026-03-06 09:45:59,027 - INFO - [Metrics for 'Defect'] | Precision: 0.8814 | Recall: 0.8994 | F1: 0.8903
2026-03-06 09:45:59,084 - INFO - [Best Model Saved] (val loss: 0.3668) -> 'log/Sewer_ML_flops/baseline_mobilenet_v4_s_l1_20260306_084950/best_model.pth'
2026-03-06 09:45:59,084 - INFO - --------------------------------------------------
2026-03-06 09:45:59,085 - INFO - [LR]    [8/10] | Learning Rate: 0.000285
2026-03-06 09:53:22,037 - INFO - [Train] [8/10] | Loss: 0.3554 | Train Acc: 90.30%
2026-03-06 09:54:00,905 - INFO - [Valid] [8/10] | Loss: 0.3628 | Val Acc: 89.84%
2026-03-06 09:54:01,045 - INFO - [Metrics for 'Normal'] | Precision: 0.9090 | Recall: 0.8975 | F1: 0.9032
2026-03-06 09:54:01,045 - INFO - [Metrics for 'Defect'] | Precision: 0.8868 | Recall: 0.8994 | F1: 0.8931
2026-03-06 09:54:01,103 - INFO - [Best Model Saved] (val loss: 0.3628) -> 'log/Sewer_ML_flops/baseline_mobilenet_v4_s_l1_20260306_084950/best_model.pth'
2026-03-06 09:54:01,103 - INFO - --------------------------------------------------
2026-03-06 09:54:01,104 - INFO - [LR]    [9/10] | Learning Rate: 0.000186
2026-03-06 10:01:24,781 - INFO - [Train] [9/10] | Loss: 0.3456 | Train Acc: 90.95%
2026-03-06 10:02:03,279 - INFO - [Valid] [9/10] | Loss: 0.3620 | Val Acc: 89.97%
2026-03-06 10:02:03,435 - INFO - [Metrics for 'Normal'] | Precision: 0.9106 | Recall: 0.8982 | F1: 0.9044
2026-03-06 10:02:03,435 - INFO - [Metrics for 'Defect'] | Precision: 0.8878 | Recall: 0.9013 | F1: 0.8945
2026-03-06 10:02:03,539 - INFO - [Best Model Saved] (val loss: 0.3620) -> 'log/Sewer_ML_flops/baseline_mobilenet_v4_s_l1_20260306_084950/best_model.pth'
2026-03-06 10:02:03,540 - INFO - --------------------------------------------------
2026-03-06 10:02:03,540 - INFO - [LR]    [10/10] | Learning Rate: 0.000122
2026-03-06 10:09:26,456 - INFO - [Train] [10/10] | Loss: 0.3376 | Train Acc: 91.50%
2026-03-06 10:10:05,510 - INFO - [Valid] [10/10] | Loss: 0.5403 | Val Acc: 89.67%
2026-03-06 10:10:05,640 - INFO - [Metrics for 'Normal'] | Precision: 0.9111 | Recall: 0.8915 | F1: 0.9012
2026-03-06 10:10:05,641 - INFO - [Metrics for 'Defect'] | Precision: 0.8814 | Recall: 0.9026 | F1: 0.8919
2026-03-06 10:10:05,687 - INFO - ================================================================================
2026-03-06 10:10:05,687 - INFO - 단계 2/2: Pruning 및 미세 조정(Fine-tuning)을 시작합니다.
2026-03-06 10:10:05,687 - INFO - ================================================================================
2026-03-06 10:10:05,709 - INFO - 사전 훈련된 모델 'log/Sewer_ML_flops/baseline_mobilenet_v4_s_l1_20260306_084950/best_model.pth'을(를) 불러왔습니다.
2026-03-06 10:10:05,728 - INFO - Pruning 전 원본 모델의 FLOPs를 측정합니다.
2026-03-06 10:10:05,751 - INFO - torch-pruning을 사용한 L1 Norm Pruning을 시작합니다.
2026-03-06 10:10:05,751 - INFO - 분류 레이어 'Linear'을(를) Pruning 대상에서 제외합니다.
2026-03-06 10:10:05,810 - INFO - torch-pruning 완료. 모델 구조가 희소도(0.2451)에 맞춰 변경되었습니다.
2026-03-06 10:10:05,810 - INFO - ==================================================
2026-03-06 10:10:05,810 - INFO - ==================================================
2026-03-06 10:10:05,810 - INFO - 모델 파라미터 수:
2026-03-06 10:10:05,810 - INFO -   - 총 파라미터: 1,432,867 개
2026-03-06 10:10:05,810 - INFO -   - 학습 가능한 파라미터: 1,432,867 개
2026-03-06 10:10:05,826 - INFO - Pruning 후 모델의 FLOPs를 측정합니다.
2026-03-06 10:10:05,848 - INFO - FLOPs가 0.3853 GFLOPs에서 0.2266 GFLOPs로 감소했습니다 (감소율: 41.19%).
2026-03-06 10:10:05,859 - INFO - Pruning 정보(희소도: 0.2451)를 'log/Sewer_ML_flops/baseline_mobilenet_v4_s_l1_20260306_084950/pruning_info.yaml'에 저장했습니다.
2026-03-06 10:10:05,859 - INFO - 미세 조정을 위한 새로운 옵티마이저와 스케줄러를 생성합니다.
2026-03-06 10:10:05,859 - INFO - 옵티마이저: AdamW (lr=0.001, weight_decay=0.0001)
2026-03-06 10:10:05,859 - INFO - 스케줄러: CosineAnnealingLR (T_max=80, eta_min=0.0001)
2026-03-06 10:10:05,859 - INFO - ==================================================
2026-03-06 10:10:05,859 - INFO - train 모드를 시작합니다.
2026-03-06 10:10:05,860 - INFO - 손실 함수: CrossEntropyLoss (label_smoothing: 0.1)
2026-03-06 10:10:05,860 - INFO - Best metric을 초기값(inf)으로 설정합니다.
2026-03-06 10:10:05,860 - INFO - --------------------------------------------------
2026-03-06 10:10:05,860 - INFO - [LR]    [11/90] | Learning Rate: 0.001000
2026-03-06 10:17:28,718 - INFO - [Train] [11/90] | Loss: 0.3904 | Train Acc: 88.14%
2026-03-06 10:18:07,505 - INFO - [Valid] [11/90] | Loss: 0.3993 | Val Acc: 88.65%
2026-03-06 10:18:07,635 - INFO - [Metrics for 'Normal'] | Precision: 0.8923 | Recall: 0.8929 | F1: 0.8926
2026-03-06 10:18:07,635 - INFO - [Metrics for 'Defect'] | Precision: 0.8800 | Recall: 0.8793 | F1: 0.8797
2026-03-06 10:18:07,689 - INFO - [Best Model Saved] (val loss: 0.3993) -> 'log/Sewer_ML_flops/baseline_mobilenet_v4_s_l1_20260306_084950/best_model.pth'
2026-03-06 10:18:07,689 - INFO - --------------------------------------------------
2026-03-06 10:18:07,690 - INFO - [LR]    [12/90] | Learning Rate: 0.001000
2026-03-06 10:25:30,133 - INFO - [Train] [12/90] | Loss: 0.3764 | Train Acc: 89.13%
2026-03-06 10:26:09,117 - INFO - [Valid] [12/90] | Loss: 0.3930 | Val Acc: 89.09%
2026-03-06 10:26:09,270 - INFO - [Metrics for 'Normal'] | Precision: 0.9006 | Recall: 0.8917 | F1: 0.8962
2026-03-06 10:26:09,270 - INFO - [Metrics for 'Defect'] | Precision: 0.8801 | Recall: 0.8899 | F1: 0.8850
2026-03-06 10:26:09,338 - INFO - [Best Model Saved] (val loss: 0.3930) -> 'log/Sewer_ML_flops/baseline_mobilenet_v4_s_l1_20260306_084950/best_model.pth'
2026-03-06 10:26:09,338 - INFO - --------------------------------------------------
2026-03-06 10:26:09,339 - INFO - [LR]    [13/90] | Learning Rate: 0.000999
2026-03-06 10:33:33,192 - INFO - [Train] [13/90] | Loss: 0.3793 | Train Acc: 88.93%
2026-03-06 10:34:11,968 - INFO - [Valid] [13/90] | Loss: 0.3730 | Val Acc: 89.32%
2026-03-06 10:34:12,099 - INFO - [Metrics for 'Normal'] | Precision: 0.9141 | Recall: 0.8804 | F1: 0.8969
2026-03-06 10:34:12,099 - INFO - [Metrics for 'Defect'] | Precision: 0.8715 | Recall: 0.9074 | F1: 0.8891
2026-03-06 10:34:12,155 - INFO - [Best Model Saved] (val loss: 0.3730) -> 'log/Sewer_ML_flops/baseline_mobilenet_v4_s_l1_20260306_084950/best_model.pth'
2026-03-06 10:34:12,156 - INFO - --------------------------------------------------
2026-03-06 10:34:12,156 - INFO - [LR]    [14/90] | Learning Rate: 0.000997
2026-03-06 10:41:34,635 - INFO - [Train] [14/90] | Loss: 0.3719 | Train Acc: 89.37%
2026-03-06 10:42:13,437 - INFO - [Valid] [14/90] | Loss: 0.3646 | Val Acc: 89.71%
2026-03-06 10:42:13,577 - INFO - [Metrics for 'Normal'] | Precision: 0.9050 | Recall: 0.8996 | F1: 0.9023
2026-03-06 10:42:13,577 - INFO - [Metrics for 'Defect'] | Precision: 0.8883 | Recall: 0.8943 | F1: 0.8913
2026-03-06 10:42:13,633 - INFO - [Best Model Saved] (val loss: 0.3646) -> 'log/Sewer_ML_flops/baseline_mobilenet_v4_s_l1_20260306_084950/best_model.pth'
2026-03-06 10:42:13,633 - INFO - --------------------------------------------------
2026-03-06 10:42:13,634 - INFO - [LR]    [15/90] | Learning Rate: 0.000994
2026-03-06 10:49:35,208 - INFO - [Train] [15/90] | Loss: 0.3671 | Train Acc: 89.68%
2026-03-06 10:50:13,738 - INFO - [Valid] [15/90] | Loss: 0.3613 | Val Acc: 89.92%
2026-03-06 10:50:13,879 - INFO - [Metrics for 'Normal'] | Precision: 0.9162 | Recall: 0.8906 | F1: 0.9032
2026-03-06 10:50:13,879 - INFO - [Metrics for 'Defect'] | Precision: 0.8813 | Recall: 0.9089 | F1: 0.8949
2026-03-06 10:50:13,935 - INFO - [Best Model Saved] (val loss: 0.3613) -> 'log/Sewer_ML_flops/baseline_mobilenet_v4_s_l1_20260306_084950/best_model.pth'
2026-03-06 10:50:13,935 - INFO - --------------------------------------------------
2026-03-06 10:50:13,936 - INFO - [LR]    [16/90] | Learning Rate: 0.000991
2026-03-06 10:57:35,220 - INFO - [Train] [16/90] | Loss: 0.3716 | Train Acc: 89.51%
2026-03-06 10:58:13,817 - INFO - [Valid] [16/90] | Loss: 0.3616 | Val Acc: 89.90%
2026-03-06 10:58:13,957 - INFO - [Metrics for 'Normal'] | Precision: 0.9235 | Recall: 0.8818 | F1: 0.9022
2026-03-06 10:58:13,957 - INFO - [Metrics for 'Defect'] | Precision: 0.8741 | Recall: 0.9183 | F1: 0.8956
2026-03-06 10:58:14,001 - INFO - --------------------------------------------------
2026-03-06 10:58:14,002 - INFO - [LR]    [17/90] | Learning Rate: 0.000988
2026-03-06 11:05:35,591 - INFO - [Train] [17/90] | Loss: 0.3643 | Train Acc: 89.87%
2026-03-06 11:06:14,700 - INFO - [Valid] [17/90] | Loss: 0.3598 | Val Acc: 90.12%
2026-03-06 11:06:14,840 - INFO - [Metrics for 'Normal'] | Precision: 0.9160 | Recall: 0.8949 | F1: 0.9053
2026-03-06 11:06:14,840 - INFO - [Metrics for 'Defect'] | Precision: 0.8853 | Recall: 0.9082 | F1: 0.8966
2026-03-06 11:06:14,896 - INFO - [Best Model Saved] (val loss: 0.3598) -> 'log/Sewer_ML_flops/baseline_mobilenet_v4_s_l1_20260306_084950/best_model.pth'
2026-03-06 11:06:14,896 - INFO - --------------------------------------------------
2026-03-06 11:06:14,897 - INFO - [LR]    [18/90] | Learning Rate: 0.000983
2026-03-06 11:13:37,529 - INFO - [Train] [18/90] | Loss: 0.3662 | Train Acc: 89.76%
2026-03-06 11:14:16,322 - INFO - [Valid] [18/90] | Loss: 0.3822 | Val Acc: 89.71%
2026-03-06 11:14:16,462 - INFO - [Metrics for 'Normal'] | Precision: 0.9122 | Recall: 0.8910 | F1: 0.9014
2026-03-06 11:14:16,462 - INFO - [Metrics for 'Defect'] | Precision: 0.8811 | Recall: 0.9040 | F1: 0.8924
2026-03-06 11:14:16,506 - INFO - --------------------------------------------------
2026-03-06 11:14:16,506 - INFO - [LR]    [19/90] | Learning Rate: 0.000978
2026-03-06 11:21:36,932 - INFO - [Train] [19/90] | Loss: 0.3585 | Train Acc: 90.19%
2026-03-06 11:22:15,399 - INFO - [Valid] [19/90] | Loss: 0.4564 | Val Acc: 84.33%
2026-03-06 11:22:15,541 - INFO - [Metrics for 'Normal'] | Precision: 0.8496 | Recall: 0.8545 | F1: 0.8520
2026-03-06 11:22:15,541 - INFO - [Metrics for 'Defect'] | Precision: 0.8361 | Recall: 0.8307 | F1: 0.8334
2026-03-06 11:22:15,586 - INFO - --------------------------------------------------
2026-03-06 11:22:15,586 - INFO - [LR]    [20/90] | Learning Rate: 0.000972
2026-03-06 11:29:38,113 - INFO - [Train] [20/90] | Loss: 0.3790 | Train Acc: 88.93%
2026-03-06 11:30:16,897 - INFO - [Valid] [20/90] | Loss: 0.3621 | Val Acc: 89.98%
2026-03-06 11:30:17,038 - INFO - [Metrics for 'Normal'] | Precision: 0.9110 | Recall: 0.8980 | F1: 0.9045
2026-03-06 11:30:17,038 - INFO - [Metrics for 'Defect'] | Precision: 0.8877 | Recall: 0.9018 | F1: 0.8947
2026-03-06 11:30:17,082 - INFO - --------------------------------------------------
2026-03-06 11:30:17,083 - INFO - [LR]    [21/90] | Learning Rate: 0.000966
2026-03-06 11:37:38,732 - INFO - [Train] [21/90] | Loss: 0.3544 | Train Acc: 90.54%
2026-03-06 11:38:19,510 - INFO - [Valid] [21/90] | Loss: 0.3703 | Val Acc: 89.47%
2026-03-06 11:38:19,650 - INFO - [Metrics for 'Normal'] | Precision: 0.9098 | Recall: 0.8888 | F1: 0.8991
2026-03-06 11:38:19,650 - INFO - [Metrics for 'Defect'] | Precision: 0.8786 | Recall: 0.9014 | F1: 0.8899
2026-03-06 11:38:19,694 - INFO - --------------------------------------------------
2026-03-06 11:38:19,695 - INFO - [LR]    [22/90] | Learning Rate: 0.000959
2026-03-06 11:45:43,210 - INFO - [Train] [22/90] | Loss: 0.3520 | Train Acc: 90.67%
2026-03-06 11:46:22,245 - INFO - [Valid] [22/90] | Loss: 0.3538 | Val Acc: 90.43%
2026-03-06 11:46:22,386 - INFO - [Metrics for 'Normal'] | Precision: 0.9126 | Recall: 0.9056 | F1: 0.9091
2026-03-06 11:46:22,386 - INFO - [Metrics for 'Defect'] | Precision: 0.8952 | Recall: 0.9029 | F1: 0.8991
2026-03-06 11:46:22,442 - INFO - [Best Model Saved] (val loss: 0.3538) -> 'log/Sewer_ML_flops/baseline_mobilenet_v4_s_l1_20260306_084950/best_model.pth'
2026-03-06 11:46:22,443 - INFO - --------------------------------------------------
2026-03-06 11:46:22,443 - INFO - [LR]    [23/90] | Learning Rate: 0.000951
2026-03-06 11:53:44,277 - INFO - [Train] [23/90] | Loss: 0.3504 | Train Acc: 90.75%
2026-03-06 11:54:22,853 - INFO - [Valid] [23/90] | Loss: 0.3557 | Val Acc: 90.26%
2026-03-06 11:54:22,994 - INFO - [Metrics for 'Normal'] | Precision: 0.9103 | Recall: 0.9047 | F1: 0.9075
2026-03-06 11:54:22,995 - INFO - [Metrics for 'Defect'] | Precision: 0.8941 | Recall: 0.9003 | F1: 0.8972
2026-03-06 11:54:23,039 - INFO - --------------------------------------------------
2026-03-06 11:54:23,039 - INFO - [LR]    [24/90] | Learning Rate: 0.000943
2026-03-06 12:01:45,261 - INFO - [Train] [24/90] | Loss: 0.3457 | Train Acc: 91.09%
2026-03-06 12:02:23,721 - INFO - [Valid] [24/90] | Loss: 0.3537 | Val Acc: 90.45%
2026-03-06 12:02:23,850 - INFO - [Metrics for 'Normal'] | Precision: 0.9215 | Recall: 0.8954 | F1: 0.9083
2026-03-06 12:02:23,850 - INFO - [Metrics for 'Defect'] | Precision: 0.8865 | Recall: 0.9147 | F1: 0.9004
2026-03-06 12:02:23,917 - INFO - [Best Model Saved] (val loss: 0.3537) -> 'log/Sewer_ML_flops/baseline_mobilenet_v4_s_l1_20260306_084950/best_model.pth'
2026-03-06 12:02:23,917 - INFO - --------------------------------------------------
2026-03-06 12:02:23,917 - INFO - [LR]    [25/90] | Learning Rate: 0.000934
2026-03-06 12:09:45,264 - INFO - [Train] [25/90] | Loss: 0.3426 | Train Acc: 91.25%
2026-03-06 12:10:23,903 - INFO - [Valid] [25/90] | Loss: 0.3622 | Val Acc: 90.53%
2026-03-06 12:10:24,046 - INFO - [Metrics for 'Normal'] | Precision: 0.9189 | Recall: 0.9001 | F1: 0.9094
2026-03-06 12:10:24,046 - INFO - [Metrics for 'Defect'] | Precision: 0.8907 | Recall: 0.9111 | F1: 0.9008
2026-03-06 12:10:24,090 - INFO - --------------------------------------------------
2026-03-06 12:10:24,091 - INFO - [LR]    [26/90] | Learning Rate: 0.000924
2026-03-06 12:17:46,074 - INFO - [Train] [26/90] | Loss: 0.3389 | Train Acc: 91.47%
2026-03-06 12:18:24,711 - INFO - [Valid] [26/90] | Loss: 0.3512 | Val Acc: 90.65%
2026-03-06 12:18:24,853 - INFO - [Metrics for 'Normal'] | Precision: 0.9222 | Recall: 0.8987 | F1: 0.9103
2026-03-06 12:18:24,853 - INFO - [Metrics for 'Defect'] | Precision: 0.8898 | Recall: 0.9151 | F1: 0.9023
2026-03-06 12:18:24,910 - INFO - [Best Model Saved] (val loss: 0.3512) -> 'log/Sewer_ML_flops/baseline_mobilenet_v4_s_l1_20260306_084950/best_model.pth'
2026-03-06 12:18:24,910 - INFO - --------------------------------------------------
2026-03-06 12:18:24,910 - INFO - [LR]    [27/90] | Learning Rate: 0.000914
2026-03-06 12:25:47,135 - INFO - [Train] [27/90] | Loss: 0.3365 | Train Acc: 91.63%
2026-03-06 12:26:25,862 - INFO - [Valid] [27/90] | Loss: 0.3507 | Val Acc: 90.68%
2026-03-06 12:26:25,994 - INFO - [Metrics for 'Normal'] | Precision: 0.9186 | Recall: 0.9036 | F1: 0.9110
2026-03-06 12:26:25,994 - INFO - [Metrics for 'Defect'] | Precision: 0.8940 | Recall: 0.9104 | F1: 0.9022
2026-03-06 12:26:26,051 - INFO - [Best Model Saved] (val loss: 0.3507) -> 'log/Sewer_ML_flops/baseline_mobilenet_v4_s_l1_20260306_084950/best_model.pth'
2026-03-06 12:26:26,051 - INFO - --------------------------------------------------
2026-03-06 12:26:26,052 - INFO - [LR]    [28/90] | Learning Rate: 0.000903
2026-03-06 12:33:47,918 - INFO - [Train] [28/90] | Loss: 0.3401 | Train Acc: 91.52%
2026-03-06 12:34:26,636 - INFO - [Valid] [28/90] | Loss: 3.0668 | Val Acc: 90.35%
2026-03-06 12:34:26,768 - INFO - [Metrics for 'Normal'] | Precision: 0.9224 | Recall: 0.8924 | F1: 0.9072
2026-03-06 12:34:26,768 - INFO - [Metrics for 'Defect'] | Precision: 0.8838 | Recall: 0.9160 | F1: 0.8996
2026-03-06 12:34:26,813 - INFO - --------------------------------------------------
2026-03-06 12:34:26,813 - INFO - [LR]    [29/90] | Learning Rate: 0.000892
2026-03-06 12:41:48,431 - INFO - [Train] [29/90] | Loss: 0.3356 | Train Acc: 91.71%
2026-03-06 12:42:27,088 - INFO - [Valid] [29/90] | Loss: 0.3501 | Val Acc: 90.80%
2026-03-06 12:42:27,241 - INFO - [Metrics for 'Normal'] | Precision: 0.9139 | Recall: 0.9117 | F1: 0.9128
2026-03-06 12:42:27,242 - INFO - [Metrics for 'Defect'] | Precision: 0.9014 | Recall: 0.9039 | F1: 0.9026
2026-03-06 12:42:27,299 - INFO - [Best Model Saved] (val loss: 0.3501) -> 'log/Sewer_ML_flops/baseline_mobilenet_v4_s_l1_20260306_084950/best_model.pth'
2026-03-06 12:42:27,299 - INFO - --------------------------------------------------
2026-03-06 12:42:27,299 - INFO - [LR]    [30/90] | Learning Rate: 0.000880
2026-03-06 12:49:48,864 - INFO - [Train] [30/90] | Loss: 0.3346 | Train Acc: 91.81%
2026-03-06 12:50:27,579 - INFO - [Valid] [30/90] | Loss: 0.3503 | Val Acc: 90.79%
2026-03-06 12:50:27,721 - INFO - [Metrics for 'Normal'] | Precision: 0.9201 | Recall: 0.9041 | F1: 0.9120
2026-03-06 12:50:27,721 - INFO - [Metrics for 'Defect'] | Precision: 0.8947 | Recall: 0.9121 | F1: 0.9033
2026-03-06 12:50:27,766 - INFO - --------------------------------------------------
2026-03-06 12:50:27,767 - INFO - [LR]    [31/90] | Learning Rate: 0.000868
2026-03-06 12:57:49,229 - INFO - [Train] [31/90] | Loss: 0.3300 | Train Acc: 92.09%
2026-03-06 12:58:27,722 - INFO - [Valid] [31/90] | Loss: 0.3528 | Val Acc: 90.64%
2026-03-06 12:58:27,865 - INFO - [Metrics for 'Normal'] | Precision: 0.9193 | Recall: 0.9019 | F1: 0.9105
2026-03-06 12:58:27,865 - INFO - [Metrics for 'Defect'] | Precision: 0.8925 | Recall: 0.9114 | F1: 0.9018
2026-03-06 12:58:27,910 - INFO - --------------------------------------------------
2026-03-06 12:58:27,911 - INFO - [LR]    [32/90] | Learning Rate: 0.000855
2026-03-06 13:05:49,901 - INFO - [Train] [32/90] | Loss: 0.3266 | Train Acc: 92.28%
2026-03-06 13:06:29,120 - INFO - [Valid] [32/90] | Loss: 0.4243 | Val Acc: 90.69%
2026-03-06 13:06:29,262 - INFO - [Metrics for 'Normal'] | Precision: 0.9148 | Recall: 0.9083 | F1: 0.9115
2026-03-06 13:06:29,262 - INFO - [Metrics for 'Defect'] | Precision: 0.8982 | Recall: 0.9053 | F1: 0.9017
2026-03-06 13:06:29,307 - INFO - --------------------------------------------------
2026-03-06 13:06:29,307 - INFO - [LR]    [33/90] | Learning Rate: 0.000842
2026-03-06 13:13:51,638 - INFO - [Train] [33/90] | Loss: 0.3327 | Train Acc: 91.90%
2026-03-06 13:14:30,328 - INFO - [Valid] [33/90] | Loss: 0.3523 | Val Acc: 90.52%
2026-03-06 13:14:30,460 - INFO - [Metrics for 'Normal'] | Precision: 0.9229 | Recall: 0.8953 | F1: 0.9089
2026-03-06 13:14:30,460 - INFO - [Metrics for 'Defect'] | Precision: 0.8866 | Recall: 0.9163 | F1: 0.9012
2026-03-06 13:14:30,505 - INFO - --------------------------------------------------
2026-03-06 13:14:30,506 - INFO - [LR]    [34/90] | Learning Rate: 0.000829
2026-03-06 13:21:52,678 - INFO - [Train] [34/90] | Loss: 0.3217 | Train Acc: 92.58%
2026-03-06 13:22:31,942 - INFO - [Valid] [34/90] | Loss: 0.3496 | Val Acc: 90.79%
2026-03-06 13:22:32,107 - INFO - [Metrics for 'Normal'] | Precision: 0.9282 | Recall: 0.8947 | F1: 0.9112
2026-03-06 13:22:32,107 - INFO - [Metrics for 'Defect'] | Precision: 0.8868 | Recall: 0.9225 | F1: 0.9043
2026-03-06 13:22:32,178 - INFO - [Best Model Saved] (val loss: 0.3496) -> 'log/Sewer_ML_flops/baseline_mobilenet_v4_s_l1_20260306_084950/best_model.pth'
2026-03-06 13:22:32,178 - INFO - --------------------------------------------------
2026-03-06 13:22:32,179 - INFO - [LR]    [35/90] | Learning Rate: 0.000815
2026-03-06 13:29:54,354 - INFO - [Train] [35/90] | Loss: 0.3192 | Train Acc: 92.78%
2026-03-06 13:30:33,179 - INFO - [Valid] [35/90] | Loss: 0.3506 | Val Acc: 90.71%
2026-03-06 13:30:33,314 - INFO - [Metrics for 'Normal'] | Precision: 0.9210 | Recall: 0.9013 | F1: 0.9111
2026-03-06 13:30:33,314 - INFO - [Metrics for 'Defect'] | Precision: 0.8922 | Recall: 0.9135 | F1: 0.9027
2026-03-06 13:30:33,359 - INFO - --------------------------------------------------
2026-03-06 13:30:33,360 - INFO - [LR]    [36/90] | Learning Rate: 0.000800
2026-03-06 13:37:55,824 - INFO - [Train] [36/90] | Loss: 0.3189 | Train Acc: 92.83%
2026-03-06 13:38:34,396 - INFO - [Valid] [36/90] | Loss: 0.3547 | Val Acc: 90.61%
2026-03-06 13:38:34,539 - INFO - [Metrics for 'Normal'] | Precision: 0.9133 | Recall: 0.9084 | F1: 0.9109
2026-03-06 13:38:34,539 - INFO - [Metrics for 'Defect'] | Precision: 0.8981 | Recall: 0.9034 | F1: 0.9008
2026-03-06 13:38:34,584 - INFO - --------------------------------------------------
2026-03-06 13:38:34,585 - INFO - [LR]    [37/90] | Learning Rate: 0.000785
2026-03-06 13:45:56,841 - INFO - [Train] [37/90] | Loss: 0.3252 | Train Acc: 92.61%
2026-03-06 13:46:35,771 - INFO - [Valid] [37/90] | Loss: 0.3530 | Val Acc: 90.61%
2026-03-06 13:46:35,915 - INFO - [Metrics for 'Normal'] | Precision: 0.9193 | Recall: 0.9012 | F1: 0.9102
2026-03-06 13:46:35,915 - INFO - [Metrics for 'Defect'] | Precision: 0.8918 | Recall: 0.9115 | F1: 0.9015
2026-03-06 13:46:35,960 - INFO - --------------------------------------------------
2026-03-06 13:46:35,960 - INFO - [LR]    [38/90] | Learning Rate: 0.000770
2026-03-06 13:53:57,954 - INFO - [Train] [38/90] | Loss: 0.3148 | Train Acc: 93.13%
2026-03-06 13:54:36,800 - INFO - [Valid] [38/90] | Loss: 0.3530 | Val Acc: 90.70%
2026-03-06 13:54:36,943 - INFO - [Metrics for 'Normal'] | Precision: 0.9253 | Recall: 0.8963 | F1: 0.9106
2026-03-06 13:54:36,943 - INFO - [Metrics for 'Defect'] | Precision: 0.8878 | Recall: 0.9191 | F1: 0.9032
2026-03-06 13:54:36,987 - INFO - --------------------------------------------------
2026-03-06 13:54:36,988 - INFO - [LR]    [39/90] | Learning Rate: 0.000754
2026-03-06 14:01:58,392 - INFO - [Train] [39/90] | Loss: 0.3147 | Train Acc: 93.08%
2026-03-06 14:02:37,421 - INFO - [Valid] [39/90] | Loss: 0.3493 | Val Acc: 90.79%
2026-03-06 14:02:37,564 - INFO - [Metrics for 'Normal'] | Precision: 0.9206 | Recall: 0.9035 | F1: 0.9120
2026-03-06 14:02:37,564 - INFO - [Metrics for 'Defect'] | Precision: 0.8942 | Recall: 0.9128 | F1: 0.9034
2026-03-06 14:02:37,622 - INFO - [Best Model Saved] (val loss: 0.3493) -> 'log/Sewer_ML_flops/baseline_mobilenet_v4_s_l1_20260306_084950/best_model.pth'
2026-03-06 14:02:37,622 - INFO - --------------------------------------------------
2026-03-06 14:02:37,622 - INFO - [LR]    [40/90] | Learning Rate: 0.000738
2026-03-06 14:09:59,977 - INFO - [Train] [40/90] | Loss: 0.3161 | Train Acc: 93.04%
2026-03-06 14:10:38,446 - INFO - [Valid] [40/90] | Loss: 0.3505 | Val Acc: 90.83%
2026-03-06 14:10:38,588 - INFO - [Metrics for 'Normal'] | Precision: 0.9210 | Recall: 0.9038 | F1: 0.9123
2026-03-06 14:10:38,588 - INFO - [Metrics for 'Defect'] | Precision: 0.8946 | Recall: 0.9132 | F1: 0.9038
2026-03-06 14:10:38,634 - INFO - --------------------------------------------------
2026-03-06 14:10:38,634 - INFO - [LR]    [41/90] | Learning Rate: 0.000722
2026-03-06 14:18:00,266 - INFO - [Train] [41/90] | Loss: 0.3116 | Train Acc: 93.32%
2026-03-06 14:18:38,623 - INFO - [Valid] [41/90] | Loss: 0.3515 | Val Acc: 90.79%
2026-03-06 14:18:38,757 - INFO - [Metrics for 'Normal'] | Precision: 0.9159 | Recall: 0.9090 | F1: 0.9125
2026-03-06 14:18:38,757 - INFO - [Metrics for 'Defect'] | Precision: 0.8990 | Recall: 0.9066 | F1: 0.9028
2026-03-06 14:18:38,803 - INFO - --------------------------------------------------
2026-03-06 14:18:38,803 - INFO - [LR]    [42/90] | Learning Rate: 0.000706
2026-03-06 14:25:59,503 - INFO - [Train] [42/90] | Loss: 0.3094 | Train Acc: 93.46%
2026-03-06 14:26:38,329 - INFO - [Valid] [42/90] | Loss: 0.3548 | Val Acc: 90.58%
2026-03-06 14:26:38,462 - INFO - [Metrics for 'Normal'] | Precision: 0.9172 | Recall: 0.9033 | F1: 0.9102
2026-03-06 14:26:38,462 - INFO - [Metrics for 'Defect'] | Precision: 0.8936 | Recall: 0.9087 | F1: 0.9011
2026-03-06 14:26:38,507 - INFO - --------------------------------------------------
2026-03-06 14:26:38,508 - INFO - [LR]    [43/90] | Learning Rate: 0.000689
2026-03-06 14:34:00,585 - INFO - [Train] [43/90] | Loss: 0.3061 | Train Acc: 93.64%
2026-03-06 14:34:39,569 - INFO - [Valid] [43/90] | Loss: 0.3689 | Val Acc: 90.47%
2026-03-06 14:34:39,737 - INFO - [Metrics for 'Normal'] | Precision: 0.9202 | Recall: 0.8973 | F1: 0.9086
2026-03-06 14:34:39,737 - INFO - [Metrics for 'Defect'] | Precision: 0.8882 | Recall: 0.9129 | F1: 0.9004
2026-03-06 14:34:39,783 - INFO - --------------------------------------------------
2026-03-06 14:34:39,784 - INFO - [LR]    [44/90] | Learning Rate: 0.000672
2026-03-06 14:42:01,924 - INFO - [Train] [44/90] | Loss: 0.3049 | Train Acc: 93.73%
2026-03-06 14:42:40,786 - INFO - [Valid] [44/90] | Loss: 0.3544 | Val Acc: 90.74%
2026-03-06 14:42:40,919 - INFO - [Metrics for 'Normal'] | Precision: 0.9237 | Recall: 0.8990 | F1: 0.9112
2026-03-06 14:42:40,919 - INFO - [Metrics for 'Defect'] | Precision: 0.8902 | Recall: 0.9169 | F1: 0.9034
2026-03-06 14:42:40,964 - INFO - --------------------------------------------------
2026-03-06 14:42:40,965 - INFO - [LR]    [45/90] | Learning Rate: 0.000655
2026-03-06 14:50:03,652 - INFO - [Train] [45/90] | Loss: 0.3024 | Train Acc: 93.88%
2026-03-06 14:50:41,938 - INFO - [Valid] [45/90] | Loss: 0.3548 | Val Acc: 90.61%
2026-03-06 14:50:42,080 - INFO - [Metrics for 'Normal'] | Precision: 0.9257 | Recall: 0.8939 | F1: 0.9095
2026-03-06 14:50:42,080 - INFO - [Metrics for 'Defect'] | Precision: 0.8856 | Recall: 0.9197 | F1: 0.9023
2026-03-06 14:50:42,125 - INFO - --------------------------------------------------
2026-03-06 14:50:42,125 - INFO - [LR]    [46/90] | Learning Rate: 0.000638
2026-03-06 14:58:03,765 - INFO - [Train] [46/90] | Loss: 0.2995 | Train Acc: 94.06%
2026-03-06 14:58:42,912 - INFO - [Valid] [46/90] | Loss: 0.3604 | Val Acc: 90.45%
2026-03-06 14:58:43,056 - INFO - [Metrics for 'Normal'] | Precision: 0.9274 | Recall: 0.8888 | F1: 0.9077
2026-03-06 14:58:43,056 - INFO - [Metrics for 'Defect'] | Precision: 0.8811 | Recall: 0.9221 | F1: 0.9011
2026-03-06 14:58:43,101 - INFO - --------------------------------------------------
2026-03-06 14:58:43,101 - INFO - [LR]    [47/90] | Learning Rate: 0.000620
2026-03-06 15:06:04,789 - INFO - [Train] [47/90] | Loss: 0.3007 | Train Acc: 94.01%
2026-03-06 15:06:43,719 - INFO - [Valid] [47/90] | Loss: 0.3595 | Val Acc: 90.63%
2026-03-06 15:06:43,902 - INFO - [Metrics for 'Normal'] | Precision: 0.9134 | Recall: 0.9087 | F1: 0.9110
2026-03-06 15:06:43,902 - INFO - [Metrics for 'Defect'] | Precision: 0.8984 | Recall: 0.9036 | F1: 0.9010
2026-03-06 15:06:43,948 - INFO - --------------------------------------------------
2026-03-06 15:06:43,948 - INFO - [LR]    [48/90] | Learning Rate: 0.000603
2026-03-06 15:14:04,774 - INFO - [Train] [48/90] | Loss: 0.2953 | Train Acc: 94.38%
2026-03-06 15:14:43,402 - INFO - [Valid] [48/90] | Loss: 0.3626 | Val Acc: 90.52%
2026-03-06 15:14:43,544 - INFO - [Metrics for 'Normal'] | Precision: 0.9208 | Recall: 0.8977 | F1: 0.9091
2026-03-06 15:14:43,544 - INFO - [Metrics for 'Defect'] | Precision: 0.8887 | Recall: 0.9136 | F1: 0.9010
2026-03-06 15:14:43,589 - INFO - --------------------------------------------------
2026-03-06 15:14:43,590 - INFO - [LR]    [49/90] | Learning Rate: 0.000585
2026-03-06 15:22:05,175 - INFO - [Train] [49/90] | Loss: 0.2942 | Train Acc: 94.44%
2026-03-06 15:22:44,523 - INFO - [Valid] [49/90] | Loss: 0.9364 | Val Acc: 90.05%
2026-03-06 15:22:44,666 - INFO - [Metrics for 'Normal'] | Precision: 0.9161 | Recall: 0.8936 | F1: 0.9047
2026-03-06 15:22:44,666 - INFO - [Metrics for 'Defect'] | Precision: 0.8840 | Recall: 0.9084 | F1: 0.8960
2026-03-06 15:22:44,711 - INFO - --------------------------------------------------
2026-03-06 15:22:44,711 - INFO - [LR]    [50/90] | Learning Rate: 0.000568
2026-03-06 15:30:06,916 - INFO - [Train] [50/90] | Loss: 0.2948 | Train Acc: 94.45%
2026-03-06 15:30:45,751 - INFO - [Valid] [50/90] | Loss: 0.3605 | Val Acc: 90.57%
2026-03-06 15:30:45,893 - INFO - [Metrics for 'Normal'] | Precision: 0.9190 | Recall: 0.9008 | F1: 0.9098
2026-03-06 15:30:45,893 - INFO - [Metrics for 'Defect'] | Precision: 0.8914 | Recall: 0.9111 | F1: 0.9011
2026-03-06 15:30:45,938 - INFO - --------------------------------------------------
2026-03-06 15:30:45,938 - INFO - [LR]    [51/90] | Learning Rate: 0.000550
2026-03-06 15:38:06,514 - INFO - [Train] [51/90] | Loss: 0.2906 | Train Acc: 94.67%
2026-03-06 15:38:45,984 - INFO - [Valid] [51/90] | Loss: 0.3658 | Val Acc: 90.43%
2026-03-06 15:38:46,127 - INFO - [Metrics for 'Normal'] | Precision: 0.9187 | Recall: 0.8982 | F1: 0.9084
2026-03-06 15:38:46,127 - INFO - [Metrics for 'Defect'] | Precision: 0.8889 | Recall: 0.9111 | F1: 0.8998
2026-03-06 15:38:46,172 - INFO - --------------------------------------------------
2026-03-06 15:38:46,172 - INFO - [LR]    [52/90] | Learning Rate: 0.000532
2026-03-06 15:46:07,358 - INFO - [Train] [52/90] | Loss: 0.2878 | Train Acc: 94.85%
2026-03-06 15:46:46,353 - INFO - [Valid] [52/90] | Loss: 0.3732 | Val Acc: 90.18%
2026-03-06 15:46:46,495 - INFO - [Metrics for 'Normal'] | Precision: 0.9228 | Recall: 0.8883 | F1: 0.9052
2026-03-06 15:46:46,495 - INFO - [Metrics for 'Defect'] | Precision: 0.8800 | Recall: 0.9168 | F1: 0.8980
2026-03-06 15:46:46,540 - INFO - --------------------------------------------------
2026-03-06 15:46:46,541 - INFO - [LR]    [53/90] | Learning Rate: 0.000515
2026-03-06 15:54:06,441 - INFO - [Train] [53/90] | Loss: 0.2868 | Train Acc: 94.93%
2026-03-06 15:54:45,443 - INFO - [Valid] [53/90] | Loss: 0.3660 | Val Acc: 90.42%
2026-03-06 15:54:45,629 - INFO - [Metrics for 'Normal'] | Precision: 0.9226 | Recall: 0.8936 | F1: 0.9078
2026-03-06 15:54:45,630 - INFO - [Metrics for 'Defect'] | Precision: 0.8850 | Recall: 0.9160 | F1: 0.9002
2026-03-06 15:54:45,691 - INFO - --------------------------------------------------
2026-03-06 15:54:45,692 - INFO - [LR]    [54/90] | Learning Rate: 0.000497
2026-03-06 16:02:06,840 - INFO - [Train] [54/90] | Loss: 0.2842 | Train Acc: 95.11%
2026-03-06 16:02:45,582 - INFO - [Valid] [54/90] | Loss: 0.3835 | Val Acc: 90.18%
2026-03-06 16:02:45,735 - INFO - [Metrics for 'Normal'] | Precision: 0.9170 | Recall: 0.8951 | F1: 0.9059
2026-03-06 16:02:45,735 - INFO - [Metrics for 'Defect'] | Precision: 0.8857 | Recall: 0.9093 | F1: 0.8974
2026-03-06 16:02:45,800 - INFO - --------------------------------------------------
2026-03-06 16:02:45,801 - INFO - [LR]    [55/90] | Learning Rate: 0.000480
2026-03-06 16:10:07,424 - INFO - [Train] [55/90] | Loss: 0.2816 | Train Acc: 95.25%
2026-03-06 16:10:45,706 - INFO - [Valid] [55/90] | Loss: 0.3699 | Val Acc: 90.27%
2026-03-06 16:10:45,850 - INFO - [Metrics for 'Normal'] | Precision: 0.9150 | Recall: 0.8993 | F1: 0.9071
2026-03-06 16:10:45,850 - INFO - [Metrics for 'Defect'] | Precision: 0.8894 | Recall: 0.9065 | F1: 0.8979
2026-03-06 16:10:45,896 - INFO - --------------------------------------------------
2026-03-06 16:10:45,896 - INFO - [LR]    [56/90] | Learning Rate: 0.000462
2026-03-06 16:18:08,199 - INFO - [Train] [56/90] | Loss: 0.2801 | Train Acc: 95.36%
2026-03-06 16:18:47,140 - INFO - [Valid] [56/90] | Loss: 0.3731 | Val Acc: 90.37%
2026-03-06 16:18:47,282 - INFO - [Metrics for 'Normal'] | Precision: 0.9199 | Recall: 0.8957 | F1: 0.9076
2026-03-06 16:18:47,282 - INFO - [Metrics for 'Defect'] | Precision: 0.8866 | Recall: 0.9127 | F1: 0.8995
2026-03-06 16:18:47,326 - INFO - --------------------------------------------------
2026-03-06 16:18:47,327 - INFO - [LR]    [57/90] | Learning Rate: 0.000445
2026-03-06 16:26:07,533 - INFO - [Train] [57/90] | Loss: 0.2781 | Train Acc: 95.50%
2026-03-06 16:26:46,542 - INFO - [Valid] [57/90] | Loss: 0.3731 | Val Acc: 90.16%
2026-03-06 16:26:46,686 - INFO - [Metrics for 'Normal'] | Precision: 0.9186 | Recall: 0.8928 | F1: 0.9055
2026-03-06 16:26:46,686 - INFO - [Metrics for 'Defect'] | Precision: 0.8836 | Recall: 0.9114 | F1: 0.8973
2026-03-06 16:26:46,731 - INFO - --------------------------------------------------
2026-03-06 16:26:46,732 - INFO - [LR]    [58/90] | Learning Rate: 0.000428
2026-03-06 16:34:08,909 - INFO - [Train] [58/90] | Loss: 0.2767 | Train Acc: 95.59%
2026-03-06 16:34:47,929 - INFO - [Valid] [58/90] | Loss: 0.3736 | Val Acc: 90.19%
2026-03-06 16:34:48,063 - INFO - [Metrics for 'Normal'] | Precision: 0.9172 | Recall: 0.8951 | F1: 0.9060
2026-03-06 16:34:48,063 - INFO - [Metrics for 'Defect'] | Precision: 0.8856 | Recall: 0.9096 | F1: 0.8974
2026-03-06 16:34:48,108 - INFO - --------------------------------------------------
2026-03-06 16:34:48,109 - INFO - [LR]    [59/90] | Learning Rate: 0.000411
2026-03-06 16:42:10,637 - INFO - [Train] [59/90] | Loss: 0.2736 | Train Acc: 95.75%
2026-03-06 16:42:49,418 - INFO - [Valid] [59/90] | Loss: 0.3740 | Val Acc: 90.24%
2026-03-06 16:42:49,552 - INFO - [Metrics for 'Normal'] | Precision: 0.9118 | Recall: 0.9025 | F1: 0.9071
2026-03-06 16:42:49,552 - INFO - [Metrics for 'Defect'] | Precision: 0.8921 | Recall: 0.9023 | F1: 0.8972
2026-03-06 16:42:49,598 - INFO - --------------------------------------------------
2026-03-06 16:42:49,599 - INFO - [LR]    [60/90] | Learning Rate: 0.000394
2026-03-06 16:50:10,906 - INFO - [Train] [60/90] | Loss: 0.2725 | Train Acc: 95.86%
2026-03-06 16:50:49,983 - INFO - [Valid] [60/90] | Loss: 0.3775 | Val Acc: 90.22%
2026-03-06 16:50:50,127 - INFO - [Metrics for 'Normal'] | Precision: 0.9114 | Recall: 0.9025 | F1: 0.9069
2026-03-06 16:50:50,127 - INFO - [Metrics for 'Defect'] | Precision: 0.8920 | Recall: 0.9018 | F1: 0.8969
2026-03-06 16:50:50,173 - INFO - --------------------------------------------------
2026-03-06 16:50:50,173 - INFO - [LR]    [61/90] | Learning Rate: 0.000378
2026-03-06 16:58:12,014 - INFO - [Train] [61/90] | Loss: 0.2701 | Train Acc: 96.01%
2026-03-06 16:58:50,739 - INFO - [Valid] [61/90] | Loss: 0.3785 | Val Acc: 89.94%
2026-03-06 16:58:50,883 - INFO - [Metrics for 'Normal'] | Precision: 0.9175 | Recall: 0.8894 | F1: 0.9032
2026-03-06 16:58:50,883 - INFO - [Metrics for 'Defect'] | Precision: 0.8803 | Recall: 0.9106 | F1: 0.8952
2026-03-06 16:58:50,929 - INFO - --------------------------------------------------
2026-03-06 16:58:50,929 - INFO - [LR]    [62/90] | Learning Rate: 0.000362
2026-03-06 17:06:12,896 - INFO - [Train] [62/90] | Loss: 0.2680 | Train Acc: 96.14%
2026-03-06 17:06:51,824 - INFO - [Valid] [62/90] | Loss: 0.3782 | Val Acc: 90.24%
2026-03-06 17:06:51,991 - INFO - [Metrics for 'Normal'] | Precision: 0.9172 | Recall: 0.8960 | F1: 0.9065
2026-03-06 17:06:51,991 - INFO - [Metrics for 'Defect'] | Precision: 0.8865 | Recall: 0.9095 | F1: 0.8979
2026-03-06 17:06:52,037 - INFO - --------------------------------------------------
2026-03-06 17:06:52,037 - INFO - [LR]    [63/90] | Learning Rate: 0.000346
2026-03-06 17:14:13,513 - INFO - [Train] [63/90] | Loss: 0.2681 | Train Acc: 96.15%
2026-03-06 17:14:52,244 - INFO - [Valid] [63/90] | Loss: 0.3777 | Val Acc: 90.15%
2026-03-06 17:14:52,379 - INFO - [Metrics for 'Normal'] | Precision: 0.9125 | Recall: 0.8997 | F1: 0.9060
2026-03-06 17:14:52,379 - INFO - [Metrics for 'Defect'] | Precision: 0.8894 | Recall: 0.9035 | F1: 0.8964
2026-03-06 17:14:52,425 - INFO - --------------------------------------------------
2026-03-06 17:14:52,426 - INFO - [LR]    [64/90] | Learning Rate: 0.000330
2026-03-06 17:22:14,392 - INFO - [Train] [64/90] | Loss: 0.2634 | Train Acc: 96.44%
2026-03-06 17:22:53,724 - INFO - [Valid] [64/90] | Loss: 0.3832 | Val Acc: 90.06%
2026-03-06 17:22:53,868 - INFO - [Metrics for 'Normal'] | Precision: 0.9164 | Recall: 0.8933 | F1: 0.9047
2026-03-06 17:22:53,868 - INFO - [Metrics for 'Defect'] | Precision: 0.8838 | Recall: 0.9088 | F1: 0.8962
2026-03-06 17:22:53,914 - INFO - --------------------------------------------------
2026-03-06 17:22:53,914 - INFO - [LR]    [65/90] | Learning Rate: 0.000315
2026-03-06 17:30:15,777 - INFO - [Train] [65/90] | Loss: 0.2630 | Train Acc: 96.46%
2026-03-06 17:30:54,628 - INFO - [Valid] [65/90] | Loss: 0.3838 | Val Acc: 90.07%
2026-03-06 17:30:54,830 - INFO - [Metrics for 'Normal'] | Precision: 0.9178 | Recall: 0.8918 | F1: 0.9046
2026-03-06 17:30:54,830 - INFO - [Metrics for 'Defect'] | Precision: 0.8826 | Recall: 0.9106 | F1: 0.8964
2026-03-06 17:30:54,900 - INFO - --------------------------------------------------
2026-03-06 17:30:54,901 - INFO - [LR]    [66/90] | Learning Rate: 0.000300
2026-03-06 17:38:17,087 - INFO - [Train] [66/90] | Loss: 0.2614 | Train Acc: 96.56%
2026-03-06 17:38:56,224 - INFO - [Valid] [66/90] | Loss: 0.3836 | Val Acc: 90.24%
2026-03-06 17:38:56,368 - INFO - [Metrics for 'Normal'] | Precision: 0.9151 | Recall: 0.8987 | F1: 0.9068
2026-03-06 17:38:56,368 - INFO - [Metrics for 'Defect'] | Precision: 0.8888 | Recall: 0.9066 | F1: 0.8976
2026-03-06 17:38:56,414 - INFO - --------------------------------------------------
2026-03-06 17:38:56,414 - INFO - [LR]    [67/90] | Learning Rate: 0.000285
2026-03-06 17:46:18,494 - INFO - [Train] [67/90] | Loss: 0.2600 | Train Acc: 96.65%
2026-03-06 17:46:57,483 - INFO - [Valid] [67/90] | Loss: 0.3870 | Val Acc: 90.04%
2026-03-06 17:46:57,659 - INFO - [Metrics for 'Normal'] | Precision: 0.9104 | Recall: 0.8999 | F1: 0.9051
2026-03-06 17:46:57,659 - INFO - [Metrics for 'Defect'] | Precision: 0.8894 | Recall: 0.9009 | F1: 0.8951
2026-03-06 17:46:57,705 - INFO - --------------------------------------------------
2026-03-06 17:46:57,706 - INFO - [LR]    [68/90] | Learning Rate: 0.000271
2026-03-06 17:54:18,415 - INFO - [Train] [68/90] | Loss: 0.2581 | Train Acc: 96.76%
2026-03-06 17:54:57,285 - INFO - [Valid] [68/90] | Loss: 0.3897 | Val Acc: 89.91%
2026-03-06 17:54:57,419 - INFO - [Metrics for 'Normal'] | Precision: 0.9141 | Recall: 0.8928 | F1: 0.9033
2026-03-06 17:54:57,419 - INFO - [Metrics for 'Defect'] | Precision: 0.8830 | Recall: 0.9061 | F1: 0.8944
2026-03-06 17:54:57,466 - INFO - --------------------------------------------------
2026-03-06 17:54:57,466 - INFO - [LR]    [69/90] | Learning Rate: 0.000258
2026-03-06 18:02:18,652 - INFO - [Train] [69/90] | Loss: 0.2566 | Train Acc: 96.86%
2026-03-06 18:02:57,148 - INFO - [Valid] [69/90] | Loss: 0.3908 | Val Acc: 90.00%
2026-03-06 18:02:57,284 - INFO - [Metrics for 'Normal'] | Precision: 0.9118 | Recall: 0.8974 | F1: 0.9045
2026-03-06 18:02:57,284 - INFO - [Metrics for 'Defect'] | Precision: 0.8871 | Recall: 0.9028 | F1: 0.8949
2026-03-06 18:02:57,330 - INFO - --------------------------------------------------
2026-03-06 18:02:57,331 - INFO - [LR]    [70/90] | Learning Rate: 0.000245
2026-03-06 18:10:19,279 - INFO - [Train] [70/90] | Loss: 0.2548 | Train Acc: 96.98%
2026-03-06 18:10:58,295 - INFO - [Valid] [70/90] | Loss: 0.3919 | Val Acc: 89.92%
2026-03-06 18:10:58,431 - INFO - [Metrics for 'Normal'] | Precision: 0.9144 | Recall: 0.8926 | F1: 0.9034
2026-03-06 18:10:58,431 - INFO - [Metrics for 'Defect'] | Precision: 0.8829 | Recall: 0.9065 | F1: 0.8946
2026-03-06 18:10:58,477 - INFO - --------------------------------------------------
2026-03-06 18:10:58,477 - INFO - [LR]    [71/90] | Learning Rate: 0.000232
2026-03-06 18:18:20,991 - INFO - [Train] [71/90] | Loss: 0.2534 | Train Acc: 97.07%
2026-03-06 18:18:59,817 - INFO - [Valid] [71/90] | Loss: 0.3944 | Val Acc: 89.93%
2026-03-06 18:18:59,962 - INFO - [Metrics for 'Normal'] | Precision: 0.9120 | Recall: 0.8956 | F1: 0.9037
2026-03-06 18:18:59,962 - INFO - [Metrics for 'Defect'] | Precision: 0.8855 | Recall: 0.9033 | F1: 0.8943
2026-03-06 18:19:00,008 - INFO - --------------------------------------------------
2026-03-06 18:19:00,009 - INFO - [LR]    [72/90] | Learning Rate: 0.000220
2026-03-06 18:26:21,651 - INFO - [Train] [72/90] | Loss: 0.2521 | Train Acc: 97.14%
2026-03-06 18:27:00,514 - INFO - [Valid] [72/90] | Loss: 0.3890 | Val Acc: 90.10%
2026-03-06 18:27:00,660 - INFO - [Metrics for 'Normal'] | Precision: 0.9166 | Recall: 0.8937 | F1: 0.9050
2026-03-06 18:27:00,660 - INFO - [Metrics for 'Defect'] | Precision: 0.8843 | Recall: 0.9090 | F1: 0.8965
2026-03-06 18:27:00,706 - INFO - --------------------------------------------------
2026-03-06 18:27:00,707 - INFO - [LR]    [73/90] | Learning Rate: 0.000208
2026-03-06 18:34:23,222 - INFO - [Train] [73/90] | Loss: 0.2504 | Train Acc: 97.25%
2026-03-06 18:35:02,240 - INFO - [Valid] [73/90] | Loss: 0.3946 | Val Acc: 90.03%
2026-03-06 18:35:02,386 - INFO - [Metrics for 'Normal'] | Precision: 0.9140 | Recall: 0.8954 | F1: 0.9046
2026-03-06 18:35:02,386 - INFO - [Metrics for 'Defect'] | Precision: 0.8855 | Recall: 0.9057 | F1: 0.8955
2026-03-06 18:35:02,432 - INFO - --------------------------------------------------
2026-03-06 18:35:02,433 - INFO - [LR]    [74/90] | Learning Rate: 0.000197
2026-03-06 18:42:26,390 - INFO - [Train] [74/90] | Loss: 0.2493 | Train Acc: 97.32%
2026-03-06 18:43:04,970 - INFO - [Valid] [74/90] | Loss: 0.3967 | Val Acc: 89.87%
2026-03-06 18:43:05,106 - INFO - [Metrics for 'Normal'] | Precision: 0.9154 | Recall: 0.8905 | F1: 0.9027
2026-03-06 18:43:05,106 - INFO - [Metrics for 'Defect'] | Precision: 0.8810 | Recall: 0.9079 | F1: 0.8942
2026-03-06 18:43:05,153 - INFO - --------------------------------------------------
2026-03-06 18:43:05,154 - INFO - [LR]    [75/90] | Learning Rate: 0.000186
2026-03-06 18:50:27,957 - INFO - [Train] [75/90] | Loss: 0.2482 | Train Acc: 97.41%
2026-03-06 18:51:06,844 - INFO - [Valid] [75/90] | Loss: 0.3947 | Val Acc: 90.01%
2026-03-06 18:51:06,981 - INFO - [Metrics for 'Normal'] | Precision: 0.9113 | Recall: 0.8982 | F1: 0.9047
2026-03-06 18:51:06,981 - INFO - [Metrics for 'Defect'] | Precision: 0.8879 | Recall: 0.9022 | F1: 0.8950
2026-03-06 18:51:07,028 - INFO - --------------------------------------------------
2026-03-06 18:51:07,028 - INFO - [LR]    [76/90] | Learning Rate: 0.000176
2026-03-06 18:58:28,406 - INFO - [Train] [76/90] | Loss: 0.2466 | Train Acc: 97.48%
2026-03-06 18:59:07,493 - INFO - [Valid] [76/90] | Loss: 0.4004 | Val Acc: 89.84%
2026-03-06 18:59:07,640 - INFO - [Metrics for 'Normal'] | Precision: 0.9136 | Recall: 0.8919 | F1: 0.9027
2026-03-06 18:59:07,640 - INFO - [Metrics for 'Defect'] | Precision: 0.8822 | Recall: 0.9056 | F1: 0.8938
2026-03-06 18:59:07,686 - INFO - --------------------------------------------------
2026-03-06 18:59:07,687 - INFO - [LR]    [77/90] | Learning Rate: 0.000166
2026-03-06 19:06:31,260 - INFO - [Train] [77/90] | Loss: 0.2456 | Train Acc: 97.55%
2026-03-06 19:07:10,461 - INFO - [Valid] [77/90] | Loss: 0.4023 | Val Acc: 89.85%
2026-03-06 19:07:10,613 - INFO - [Metrics for 'Normal'] | Precision: 0.9131 | Recall: 0.8928 | F1: 0.9028
2026-03-06 19:07:10,613 - INFO - [Metrics for 'Defect'] | Precision: 0.8829 | Recall: 0.9049 | F1: 0.8938
2026-03-06 19:07:10,660 - INFO - --------------------------------------------------
2026-03-06 19:07:10,660 - INFO - [LR]    [78/90] | Learning Rate: 0.000157
2026-03-06 19:14:32,169 - INFO - [Train] [78/90] | Loss: 0.2446 | Train Acc: 97.61%
2026-03-06 19:15:11,229 - INFO - [Valid] [78/90] | Loss: 0.4029 | Val Acc: 89.85%
2026-03-06 19:15:11,374 - INFO - [Metrics for 'Normal'] | Precision: 0.9078 | Recall: 0.8991 | F1: 0.9034
2026-03-06 19:15:11,375 - INFO - [Metrics for 'Defect'] | Precision: 0.8882 | Recall: 0.8978 | F1: 0.8930
2026-03-06 19:15:11,421 - INFO - --------------------------------------------------
2026-03-06 19:15:11,421 - INFO - [LR]    [79/90] | Learning Rate: 0.000149
2026-03-06 19:22:34,013 - INFO - [Train] [79/90] | Loss: 0.2436 | Train Acc: 97.67%
2026-03-06 19:23:13,139 - INFO - [Valid] [79/90] | Loss: 0.4032 | Val Acc: 89.89%
2026-03-06 19:23:13,275 - INFO - [Metrics for 'Normal'] | Precision: 0.9139 | Recall: 0.8927 | F1: 0.9032
2026-03-06 19:23:13,275 - INFO - [Metrics for 'Defect'] | Precision: 0.8830 | Recall: 0.9058 | F1: 0.8943
2026-03-06 19:23:13,322 - INFO - --------------------------------------------------
2026-03-06 19:23:13,322 - INFO - [LR]    [80/90] | Learning Rate: 0.000141
2026-03-06 19:30:35,293 - INFO - [Train] [80/90] | Loss: 0.2425 | Train Acc: 97.74%
2026-03-06 19:31:14,170 - INFO - [Valid] [80/90] | Loss: 0.4058 | Val Acc: 89.79%
2026-03-06 19:31:14,307 - INFO - [Metrics for 'Normal'] | Precision: 0.9132 | Recall: 0.8913 | F1: 0.9021
2026-03-06 19:31:14,307 - INFO - [Metrics for 'Defect'] | Precision: 0.8815 | Recall: 0.9052 | F1: 0.8932
2026-03-06 19:31:14,354 - INFO - --------------------------------------------------
2026-03-06 19:31:14,354 - INFO - [LR]    [81/90] | Learning Rate: 0.000134
2026-03-06 19:38:35,998 - INFO - [Train] [81/90] | Loss: 0.2419 | Train Acc: 97.79%
2026-03-06 19:39:15,107 - INFO - [Valid] [81/90] | Loss: 0.4048 | Val Acc: 89.88%
2026-03-06 19:39:15,243 - INFO - [Metrics for 'Normal'] | Precision: 0.9111 | Recall: 0.8957 | F1: 0.9033
2026-03-06 19:39:15,243 - INFO - [Metrics for 'Defect'] | Precision: 0.8855 | Recall: 0.9021 | F1: 0.8937
2026-03-06 19:39:15,290 - INFO - --------------------------------------------------
2026-03-06 19:39:15,290 - INFO - [LR]    [82/90] | Learning Rate: 0.000128
2026-03-06 19:46:37,577 - INFO - [Train] [82/90] | Loss: 0.2408 | Train Acc: 97.85%
2026-03-06 19:47:16,603 - INFO - [Valid] [82/90] | Loss: 0.4067 | Val Acc: 89.81%
2026-03-06 19:47:16,750 - INFO - [Metrics for 'Normal'] | Precision: 0.9092 | Recall: 0.8965 | F1: 0.9028
2026-03-06 19:47:16,750 - INFO - [Metrics for 'Defect'] | Precision: 0.8860 | Recall: 0.8998 | F1: 0.8928
2026-03-06 19:47:16,797 - INFO - --------------------------------------------------
2026-03-06 19:47:16,798 - INFO - [LR]    [83/90] | Learning Rate: 0.000122
2026-03-06 19:54:39,920 - INFO - [Train] [83/90] | Loss: 0.2400 | Train Acc: 97.91%
2026-03-06 19:55:18,906 - INFO - [Valid] [83/90] | Loss: 0.4088 | Val Acc: 89.80%
2026-03-06 19:55:19,052 - INFO - [Metrics for 'Normal'] | Precision: 0.9111 | Recall: 0.8941 | F1: 0.9026
2026-03-06 19:55:19,052 - INFO - [Metrics for 'Defect'] | Precision: 0.8839 | Recall: 0.9024 | F1: 0.8931
2026-03-06 19:55:19,098 - INFO - --------------------------------------------------
2026-03-06 19:55:19,099 - INFO - [LR]    [84/90] | Learning Rate: 0.000117
2026-03-06 20:02:42,405 - INFO - [Train] [84/90] | Loss: 0.2393 | Train Acc: 97.94%
2026-03-06 20:03:21,564 - INFO - [Valid] [84/90] | Loss: 0.4076 | Val Acc: 89.81%
2026-03-06 20:03:21,743 - INFO - [Metrics for 'Normal'] | Precision: 0.9129 | Recall: 0.8921 | F1: 0.9024
2026-03-06 20:03:21,743 - INFO - [Metrics for 'Defect'] | Precision: 0.8822 | Recall: 0.9048 | F1: 0.8934
2026-03-06 20:03:21,789 - INFO - --------------------------------------------------
2026-03-06 20:03:21,790 - INFO - [LR]    [85/90] | Learning Rate: 0.000112
2026-03-06 20:10:43,758 - INFO - [Train] [85/90] | Loss: 0.2384 | Train Acc: 97.97%
2026-03-06 20:11:22,949 - INFO - [Valid] [85/90] | Loss: 0.4112 | Val Acc: 89.76%
2026-03-06 20:11:23,155 - INFO - [Metrics for 'Normal'] | Precision: 0.9136 | Recall: 0.8904 | F1: 0.9018
2026-03-06 20:11:23,155 - INFO - [Metrics for 'Defect'] | Precision: 0.8807 | Recall: 0.9057 | F1: 0.8931
2026-03-06 20:11:23,217 - INFO - --------------------------------------------------
2026-03-06 20:11:23,218 - INFO - [LR]    [86/90] | Learning Rate: 0.000109
2026-03-06 20:18:45,196 - INFO - [Train] [86/90] | Loss: 0.2383 | Train Acc: 98.01%
2026-03-06 20:19:24,364 - INFO - [Valid] [86/90] | Loss: 0.4095 | Val Acc: 89.80%
2026-03-06 20:19:24,500 - INFO - [Metrics for 'Normal'] | Precision: 0.9142 | Recall: 0.8906 | F1: 0.9022
2026-03-06 20:19:24,500 - INFO - [Metrics for 'Defect'] | Precision: 0.8810 | Recall: 0.9064 | F1: 0.8935
2026-03-06 20:19:24,547 - INFO - --------------------------------------------------
2026-03-06 20:19:24,547 - INFO - [LR]    [87/90] | Learning Rate: 0.000106
2026-03-06 20:26:46,736 - INFO - [Train] [87/90] | Loss: 0.2373 | Train Acc: 98.05%
2026-03-06 20:27:25,421 - INFO - [Valid] [87/90] | Loss: 0.4130 | Val Acc: 89.66%
2026-03-06 20:27:25,569 - INFO - [Metrics for 'Normal'] | Precision: 0.9095 | Recall: 0.8931 | F1: 0.9012
2026-03-06 20:27:25,569 - INFO - [Metrics for 'Defect'] | Precision: 0.8827 | Recall: 0.9005 | F1: 0.8915
2026-03-06 20:27:25,616 - INFO - --------------------------------------------------
2026-03-06 20:27:25,617 - INFO - [LR]    [88/90] | Learning Rate: 0.000103
2026-03-06 20:34:47,385 - INFO - [Train] [88/90] | Loss: 0.2370 | Train Acc: 98.07%
2026-03-06 20:35:26,111 - INFO - [Valid] [88/90] | Loss: 0.4129 | Val Acc: 89.71%
2026-03-06 20:35:26,256 - INFO - [Metrics for 'Normal'] | Precision: 0.9089 | Recall: 0.8949 | F1: 0.9018
2026-03-06 20:35:26,256 - INFO - [Metrics for 'Defect'] | Precision: 0.8844 | Recall: 0.8996 | F1: 0.8919
2026-03-06 20:35:26,303 - INFO - --------------------------------------------------
2026-03-06 20:35:26,303 - INFO - [LR]    [89/90] | Learning Rate: 0.000101
2026-03-06 20:42:48,741 - INFO - [Train] [89/90] | Loss: 0.2365 | Train Acc: 98.10%
2026-03-06 20:43:27,830 - INFO - [Valid] [89/90] | Loss: 0.4115 | Val Acc: 89.75%
2026-03-06 20:43:27,978 - INFO - [Metrics for 'Normal'] | Precision: 0.9118 | Recall: 0.8923 | F1: 0.9019
2026-03-06 20:43:27,978 - INFO - [Metrics for 'Defect'] | Precision: 0.8822 | Recall: 0.9034 | F1: 0.8927
2026-03-06 20:43:28,025 - INFO - --------------------------------------------------
2026-03-06 20:43:28,025 - INFO - [LR]    [90/90] | Learning Rate: 0.000100
2026-03-06 20:50:51,010 - INFO - [Train] [90/90] | Loss: 0.2361 | Train Acc: 98.14%
2026-03-06 20:51:29,948 - INFO - [Valid] [90/90] | Loss: 0.4146 | Val Acc: 89.74%
2026-03-06 20:51:30,094 - INFO - [Metrics for 'Normal'] | Precision: 0.9135 | Recall: 0.8900 | F1: 0.9016
2026-03-06 20:51:30,094 - INFO - [Metrics for 'Defect'] | Precision: 0.8803 | Recall: 0.9057 | F1: 0.8928
2026-03-06 20:51:30,143 - INFO - ==================================================
2026-03-06 20:51:30,143 - INFO - 훈련 완료. 최고 성능 모델을 불러와 테스트 세트로 최종 평가합니다.
2026-03-06 20:51:30,143 - INFO - 최종 평가를 위해 새로운 모델 객체를 생성합니다.
2026-03-06 20:51:30,143 - INFO - Baseline 모델 'mobilenet_v4_s'을(를) 생성합니다 (사전 훈련 가중치: 미사용).
2026-03-06 20:51:30,166 - INFO - 최종 평가 모델에 Pruning 구조를 재적용합니다.
2026-03-06 20:51:30,306 - INFO - torch-pruning을 사용한 L1 Norm Pruning을 시작합니다.
2026-03-06 20:51:30,306 - INFO - 분류 레이어 'Linear'을(를) Pruning 대상에서 제외합니다.
2026-03-06 20:51:30,325 - INFO - 저장된 pruning_history를 사용해 Pruning 구조를 재현했습니다.
2026-03-06 20:51:30,325 - INFO - torch-pruning 완료. 모델 구조가 희소도(0.2451)에 맞춰 변경되었습니다.
2026-03-06 20:51:30,325 - INFO - ==================================================
2026-03-06 20:51:30,346 - INFO - 최고 성능 모델 가중치를 새로 생성된 모델 객체에 로드 완료: 'log/Sewer_ML_flops/baseline_mobilenet_v4_s_l1_20260306_084950/best_model.pth'
2026-03-06 20:51:30,346 - INFO - ==================================================
2026-03-06 20:51:30,346 - INFO - Test 모드를 시작합니다.
2026-03-06 20:51:30,346 - INFO - FLOPs 및 MACs 측정을 시작합니다...
2026-03-06 20:51:30,365 - INFO - Model FLOPs: 0.2266 GFLOPs
2026-03-06 20:51:30,365 - INFO - Model MACs: 0.1133 GMACs
2026-03-06 20:51:30,481 - INFO - 테스트 데이터셋에 대한 추론을 시작합니다.
2026-03-06 20:52:09,044 - INFO - [Test] Loss: 0.2475 | Test Acc: 90.79%
2026-03-06 20:52:09,188 - INFO - [Metrics for 'Normal'] | Precision: 0.9206 | Recall: 0.9035 | F1: 0.9120
2026-03-06 20:52:09,188 - INFO - [Metrics for 'Defect'] | Precision: 0.8942 | Recall: 0.9128 | F1: 0.9034
2026-03-06 20:52:09,400 - INFO - ==================================================
2026-03-06 20:52:09,400 - INFO - 혼동 행렬 저장 완료. 'log/Sewer_ML_flops/baseline_mobilenet_v4_s_l1_20260306_084950/confusion_matrix_20260306_084950.png' and 'log/Sewer_ML_flops/baseline_mobilenet_v4_s_l1_20260306_084950/confusion_matrix_20260306_084950.pdf'
2026-03-06 20:52:09,494 - INFO - Val Acc 그래프 저장 완료: 'log/Sewer_ML_flops/baseline_mobilenet_v4_s_l1_20260306_084950/graph_20260306_084950/val_acc.png' and 'log/Sewer_ML_flops/baseline_mobilenet_v4_s_l1_20260306_084950/graph_20260306_084950/val_acc.pdf'
2026-03-06 20:52:09,599 - INFO - Train/Val Acc 그래프 저장 완료: 'log/Sewer_ML_flops/baseline_mobilenet_v4_s_l1_20260306_084950/graph_20260306_084950/train_val_acc.png' and 'log/Sewer_ML_flops/baseline_mobilenet_v4_s_l1_20260306_084950/graph_20260306_084950/train_val_acc.pdf'
2026-03-06 20:52:09,684 - INFO - F1 (Normal) 그래프 저장 완료: 'log/Sewer_ML_flops/baseline_mobilenet_v4_s_l1_20260306_084950/graph_20260306_084950/F1_normal.png' and 'log/Sewer_ML_flops/baseline_mobilenet_v4_s_l1_20260306_084950/graph_20260306_084950/F1_normal.pdf'
2026-03-06 20:52:09,776 - INFO - Validation Loss 그래프 저장 완료: 'log/Sewer_ML_flops/baseline_mobilenet_v4_s_l1_20260306_084950/graph_20260306_084950/val_loss.png' and 'log/Sewer_ML_flops/baseline_mobilenet_v4_s_l1_20260306_084950/graph_20260306_084950/val_loss.pdf'
2026-03-06 20:52:09,864 - INFO - Learning Rate 그래프 저장 완료: 'log/Sewer_ML_flops/baseline_mobilenet_v4_s_l1_20260306_084950/graph_20260306_084950/learning_rate.png' and 'log/Sewer_ML_flops/baseline_mobilenet_v4_s_l1_20260306_084950/graph_20260306_084950/learning_rate.pdf'
2026-03-06 20:52:13,427 - INFO - 종합 그래프 저장 완료: 'log/Sewer_ML_flops/baseline_mobilenet_v4_s_l1_20260306_084950/graph_20260306_084950/compile.png' and 'log/Sewer_ML_flops/baseline_mobilenet_v4_s_l1_20260306_084950/graph_20260306_084950/compile.pdf'
