2026-03-19 09:10:37,936 - INFO - 로그 파일이 'log/Sewer_ML_params/baseline_mobile_vit_xxs_wanda_20260319_091037/log_20260319_091037.log'에 저장됩니다.
2026-03-19 09:10:37,938 - INFO - ==================================================
2026-03-19 09:10:37,938 - INFO - config.yaml:
2026-03-19 09:10:37,938 - INFO - 
run:
  global_seed: 42
  cuda: true
  mode: train
  pth_best_name: best_model.pth
  only_inference: false
  show_log: true
  dataset:
    name: Sewer_ML_params
    type: csv
    train_split_ratio: 0.8
    paths:
      train_img_dir: /home/tai/workspace/ssd1/data/Sewer/Sewer-ML/train
      valid_img_dir: /home/tai/workspace/ssd1/data/Sewer/Sewer-ML/valid
      test_img_dir: /home/tai/workspace/ssd1/data/Sewer/Sewer-ML/valid
      train_csv: /home/tai/workspace/ssd1/data/Sewer/Sewer-ML/SewerML_Train.csv
      valid_csv: /home/tai/workspace/ssd1/data/Sewer/Sewer-ML/SewerML_Val.csv
      test_csv: /home/tai/workspace/ssd1/data/Sewer/Sewer-ML/SewerML_Val.csv
      img_folder: /home/tai/workspace/ssd1/data/Sewer/Sewer-TAPNEW
  random_sampling_ratio:
    train: 1.0
    valid: 1.0
    test: 1.0
  num_workers: 16
model:
  img_size: 224
  num_patches_per_side: 7
  num_decoder_patches: 1
  num_decoder_layers: 6
  num_heads: 4
  cnn_feature_extractor:
    name: custom32
  encoder_dim: 32
  emb_dim: 32
  adaptive_initial_query: true
  decoder_ff_ratio: 2
  dropout: 0.1
  positional_encoding: true
  drop_path_ratio: 0.2
  visualize_attention: true
  num_plot_attention: 1500
training_main:
  epochs: 10
  batch_size: 256
  pre_trained: false
  optimizer: adamw
  lr: 0.001
  weight_decay: 0.0001
  loss_function: CrossEntropyLoss
  label_smoothing: 0.1
  scheduler: cosineannealinglr
  scheduler_params:
    T_max: 10
    eta_min: 0.0001
  best_model_criterion: val_loss
training_baseline:
  model_name: mobile_vit_xxs
  epochs: 10
  batch_size: 256
  pre_trained: false
  optimizer: adamw
  lr: 0.001
  weight_decay: 0.0001
  loss_function: CrossEntropyLoss
  label_smoothing: 0.1
  scheduler: cosineannealinglr
  scheduler_params:
    T_max: 10
    eta_min: 0.0001
  best_model_criterion: val_loss
finetuning_pruned:
  epochs: 80
  batch_size: 256
  optimizer: adamw
  lr: 0.001
  weight_decay: 0.0001
  loss_function: CrossEntropyLoss
  label_smoothing: 0.1
  scheduler: cosineannealinglr
  scheduler_params:
    T_max: 80
    eta_min: 0.0001
  best_model_criterion: val_loss
  use_wanda_pruning: true
  num_wanda_calib_samples: 4096
  pruning_sparsity: 0.8005
  exclude_attention_qkv_pruning: true
  exclude_embedding_bridge_pruning: true
  exclude_learnable_queries_pruning: true

2026-03-19 09:10:37,938 - INFO - ==================================================
2026-03-19 09:10:38,064 - INFO - CUDA 사용 가능. GPU 사용을 시작합니다. (Device: NVIDIA GeForce RTX 5090)
2026-03-19 09:10:38,064 - INFO - 'Sewer_ML_params' 데이터 로드를 시작합니다 (Type: csv).
2026-03-19 09:10:38,627 - INFO - 데이터셋 클래스: ['Normal', 'Defect'] (총 2개)
2026-03-19 09:10:38,627 - INFO - 훈련 데이터: 1040129개, 검증 데이터: 130046개, 테스트 데이터: 130046개
2026-03-19 09:10:38,627 - INFO - Baseline 모델 'mobile_vit_xxs'을(를) 생성합니다 (사전 훈련 가중치: 미사용).
2026-03-19 09:10:38,703 - INFO - timm 모델(mobile_vit_xxs)의 Attention.forward를 Pruning 호환성을 위해 Monkey-patching 합니다.
2026-03-19 09:10:38,708 - INFO - ==================================================
2026-03-19 09:10:38,708 - INFO - 모델 파라미터 수:
2026-03-19 09:10:38,709 - INFO -   - 총 파라미터: 951,666 개
2026-03-19 09:10:38,709 - INFO -   - 학습 가능한 파라미터: 951,666 개
2026-03-19 09:10:38,709 - INFO - ================================================================================
2026-03-19 09:10:38,709 - INFO - 단계 1/2: 사전 훈련(Pre-training)을 시작합니다.
2026-03-19 09:10:38,709 - INFO - ================================================================================
2026-03-19 09:10:38,709 - INFO - 옵티마이저: AdamW (lr=0.001, weight_decay=0.0001)
2026-03-19 09:10:38,709 - INFO - 스케줄러: CosineAnnealingLR (T_max=10, eta_min=0.0001)
2026-03-19 09:10:38,709 - INFO - ==================================================
2026-03-19 09:10:38,709 - INFO - train 모드를 시작합니다.
2026-03-19 09:10:38,709 - INFO - 손실 함수: CrossEntropyLoss (label_smoothing: 0.1)
2026-03-19 09:10:38,709 - INFO - Best metric을 초기값(inf)으로 설정합니다.
2026-03-19 09:10:38,709 - INFO - --------------------------------------------------
2026-03-19 09:10:38,710 - INFO - [LR]    [1/10] | Learning Rate: 0.001000
2026-03-19 09:18:51,818 - INFO - [Train] [1/10] | Loss: 0.4275 | Train Acc: 85.31%
2026-03-19 09:19:32,732 - INFO - [Valid] [1/10] | Loss: 0.4020 | Val Acc: 87.19%
2026-03-19 09:19:32,867 - INFO - [Metrics for 'Normal'] | Precision: 0.8735 | Recall: 0.8856 | F1: 0.8795
2026-03-19 09:19:32,867 - INFO - [Metrics for 'Defect'] | Precision: 0.8700 | Recall: 0.8565 | F1: 0.8632
2026-03-19 09:19:32,924 - INFO - [Best Model Saved] (val loss: 0.4020) -> 'log/Sewer_ML_params/baseline_mobile_vit_xxs_wanda_20260319_091037/best_model.pth'
2026-03-19 09:19:32,924 - INFO - --------------------------------------------------
2026-03-19 09:19:32,925 - INFO - [LR]    [2/10] | Learning Rate: 0.000978
2026-03-19 09:27:45,125 - INFO - [Train] [2/10] | Loss: 0.3897 | Train Acc: 88.02%
2026-03-19 09:28:25,546 - INFO - [Valid] [2/10] | Loss: 0.3796 | Val Acc: 88.67%
2026-03-19 09:28:25,680 - INFO - [Metrics for 'Normal'] | Precision: 0.9002 | Recall: 0.8835 | F1: 0.8918
2026-03-19 09:28:25,680 - INFO - [Metrics for 'Defect'] | Precision: 0.8723 | Recall: 0.8903 | F1: 0.8812
2026-03-19 09:28:25,738 - INFO - [Best Model Saved] (val loss: 0.3796) -> 'log/Sewer_ML_params/baseline_mobile_vit_xxs_wanda_20260319_091037/best_model.pth'
2026-03-19 09:28:25,738 - INFO - --------------------------------------------------
2026-03-19 09:28:25,738 - INFO - [LR]    [3/10] | Learning Rate: 0.000914
2026-03-19 09:36:38,215 - INFO - [Train] [3/10] | Loss: 0.3761 | Train Acc: 88.93%
2026-03-19 09:37:18,811 - INFO - [Valid] [3/10] | Loss: 0.3682 | Val Acc: 89.44%
2026-03-19 09:37:18,960 - INFO - [Metrics for 'Normal'] | Precision: 0.8961 | Recall: 0.9050 | F1: 0.9006
2026-03-19 09:37:18,960 - INFO - [Metrics for 'Defect'] | Precision: 0.8925 | Recall: 0.8826 | F1: 0.8875
2026-03-19 09:37:19,031 - INFO - [Best Model Saved] (val loss: 0.3682) -> 'log/Sewer_ML_params/baseline_mobile_vit_xxs_wanda_20260319_091037/best_model.pth'
2026-03-19 09:37:19,032 - INFO - --------------------------------------------------
2026-03-19 09:37:19,032 - INFO - [LR]    [4/10] | Learning Rate: 0.000815
2026-03-19 09:45:31,571 - INFO - [Train] [4/10] | Loss: 0.3666 | Train Acc: 89.55%
2026-03-19 09:46:12,534 - INFO - [Valid] [4/10] | Loss: 0.3636 | Val Acc: 89.82%
2026-03-19 09:46:12,710 - INFO - [Metrics for 'Normal'] | Precision: 0.9181 | Recall: 0.8863 | F1: 0.9019
2026-03-19 09:46:12,711 - INFO - [Metrics for 'Defect'] | Precision: 0.8774 | Recall: 0.9115 | F1: 0.8941
2026-03-19 09:46:12,781 - INFO - [Best Model Saved] (val loss: 0.3636) -> 'log/Sewer_ML_params/baseline_mobile_vit_xxs_wanda_20260319_091037/best_model.pth'
2026-03-19 09:46:12,782 - INFO - --------------------------------------------------
2026-03-19 09:46:12,782 - INFO - [LR]    [5/10] | Learning Rate: 0.000689
2026-03-19 09:54:25,029 - INFO - [Train] [5/10] | Loss: 0.3593 | Train Acc: 90.06%
2026-03-19 09:55:05,398 - INFO - [Valid] [5/10] | Loss: 0.3594 | Val Acc: 90.09%
2026-03-19 09:55:05,545 - INFO - [Metrics for 'Normal'] | Precision: 0.9106 | Recall: 0.9008 | F1: 0.9056
2026-03-19 09:55:05,545 - INFO - [Metrics for 'Defect'] | Precision: 0.8903 | Recall: 0.9010 | F1: 0.8956
2026-03-19 09:55:05,603 - INFO - [Best Model Saved] (val loss: 0.3594) -> 'log/Sewer_ML_params/baseline_mobile_vit_xxs_wanda_20260319_091037/best_model.pth'
2026-03-19 09:55:05,603 - INFO - --------------------------------------------------
2026-03-19 09:55:05,604 - INFO - [LR]    [6/10] | Learning Rate: 0.000550
2026-03-19 10:03:18,219 - INFO - [Train] [6/10] | Loss: 0.3522 | Train Acc: 90.51%
2026-03-19 10:03:58,909 - INFO - [Valid] [6/10] | Loss: 0.3537 | Val Acc: 90.42%
2026-03-19 10:03:59,046 - INFO - [Metrics for 'Normal'] | Precision: 0.9140 | Recall: 0.9036 | F1: 0.9088
2026-03-19 10:03:59,046 - INFO - [Metrics for 'Defect'] | Precision: 0.8934 | Recall: 0.9049 | F1: 0.8991
2026-03-19 10:03:59,104 - INFO - [Best Model Saved] (val loss: 0.3537) -> 'log/Sewer_ML_params/baseline_mobile_vit_xxs_wanda_20260319_091037/best_model.pth'
2026-03-19 10:03:59,104 - INFO - --------------------------------------------------
2026-03-19 10:03:59,104 - INFO - [LR]    [7/10] | Learning Rate: 0.000411
2026-03-19 10:12:11,401 - INFO - [Train] [7/10] | Loss: 0.3461 | Train Acc: 90.95%
2026-03-19 10:12:52,196 - INFO - [Valid] [7/10] | Loss: 0.3510 | Val Acc: 90.64%
2026-03-19 10:12:52,333 - INFO - [Metrics for 'Normal'] | Precision: 0.9211 | Recall: 0.8999 | F1: 0.9104
2026-03-19 10:12:52,333 - INFO - [Metrics for 'Defect'] | Precision: 0.8907 | Recall: 0.9138 | F1: 0.9021
2026-03-19 10:12:52,391 - INFO - [Best Model Saved] (val loss: 0.3510) -> 'log/Sewer_ML_params/baseline_mobile_vit_xxs_wanda_20260319_091037/best_model.pth'
2026-03-19 10:12:52,391 - INFO - --------------------------------------------------
2026-03-19 10:12:52,391 - INFO - [LR]    [8/10] | Learning Rate: 0.000285
2026-03-19 10:21:04,954 - INFO - [Train] [8/10] | Loss: 0.3407 | Train Acc: 91.29%
2026-03-19 10:21:45,655 - INFO - [Valid] [8/10] | Loss: 0.3482 | Val Acc: 90.78%
2026-03-19 10:21:45,793 - INFO - [Metrics for 'Normal'] | Precision: 0.9119 | Recall: 0.9135 | F1: 0.9127
2026-03-19 10:21:45,794 - INFO - [Metrics for 'Defect'] | Precision: 0.9030 | Recall: 0.9013 | F1: 0.9022
2026-03-19 10:21:45,851 - INFO - [Best Model Saved] (val loss: 0.3482) -> 'log/Sewer_ML_params/baseline_mobile_vit_xxs_wanda_20260319_091037/best_model.pth'
2026-03-19 10:21:45,851 - INFO - --------------------------------------------------
2026-03-19 10:21:45,852 - INFO - [LR]    [9/10] | Learning Rate: 0.000186
2026-03-19 10:29:58,316 - INFO - [Train] [9/10] | Loss: 0.3360 | Train Acc: 91.64%
2026-03-19 10:30:39,290 - INFO - [Valid] [9/10] | Loss: 0.3471 | Val Acc: 90.84%
2026-03-19 10:30:39,438 - INFO - [Metrics for 'Normal'] | Precision: 0.9177 | Recall: 0.9080 | F1: 0.9128
2026-03-19 10:30:39,438 - INFO - [Metrics for 'Defect'] | Precision: 0.8982 | Recall: 0.9088 | F1: 0.9035
2026-03-19 10:30:39,495 - INFO - [Best Model Saved] (val loss: 0.3471) -> 'log/Sewer_ML_params/baseline_mobile_vit_xxs_wanda_20260319_091037/best_model.pth'
2026-03-19 10:30:39,495 - INFO - --------------------------------------------------
2026-03-19 10:30:39,496 - INFO - [LR]    [10/10] | Learning Rate: 0.000122
2026-03-19 10:38:51,934 - INFO - [Train] [10/10] | Loss: 0.3327 | Train Acc: 91.83%
2026-03-19 10:39:32,482 - INFO - [Valid] [10/10] | Loss: 0.3469 | Val Acc: 90.88%
2026-03-19 10:39:32,661 - INFO - [Metrics for 'Normal'] | Precision: 0.9237 | Recall: 0.9019 | F1: 0.9127
2026-03-19 10:39:32,661 - INFO - [Metrics for 'Defect'] | Precision: 0.8930 | Recall: 0.9167 | F1: 0.9047
2026-03-19 10:39:32,734 - INFO - [Best Model Saved] (val loss: 0.3469) -> 'log/Sewer_ML_params/baseline_mobile_vit_xxs_wanda_20260319_091037/best_model.pth'
2026-03-19 10:39:32,736 - INFO - ================================================================================
2026-03-19 10:39:32,736 - INFO - 단계 2/2: Pruning 및 미세 조정(Fine-tuning)을 시작합니다.
2026-03-19 10:39:32,736 - INFO - ================================================================================
2026-03-19 10:39:32,761 - INFO - 사전 훈련된 모델 'log/Sewer_ML_params/baseline_mobile_vit_xxs_wanda_20260319_091037/best_model.pth'을(를) 불러왔습니다.
2026-03-19 10:39:32,794 - INFO - Pruning 전 원본 모델의 FLOPs를 측정합니다.
2026-03-19 10:39:32,836 - INFO - Wanda Pruning을 시작합니다.
2026-03-19 10:39:32,836 - INFO - Wanda 중요도 계산을 위해 Calibration을 수행합니다.
2026-03-19 10:39:32,837 - INFO -   - Calibration Samples: 4096 (approx 16 batches)
2026-03-19 10:39:36,372 - INFO - 분류 레이어 'ClassifierHead'을(를) Pruning 대상에서 제외합니다.
2026-03-19 10:39:36,373 - INFO - ViT 계열 모델의 모든 qkv 레이어를 Pruning 대상에서 제외합니다.
2026-03-19 10:39:36,935 - INFO - torch-pruning 완료. 모델 구조가 희소도(0.8005)에 맞춰 변경되었습니다.
2026-03-19 10:39:36,935 - INFO - ==================================================
2026-03-19 10:39:36,937 - INFO - ==================================================
2026-03-19 10:39:36,937 - INFO - 모델 파라미터 수:
2026-03-19 10:39:36,937 - INFO -   - 총 파라미터: 77,310 개
2026-03-19 10:39:36,937 - INFO -   - 학습 가능한 파라미터: 77,310 개
2026-03-19 10:39:36,997 - INFO - Pruning 후 모델의 FLOPs를 측정합니다.
2026-03-19 10:39:37,071 - INFO - FLOPs가 0.5384 GFLOPs에서 0.0435 GFLOPs로 감소했습니다 (감소율: 91.92%).
2026-03-19 10:39:37,097 - INFO - Pruning 정보(희소도: 0.8005)를 'log/Sewer_ML_params/baseline_mobile_vit_xxs_wanda_20260319_091037/pruning_info.yaml'에 저장했습니다.
2026-03-19 10:39:37,098 - INFO - 미세 조정을 위한 새로운 옵티마이저와 스케줄러를 생성합니다.
2026-03-19 10:39:37,098 - INFO - 옵티마이저: AdamW (lr=0.001, weight_decay=0.0001)
2026-03-19 10:39:37,098 - INFO - 스케줄러: CosineAnnealingLR (T_max=80, eta_min=0.0001)
2026-03-19 10:39:37,098 - INFO - ==================================================
2026-03-19 10:39:37,098 - INFO - train 모드를 시작합니다.
2026-03-19 10:39:37,099 - INFO - 손실 함수: CrossEntropyLoss (label_smoothing: 0.1)
2026-03-19 10:39:37,099 - INFO - Best metric을 초기값(inf)으로 설정합니다.
2026-03-19 10:39:37,099 - INFO - --------------------------------------------------
2026-03-19 10:39:37,099 - INFO - [LR]    [11/90] | Learning Rate: 0.001000
2026-03-19 10:47:16,402 - INFO - [Train] [11/90] | Loss: 0.4586 | Train Acc: 82.92%
2026-03-19 10:47:56,217 - INFO - [Valid] [11/90] | Loss: 0.4243 | Val Acc: 85.59%
2026-03-19 10:47:56,362 - INFO - [Metrics for 'Normal'] | Precision: 0.8705 | Recall: 0.8543 | F1: 0.8623
2026-03-19 10:47:56,362 - INFO - [Metrics for 'Defect'] | Precision: 0.8403 | Recall: 0.8577 | F1: 0.8489
2026-03-19 10:47:56,414 - INFO - [Best Model Saved] (val loss: 0.4243) -> 'log/Sewer_ML_params/baseline_mobile_vit_xxs_wanda_20260319_091037/best_model.pth'
2026-03-19 10:47:56,415 - INFO - --------------------------------------------------
2026-03-19 10:47:56,415 - INFO - [LR]    [12/90] | Learning Rate: 0.001000
2026-03-19 10:55:34,058 - INFO - [Train] [12/90] | Loss: 0.4245 | Train Acc: 85.52%
2026-03-19 10:56:14,320 - INFO - [Valid] [12/90] | Loss: 0.4134 | Val Acc: 86.42%
2026-03-19 10:56:14,480 - INFO - [Metrics for 'Normal'] | Precision: 0.8628 | Recall: 0.8834 | F1: 0.8730
2026-03-19 10:56:14,480 - INFO - [Metrics for 'Defect'] | Precision: 0.8659 | Recall: 0.8427 | F1: 0.8542
2026-03-19 10:56:14,535 - INFO - [Best Model Saved] (val loss: 0.4134) -> 'log/Sewer_ML_params/baseline_mobile_vit_xxs_wanda_20260319_091037/best_model.pth'
2026-03-19 10:56:14,535 - INFO - --------------------------------------------------
2026-03-19 10:56:14,535 - INFO - [LR]    [13/90] | Learning Rate: 0.000999
2026-03-19 11:03:46,720 - INFO - [Train] [13/90] | Loss: 0.4150 | Train Acc: 86.21%
2026-03-19 11:04:26,302 - INFO - [Valid] [13/90] | Loss: 0.4095 | Val Acc: 86.58%
2026-03-19 11:04:26,437 - INFO - [Metrics for 'Normal'] | Precision: 0.8774 | Recall: 0.8669 | F1: 0.8722
2026-03-19 11:04:26,437 - INFO - [Metrics for 'Defect'] | Precision: 0.8530 | Recall: 0.8645 | F1: 0.8587
2026-03-19 11:04:26,492 - INFO - [Best Model Saved] (val loss: 0.4095) -> 'log/Sewer_ML_params/baseline_mobile_vit_xxs_wanda_20260319_091037/best_model.pth'
2026-03-19 11:04:26,492 - INFO - --------------------------------------------------
2026-03-19 11:04:26,492 - INFO - [LR]    [14/90] | Learning Rate: 0.000997
2026-03-19 11:11:57,436 - INFO - [Train] [14/90] | Loss: 0.4096 | Train Acc: 86.56%
2026-03-19 11:12:37,126 - INFO - [Valid] [14/90] | Loss: 0.4029 | Val Acc: 87.06%
2026-03-19 11:12:37,259 - INFO - [Metrics for 'Normal'] | Precision: 0.8983 | Recall: 0.8514 | F1: 0.8742
2026-03-19 11:12:37,260 - INFO - [Metrics for 'Defect'] | Precision: 0.8429 | Recall: 0.8921 | F1: 0.8668
2026-03-19 11:12:37,315 - INFO - [Best Model Saved] (val loss: 0.4029) -> 'log/Sewer_ML_params/baseline_mobile_vit_xxs_wanda_20260319_091037/best_model.pth'
2026-03-19 11:12:37,315 - INFO - --------------------------------------------------
2026-03-19 11:12:37,315 - INFO - [LR]    [15/90] | Learning Rate: 0.000994
2026-03-19 11:20:12,444 - INFO - [Train] [15/90] | Loss: 0.4055 | Train Acc: 86.86%
2026-03-19 11:20:51,871 - INFO - [Valid] [15/90] | Loss: 0.3986 | Val Acc: 87.32%
2026-03-19 11:20:52,017 - INFO - [Metrics for 'Normal'] | Precision: 0.8679 | Recall: 0.8963 | F1: 0.8819
2026-03-19 11:20:52,017 - INFO - [Metrics for 'Defect'] | Precision: 0.8795 | Recall: 0.8473 | F1: 0.8631
2026-03-19 11:20:52,071 - INFO - [Best Model Saved] (val loss: 0.3986) -> 'log/Sewer_ML_params/baseline_mobile_vit_xxs_wanda_20260319_091037/best_model.pth'
2026-03-19 11:20:52,072 - INFO - --------------------------------------------------
2026-03-19 11:20:52,072 - INFO - [LR]    [16/90] | Learning Rate: 0.000991
2026-03-19 11:28:24,188 - INFO - [Train] [16/90] | Loss: 0.4020 | Train Acc: 87.11%
2026-03-19 11:29:03,630 - INFO - [Valid] [16/90] | Loss: 0.4144 | Val Acc: 85.97%
2026-03-19 11:29:03,773 - INFO - [Metrics for 'Normal'] | Precision: 0.9244 | Recall: 0.7999 | F1: 0.8576
2026-03-19 11:29:03,773 - INFO - [Metrics for 'Defect'] | Precision: 0.8054 | Recall: 0.9267 | F1: 0.8618
2026-03-19 11:29:03,819 - INFO - --------------------------------------------------
2026-03-19 11:29:03,819 - INFO - [LR]    [17/90] | Learning Rate: 0.000988
2026-03-19 11:36:35,815 - INFO - [Train] [17/90] | Loss: 0.3992 | Train Acc: 87.33%
2026-03-19 11:37:15,573 - INFO - [Valid] [17/90] | Loss: 0.3922 | Val Acc: 87.71%
2026-03-19 11:37:15,709 - INFO - [Metrics for 'Normal'] | Precision: 0.8897 | Recall: 0.8759 | F1: 0.8828
2026-03-19 11:37:15,709 - INFO - [Metrics for 'Defect'] | Precision: 0.8635 | Recall: 0.8785 | F1: 0.8709
2026-03-19 11:37:15,764 - INFO - [Best Model Saved] (val loss: 0.3922) -> 'log/Sewer_ML_params/baseline_mobile_vit_xxs_wanda_20260319_091037/best_model.pth'
2026-03-19 11:37:15,764 - INFO - --------------------------------------------------
2026-03-19 11:37:15,765 - INFO - [LR]    [18/90] | Learning Rate: 0.000983
2026-03-19 11:44:46,734 - INFO - [Train] [18/90] | Loss: 0.3968 | Train Acc: 87.48%
2026-03-19 11:45:26,532 - INFO - [Valid] [18/90] | Loss: 0.3919 | Val Acc: 87.79%
2026-03-19 11:45:26,666 - INFO - [Metrics for 'Normal'] | Precision: 0.9015 | Recall: 0.8630 | F1: 0.8818
2026-03-19 11:45:26,666 - INFO - [Metrics for 'Defect'] | Precision: 0.8537 | Recall: 0.8944 | F1: 0.8736
2026-03-19 11:45:26,720 - INFO - [Best Model Saved] (val loss: 0.3919) -> 'log/Sewer_ML_params/baseline_mobile_vit_xxs_wanda_20260319_091037/best_model.pth'
2026-03-19 11:45:26,720 - INFO - --------------------------------------------------
2026-03-19 11:45:26,721 - INFO - [LR]    [19/90] | Learning Rate: 0.000978
2026-03-19 11:52:59,777 - INFO - [Train] [19/90] | Loss: 0.3950 | Train Acc: 87.60%
2026-03-19 11:53:39,676 - INFO - [Valid] [19/90] | Loss: 0.3904 | Val Acc: 87.90%
2026-03-19 11:53:39,845 - INFO - [Metrics for 'Normal'] | Precision: 0.8794 | Recall: 0.8935 | F1: 0.8864
2026-03-19 11:53:39,845 - INFO - [Metrics for 'Defect'] | Precision: 0.8786 | Recall: 0.8628 | F1: 0.8707
2026-03-19 11:53:39,915 - INFO - [Best Model Saved] (val loss: 0.3904) -> 'log/Sewer_ML_params/baseline_mobile_vit_xxs_wanda_20260319_091037/best_model.pth'
2026-03-19 11:53:39,915 - INFO - --------------------------------------------------
2026-03-19 11:53:39,916 - INFO - [LR]    [20/90] | Learning Rate: 0.000972
2026-03-19 12:01:13,243 - INFO - [Train] [20/90] | Loss: 0.3928 | Train Acc: 87.75%
2026-03-19 12:01:52,558 - INFO - [Valid] [20/90] | Loss: 0.3910 | Val Acc: 87.85%
2026-03-19 12:01:52,692 - INFO - [Metrics for 'Normal'] | Precision: 0.8851 | Recall: 0.8849 | F1: 0.8850
2026-03-19 12:01:52,692 - INFO - [Metrics for 'Defect'] | Precision: 0.8712 | Recall: 0.8714 | F1: 0.8713
2026-03-19 12:01:52,738 - INFO - --------------------------------------------------
2026-03-19 12:01:52,738 - INFO - [LR]    [21/90] | Learning Rate: 0.000966
2026-03-19 12:09:26,439 - INFO - [Train] [21/90] | Loss: 0.3911 | Train Acc: 87.90%
2026-03-19 12:10:06,336 - INFO - [Valid] [21/90] | Loss: 0.3947 | Val Acc: 87.69%
2026-03-19 12:10:06,472 - INFO - [Metrics for 'Normal'] | Precision: 0.9155 | Recall: 0.8448 | F1: 0.8787
2026-03-19 12:10:06,472 - INFO - [Metrics for 'Defect'] | Precision: 0.8401 | Recall: 0.9127 | F1: 0.8749
2026-03-19 12:10:06,518 - INFO - --------------------------------------------------
2026-03-19 12:10:06,519 - INFO - [LR]    [22/90] | Learning Rate: 0.000959
2026-03-19 12:17:40,549 - INFO - [Train] [22/90] | Loss: 0.3898 | Train Acc: 87.97%
2026-03-19 12:18:19,856 - INFO - [Valid] [22/90] | Loss: 0.3905 | Val Acc: 87.91%
2026-03-19 12:18:20,034 - INFO - [Metrics for 'Normal'] | Precision: 0.9114 | Recall: 0.8541 | F1: 0.8818
2026-03-19 12:18:20,034 - INFO - [Metrics for 'Defect'] | Precision: 0.8474 | Recall: 0.9071 | F1: 0.8762
2026-03-19 12:18:20,091 - INFO - --------------------------------------------------
2026-03-19 12:18:20,092 - INFO - [LR]    [23/90] | Learning Rate: 0.000951
2026-03-19 12:25:53,942 - INFO - [Train] [23/90] | Loss: 0.3880 | Train Acc: 88.08%
2026-03-19 12:26:33,695 - INFO - [Valid] [23/90] | Loss: 0.3883 | Val Acc: 88.04%
2026-03-19 12:26:33,866 - INFO - [Metrics for 'Normal'] | Precision: 0.9036 | Recall: 0.8660 | F1: 0.8844
2026-03-19 12:26:33,866 - INFO - [Metrics for 'Defect'] | Precision: 0.8567 | Recall: 0.8966 | F1: 0.8762
2026-03-19 12:26:33,936 - INFO - [Best Model Saved] (val loss: 0.3883) -> 'log/Sewer_ML_params/baseline_mobile_vit_xxs_wanda_20260319_091037/best_model.pth'
2026-03-19 12:26:33,936 - INFO - --------------------------------------------------
2026-03-19 12:26:33,937 - INFO - [LR]    [24/90] | Learning Rate: 0.000943
2026-03-19 12:34:07,276 - INFO - [Train] [24/90] | Loss: 0.3866 | Train Acc: 88.16%
2026-03-19 12:34:46,712 - INFO - [Valid] [24/90] | Loss: 0.3821 | Val Acc: 88.44%
2026-03-19 12:34:46,849 - INFO - [Metrics for 'Normal'] | Precision: 0.8901 | Recall: 0.8912 | F1: 0.8906
2026-03-19 12:34:46,849 - INFO - [Metrics for 'Defect'] | Precision: 0.8781 | Recall: 0.8768 | F1: 0.8774
2026-03-19 12:34:46,904 - INFO - [Best Model Saved] (val loss: 0.3821) -> 'log/Sewer_ML_params/baseline_mobile_vit_xxs_wanda_20260319_091037/best_model.pth'
2026-03-19 12:34:46,904 - INFO - --------------------------------------------------
2026-03-19 12:34:46,904 - INFO - [LR]    [25/90] | Learning Rate: 0.000934
2026-03-19 12:42:19,739 - INFO - [Train] [25/90] | Loss: 0.3855 | Train Acc: 88.26%
2026-03-19 12:42:59,308 - INFO - [Valid] [25/90] | Loss: 0.3893 | Val Acc: 87.93%
2026-03-19 12:42:59,444 - INFO - [Metrics for 'Normal'] | Precision: 0.9237 | Recall: 0.8408 | F1: 0.8803
2026-03-19 12:42:59,444 - INFO - [Metrics for 'Defect'] | Precision: 0.8381 | Recall: 0.9223 | F1: 0.8782
2026-03-19 12:42:59,490 - INFO - --------------------------------------------------
2026-03-19 12:42:59,491 - INFO - [LR]    [26/90] | Learning Rate: 0.000924
2026-03-19 12:50:32,769 - INFO - [Train] [26/90] | Loss: 0.3845 | Train Acc: 88.33%
2026-03-19 12:51:12,785 - INFO - [Valid] [26/90] | Loss: 0.3813 | Val Acc: 88.53%
2026-03-19 12:51:12,930 - INFO - [Metrics for 'Normal'] | Precision: 0.9119 | Recall: 0.8665 | F1: 0.8886
2026-03-19 12:51:12,930 - INFO - [Metrics for 'Defect'] | Precision: 0.8585 | Recall: 0.9063 | F1: 0.8817
2026-03-19 12:51:12,985 - INFO - [Best Model Saved] (val loss: 0.3813) -> 'log/Sewer_ML_params/baseline_mobile_vit_xxs_wanda_20260319_091037/best_model.pth'
2026-03-19 12:51:12,985 - INFO - --------------------------------------------------
2026-03-19 12:51:12,985 - INFO - [LR]    [27/90] | Learning Rate: 0.000914
2026-03-19 12:58:47,180 - INFO - [Train] [27/90] | Loss: 0.3832 | Train Acc: 88.43%
2026-03-19 12:59:26,815 - INFO - [Valid] [27/90] | Loss: 0.3813 | Val Acc: 88.46%
2026-03-19 12:59:26,977 - INFO - [Metrics for 'Normal'] | Precision: 0.8964 | Recall: 0.8837 | F1: 0.8900
2026-03-19 12:59:26,977 - INFO - [Metrics for 'Defect'] | Precision: 0.8719 | Recall: 0.8857 | F1: 0.8787
2026-03-19 12:59:27,047 - INFO - [Best Model Saved] (val loss: 0.3813) -> 'log/Sewer_ML_params/baseline_mobile_vit_xxs_wanda_20260319_091037/best_model.pth'
2026-03-19 12:59:27,047 - INFO - --------------------------------------------------
2026-03-19 12:59:27,048 - INFO - [LR]    [28/90] | Learning Rate: 0.000903
2026-03-19 13:07:00,091 - INFO - [Train] [28/90] | Loss: 0.3822 | Train Acc: 88.51%
2026-03-19 13:07:39,894 - INFO - [Valid] [28/90] | Loss: 0.3810 | Val Acc: 88.64%
2026-03-19 13:07:40,073 - INFO - [Metrics for 'Normal'] | Precision: 0.8958 | Recall: 0.8881 | F1: 0.8920
2026-03-19 13:07:40,074 - INFO - [Metrics for 'Defect'] | Precision: 0.8760 | Recall: 0.8844 | F1: 0.8802
2026-03-19 13:07:40,141 - INFO - [Best Model Saved] (val loss: 0.3810) -> 'log/Sewer_ML_params/baseline_mobile_vit_xxs_wanda_20260319_091037/best_model.pth'
2026-03-19 13:07:40,141 - INFO - --------------------------------------------------
2026-03-19 13:07:40,142 - INFO - [LR]    [29/90] | Learning Rate: 0.000892
2026-03-19 13:15:10,751 - INFO - [Train] [29/90] | Loss: 0.3813 | Train Acc: 88.55%
2026-03-19 13:15:49,601 - INFO - [Valid] [29/90] | Loss: 0.3794 | Val Acc: 88.67%
2026-03-19 13:15:49,768 - INFO - [Metrics for 'Normal'] | Precision: 0.8884 | Recall: 0.8983 | F1: 0.8933
2026-03-19 13:15:49,768 - INFO - [Metrics for 'Defect'] | Precision: 0.8848 | Recall: 0.8736 | F1: 0.8792
2026-03-19 13:15:49,823 - INFO - [Best Model Saved] (val loss: 0.3794) -> 'log/Sewer_ML_params/baseline_mobile_vit_xxs_wanda_20260319_091037/best_model.pth'
2026-03-19 13:15:49,824 - INFO - --------------------------------------------------
2026-03-19 13:15:49,824 - INFO - [LR]    [30/90] | Learning Rate: 0.000880
2026-03-19 13:23:18,907 - INFO - [Train] [30/90] | Loss: 0.3805 | Train Acc: 88.60%
2026-03-19 13:23:58,336 - INFO - [Valid] [30/90] | Loss: 0.3874 | Val Acc: 88.01%
2026-03-19 13:23:58,515 - INFO - [Metrics for 'Normal'] | Precision: 0.8578 | Recall: 0.9265 | F1: 0.8908
2026-03-19 13:23:58,515 - INFO - [Metrics for 'Defect'] | Precision: 0.9096 | Recall: 0.8281 | F1: 0.8669
2026-03-19 13:23:58,575 - INFO - --------------------------------------------------
2026-03-19 13:23:58,576 - INFO - [LR]    [31/90] | Learning Rate: 0.000868
2026-03-19 13:31:28,512 - INFO - [Train] [31/90] | Loss: 0.3792 | Train Acc: 88.68%
2026-03-19 13:32:07,342 - INFO - [Valid] [31/90] | Loss: 0.3870 | Val Acc: 88.09%
2026-03-19 13:32:07,518 - INFO - [Metrics for 'Normal'] | Precision: 0.8607 | Recall: 0.9242 | F1: 0.8913
2026-03-19 13:32:07,518 - INFO - [Metrics for 'Defect'] | Precision: 0.9075 | Recall: 0.8326 | F1: 0.8684
2026-03-19 13:32:07,576 - INFO - --------------------------------------------------
2026-03-19 13:32:07,576 - INFO - [LR]    [32/90] | Learning Rate: 0.000855
2026-03-19 13:39:37,010 - INFO - [Train] [32/90] | Loss: 0.3786 | Train Acc: 88.74%
2026-03-19 13:40:16,333 - INFO - [Valid] [32/90] | Loss: 0.3788 | Val Acc: 88.69%
2026-03-19 13:40:16,510 - INFO - [Metrics for 'Normal'] | Precision: 0.9172 | Recall: 0.8640 | F1: 0.8898
2026-03-19 13:40:16,510 - INFO - [Metrics for 'Defect'] | Precision: 0.8570 | Recall: 0.9127 | F1: 0.8840
2026-03-19 13:40:16,578 - INFO - [Best Model Saved] (val loss: 0.3788) -> 'log/Sewer_ML_params/baseline_mobile_vit_xxs_wanda_20260319_091037/best_model.pth'
2026-03-19 13:40:16,579 - INFO - --------------------------------------------------
2026-03-19 13:40:16,579 - INFO - [LR]    [33/90] | Learning Rate: 0.000842
2026-03-19 13:47:46,316 - INFO - [Train] [33/90] | Loss: 0.3781 | Train Acc: 88.77%
2026-03-19 13:48:25,090 - INFO - [Valid] [33/90] | Loss: 0.3746 | Val Acc: 88.93%
2026-03-19 13:48:25,272 - INFO - [Metrics for 'Normal'] | Precision: 0.9147 | Recall: 0.8716 | F1: 0.8926
2026-03-19 13:48:25,272 - INFO - [Metrics for 'Defect'] | Precision: 0.8635 | Recall: 0.9090 | F1: 0.8857
2026-03-19 13:48:25,341 - INFO - [Best Model Saved] (val loss: 0.3746) -> 'log/Sewer_ML_params/baseline_mobile_vit_xxs_wanda_20260319_091037/best_model.pth'
2026-03-19 13:48:25,341 - INFO - --------------------------------------------------
2026-03-19 13:48:25,342 - INFO - [LR]    [34/90] | Learning Rate: 0.000829
2026-03-19 13:55:54,263 - INFO - [Train] [34/90] | Loss: 0.3771 | Train Acc: 88.82%
2026-03-19 13:56:33,488 - INFO - [Valid] [34/90] | Loss: 0.3749 | Val Acc: 88.98%
2026-03-19 13:56:33,654 - INFO - [Metrics for 'Normal'] | Precision: 0.9065 | Recall: 0.8823 | F1: 0.8942
2026-03-19 13:56:33,654 - INFO - [Metrics for 'Defect'] | Precision: 0.8721 | Recall: 0.8981 | F1: 0.8849
2026-03-19 13:56:33,711 - INFO - --------------------------------------------------
2026-03-19 13:56:33,712 - INFO - [LR]    [35/90] | Learning Rate: 0.000815
2026-03-19 14:04:03,796 - INFO - [Train] [35/90] | Loss: 0.3763 | Train Acc: 88.91%
2026-03-19 14:04:43,089 - INFO - [Valid] [35/90] | Loss: 0.3797 | Val Acc: 88.64%
2026-03-19 14:04:43,267 - INFO - [Metrics for 'Normal'] | Precision: 0.9268 | Recall: 0.8522 | F1: 0.8879
2026-03-19 14:04:43,267 - INFO - [Metrics for 'Defect'] | Precision: 0.8483 | Recall: 0.9246 | F1: 0.8848
2026-03-19 14:04:43,325 - INFO - --------------------------------------------------
2026-03-19 14:04:43,326 - INFO - [LR]    [36/90] | Learning Rate: 0.000800
2026-03-19 14:12:18,766 - INFO - [Train] [36/90] | Loss: 0.3754 | Train Acc: 88.94%
2026-03-19 14:12:58,378 - INFO - [Valid] [36/90] | Loss: 0.3753 | Val Acc: 88.96%
2026-03-19 14:12:58,549 - INFO - [Metrics for 'Normal'] | Precision: 0.8854 | Recall: 0.9086 | F1: 0.8969
2026-03-19 14:12:58,549 - INFO - [Metrics for 'Defect'] | Precision: 0.8946 | Recall: 0.8684 | F1: 0.8813
2026-03-19 14:12:58,599 - INFO - --------------------------------------------------
2026-03-19 14:12:58,600 - INFO - [LR]    [37/90] | Learning Rate: 0.000785
2026-03-19 14:20:28,863 - INFO - [Train] [37/90] | Loss: 0.3749 | Train Acc: 89.01%
2026-03-19 14:21:08,512 - INFO - [Valid] [37/90] | Loss: 0.3741 | Val Acc: 89.01%
2026-03-19 14:21:08,648 - INFO - [Metrics for 'Normal'] | Precision: 0.9158 | Recall: 0.8721 | F1: 0.8934
2026-03-19 14:21:08,649 - INFO - [Metrics for 'Defect'] | Precision: 0.8641 | Recall: 0.9102 | F1: 0.8866
2026-03-19 14:21:08,703 - INFO - [Best Model Saved] (val loss: 0.3741) -> 'log/Sewer_ML_params/baseline_mobile_vit_xxs_wanda_20260319_091037/best_model.pth'
2026-03-19 14:21:08,703 - INFO - --------------------------------------------------
2026-03-19 14:21:08,704 - INFO - [LR]    [38/90] | Learning Rate: 0.000770
2026-03-19 14:28:38,239 - INFO - [Train] [38/90] | Loss: 0.3744 | Train Acc: 89.04%
2026-03-19 14:29:17,881 - INFO - [Valid] [38/90] | Loss: 0.3719 | Val Acc: 89.19%
2026-03-19 14:29:18,017 - INFO - [Metrics for 'Normal'] | Precision: 0.9044 | Recall: 0.8893 | F1: 0.8968
2026-03-19 14:29:18,017 - INFO - [Metrics for 'Defect'] | Precision: 0.8784 | Recall: 0.8948 | F1: 0.8865
2026-03-19 14:29:18,073 - INFO - [Best Model Saved] (val loss: 0.3719) -> 'log/Sewer_ML_params/baseline_mobile_vit_xxs_wanda_20260319_091037/best_model.pth'
2026-03-19 14:29:18,073 - INFO - --------------------------------------------------
2026-03-19 14:29:18,074 - INFO - [LR]    [39/90] | Learning Rate: 0.000754
2026-03-19 14:36:49,280 - INFO - [Train] [39/90] | Loss: 0.3738 | Train Acc: 89.06%
2026-03-19 14:37:28,592 - INFO - [Valid] [39/90] | Loss: 0.3728 | Val Acc: 89.08%
2026-03-19 14:37:28,728 - INFO - [Metrics for 'Normal'] | Precision: 0.8972 | Recall: 0.8960 | F1: 0.8966
2026-03-19 14:37:28,728 - INFO - [Metrics for 'Defect'] | Precision: 0.8838 | Recall: 0.8851 | F1: 0.8844
2026-03-19 14:37:28,775 - INFO - --------------------------------------------------
2026-03-19 14:37:28,776 - INFO - [LR]    [40/90] | Learning Rate: 0.000738
2026-03-19 14:45:00,433 - INFO - [Train] [40/90] | Loss: 0.3730 | Train Acc: 89.13%
2026-03-19 14:45:39,689 - INFO - [Valid] [40/90] | Loss: 0.3729 | Val Acc: 89.08%
2026-03-19 14:45:39,861 - INFO - [Metrics for 'Normal'] | Precision: 0.8865 | Recall: 0.9098 | F1: 0.8980
2026-03-19 14:45:39,861 - INFO - [Metrics for 'Defect'] | Precision: 0.8960 | Recall: 0.8696 | F1: 0.8826
2026-03-19 14:45:39,911 - INFO - --------------------------------------------------
2026-03-19 14:45:39,911 - INFO - [LR]    [41/90] | Learning Rate: 0.000722
2026-03-19 14:53:10,644 - INFO - [Train] [41/90] | Loss: 0.3725 | Train Acc: 89.13%
2026-03-19 14:53:50,213 - INFO - [Valid] [41/90] | Loss: 0.3710 | Val Acc: 89.22%
2026-03-19 14:53:50,358 - INFO - [Metrics for 'Normal'] | Precision: 0.9085 | Recall: 0.8849 | F1: 0.8966
2026-03-19 14:53:50,358 - INFO - [Metrics for 'Defect'] | Precision: 0.8748 | Recall: 0.9003 | F1: 0.8874
2026-03-19 14:53:50,427 - INFO - [Best Model Saved] (val loss: 0.3710) -> 'log/Sewer_ML_params/baseline_mobile_vit_xxs_wanda_20260319_091037/best_model.pth'
2026-03-19 14:53:50,428 - INFO - --------------------------------------------------
2026-03-19 14:53:50,428 - INFO - [LR]    [42/90] | Learning Rate: 0.000706
2026-03-19 15:01:20,501 - INFO - [Train] [42/90] | Loss: 0.3720 | Train Acc: 89.18%
2026-03-19 15:01:59,598 - INFO - [Valid] [42/90] | Loss: 0.3712 | Val Acc: 89.22%
2026-03-19 15:01:59,745 - INFO - [Metrics for 'Normal'] | Precision: 0.9152 | Recall: 0.8772 | F1: 0.8958
2026-03-19 15:01:59,745 - INFO - [Metrics for 'Defect'] | Precision: 0.8686 | Recall: 0.9090 | F1: 0.8884
2026-03-19 15:01:59,791 - INFO - --------------------------------------------------
2026-03-19 15:01:59,792 - INFO - [LR]    [43/90] | Learning Rate: 0.000689
2026-03-19 15:09:29,466 - INFO - [Train] [43/90] | Loss: 0.3716 | Train Acc: 89.20%
2026-03-19 15:10:08,531 - INFO - [Valid] [43/90] | Loss: 0.3743 | Val Acc: 89.06%
2026-03-19 15:10:08,714 - INFO - [Metrics for 'Normal'] | Precision: 0.9240 | Recall: 0.8638 | F1: 0.8929
2026-03-19 15:10:08,714 - INFO - [Metrics for 'Defect'] | Precision: 0.8579 | Recall: 0.9205 | F1: 0.8881
2026-03-19 15:10:08,772 - INFO - --------------------------------------------------
2026-03-19 15:10:08,773 - INFO - [LR]    [44/90] | Learning Rate: 0.000672
2026-03-19 15:17:37,715 - INFO - [Train] [44/90] | Loss: 0.3707 | Train Acc: 89.26%
2026-03-19 15:18:17,486 - INFO - [Valid] [44/90] | Loss: 0.3698 | Val Acc: 89.29%
2026-03-19 15:18:17,668 - INFO - [Metrics for 'Normal'] | Precision: 0.9075 | Recall: 0.8878 | F1: 0.8975
2026-03-19 15:18:17,668 - INFO - [Metrics for 'Defect'] | Precision: 0.8774 | Recall: 0.8987 | F1: 0.8879
2026-03-19 15:18:17,738 - INFO - [Best Model Saved] (val loss: 0.3698) -> 'log/Sewer_ML_params/baseline_mobile_vit_xxs_wanda_20260319_091037/best_model.pth'
2026-03-19 15:18:17,738 - INFO - --------------------------------------------------
2026-03-19 15:18:17,739 - INFO - [LR]    [45/90] | Learning Rate: 0.000655
2026-03-19 15:25:46,974 - INFO - [Train] [45/90] | Loss: 0.3703 | Train Acc: 89.30%
2026-03-19 15:26:26,623 - INFO - [Valid] [45/90] | Loss: 0.3695 | Val Acc: 89.34%
2026-03-19 15:26:26,770 - INFO - [Metrics for 'Normal'] | Precision: 0.9103 | Recall: 0.8853 | F1: 0.8976
2026-03-19 15:26:26,770 - INFO - [Metrics for 'Defect'] | Precision: 0.8755 | Recall: 0.9024 | F1: 0.8887
2026-03-19 15:26:26,826 - INFO - [Best Model Saved] (val loss: 0.3695) -> 'log/Sewer_ML_params/baseline_mobile_vit_xxs_wanda_20260319_091037/best_model.pth'
2026-03-19 15:26:26,826 - INFO - --------------------------------------------------
2026-03-19 15:26:26,827 - INFO - [LR]    [46/90] | Learning Rate: 0.000638
2026-03-19 15:33:56,716 - INFO - [Train] [46/90] | Loss: 0.3696 | Train Acc: 89.34%
2026-03-19 15:34:36,489 - INFO - [Valid] [46/90] | Loss: 0.3715 | Val Acc: 89.24%
2026-03-19 15:34:36,634 - INFO - [Metrics for 'Normal'] | Precision: 0.9218 | Recall: 0.8700 | F1: 0.8951
2026-03-19 15:34:36,634 - INFO - [Metrics for 'Defect'] | Precision: 0.8631 | Recall: 0.9174 | F1: 0.8894
2026-03-19 15:34:36,681 - INFO - --------------------------------------------------
2026-03-19 15:34:36,682 - INFO - [LR]    [47/90] | Learning Rate: 0.000620
2026-03-19 15:42:06,096 - INFO - [Train] [47/90] | Loss: 0.3691 | Train Acc: 89.38%
2026-03-19 15:42:45,271 - INFO - [Valid] [47/90] | Loss: 0.3688 | Val Acc: 89.41%
2026-03-19 15:42:45,442 - INFO - [Metrics for 'Normal'] | Precision: 0.9165 | Recall: 0.8797 | F1: 0.8977
2026-03-19 15:42:45,442 - INFO - [Metrics for 'Defect'] | Precision: 0.8711 | Recall: 0.9103 | F1: 0.8903
2026-03-19 15:42:45,513 - INFO - [Best Model Saved] (val loss: 0.3688) -> 'log/Sewer_ML_params/baseline_mobile_vit_xxs_wanda_20260319_091037/best_model.pth'
2026-03-19 15:42:45,513 - INFO - --------------------------------------------------
2026-03-19 15:42:45,514 - INFO - [LR]    [48/90] | Learning Rate: 0.000603
2026-03-19 15:50:15,414 - INFO - [Train] [48/90] | Loss: 0.3686 | Train Acc: 89.39%
2026-03-19 15:50:54,980 - INFO - [Valid] [48/90] | Loss: 0.3701 | Val Acc: 89.32%
2026-03-19 15:50:55,151 - INFO - [Metrics for 'Normal'] | Precision: 0.9182 | Recall: 0.8757 | F1: 0.8965
2026-03-19 15:50:55,151 - INFO - [Metrics for 'Defect'] | Precision: 0.8678 | Recall: 0.9127 | F1: 0.8897
2026-03-19 15:50:55,209 - INFO - --------------------------------------------------
2026-03-19 15:50:55,210 - INFO - [LR]    [49/90] | Learning Rate: 0.000585
2026-03-19 15:58:25,405 - INFO - [Train] [49/90] | Loss: 0.3681 | Train Acc: 89.43%
2026-03-19 15:59:05,170 - INFO - [Valid] [49/90] | Loss: 0.3688 | Val Acc: 89.47%
2026-03-19 15:59:05,308 - INFO - [Metrics for 'Normal'] | Precision: 0.9071 | Recall: 0.8920 | F1: 0.8995
2026-03-19 15:59:05,308 - INFO - [Metrics for 'Defect'] | Precision: 0.8814 | Recall: 0.8978 | F1: 0.8895
2026-03-19 15:59:05,364 - INFO - [Best Model Saved] (val loss: 0.3688) -> 'log/Sewer_ML_params/baseline_mobile_vit_xxs_wanda_20260319_091037/best_model.pth'
2026-03-19 15:59:05,364 - INFO - --------------------------------------------------
2026-03-19 15:59:05,365 - INFO - [LR]    [50/90] | Learning Rate: 0.000568
2026-03-19 16:06:34,632 - INFO - [Train] [50/90] | Loss: 0.3678 | Train Acc: 89.46%
2026-03-19 16:07:14,274 - INFO - [Valid] [50/90] | Loss: 0.3711 | Val Acc: 89.25%
2026-03-19 16:07:14,420 - INFO - [Metrics for 'Normal'] | Precision: 0.8938 | Recall: 0.9040 | F1: 0.8988
2026-03-19 16:07:14,421 - INFO - [Metrics for 'Defect'] | Precision: 0.8911 | Recall: 0.8798 | F1: 0.8854
2026-03-19 16:07:14,467 - INFO - --------------------------------------------------
2026-03-19 16:07:14,468 - INFO - [LR]    [51/90] | Learning Rate: 0.000550
2026-03-19 16:14:50,004 - INFO - [Train] [51/90] | Loss: 0.3674 | Train Acc: 89.51%
2026-03-19 16:15:29,565 - INFO - [Valid] [51/90] | Loss: 0.3682 | Val Acc: 89.44%
2026-03-19 16:15:29,703 - INFO - [Metrics for 'Normal'] | Precision: 0.9078 | Recall: 0.8906 | F1: 0.8991
2026-03-19 16:15:29,703 - INFO - [Metrics for 'Defect'] | Precision: 0.8801 | Recall: 0.8988 | F1: 0.8893
2026-03-19 16:15:29,758 - INFO - [Best Model Saved] (val loss: 0.3682) -> 'log/Sewer_ML_params/baseline_mobile_vit_xxs_wanda_20260319_091037/best_model.pth'
2026-03-19 16:15:29,758 - INFO - --------------------------------------------------
2026-03-19 16:15:29,759 - INFO - [LR]    [52/90] | Learning Rate: 0.000532
2026-03-19 16:23:00,451 - INFO - [Train] [52/90] | Loss: 0.3670 | Train Acc: 89.50%
2026-03-19 16:23:39,726 - INFO - [Valid] [52/90] | Loss: 0.3689 | Val Acc: 89.35%
2026-03-19 16:23:39,909 - INFO - [Metrics for 'Normal'] | Precision: 0.9171 | Recall: 0.8777 | F1: 0.8970
2026-03-19 16:23:39,909 - INFO - [Metrics for 'Defect'] | Precision: 0.8694 | Recall: 0.9112 | F1: 0.8898
2026-03-19 16:23:39,968 - INFO - --------------------------------------------------
2026-03-19 16:23:39,969 - INFO - [LR]    [53/90] | Learning Rate: 0.000515
2026-03-19 16:31:11,721 - INFO - [Train] [53/90] | Loss: 0.3666 | Train Acc: 89.53%
2026-03-19 16:31:51,546 - INFO - [Valid] [53/90] | Loss: 0.3683 | Val Acc: 89.43%
2026-03-19 16:31:51,692 - INFO - [Metrics for 'Normal'] | Precision: 0.9002 | Recall: 0.8997 | F1: 0.8999
2026-03-19 16:31:51,692 - INFO - [Metrics for 'Defect'] | Precision: 0.8878 | Recall: 0.8883 | F1: 0.8881
2026-03-19 16:31:51,739 - INFO - --------------------------------------------------
2026-03-19 16:31:51,739 - INFO - [LR]    [54/90] | Learning Rate: 0.000497
2026-03-19 16:39:21,653 - INFO - [Train] [54/90] | Loss: 0.3661 | Train Acc: 89.58%
2026-03-19 16:40:01,366 - INFO - [Valid] [54/90] | Loss: 0.3666 | Val Acc: 89.54%
2026-03-19 16:40:01,537 - INFO - [Metrics for 'Normal'] | Precision: 0.9052 | Recall: 0.8958 | F1: 0.9005
2026-03-19 16:40:01,537 - INFO - [Metrics for 'Defect'] | Precision: 0.8847 | Recall: 0.8949 | F1: 0.8898
2026-03-19 16:40:01,608 - INFO - [Best Model Saved] (val loss: 0.3666) -> 'log/Sewer_ML_params/baseline_mobile_vit_xxs_wanda_20260319_091037/best_model.pth'
2026-03-19 16:40:01,608 - INFO - --------------------------------------------------
2026-03-19 16:40:01,609 - INFO - [LR]    [55/90] | Learning Rate: 0.000480
2026-03-19 16:47:33,418 - INFO - [Train] [55/90] | Loss: 0.3656 | Train Acc: 89.57%
2026-03-19 16:48:12,639 - INFO - [Valid] [55/90] | Loss: 0.3658 | Val Acc: 89.56%
2026-03-19 16:48:12,820 - INFO - [Metrics for 'Normal'] | Precision: 0.9052 | Recall: 0.8961 | F1: 0.9006
2026-03-19 16:48:12,820 - INFO - [Metrics for 'Defect'] | Precision: 0.8850 | Recall: 0.8950 | F1: 0.8899
2026-03-19 16:48:12,889 - INFO - [Best Model Saved] (val loss: 0.3658) -> 'log/Sewer_ML_params/baseline_mobile_vit_xxs_wanda_20260319_091037/best_model.pth'
2026-03-19 16:48:12,889 - INFO - --------------------------------------------------
2026-03-19 16:48:12,890 - INFO - [LR]    [56/90] | Learning Rate: 0.000462
2026-03-19 16:55:46,022 - INFO - [Train] [56/90] | Loss: 0.3652 | Train Acc: 89.64%
2026-03-19 16:56:27,307 - INFO - [Valid] [56/90] | Loss: 0.3657 | Val Acc: 89.60%
2026-03-19 16:56:27,495 - INFO - [Metrics for 'Normal'] | Precision: 0.9100 | Recall: 0.8911 | F1: 0.9005
2026-03-19 16:56:27,495 - INFO - [Metrics for 'Defect'] | Precision: 0.8809 | Recall: 0.9014 | F1: 0.8910
2026-03-19 16:56:27,574 - INFO - [Best Model Saved] (val loss: 0.3657) -> 'log/Sewer_ML_params/baseline_mobile_vit_xxs_wanda_20260319_091037/best_model.pth'
2026-03-19 16:56:27,574 - INFO - --------------------------------------------------
2026-03-19 16:56:27,575 - INFO - [LR]    [57/90] | Learning Rate: 0.000445
2026-03-19 17:04:13,751 - INFO - [Train] [57/90] | Loss: 0.3648 | Train Acc: 89.65%
2026-03-19 17:04:54,519 - INFO - [Valid] [57/90] | Loss: 0.3669 | Val Acc: 89.55%
2026-03-19 17:04:54,711 - INFO - [Metrics for 'Normal'] | Precision: 0.9066 | Recall: 0.8942 | F1: 0.9003
2026-03-19 17:04:54,711 - INFO - [Metrics for 'Defect'] | Precision: 0.8834 | Recall: 0.8968 | F1: 0.8901
2026-03-19 17:04:54,778 - INFO - --------------------------------------------------
2026-03-19 17:04:54,779 - INFO - [LR]    [58/90] | Learning Rate: 0.000428
2026-03-19 17:12:28,371 - INFO - [Train] [58/90] | Loss: 0.3642 | Train Acc: 89.69%
2026-03-19 17:13:07,917 - INFO - [Valid] [58/90] | Loss: 0.3664 | Val Acc: 89.56%
2026-03-19 17:13:08,065 - INFO - [Metrics for 'Normal'] | Precision: 0.9050 | Recall: 0.8964 | F1: 0.9007
2026-03-19 17:13:08,065 - INFO - [Metrics for 'Defect'] | Precision: 0.8852 | Recall: 0.8946 | F1: 0.8899
2026-03-19 17:13:08,112 - INFO - --------------------------------------------------
2026-03-19 17:13:08,113 - INFO - [LR]    [59/90] | Learning Rate: 0.000411
2026-03-19 17:20:38,642 - INFO - [Train] [59/90] | Loss: 0.3642 | Train Acc: 89.70%
2026-03-19 17:21:17,825 - INFO - [Valid] [59/90] | Loss: 0.3655 | Val Acc: 89.64%
2026-03-19 17:21:17,973 - INFO - [Metrics for 'Normal'] | Precision: 0.9090 | Recall: 0.8932 | F1: 0.9011
2026-03-19 17:21:17,973 - INFO - [Metrics for 'Defect'] | Precision: 0.8828 | Recall: 0.8999 | F1: 0.8913
2026-03-19 17:21:18,028 - INFO - [Best Model Saved] (val loss: 0.3655) -> 'log/Sewer_ML_params/baseline_mobile_vit_xxs_wanda_20260319_091037/best_model.pth'
2026-03-19 17:21:18,028 - INFO - --------------------------------------------------
2026-03-19 17:21:18,029 - INFO - [LR]    [60/90] | Learning Rate: 0.000394
2026-03-19 17:28:47,480 - INFO - [Train] [60/90] | Loss: 0.3635 | Train Acc: 89.73%
2026-03-19 17:29:26,487 - INFO - [Valid] [60/90] | Loss: 0.3668 | Val Acc: 89.48%
2026-03-19 17:29:26,625 - INFO - [Metrics for 'Normal'] | Precision: 0.9197 | Recall: 0.8775 | F1: 0.8981
2026-03-19 17:29:26,625 - INFO - [Metrics for 'Defect'] | Precision: 0.8696 | Recall: 0.9142 | F1: 0.8914
2026-03-19 17:29:26,671 - INFO - --------------------------------------------------
2026-03-19 17:29:26,672 - INFO - [LR]    [61/90] | Learning Rate: 0.000378
2026-03-19 17:36:55,750 - INFO - [Train] [61/90] | Loss: 0.3634 | Train Acc: 89.77%
2026-03-19 17:37:34,781 - INFO - [Valid] [61/90] | Loss: 0.3667 | Val Acc: 89.52%
2026-03-19 17:37:34,954 - INFO - [Metrics for 'Normal'] | Precision: 0.9190 | Recall: 0.8790 | F1: 0.8986
2026-03-19 17:37:34,954 - INFO - [Metrics for 'Defect'] | Precision: 0.8709 | Recall: 0.9133 | F1: 0.8916
2026-03-19 17:37:35,013 - INFO - --------------------------------------------------
2026-03-19 17:37:35,014 - INFO - [LR]    [62/90] | Learning Rate: 0.000362
2026-03-19 17:45:04,188 - INFO - [Train] [62/90] | Loss: 0.3632 | Train Acc: 89.77%
2026-03-19 17:45:43,523 - INFO - [Valid] [62/90] | Loss: 0.3645 | Val Acc: 89.68%
2026-03-19 17:45:43,671 - INFO - [Metrics for 'Normal'] | Precision: 0.9016 | Recall: 0.9031 | F1: 0.9023
2026-03-19 17:45:43,671 - INFO - [Metrics for 'Defect'] | Precision: 0.8913 | Recall: 0.8897 | F1: 0.8905
2026-03-19 17:45:43,727 - INFO - [Best Model Saved] (val loss: 0.3645) -> 'log/Sewer_ML_params/baseline_mobile_vit_xxs_wanda_20260319_091037/best_model.pth'
2026-03-19 17:45:43,727 - INFO - --------------------------------------------------
2026-03-19 17:45:43,728 - INFO - [LR]    [63/90] | Learning Rate: 0.000346
2026-03-19 17:53:12,679 - INFO - [Train] [63/90] | Loss: 0.3627 | Train Acc: 89.81%
2026-03-19 17:53:52,002 - INFO - [Valid] [63/90] | Loss: 0.3646 | Val Acc: 89.71%
2026-03-19 17:53:52,177 - INFO - [Metrics for 'Normal'] | Precision: 0.9103 | Recall: 0.8932 | F1: 0.9017
2026-03-19 17:53:52,177 - INFO - [Metrics for 'Defect'] | Precision: 0.8830 | Recall: 0.9014 | F1: 0.8921
2026-03-19 17:53:52,232 - INFO - --------------------------------------------------
2026-03-19 17:53:52,233 - INFO - [LR]    [64/90] | Learning Rate: 0.000330
2026-03-19 18:01:22,092 - INFO - [Train] [64/90] | Loss: 0.3623 | Train Acc: 89.82%
2026-03-19 18:02:01,424 - INFO - [Valid] [64/90] | Loss: 0.3647 | Val Acc: 89.70%
2026-03-19 18:02:01,572 - INFO - [Metrics for 'Normal'] | Precision: 0.9119 | Recall: 0.8911 | F1: 0.9013
2026-03-19 18:02:01,572 - INFO - [Metrics for 'Defect'] | Precision: 0.8811 | Recall: 0.9036 | F1: 0.8922
2026-03-19 18:02:01,618 - INFO - --------------------------------------------------
2026-03-19 18:02:01,619 - INFO - [LR]    [65/90] | Learning Rate: 0.000315
2026-03-19 18:09:31,802 - INFO - [Train] [65/90] | Loss: 0.3620 | Train Acc: 89.86%
2026-03-19 18:10:11,379 - INFO - [Valid] [65/90] | Loss: 0.3649 | Val Acc: 89.66%
2026-03-19 18:10:11,517 - INFO - [Metrics for 'Normal'] | Precision: 0.9072 | Recall: 0.8959 | F1: 0.9015
2026-03-19 18:10:11,517 - INFO - [Metrics for 'Defect'] | Precision: 0.8851 | Recall: 0.8974 | F1: 0.8912
2026-03-19 18:10:11,564 - INFO - --------------------------------------------------
2026-03-19 18:10:11,565 - INFO - [LR]    [66/90] | Learning Rate: 0.000300
2026-03-19 18:17:40,547 - INFO - [Train] [66/90] | Loss: 0.3615 | Train Acc: 89.89%
2026-03-19 18:18:19,878 - INFO - [Valid] [66/90] | Loss: 0.3662 | Val Acc: 89.54%
2026-03-19 18:18:20,015 - INFO - [Metrics for 'Normal'] | Precision: 0.9194 | Recall: 0.8790 | F1: 0.8988
2026-03-19 18:18:20,015 - INFO - [Metrics for 'Defect'] | Precision: 0.8710 | Recall: 0.9138 | F1: 0.8918
2026-03-19 18:18:20,062 - INFO - --------------------------------------------------
2026-03-19 18:18:20,063 - INFO - [LR]    [67/90] | Learning Rate: 0.000285
2026-03-19 18:25:50,414 - INFO - [Train] [67/90] | Loss: 0.3614 | Train Acc: 89.88%
2026-03-19 18:26:29,590 - INFO - [Valid] [67/90] | Loss: 0.3680 | Val Acc: 89.52%
2026-03-19 18:26:29,728 - INFO - [Metrics for 'Normal'] | Precision: 0.9277 | Recall: 0.8694 | F1: 0.8976
2026-03-19 18:26:29,728 - INFO - [Metrics for 'Defect'] | Precision: 0.8634 | Recall: 0.9242 | F1: 0.8928
2026-03-19 18:26:29,775 - INFO - --------------------------------------------------
2026-03-19 18:26:29,776 - INFO - [LR]    [68/90] | Learning Rate: 0.000271
2026-03-19 18:33:59,458 - INFO - [Train] [68/90] | Loss: 0.3610 | Train Acc: 89.92%
2026-03-19 18:34:39,387 - INFO - [Valid] [68/90] | Loss: 0.3628 | Val Acc: 89.81%
2026-03-19 18:34:39,536 - INFO - [Metrics for 'Normal'] | Precision: 0.9098 | Recall: 0.8959 | F1: 0.9028
2026-03-19 18:34:39,536 - INFO - [Metrics for 'Defect'] | Precision: 0.8855 | Recall: 0.9005 | F1: 0.8930
2026-03-19 18:34:39,592 - INFO - [Best Model Saved] (val loss: 0.3628) -> 'log/Sewer_ML_params/baseline_mobile_vit_xxs_wanda_20260319_091037/best_model.pth'
2026-03-19 18:34:39,592 - INFO - --------------------------------------------------
2026-03-19 18:34:39,593 - INFO - [LR]    [69/90] | Learning Rate: 0.000258
2026-03-19 18:42:09,936 - INFO - [Train] [69/90] | Loss: 0.3607 | Train Acc: 89.91%
2026-03-19 18:42:49,540 - INFO - [Valid] [69/90] | Loss: 0.3629 | Val Acc: 89.79%
2026-03-19 18:42:49,680 - INFO - [Metrics for 'Normal'] | Precision: 0.9061 | Recall: 0.9000 | F1: 0.9030
2026-03-19 18:42:49,680 - INFO - [Metrics for 'Defect'] | Precision: 0.8889 | Recall: 0.8957 | F1: 0.8923
2026-03-19 18:42:49,728 - INFO - --------------------------------------------------
2026-03-19 18:42:49,729 - INFO - [LR]    [70/90] | Learning Rate: 0.000245
2026-03-19 18:50:19,440 - INFO - [Train] [70/90] | Loss: 0.3601 | Train Acc: 89.98%
2026-03-19 18:50:59,382 - INFO - [Valid] [70/90] | Loss: 0.3647 | Val Acc: 89.72%
2026-03-19 18:50:59,558 - INFO - [Metrics for 'Normal'] | Precision: 0.9210 | Recall: 0.8808 | F1: 0.9005
2026-03-19 18:50:59,559 - INFO - [Metrics for 'Defect'] | Precision: 0.8728 | Recall: 0.9154 | F1: 0.8936
2026-03-19 18:50:59,619 - INFO - --------------------------------------------------
2026-03-19 18:50:59,620 - INFO - [LR]    [71/90] | Learning Rate: 0.000232
2026-03-19 18:58:29,051 - INFO - [Train] [71/90] | Loss: 0.3602 | Train Acc: 89.98%
2026-03-19 18:59:08,072 - INFO - [Valid] [71/90] | Loss: 0.3631 | Val Acc: 89.79%
2026-03-19 18:59:08,274 - INFO - [Metrics for 'Normal'] | Precision: 0.9134 | Recall: 0.8912 | F1: 0.9022
2026-03-19 18:59:08,274 - INFO - [Metrics for 'Defect'] | Precision: 0.8815 | Recall: 0.9055 | F1: 0.8933
2026-03-19 18:59:08,335 - INFO - --------------------------------------------------
2026-03-19 18:59:08,336 - INFO - [LR]    [72/90] | Learning Rate: 0.000220
2026-03-19 19:06:38,238 - INFO - [Train] [72/90] | Loss: 0.3598 | Train Acc: 90.01%
2026-03-19 19:07:17,706 - INFO - [Valid] [72/90] | Loss: 0.3630 | Val Acc: 89.79%
2026-03-19 19:07:17,884 - INFO - [Metrics for 'Normal'] | Precision: 0.9124 | Recall: 0.8924 | F1: 0.9023
2026-03-19 19:07:17,884 - INFO - [Metrics for 'Defect'] | Precision: 0.8825 | Recall: 0.9041 | F1: 0.8932
2026-03-19 19:07:17,944 - INFO - --------------------------------------------------
2026-03-19 19:07:17,945 - INFO - [LR]    [73/90] | Learning Rate: 0.000208
2026-03-19 19:14:48,175 - INFO - [Train] [73/90] | Loss: 0.3597 | Train Acc: 90.03%
2026-03-19 19:15:27,675 - INFO - [Valid] [73/90] | Loss: 0.3636 | Val Acc: 89.81%
2026-03-19 19:15:27,816 - INFO - [Metrics for 'Normal'] | Precision: 0.9149 | Recall: 0.8898 | F1: 0.9022
2026-03-19 19:15:27,816 - INFO - [Metrics for 'Defect'] | Precision: 0.8803 | Recall: 0.9073 | F1: 0.8936
2026-03-19 19:15:27,863 - INFO - --------------------------------------------------
2026-03-19 19:15:27,864 - INFO - [LR]    [74/90] | Learning Rate: 0.000197
2026-03-19 19:22:58,075 - INFO - [Train] [74/90] | Loss: 0.3595 | Train Acc: 90.01%
2026-03-19 19:23:37,673 - INFO - [Valid] [74/90] | Loss: 0.3626 | Val Acc: 89.79%
2026-03-19 19:23:37,813 - INFO - [Metrics for 'Normal'] | Precision: 0.9095 | Recall: 0.8958 | F1: 0.9026
2026-03-19 19:23:37,813 - INFO - [Metrics for 'Defect'] | Precision: 0.8853 | Recall: 0.9003 | F1: 0.8927
2026-03-19 19:23:37,869 - INFO - [Best Model Saved] (val loss: 0.3626) -> 'log/Sewer_ML_params/baseline_mobile_vit_xxs_wanda_20260319_091037/best_model.pth'
2026-03-19 19:23:37,869 - INFO - --------------------------------------------------
2026-03-19 19:23:37,870 - INFO - [LR]    [75/90] | Learning Rate: 0.000186
2026-03-19 19:31:07,863 - INFO - [Train] [75/90] | Loss: 0.3593 | Train Acc: 90.07%
2026-03-19 19:31:47,460 - INFO - [Valid] [75/90] | Loss: 0.3634 | Val Acc: 89.75%
2026-03-19 19:31:47,634 - INFO - [Metrics for 'Normal'] | Precision: 0.9101 | Recall: 0.8943 | F1: 0.9021
2026-03-19 19:31:47,634 - INFO - [Metrics for 'Defect'] | Precision: 0.8839 | Recall: 0.9011 | F1: 0.8924
2026-03-19 19:31:47,694 - INFO - --------------------------------------------------
2026-03-19 19:31:47,695 - INFO - [LR]    [76/90] | Learning Rate: 0.000176
2026-03-19 19:39:17,842 - INFO - [Train] [76/90] | Loss: 0.3588 | Train Acc: 90.04%
2026-03-19 19:39:57,330 - INFO - [Valid] [76/90] | Loss: 0.3633 | Val Acc: 89.86%
2026-03-19 19:39:57,500 - INFO - [Metrics for 'Normal'] | Precision: 0.9165 | Recall: 0.8890 | F1: 0.9025
2026-03-19 19:39:57,500 - INFO - [Metrics for 'Defect'] | Precision: 0.8798 | Recall: 0.9093 | F1: 0.8943
2026-03-19 19:39:57,548 - INFO - --------------------------------------------------
2026-03-19 19:39:57,549 - INFO - [LR]    [77/90] | Learning Rate: 0.000166
2026-03-19 19:47:28,200 - INFO - [Train] [77/90] | Loss: 0.3589 | Train Acc: 90.06%
2026-03-19 19:48:07,277 - INFO - [Valid] [77/90] | Loss: 0.3624 | Val Acc: 89.84%
2026-03-19 19:48:07,418 - INFO - [Metrics for 'Normal'] | Precision: 0.9129 | Recall: 0.8927 | F1: 0.9027
2026-03-19 19:48:07,418 - INFO - [Metrics for 'Defect'] | Precision: 0.8828 | Recall: 0.9047 | F1: 0.8936
2026-03-19 19:48:07,474 - INFO - [Best Model Saved] (val loss: 0.3624) -> 'log/Sewer_ML_params/baseline_mobile_vit_xxs_wanda_20260319_091037/best_model.pth'
2026-03-19 19:48:07,474 - INFO - --------------------------------------------------
2026-03-19 19:48:07,475 - INFO - [LR]    [78/90] | Learning Rate: 0.000157
2026-03-19 19:55:37,792 - INFO - [Train] [78/90] | Loss: 0.3586 | Train Acc: 90.06%
2026-03-19 19:56:17,146 - INFO - [Valid] [78/90] | Loss: 0.3625 | Val Acc: 89.87%
2026-03-19 19:56:17,332 - INFO - [Metrics for 'Normal'] | Precision: 0.9146 | Recall: 0.8914 | F1: 0.9028
2026-03-19 19:56:17,332 - INFO - [Metrics for 'Defect'] | Precision: 0.8818 | Recall: 0.9069 | F1: 0.8941
2026-03-19 19:56:17,392 - INFO - --------------------------------------------------
2026-03-19 19:56:17,393 - INFO - [LR]    [79/90] | Learning Rate: 0.000149
2026-03-19 20:03:48,016 - INFO - [Train] [79/90] | Loss: 0.3586 | Train Acc: 90.08%
2026-03-19 20:04:27,556 - INFO - [Valid] [79/90] | Loss: 0.3628 | Val Acc: 89.78%
2026-03-19 20:04:27,742 - INFO - [Metrics for 'Normal'] | Precision: 0.9037 | Recall: 0.9028 | F1: 0.9032
2026-03-19 20:04:27,743 - INFO - [Metrics for 'Defect'] | Precision: 0.8913 | Recall: 0.8923 | F1: 0.8918
2026-03-19 20:04:27,803 - INFO - --------------------------------------------------
2026-03-19 20:04:27,804 - INFO - [LR]    [80/90] | Learning Rate: 0.000141
2026-03-19 20:11:58,773 - INFO - [Train] [80/90] | Loss: 0.3584 | Train Acc: 90.08%
2026-03-19 20:12:38,327 - INFO - [Valid] [80/90] | Loss: 0.3627 | Val Acc: 89.86%
2026-03-19 20:12:38,501 - INFO - [Metrics for 'Normal'] | Precision: 0.9158 | Recall: 0.8898 | F1: 0.9026
2026-03-19 20:12:38,501 - INFO - [Metrics for 'Defect'] | Precision: 0.8804 | Recall: 0.9084 | F1: 0.8942
2026-03-19 20:12:38,562 - INFO - --------------------------------------------------
2026-03-19 20:12:38,563 - INFO - [LR]    [81/90] | Learning Rate: 0.000134
2026-03-19 20:20:09,786 - INFO - [Train] [81/90] | Loss: 0.3579 | Train Acc: 90.14%
2026-03-19 20:20:49,241 - INFO - [Valid] [81/90] | Loss: 0.3628 | Val Acc: 89.81%
2026-03-19 20:20:49,391 - INFO - [Metrics for 'Normal'] | Precision: 0.9108 | Recall: 0.8947 | F1: 0.9027
2026-03-19 20:20:49,391 - INFO - [Metrics for 'Defect'] | Precision: 0.8844 | Recall: 0.9019 | F1: 0.8931
2026-03-19 20:20:49,438 - INFO - --------------------------------------------------
2026-03-19 20:20:49,439 - INFO - [LR]    [82/90] | Learning Rate: 0.000128
2026-03-19 20:28:18,243 - INFO - [Train] [82/90] | Loss: 0.3582 | Train Acc: 90.09%
2026-03-19 20:28:57,664 - INFO - [Valid] [82/90] | Loss: 0.3630 | Val Acc: 89.79%
2026-03-19 20:28:57,814 - INFO - [Metrics for 'Normal'] | Precision: 0.9137 | Recall: 0.8908 | F1: 0.9021
2026-03-19 20:28:57,814 - INFO - [Metrics for 'Defect'] | Precision: 0.8811 | Recall: 0.9058 | F1: 0.8933
2026-03-19 20:28:57,862 - INFO - --------------------------------------------------
2026-03-19 20:28:57,863 - INFO - [LR]    [83/90] | Learning Rate: 0.000122
2026-03-19 20:36:32,237 - INFO - [Train] [83/90] | Loss: 0.3579 | Train Acc: 90.13%
2026-03-19 20:37:12,427 - INFO - [Valid] [83/90] | Loss: 0.3630 | Val Acc: 89.89%
2026-03-19 20:37:12,614 - INFO - [Metrics for 'Normal'] | Precision: 0.9189 | Recall: 0.8867 | F1: 0.9025
2026-03-19 20:37:12,614 - INFO - [Metrics for 'Defect'] | Precision: 0.8780 | Recall: 0.9124 | F1: 0.8949
2026-03-19 20:37:12,662 - INFO - --------------------------------------------------
2026-03-19 20:37:12,663 - INFO - [LR]    [84/90] | Learning Rate: 0.000117
2026-03-19 20:44:49,295 - INFO - [Train] [84/90] | Loss: 0.3578 | Train Acc: 90.13%
2026-03-19 20:45:29,097 - INFO - [Valid] [84/90] | Loss: 0.3625 | Val Acc: 89.87%
2026-03-19 20:45:29,236 - INFO - [Metrics for 'Normal'] | Precision: 0.9058 | Recall: 0.9019 | F1: 0.9038
2026-03-19 20:45:29,237 - INFO - [Metrics for 'Defect'] | Precision: 0.8907 | Recall: 0.8950 | F1: 0.8929
2026-03-19 20:45:29,284 - INFO - --------------------------------------------------
2026-03-19 20:45:29,285 - INFO - [LR]    [85/90] | Learning Rate: 0.000112
2026-03-19 20:53:05,231 - INFO - [Train] [85/90] | Loss: 0.3574 | Train Acc: 90.17%
2026-03-19 20:53:45,440 - INFO - [Valid] [85/90] | Loss: 0.3622 | Val Acc: 89.89%
2026-03-19 20:53:45,617 - INFO - [Metrics for 'Normal'] | Precision: 0.9148 | Recall: 0.8916 | F1: 0.9031
2026-03-19 20:53:45,617 - INFO - [Metrics for 'Defect'] | Precision: 0.8820 | Recall: 0.9071 | F1: 0.8944
2026-03-19 20:53:45,677 - INFO - [Best Model Saved] (val loss: 0.3622) -> 'log/Sewer_ML_params/baseline_mobile_vit_xxs_wanda_20260319_091037/best_model.pth'
2026-03-19 20:53:45,677 - INFO - --------------------------------------------------
2026-03-19 20:53:45,678 - INFO - [LR]    [86/90] | Learning Rate: 0.000109
2026-03-19 21:01:22,001 - INFO - [Train] [86/90] | Loss: 0.3574 | Train Acc: 90.16%
2026-03-19 21:02:02,123 - INFO - [Valid] [86/90] | Loss: 0.3620 | Val Acc: 89.83%
2026-03-19 21:02:02,299 - INFO - [Metrics for 'Normal'] | Precision: 0.9101 | Recall: 0.8959 | F1: 0.9030
2026-03-19 21:02:02,299 - INFO - [Metrics for 'Defect'] | Precision: 0.8855 | Recall: 0.9010 | F1: 0.8932
2026-03-19 21:02:02,370 - INFO - [Best Model Saved] (val loss: 0.3620) -> 'log/Sewer_ML_params/baseline_mobile_vit_xxs_wanda_20260319_091037/best_model.pth'
2026-03-19 21:02:02,371 - INFO - --------------------------------------------------
2026-03-19 21:02:02,371 - INFO - [LR]    [87/90] | Learning Rate: 0.000106
2026-03-19 21:09:38,064 - INFO - [Train] [87/90] | Loss: 0.3574 | Train Acc: 90.16%
2026-03-19 21:10:17,826 - INFO - [Valid] [87/90] | Loss: 0.3624 | Val Acc: 89.88%
2026-03-19 21:10:17,969 - INFO - [Metrics for 'Normal'] | Precision: 0.9147 | Recall: 0.8916 | F1: 0.9030
2026-03-19 21:10:17,969 - INFO - [Metrics for 'Defect'] | Precision: 0.8820 | Recall: 0.9069 | F1: 0.8943
2026-03-19 21:10:18,018 - INFO - --------------------------------------------------
2026-03-19 21:10:18,019 - INFO - [LR]    [88/90] | Learning Rate: 0.000103
2026-03-19 21:17:53,376 - INFO - [Train] [88/90] | Loss: 0.3571 | Train Acc: 90.16%
2026-03-19 21:18:33,492 - INFO - [Valid] [88/90] | Loss: 0.3621 | Val Acc: 89.85%
2026-03-19 21:18:33,683 - INFO - [Metrics for 'Normal'] | Precision: 0.9079 | Recall: 0.8990 | F1: 0.9034
2026-03-19 21:18:33,683 - INFO - [Metrics for 'Defect'] | Precision: 0.8882 | Recall: 0.8979 | F1: 0.8930
2026-03-19 21:18:33,743 - INFO - --------------------------------------------------
2026-03-19 21:18:33,744 - INFO - [LR]    [89/90] | Learning Rate: 0.000101
2026-03-19 21:26:09,606 - INFO - [Train] [89/90] | Loss: 0.3572 | Train Acc: 90.17%
2026-03-19 21:26:49,633 - INFO - [Valid] [89/90] | Loss: 0.3617 | Val Acc: 89.88%
2026-03-19 21:26:49,820 - INFO - [Metrics for 'Normal'] | Precision: 0.9085 | Recall: 0.8989 | F1: 0.9037
2026-03-19 21:26:49,820 - INFO - [Metrics for 'Defect'] | Precision: 0.8882 | Recall: 0.8987 | F1: 0.8934
2026-03-19 21:26:49,891 - INFO - [Best Model Saved] (val loss: 0.3617) -> 'log/Sewer_ML_params/baseline_mobile_vit_xxs_wanda_20260319_091037/best_model.pth'
2026-03-19 21:26:49,891 - INFO - --------------------------------------------------
2026-03-19 21:26:49,892 - INFO - [LR]    [90/90] | Learning Rate: 0.000100
2026-03-19 21:34:26,141 - INFO - [Train] [90/90] | Loss: 0.3571 | Train Acc: 90.18%
2026-03-19 21:35:06,153 - INFO - [Valid] [90/90] | Loss: 0.3624 | Val Acc: 89.90%
2026-03-19 21:35:06,341 - INFO - [Metrics for 'Normal'] | Precision: 0.9158 | Recall: 0.8907 | F1: 0.9031
2026-03-19 21:35:06,341 - INFO - [Metrics for 'Defect'] | Precision: 0.8813 | Recall: 0.9084 | F1: 0.8946
2026-03-19 21:35:06,404 - INFO - ==================================================
2026-03-19 21:35:06,404 - INFO - 훈련 완료. 최고 성능 모델을 불러와 테스트 세트로 최종 평가합니다.
2026-03-19 21:35:06,404 - INFO - 최종 평가를 위해 새로운 모델 객체를 생성합니다.
2026-03-19 21:35:06,404 - INFO - Baseline 모델 'mobile_vit_xxs'을(를) 생성합니다 (사전 훈련 가중치: 미사용).
2026-03-19 21:35:06,420 - INFO - timm 모델(mobile_vit_xxs)의 Attention.forward를 Pruning 호환성을 위해 Monkey-patching 합니다.
2026-03-19 21:35:06,426 - INFO - 최종 평가 모델에 Pruning 구조를 재적용합니다.
2026-03-19 21:35:06,632 - INFO - Wanda Pruning을 시작합니다.
2026-03-19 21:35:06,632 - INFO - 저장된 pruning_history가 있어 Wanda calibration을 건너뜁니다.
2026-03-19 21:35:06,633 - INFO - 분류 레이어 'ClassifierHead'을(를) Pruning 대상에서 제외합니다.
2026-03-19 21:35:06,634 - INFO - ViT 계열 모델의 모든 qkv 레이어를 Pruning 대상에서 제외합니다.
2026-03-19 21:35:06,755 - INFO - 저장된 pruning_history를 사용해 Pruning 구조를 재현했습니다.
2026-03-19 21:35:06,755 - INFO - torch-pruning 완료. 모델 구조가 희소도(0.8005)에 맞춰 변경되었습니다.
2026-03-19 21:35:06,755 - INFO - ==================================================
2026-03-19 21:35:06,781 - INFO - 최고 성능 모델 가중치를 새로 생성된 모델 객체에 로드 완료: 'log/Sewer_ML_params/baseline_mobile_vit_xxs_wanda_20260319_091037/best_model.pth'
2026-03-19 21:35:06,781 - INFO - ==================================================
2026-03-19 21:35:06,781 - INFO - Test 모드를 시작합니다.
2026-03-19 21:35:06,782 - INFO - FLOPs 및 MACs 측정을 시작합니다...
2026-03-19 21:35:06,816 - INFO - Model FLOPs: 0.0435 GFLOPs
2026-03-19 21:35:06,816 - INFO - Model MACs: 0.0218 GMACs
2026-03-19 21:35:07,017 - INFO - 테스트 데이터셋에 대한 추론을 시작합니다.
2026-03-19 21:35:47,633 - INFO - [Test] Loss: 0.2678 | Test Acc: 89.88%
2026-03-19 21:35:47,807 - INFO - [Metrics for 'Normal'] | Precision: 0.9085 | Recall: 0.8989 | F1: 0.9037
2026-03-19 21:35:47,807 - INFO - [Metrics for 'Defect'] | Precision: 0.8882 | Recall: 0.8987 | F1: 0.8934
2026-03-19 21:35:48,059 - INFO - ==================================================
2026-03-19 21:35:48,059 - INFO - 혼동 행렬 저장 완료. 'log/Sewer_ML_params/baseline_mobile_vit_xxs_wanda_20260319_091037/confusion_matrix_20260319_091037.png' and 'log/Sewer_ML_params/baseline_mobile_vit_xxs_wanda_20260319_091037/confusion_matrix_20260319_091037.pdf'
2026-03-19 21:35:48,175 - INFO - Val Acc 그래프 저장 완료: 'log/Sewer_ML_params/baseline_mobile_vit_xxs_wanda_20260319_091037/graph_20260319_091037/val_acc.png' and 'log/Sewer_ML_params/baseline_mobile_vit_xxs_wanda_20260319_091037/graph_20260319_091037/val_acc.pdf'
2026-03-19 21:35:48,281 - INFO - Train/Val Acc 그래프 저장 완료: 'log/Sewer_ML_params/baseline_mobile_vit_xxs_wanda_20260319_091037/graph_20260319_091037/train_val_acc.png' and 'log/Sewer_ML_params/baseline_mobile_vit_xxs_wanda_20260319_091037/graph_20260319_091037/train_val_acc.pdf'
2026-03-19 21:35:48,367 - INFO - F1 (Normal) 그래프 저장 완료: 'log/Sewer_ML_params/baseline_mobile_vit_xxs_wanda_20260319_091037/graph_20260319_091037/F1_normal.png' and 'log/Sewer_ML_params/baseline_mobile_vit_xxs_wanda_20260319_091037/graph_20260319_091037/F1_normal.pdf'
2026-03-19 21:35:48,466 - INFO - Validation Loss 그래프 저장 완료: 'log/Sewer_ML_params/baseline_mobile_vit_xxs_wanda_20260319_091037/graph_20260319_091037/val_loss.png' and 'log/Sewer_ML_params/baseline_mobile_vit_xxs_wanda_20260319_091037/graph_20260319_091037/val_loss.pdf'
2026-03-19 21:35:48,556 - INFO - Learning Rate 그래프 저장 완료: 'log/Sewer_ML_params/baseline_mobile_vit_xxs_wanda_20260319_091037/graph_20260319_091037/learning_rate.png' and 'log/Sewer_ML_params/baseline_mobile_vit_xxs_wanda_20260319_091037/graph_20260319_091037/learning_rate.pdf'
2026-03-19 21:35:51,697 - INFO - 종합 그래프 저장 완료: 'log/Sewer_ML_params/baseline_mobile_vit_xxs_wanda_20260319_091037/graph_20260319_091037/compile.png' and 'log/Sewer_ML_params/baseline_mobile_vit_xxs_wanda_20260319_091037/graph_20260319_091037/compile.pdf'
