2026-03-16 07:37:25,772 - INFO - 로그 파일이 'log/Sewer_ML_params/baseline_deit_tiny_l1_20260316_073725/log_20260316_073725.log'에 저장됩니다.
2026-03-16 07:37:25,773 - INFO - ==================================================
2026-03-16 07:37:25,773 - INFO - config.yaml:
2026-03-16 07:37:25,773 - INFO - 
run:
  global_seed: 42
  cuda: true
  mode: train
  pth_best_name: best_model.pth
  only_inference: false
  show_log: true
  dataset:
    name: Sewer_ML_params
    type: csv
    train_split_ratio: 0.8
    paths:
      train_img_dir: /home/tai/workspace/ssd1/data/Sewer/Sewer-ML/train
      valid_img_dir: /home/tai/workspace/ssd1/data/Sewer/Sewer-ML/valid
      test_img_dir: /home/tai/workspace/ssd1/data/Sewer/Sewer-ML/valid
      train_csv: /home/tai/workspace/ssd1/data/Sewer/Sewer-ML/SewerML_Train.csv
      valid_csv: /home/tai/workspace/ssd1/data/Sewer/Sewer-ML/SewerML_Val.csv
      test_csv: /home/tai/workspace/ssd1/data/Sewer/Sewer-ML/SewerML_Val.csv
      img_folder: /home/tai/workspace/ssd1/data/Sewer/Sewer-TAPNEW
  random_sampling_ratio:
    train: 1.0
    valid: 1.0
    test: 1.0
  num_workers: 16
model:
  img_size: 224
  num_patches_per_side: 7
  num_decoder_patches: 1
  num_decoder_layers: 6
  num_heads: 4
  cnn_feature_extractor:
    name: custom32
  encoder_dim: 32
  emb_dim: 32
  adaptive_initial_query: true
  decoder_ff_ratio: 2
  dropout: 0.1
  positional_encoding: true
  drop_path_ratio: 0.2
  visualize_attention: true
  num_plot_attention: 1500
training_main:
  epochs: 10
  batch_size: 256
  pre_trained: false
  optimizer: adamw
  lr: 0.001
  weight_decay: 0.0001
  loss_function: CrossEntropyLoss
  label_smoothing: 0.1
  scheduler: cosineannealinglr
  scheduler_params:
    T_max: 10
    eta_min: 0.0001
  best_model_criterion: val_loss
training_baseline:
  model_name: deit_tiny
  epochs: 10
  batch_size: 256
  pre_trained: false
  optimizer: adamw
  lr: 0.001
  weight_decay: 0.0001
  loss_function: CrossEntropyLoss
  label_smoothing: 0.1
  scheduler: cosineannealinglr
  scheduler_params:
    T_max: 10
    eta_min: 0.0001
  best_model_criterion: val_loss
finetuning_pruned:
  epochs: 80
  batch_size: 256
  optimizer: adamw
  lr: 0.001
  weight_decay: 0.0001
  loss_function: CrossEntropyLoss
  label_smoothing: 0.1
  scheduler: cosineannealinglr
  scheduler_params:
    T_max: 80
    eta_min: 0.0001
  best_model_criterion: val_loss
  use_l1_pruning: true
  pruning_sparsity: 0.9629
  exclude_attention_qkv_pruning: true
  exclude_embedding_bridge_pruning: true
  exclude_learnable_queries_pruning: true

2026-03-16 07:37:25,773 - INFO - ==================================================
2026-03-16 07:37:25,907 - INFO - CUDA 사용 가능. GPU 사용을 시작합니다. (Device: NVIDIA GeForce RTX 5090)
2026-03-16 07:37:25,907 - INFO - 'Sewer_ML_params' 데이터 로드를 시작합니다 (Type: csv).
2026-03-16 07:37:26,476 - INFO - 데이터셋 클래스: ['Normal', 'Defect'] (총 2개)
2026-03-16 07:37:26,476 - INFO - 훈련 데이터: 1040129개, 검증 데이터: 130046개, 테스트 데이터: 130046개
2026-03-16 07:37:26,476 - INFO - Baseline 모델 'deit_tiny'을(를) 생성합니다 (사전 훈련 가중치: 미사용).
2026-03-16 07:37:26,573 - INFO - timm 모델(deit_tiny)의 Attention.forward를 Pruning 호환성을 위해 Monkey-patching 합니다.
2026-03-16 07:37:26,573 - INFO - ==================================================
2026-03-16 07:37:26,573 - INFO - 모델 파라미터 수:
2026-03-16 07:37:26,573 - INFO -   - 총 파라미터: 5,524,802 개
2026-03-16 07:37:26,574 - INFO -   - 학습 가능한 파라미터: 5,524,802 개
2026-03-16 07:37:26,574 - INFO - ================================================================================
2026-03-16 07:37:26,574 - INFO - 단계 1/2: 사전 훈련(Pre-training)을 시작합니다.
2026-03-16 07:37:26,574 - INFO - ================================================================================
2026-03-16 07:37:26,574 - INFO - 옵티마이저: AdamW (lr=0.001, weight_decay=0.0001)
2026-03-16 07:37:26,574 - INFO - 스케줄러: CosineAnnealingLR (T_max=10, eta_min=0.0001)
2026-03-16 07:37:26,574 - INFO - ==================================================
2026-03-16 07:37:26,574 - INFO - train 모드를 시작합니다.
2026-03-16 07:37:26,574 - INFO - 손실 함수: CrossEntropyLoss (label_smoothing: 0.1)
2026-03-16 07:37:26,574 - INFO - Best metric을 초기값(inf)으로 설정합니다.
2026-03-16 07:37:26,574 - INFO - --------------------------------------------------
2026-03-16 07:37:26,574 - INFO - [LR]    [1/10] | Learning Rate: 0.001000
2026-03-16 07:44:59,959 - INFO - [Train] [1/10] | Loss: 0.5327 | Train Acc: 76.48%
2026-03-16 07:45:39,719 - INFO - [Valid] [1/10] | Loss: 0.4868 | Val Acc: 80.59%
2026-03-16 07:45:39,852 - INFO - [Metrics for 'Normal'] | Precision: 0.8277 | Recall: 0.7988 | F1: 0.8130
2026-03-16 07:45:39,852 - INFO - [Metrics for 'Defect'] | Precision: 0.7833 | Recall: 0.8139 | F1: 0.7983
2026-03-16 07:45:39,910 - INFO - [Best Model Saved] (val loss: 0.4868) -> 'log/Sewer_ML_params/baseline_deit_tiny_l1_20260316_073725/best_model.pth'
2026-03-16 07:45:39,910 - INFO - --------------------------------------------------
2026-03-16 07:45:39,911 - INFO - [LR]    [2/10] | Learning Rate: 0.000978
2026-03-16 07:53:11,878 - INFO - [Train] [2/10] | Loss: 0.4826 | Train Acc: 81.01%
2026-03-16 07:53:51,657 - INFO - [Valid] [2/10] | Loss: 0.4661 | Val Acc: 82.42%
2026-03-16 07:53:51,792 - INFO - [Metrics for 'Normal'] | Precision: 0.8444 | Recall: 0.8180 | F1: 0.8310
2026-03-16 07:53:51,792 - INFO - [Metrics for 'Defect'] | Precision: 0.8032 | Recall: 0.8313 | F1: 0.8170
2026-03-16 07:53:51,853 - INFO - [Best Model Saved] (val loss: 0.4661) -> 'log/Sewer_ML_params/baseline_deit_tiny_l1_20260316_073725/best_model.pth'
2026-03-16 07:53:51,853 - INFO - --------------------------------------------------
2026-03-16 07:53:51,854 - INFO - [LR]    [3/10] | Learning Rate: 0.000914
2026-03-16 08:01:27,837 - INFO - [Train] [3/10] | Loss: 0.4618 | Train Acc: 82.68%
2026-03-16 08:02:07,627 - INFO - [Valid] [3/10] | Loss: 0.4447 | Val Acc: 83.92%
2026-03-16 08:02:07,772 - INFO - [Metrics for 'Normal'] | Precision: 0.8573 | Recall: 0.8346 | F1: 0.8458
2026-03-16 08:02:07,772 - INFO - [Metrics for 'Defect'] | Precision: 0.8202 | Recall: 0.8445 | F1: 0.8322
2026-03-16 08:02:07,834 - INFO - [Best Model Saved] (val loss: 0.4447) -> 'log/Sewer_ML_params/baseline_deit_tiny_l1_20260316_073725/best_model.pth'
2026-03-16 08:02:07,834 - INFO - --------------------------------------------------
2026-03-16 08:02:07,835 - INFO - [LR]    [4/10] | Learning Rate: 0.000815
2026-03-16 08:09:44,033 - INFO - [Train] [4/10] | Loss: 0.4458 | Train Acc: 83.92%
2026-03-16 08:10:23,999 - INFO - [Valid] [4/10] | Loss: 0.4393 | Val Acc: 84.23%
2026-03-16 08:10:24,133 - INFO - [Metrics for 'Normal'] | Precision: 0.8877 | Recall: 0.8029 | F1: 0.8432
2026-03-16 08:10:24,133 - INFO - [Metrics for 'Defect'] | Precision: 0.8007 | Recall: 0.8863 | F1: 0.8413
2026-03-16 08:10:24,195 - INFO - [Best Model Saved] (val loss: 0.4393) -> 'log/Sewer_ML_params/baseline_deit_tiny_l1_20260316_073725/best_model.pth'
2026-03-16 08:10:24,195 - INFO - --------------------------------------------------
2026-03-16 08:10:24,196 - INFO - [LR]    [5/10] | Learning Rate: 0.000689
2026-03-16 08:18:02,976 - INFO - [Train] [5/10] | Loss: 0.4309 | Train Acc: 85.01%
2026-03-16 08:18:42,706 - INFO - [Valid] [5/10] | Loss: 0.4208 | Val Acc: 85.67%
2026-03-16 08:18:42,853 - INFO - [Metrics for 'Normal'] | Precision: 0.8636 | Recall: 0.8653 | F1: 0.8644
2026-03-16 08:18:42,853 - INFO - [Metrics for 'Defect'] | Precision: 0.8489 | Recall: 0.8470 | F1: 0.8480
2026-03-16 08:18:42,916 - INFO - [Best Model Saved] (val loss: 0.4208) -> 'log/Sewer_ML_params/baseline_deit_tiny_l1_20260316_073725/best_model.pth'
2026-03-16 08:18:42,916 - INFO - --------------------------------------------------
2026-03-16 08:18:42,916 - INFO - [LR]    [6/10] | Learning Rate: 0.000550
2026-03-16 08:26:21,970 - INFO - [Train] [6/10] | Loss: 0.4177 | Train Acc: 85.94%
2026-03-16 08:27:02,550 - INFO - [Valid] [6/10] | Loss: 0.4078 | Val Acc: 86.57%
2026-03-16 08:27:02,717 - INFO - [Metrics for 'Normal'] | Precision: 0.8840 | Recall: 0.8584 | F1: 0.8710
2026-03-16 08:27:02,717 - INFO - [Metrics for 'Defect'] | Precision: 0.8465 | Recall: 0.8739 | F1: 0.8600
2026-03-16 08:27:02,805 - INFO - [Best Model Saved] (val loss: 0.4078) -> 'log/Sewer_ML_params/baseline_deit_tiny_l1_20260316_073725/best_model.pth'
2026-03-16 08:27:02,805 - INFO - --------------------------------------------------
2026-03-16 08:27:02,806 - INFO - [LR]    [7/10] | Learning Rate: 0.000411
2026-03-16 08:34:42,978 - INFO - [Train] [7/10] | Loss: 0.4066 | Train Acc: 86.71%
2026-03-16 08:35:25,229 - INFO - [Valid] [7/10] | Loss: 0.4064 | Val Acc: 86.74%
2026-03-16 08:35:25,402 - INFO - [Metrics for 'Normal'] | Precision: 0.9003 | Recall: 0.8423 | F1: 0.8703
2026-03-16 08:35:25,402 - INFO - [Metrics for 'Defect'] | Precision: 0.8353 | Recall: 0.8956 | F1: 0.8644
2026-03-16 08:35:25,481 - INFO - [Best Model Saved] (val loss: 0.4064) -> 'log/Sewer_ML_params/baseline_deit_tiny_l1_20260316_073725/best_model.pth'
2026-03-16 08:35:25,481 - INFO - --------------------------------------------------
2026-03-16 08:35:25,482 - INFO - [LR]    [8/10] | Learning Rate: 0.000285
2026-03-16 08:43:08,267 - INFO - [Train] [8/10] | Loss: 0.3970 | Train Acc: 87.39%
2026-03-16 08:43:48,731 - INFO - [Valid] [8/10] | Loss: 0.3985 | Val Acc: 87.27%
2026-03-16 08:43:48,911 - INFO - [Metrics for 'Normal'] | Precision: 0.8716 | Recall: 0.8900 | F1: 0.8807
2026-03-16 08:43:48,911 - INFO - [Metrics for 'Defect'] | Precision: 0.8739 | Recall: 0.8532 | F1: 0.8635
2026-03-16 08:43:48,983 - INFO - [Best Model Saved] (val loss: 0.3985) -> 'log/Sewer_ML_params/baseline_deit_tiny_l1_20260316_073725/best_model.pth'
2026-03-16 08:43:48,983 - INFO - --------------------------------------------------
2026-03-16 08:43:48,984 - INFO - [LR]    [9/10] | Learning Rate: 0.000186
2026-03-16 08:51:32,029 - INFO - [Train] [9/10] | Loss: 0.3887 | Train Acc: 87.95%
2026-03-16 08:52:11,790 - INFO - [Valid] [9/10] | Loss: 0.3914 | Val Acc: 87.85%
2026-03-16 08:52:11,971 - INFO - [Metrics for 'Normal'] | Precision: 0.8941 | Recall: 0.8733 | F1: 0.8836
2026-03-16 08:52:11,972 - INFO - [Metrics for 'Defect'] | Precision: 0.8618 | Recall: 0.8842 | F1: 0.8729
2026-03-16 08:52:12,053 - INFO - [Best Model Saved] (val loss: 0.3914) -> 'log/Sewer_ML_params/baseline_deit_tiny_l1_20260316_073725/best_model.pth'
2026-03-16 08:52:12,053 - INFO - --------------------------------------------------
2026-03-16 08:52:12,054 - INFO - [LR]    [10/10] | Learning Rate: 0.000122
2026-03-16 08:59:52,685 - INFO - [Train] [10/10] | Loss: 0.3824 | Train Acc: 88.39%
2026-03-16 09:00:32,766 - INFO - [Valid] [10/10] | Loss: 0.3897 | Val Acc: 88.04%
2026-03-16 09:00:32,938 - INFO - [Metrics for 'Normal'] | Precision: 0.8863 | Recall: 0.8874 | F1: 0.8869
2026-03-16 09:00:32,938 - INFO - [Metrics for 'Defect'] | Precision: 0.8738 | Recall: 0.8726 | F1: 0.8732
2026-03-16 09:00:33,019 - INFO - [Best Model Saved] (val loss: 0.3897) -> 'log/Sewer_ML_params/baseline_deit_tiny_l1_20260316_073725/best_model.pth'
2026-03-16 09:00:33,021 - INFO - ================================================================================
2026-03-16 09:00:33,021 - INFO - 단계 2/2: Pruning 및 미세 조정(Fine-tuning)을 시작합니다.
2026-03-16 09:00:33,021 - INFO - ================================================================================
2026-03-16 09:00:33,037 - INFO - 사전 훈련된 모델 'log/Sewer_ML_params/baseline_deit_tiny_l1_20260316_073725/best_model.pth'을(를) 불러왔습니다.
2026-03-16 09:00:33,050 - INFO - Pruning 전 원본 모델의 FLOPs를 측정합니다.
2026-03-16 09:00:33,072 - INFO - torch-pruning을 사용한 L1 Norm Pruning을 시작합니다.
2026-03-16 09:00:33,072 - INFO - 분류 레이어 'Linear'을(를) Pruning 대상에서 제외합니다.
2026-03-16 09:00:33,072 - INFO - ViT 계열 모델의 모든 qkv 레이어를 Pruning 대상에서 제외합니다.
2026-03-16 09:00:33,235 - INFO - torch-pruning 완료. 모델 구조가 희소도(0.9629)에 맞춰 변경되었습니다.
2026-03-16 09:00:33,235 - INFO - ==================================================
2026-03-16 09:00:33,236 - INFO - ==================================================
2026-03-16 09:00:33,236 - INFO - 모델 파라미터 수:
2026-03-16 09:00:33,236 - INFO -   - 총 파라미터: 83,767 개
2026-03-16 09:00:33,236 - INFO -   - 학습 가능한 파라미터: 83,767 개
2026-03-16 09:00:33,246 - INFO - Pruning 후 모델의 FLOPs를 측정합니다.
2026-03-16 09:00:33,268 - INFO - FLOPs가 2.1493 GFLOPs에서 0.0294 GFLOPs로 감소했습니다 (감소율: 98.63%).
2026-03-16 09:00:33,333 - INFO - Pruning 정보(희소도: 0.9629)를 'log/Sewer_ML_params/baseline_deit_tiny_l1_20260316_073725/pruning_info.yaml'에 저장했습니다.
2026-03-16 09:00:33,333 - INFO - 미세 조정을 위한 새로운 옵티마이저와 스케줄러를 생성합니다.
2026-03-16 09:00:33,333 - INFO - 옵티마이저: AdamW (lr=0.001, weight_decay=0.0001)
2026-03-16 09:00:33,333 - INFO - 스케줄러: CosineAnnealingLR (T_max=80, eta_min=0.0001)
2026-03-16 09:00:33,334 - INFO - ==================================================
2026-03-16 09:00:33,334 - INFO - train 모드를 시작합니다.
2026-03-16 09:00:33,334 - INFO - 손실 함수: CrossEntropyLoss (label_smoothing: 0.1)
2026-03-16 09:00:33,334 - INFO - Best metric을 초기값(inf)으로 설정합니다.
2026-03-16 09:00:33,334 - INFO - --------------------------------------------------
2026-03-16 09:00:33,334 - INFO - [LR]    [11/90] | Learning Rate: 0.001000
2026-03-16 09:08:02,677 - INFO - [Train] [11/90] | Loss: 0.5150 | Train Acc: 78.04%
2026-03-16 09:08:42,057 - INFO - [Valid] [11/90] | Loss: 0.4714 | Val Acc: 81.97%
2026-03-16 09:08:42,241 - INFO - [Metrics for 'Normal'] | Precision: 0.8459 | Recall: 0.8053 | F1: 0.8251
2026-03-16 09:08:42,241 - INFO - [Metrics for 'Defect'] | Precision: 0.7932 | Recall: 0.8358 | F1: 0.8140
2026-03-16 09:08:42,296 - INFO - [Best Model Saved] (val loss: 0.4714) -> 'log/Sewer_ML_params/baseline_deit_tiny_l1_20260316_073725/best_model.pth'
2026-03-16 09:08:42,296 - INFO - --------------------------------------------------
2026-03-16 09:08:42,297 - INFO - [LR]    [12/90] | Learning Rate: 0.001000
2026-03-16 09:16:08,469 - INFO - [Train] [12/90] | Loss: 0.4688 | Train Acc: 82.10%
2026-03-16 09:16:47,196 - INFO - [Valid] [12/90] | Loss: 0.4540 | Val Acc: 83.27%
2026-03-16 09:16:47,338 - INFO - [Metrics for 'Normal'] | Precision: 0.8569 | Recall: 0.8202 | F1: 0.8381
2026-03-16 09:16:47,338 - INFO - [Metrics for 'Defect'] | Precision: 0.8079 | Recall: 0.8467 | F1: 0.8268
2026-03-16 09:16:47,403 - INFO - [Best Model Saved] (val loss: 0.4540) -> 'log/Sewer_ML_params/baseline_deit_tiny_l1_20260316_073725/best_model.pth'
2026-03-16 09:16:47,403 - INFO - --------------------------------------------------
2026-03-16 09:16:47,403 - INFO - [LR]    [13/90] | Learning Rate: 0.000999
2026-03-16 09:24:11,188 - INFO - [Train] [13/90] | Loss: 0.4561 | Train Acc: 83.09%
2026-03-16 09:24:50,638 - INFO - [Valid] [13/90] | Loss: 0.4447 | Val Acc: 84.05%
2026-03-16 09:24:50,782 - INFO - [Metrics for 'Normal'] | Precision: 0.8579 | Recall: 0.8365 | F1: 0.8471
2026-03-16 09:24:50,782 - INFO - [Metrics for 'Defect'] | Precision: 0.8220 | Recall: 0.8450 | F1: 0.8333
2026-03-16 09:24:50,833 - INFO - [Best Model Saved] (val loss: 0.4447) -> 'log/Sewer_ML_params/baseline_deit_tiny_l1_20260316_073725/best_model.pth'
2026-03-16 09:24:50,833 - INFO - --------------------------------------------------
2026-03-16 09:24:50,834 - INFO - [LR]    [14/90] | Learning Rate: 0.000997
2026-03-16 09:32:15,907 - INFO - [Train] [14/90] | Loss: 0.4491 | Train Acc: 83.68%
2026-03-16 09:32:54,793 - INFO - [Valid] [14/90] | Loss: 0.4431 | Val Acc: 84.20%
2026-03-16 09:32:54,943 - INFO - [Metrics for 'Normal'] | Precision: 0.8479 | Recall: 0.8540 | F1: 0.8510
2026-03-16 09:32:54,943 - INFO - [Metrics for 'Defect'] | Precision: 0.8353 | Recall: 0.8286 | F1: 0.8319
2026-03-16 09:32:54,994 - INFO - [Best Model Saved] (val loss: 0.4431) -> 'log/Sewer_ML_params/baseline_deit_tiny_l1_20260316_073725/best_model.pth'
2026-03-16 09:32:54,994 - INFO - --------------------------------------------------
2026-03-16 09:32:54,994 - INFO - [LR]    [15/90] | Learning Rate: 0.000994
2026-03-16 09:40:20,678 - INFO - [Train] [15/90] | Loss: 0.4441 | Train Acc: 84.03%
2026-03-16 09:40:59,928 - INFO - [Valid] [15/90] | Loss: 0.4345 | Val Acc: 84.74%
2026-03-16 09:41:00,099 - INFO - [Metrics for 'Normal'] | Precision: 0.8491 | Recall: 0.8647 | F1: 0.8568
2026-03-16 09:41:00,099 - INFO - [Metrics for 'Defect'] | Precision: 0.8454 | Recall: 0.8280 | F1: 0.8366
2026-03-16 09:41:00,162 - INFO - [Best Model Saved] (val loss: 0.4345) -> 'log/Sewer_ML_params/baseline_deit_tiny_l1_20260316_073725/best_model.pth'
2026-03-16 09:41:00,162 - INFO - --------------------------------------------------
2026-03-16 09:41:00,163 - INFO - [LR]    [16/90] | Learning Rate: 0.000991
2026-03-16 09:48:24,509 - INFO - [Train] [16/90] | Loss: 0.4405 | Train Acc: 84.34%
2026-03-16 09:49:03,550 - INFO - [Valid] [16/90] | Loss: 0.4330 | Val Acc: 84.92%
2026-03-16 09:49:03,680 - INFO - [Metrics for 'Normal'] | Precision: 0.8622 | Recall: 0.8502 | F1: 0.8562
2026-03-16 09:49:03,680 - INFO - [Metrics for 'Defect'] | Precision: 0.8350 | Recall: 0.8479 | F1: 0.8414
2026-03-16 09:49:03,730 - INFO - [Best Model Saved] (val loss: 0.4330) -> 'log/Sewer_ML_params/baseline_deit_tiny_l1_20260316_073725/best_model.pth'
2026-03-16 09:49:03,730 - INFO - --------------------------------------------------
2026-03-16 09:49:03,731 - INFO - [LR]    [17/90] | Learning Rate: 0.000988
2026-03-16 09:56:27,174 - INFO - [Train] [17/90] | Loss: 0.4378 | Train Acc: 84.53%
2026-03-16 09:57:06,200 - INFO - [Valid] [17/90] | Loss: 0.4310 | Val Acc: 85.02%
2026-03-16 09:57:06,334 - INFO - [Metrics for 'Normal'] | Precision: 0.8499 | Recall: 0.8701 | F1: 0.8599
2026-03-16 09:57:06,334 - INFO - [Metrics for 'Defect'] | Precision: 0.8506 | Recall: 0.8280 | F1: 0.8392
2026-03-16 09:57:06,385 - INFO - [Best Model Saved] (val loss: 0.4310) -> 'log/Sewer_ML_params/baseline_deit_tiny_l1_20260316_073725/best_model.pth'
2026-03-16 09:57:06,385 - INFO - --------------------------------------------------
2026-03-16 09:57:06,385 - INFO - [LR]    [18/90] | Learning Rate: 0.000983
2026-03-16 10:04:30,209 - INFO - [Train] [18/90] | Loss: 0.4354 | Train Acc: 84.69%
2026-03-16 10:05:09,336 - INFO - [Valid] [18/90] | Loss: 0.4268 | Val Acc: 85.35%
2026-03-16 10:05:09,479 - INFO - [Metrics for 'Normal'] | Precision: 0.8700 | Recall: 0.8496 | F1: 0.8597
2026-03-16 10:05:09,479 - INFO - [Metrics for 'Defect'] | Precision: 0.8360 | Recall: 0.8579 | F1: 0.8468
2026-03-16 10:05:09,530 - INFO - [Best Model Saved] (val loss: 0.4268) -> 'log/Sewer_ML_params/baseline_deit_tiny_l1_20260316_073725/best_model.pth'
2026-03-16 10:05:09,530 - INFO - --------------------------------------------------
2026-03-16 10:05:09,530 - INFO - [LR]    [19/90] | Learning Rate: 0.000978
2026-03-16 10:12:33,788 - INFO - [Train] [19/90] | Loss: 0.4338 | Train Acc: 84.83%
2026-03-16 10:13:13,325 - INFO - [Valid] [19/90] | Loss: 0.4256 | Val Acc: 85.46%
2026-03-16 10:13:13,503 - INFO - [Metrics for 'Normal'] | Precision: 0.8676 | Recall: 0.8550 | F1: 0.8613
2026-03-16 10:13:13,503 - INFO - [Metrics for 'Defect'] | Precision: 0.8403 | Recall: 0.8540 | F1: 0.8471
2026-03-16 10:13:13,567 - INFO - [Best Model Saved] (val loss: 0.4256) -> 'log/Sewer_ML_params/baseline_deit_tiny_l1_20260316_073725/best_model.pth'
2026-03-16 10:13:13,567 - INFO - --------------------------------------------------
2026-03-16 10:13:13,568 - INFO - [LR]    [20/90] | Learning Rate: 0.000972
2026-03-16 10:20:38,805 - INFO - [Train] [20/90] | Loss: 0.4321 | Train Acc: 84.97%
2026-03-16 10:21:18,256 - INFO - [Valid] [20/90] | Loss: 0.4277 | Val Acc: 85.28%
2026-03-16 10:21:18,399 - INFO - [Metrics for 'Normal'] | Precision: 0.8726 | Recall: 0.8445 | F1: 0.8584
2026-03-16 10:21:18,399 - INFO - [Metrics for 'Defect'] | Precision: 0.8320 | Recall: 0.8621 | F1: 0.8468
2026-03-16 10:21:18,444 - INFO - --------------------------------------------------
2026-03-16 10:21:18,445 - INFO - [LR]    [21/90] | Learning Rate: 0.000966
2026-03-16 10:28:43,711 - INFO - [Train] [21/90] | Loss: 0.4308 | Train Acc: 85.04%
2026-03-16 10:29:22,385 - INFO - [Valid] [21/90] | Loss: 0.4270 | Val Acc: 85.21%
2026-03-16 10:29:22,568 - INFO - [Metrics for 'Normal'] | Precision: 0.8935 | Recall: 0.8174 | F1: 0.8538
2026-03-16 10:29:22,568 - INFO - [Metrics for 'Defect'] | Precision: 0.8134 | Recall: 0.8910 | F1: 0.8504
2026-03-16 10:29:22,621 - INFO - --------------------------------------------------
2026-03-16 10:29:22,622 - INFO - [LR]    [22/90] | Learning Rate: 0.000959
2026-03-16 10:36:45,864 - INFO - [Train] [22/90] | Loss: 0.4294 | Train Acc: 85.10%
2026-03-16 10:37:25,072 - INFO - [Valid] [22/90] | Loss: 0.4294 | Val Acc: 85.12%
2026-03-16 10:37:25,206 - INFO - [Metrics for 'Normal'] | Precision: 0.8978 | Recall: 0.8105 | F1: 0.8519
2026-03-16 10:37:25,206 - INFO - [Metrics for 'Defect'] | Precision: 0.8087 | Recall: 0.8967 | F1: 0.8505
2026-03-16 10:37:25,251 - INFO - --------------------------------------------------
2026-03-16 10:37:25,252 - INFO - [LR]    [23/90] | Learning Rate: 0.000951
2026-03-16 10:44:50,175 - INFO - [Train] [23/90] | Loss: 0.4279 | Train Acc: 85.26%
2026-03-16 10:45:29,039 - INFO - [Valid] [23/90] | Loss: 0.4248 | Val Acc: 85.52%
2026-03-16 10:45:29,174 - INFO - [Metrics for 'Normal'] | Precision: 0.8860 | Recall: 0.8330 | F1: 0.8587
2026-03-16 10:45:29,174 - INFO - [Metrics for 'Defect'] | Precision: 0.8248 | Recall: 0.8801 | F1: 0.8515
2026-03-16 10:45:29,224 - INFO - [Best Model Saved] (val loss: 0.4248) -> 'log/Sewer_ML_params/baseline_deit_tiny_l1_20260316_073725/best_model.pth'
2026-03-16 10:45:29,224 - INFO - --------------------------------------------------
2026-03-16 10:45:29,225 - INFO - [LR]    [24/90] | Learning Rate: 0.000943
2026-03-16 10:52:52,724 - INFO - [Train] [24/90] | Loss: 0.4270 | Train Acc: 85.32%
2026-03-16 10:53:31,876 - INFO - [Valid] [24/90] | Loss: 0.4200 | Val Acc: 85.83%
2026-03-16 10:53:32,057 - INFO - [Metrics for 'Normal'] | Precision: 0.8790 | Recall: 0.8484 | F1: 0.8634
2026-03-16 10:53:32,057 - INFO - [Metrics for 'Defect'] | Precision: 0.8367 | Recall: 0.8693 | F1: 0.8527
2026-03-16 10:53:32,124 - INFO - [Best Model Saved] (val loss: 0.4200) -> 'log/Sewer_ML_params/baseline_deit_tiny_l1_20260316_073725/best_model.pth'
2026-03-16 10:53:32,124 - INFO - --------------------------------------------------
2026-03-16 10:53:32,124 - INFO - [LR]    [25/90] | Learning Rate: 0.000934
2026-03-16 11:00:57,482 - INFO - [Train] [25/90] | Loss: 0.4261 | Train Acc: 85.39%
2026-03-16 11:01:36,929 - INFO - [Valid] [25/90] | Loss: 0.4187 | Val Acc: 85.91%
2026-03-16 11:01:37,099 - INFO - [Metrics for 'Normal'] | Precision: 0.8668 | Recall: 0.8663 | F1: 0.8666
2026-03-16 11:01:37,099 - INFO - [Metrics for 'Defect'] | Precision: 0.8505 | Recall: 0.8510 | F1: 0.8507
2026-03-16 11:01:37,165 - INFO - [Best Model Saved] (val loss: 0.4187) -> 'log/Sewer_ML_params/baseline_deit_tiny_l1_20260316_073725/best_model.pth'
2026-03-16 11:01:37,165 - INFO - --------------------------------------------------
2026-03-16 11:01:37,166 - INFO - [LR]    [26/90] | Learning Rate: 0.000924
2026-03-16 11:09:02,246 - INFO - [Train] [26/90] | Loss: 0.4253 | Train Acc: 85.45%
2026-03-16 11:09:41,244 - INFO - [Valid] [26/90] | Loss: 0.4211 | Val Acc: 85.85%
2026-03-16 11:09:41,378 - INFO - [Metrics for 'Normal'] | Precision: 0.8716 | Recall: 0.8585 | F1: 0.8650
2026-03-16 11:09:41,378 - INFO - [Metrics for 'Defect'] | Precision: 0.8443 | Recall: 0.8584 | F1: 0.8513
2026-03-16 11:09:41,425 - INFO - --------------------------------------------------
2026-03-16 11:09:41,425 - INFO - [LR]    [27/90] | Learning Rate: 0.000914
2026-03-16 11:17:07,340 - INFO - [Train] [27/90] | Loss: 0.4241 | Train Acc: 85.57%
2026-03-16 11:17:46,694 - INFO - [Valid] [27/90] | Loss: 0.4205 | Val Acc: 85.82%
2026-03-16 11:17:46,838 - INFO - [Metrics for 'Normal'] | Precision: 0.8621 | Recall: 0.8708 | F1: 0.8664
2026-03-16 11:17:46,838 - INFO - [Metrics for 'Defect'] | Precision: 0.8538 | Recall: 0.8441 | F1: 0.8489
2026-03-16 11:17:46,884 - INFO - --------------------------------------------------
2026-03-16 11:17:46,884 - INFO - [LR]    [28/90] | Learning Rate: 0.000903
2026-03-16 11:25:13,437 - INFO - [Train] [28/90] | Loss: 0.4234 | Train Acc: 85.62%
2026-03-16 11:25:52,501 - INFO - [Valid] [28/90] | Loss: 0.4179 | Val Acc: 86.05%
2026-03-16 11:25:52,635 - INFO - [Metrics for 'Normal'] | Precision: 0.8679 | Recall: 0.8680 | F1: 0.8679
2026-03-16 11:25:52,635 - INFO - [Metrics for 'Defect'] | Precision: 0.8522 | Recall: 0.8521 | F1: 0.8522
2026-03-16 11:25:52,686 - INFO - [Best Model Saved] (val loss: 0.4179) -> 'log/Sewer_ML_params/baseline_deit_tiny_l1_20260316_073725/best_model.pth'
2026-03-16 11:25:52,687 - INFO - --------------------------------------------------
2026-03-16 11:25:52,687 - INFO - [LR]    [29/90] | Learning Rate: 0.000892
2026-03-16 11:33:19,276 - INFO - [Train] [29/90] | Loss: 0.4228 | Train Acc: 85.65%
2026-03-16 11:33:58,363 - INFO - [Valid] [29/90] | Loss: 0.4189 | Val Acc: 85.95%
2026-03-16 11:33:58,520 - INFO - [Metrics for 'Normal'] | Precision: 0.8631 | Recall: 0.8724 | F1: 0.8677
2026-03-16 11:33:58,520 - INFO - [Metrics for 'Defect'] | Precision: 0.8554 | Recall: 0.8451 | F1: 0.8502
2026-03-16 11:33:58,579 - INFO - --------------------------------------------------
2026-03-16 11:33:58,579 - INFO - [LR]    [30/90] | Learning Rate: 0.000880
2026-03-16 11:41:23,981 - INFO - [Train] [30/90] | Loss: 0.4220 | Train Acc: 85.68%
2026-03-16 11:42:02,648 - INFO - [Valid] [30/90] | Loss: 0.4217 | Val Acc: 85.66%
2026-03-16 11:42:02,828 - INFO - [Metrics for 'Normal'] | Precision: 0.8485 | Recall: 0.8868 | F1: 0.8673
2026-03-16 11:42:02,828 - INFO - [Metrics for 'Defect'] | Precision: 0.8666 | Recall: 0.8228 | F1: 0.8441
2026-03-16 11:42:02,887 - INFO - --------------------------------------------------
2026-03-16 11:42:02,887 - INFO - [LR]    [31/90] | Learning Rate: 0.000868
2026-03-16 11:49:28,378 - INFO - [Train] [31/90] | Loss: 0.4213 | Train Acc: 85.73%
2026-03-16 11:50:07,452 - INFO - [Valid] [31/90] | Loss: 0.4187 | Val Acc: 85.94%
2026-03-16 11:50:07,623 - INFO - [Metrics for 'Normal'] | Precision: 0.8629 | Recall: 0.8723 | F1: 0.8676
2026-03-16 11:50:07,623 - INFO - [Metrics for 'Defect'] | Precision: 0.8553 | Recall: 0.8449 | F1: 0.8501
2026-03-16 11:50:07,682 - INFO - --------------------------------------------------
2026-03-16 11:50:07,683 - INFO - [LR]    [32/90] | Learning Rate: 0.000855
2026-03-16 11:57:32,291 - INFO - [Train] [32/90] | Loss: 0.4205 | Train Acc: 85.80%
2026-03-16 11:58:11,200 - INFO - [Valid] [32/90] | Loss: 0.4158 | Val Acc: 86.13%
2026-03-16 11:58:11,374 - INFO - [Metrics for 'Normal'] | Precision: 0.8668 | Recall: 0.8713 | F1: 0.8691
2026-03-16 11:58:11,374 - INFO - [Metrics for 'Defect'] | Precision: 0.8551 | Recall: 0.8502 | F1: 0.8527
2026-03-16 11:58:11,426 - INFO - [Best Model Saved] (val loss: 0.4158) -> 'log/Sewer_ML_params/baseline_deit_tiny_l1_20260316_073725/best_model.pth'
2026-03-16 11:58:11,426 - INFO - --------------------------------------------------
2026-03-16 11:58:11,426 - INFO - [LR]    [33/90] | Learning Rate: 0.000842
2026-03-16 12:05:37,069 - INFO - [Train] [33/90] | Loss: 0.4199 | Train Acc: 85.85%
2026-03-16 12:06:16,510 - INFO - [Valid] [33/90] | Loss: 0.4150 | Val Acc: 86.18%
2026-03-16 12:06:16,656 - INFO - [Metrics for 'Normal'] | Precision: 0.8741 | Recall: 0.8627 | F1: 0.8683
2026-03-16 12:06:16,656 - INFO - [Metrics for 'Defect'] | Precision: 0.8485 | Recall: 0.8609 | F1: 0.8547
2026-03-16 12:06:16,707 - INFO - [Best Model Saved] (val loss: 0.4150) -> 'log/Sewer_ML_params/baseline_deit_tiny_l1_20260316_073725/best_model.pth'
2026-03-16 12:06:16,707 - INFO - --------------------------------------------------
2026-03-16 12:06:16,708 - INFO - [LR]    [34/90] | Learning Rate: 0.000829
2026-03-16 12:13:41,321 - INFO - [Train] [34/90] | Loss: 0.4195 | Train Acc: 85.87%
2026-03-16 12:14:20,796 - INFO - [Valid] [34/90] | Loss: 0.4173 | Val Acc: 85.99%
2026-03-16 12:14:20,931 - INFO - [Metrics for 'Normal'] | Precision: 0.8774 | Recall: 0.8540 | F1: 0.8655
2026-03-16 12:14:20,931 - INFO - [Metrics for 'Defect'] | Precision: 0.8413 | Recall: 0.8664 | F1: 0.8537
2026-03-16 12:14:20,978 - INFO - --------------------------------------------------
2026-03-16 12:14:20,978 - INFO - [LR]    [35/90] | Learning Rate: 0.000815
2026-03-16 12:21:47,084 - INFO - [Train] [35/90] | Loss: 0.4187 | Train Acc: 85.90%
2026-03-16 12:22:26,653 - INFO - [Valid] [35/90] | Loss: 0.4166 | Val Acc: 86.13%
2026-03-16 12:22:26,798 - INFO - [Metrics for 'Normal'] | Precision: 0.8755 | Recall: 0.8597 | F1: 0.8675
2026-03-16 12:22:26,798 - INFO - [Metrics for 'Defect'] | Precision: 0.8461 | Recall: 0.8632 | F1: 0.8545
2026-03-16 12:22:26,844 - INFO - --------------------------------------------------
2026-03-16 12:22:26,845 - INFO - [LR]    [36/90] | Learning Rate: 0.000800
2026-03-16 12:29:52,828 - INFO - [Train] [36/90] | Loss: 0.4179 | Train Acc: 85.99%
2026-03-16 12:30:32,503 - INFO - [Valid] [36/90] | Loss: 0.4161 | Val Acc: 86.14%
2026-03-16 12:30:32,638 - INFO - [Metrics for 'Normal'] | Precision: 0.8880 | Recall: 0.8440 | F1: 0.8654
2026-03-16 12:30:32,638 - INFO - [Metrics for 'Defect'] | Precision: 0.8346 | Recall: 0.8808 | F1: 0.8571
2026-03-16 12:30:32,684 - INFO - --------------------------------------------------
2026-03-16 12:30:32,685 - INFO - [LR]    [37/90] | Learning Rate: 0.000785
2026-03-16 12:37:59,133 - INFO - [Train] [37/90] | Loss: 0.4173 | Train Acc: 86.03%
2026-03-16 12:38:38,317 - INFO - [Valid] [37/90] | Loss: 0.4136 | Val Acc: 86.26%
2026-03-16 12:38:38,504 - INFO - [Metrics for 'Normal'] | Precision: 0.8695 | Recall: 0.8704 | F1: 0.8699
2026-03-16 12:38:38,504 - INFO - [Metrics for 'Defect'] | Precision: 0.8547 | Recall: 0.8538 | F1: 0.8543
2026-03-16 12:38:38,570 - INFO - [Best Model Saved] (val loss: 0.4136) -> 'log/Sewer_ML_params/baseline_deit_tiny_l1_20260316_073725/best_model.pth'
2026-03-16 12:38:38,570 - INFO - --------------------------------------------------
2026-03-16 12:38:38,570 - INFO - [LR]    [38/90] | Learning Rate: 0.000770
2026-03-16 12:46:05,371 - INFO - [Train] [38/90] | Loss: 0.4171 | Train Acc: 86.04%
2026-03-16 12:46:44,465 - INFO - [Valid] [38/90] | Loss: 0.4133 | Val Acc: 86.31%
2026-03-16 12:46:44,612 - INFO - [Metrics for 'Normal'] | Precision: 0.8663 | Recall: 0.8760 | F1: 0.8711
2026-03-16 12:46:44,612 - INFO - [Metrics for 'Defect'] | Precision: 0.8594 | Recall: 0.8487 | F1: 0.8540
2026-03-16 12:46:44,664 - INFO - [Best Model Saved] (val loss: 0.4133) -> 'log/Sewer_ML_params/baseline_deit_tiny_l1_20260316_073725/best_model.pth'
2026-03-16 12:46:44,664 - INFO - --------------------------------------------------
2026-03-16 12:46:44,664 - INFO - [LR]    [39/90] | Learning Rate: 0.000754
2026-03-16 12:54:10,417 - INFO - [Train] [39/90] | Loss: 0.4165 | Train Acc: 86.08%
2026-03-16 12:54:54,647 - INFO - [Valid] [39/90] | Loss: 0.4127 | Val Acc: 86.37%
2026-03-16 12:54:54,793 - INFO - [Metrics for 'Normal'] | Precision: 0.8817 | Recall: 0.8568 | F1: 0.8691
2026-03-16 12:54:54,794 - INFO - [Metrics for 'Defect'] | Precision: 0.8447 | Recall: 0.8714 | F1: 0.8578
2026-03-16 12:54:54,845 - INFO - [Best Model Saved] (val loss: 0.4127) -> 'log/Sewer_ML_params/baseline_deit_tiny_l1_20260316_073725/best_model.pth'
2026-03-16 12:54:54,845 - INFO - --------------------------------------------------
2026-03-16 12:54:54,846 - INFO - [LR]    [40/90] | Learning Rate: 0.000738
2026-03-16 13:02:19,049 - INFO - [Train] [40/90] | Loss: 0.4159 | Train Acc: 86.13%
2026-03-16 13:02:57,700 - INFO - [Valid] [40/90] | Loss: 0.4167 | Val Acc: 86.10%
2026-03-16 13:02:57,871 - INFO - [Metrics for 'Normal'] | Precision: 0.8928 | Recall: 0.8373 | F1: 0.8641
2026-03-16 13:02:57,872 - INFO - [Metrics for 'Defect'] | Precision: 0.8297 | Recall: 0.8875 | F1: 0.8576
2026-03-16 13:02:57,925 - INFO - --------------------------------------------------
2026-03-16 13:02:57,926 - INFO - [LR]    [41/90] | Learning Rate: 0.000722
2026-03-16 13:10:23,488 - INFO - [Train] [41/90] | Loss: 0.4157 | Train Acc: 86.13%
2026-03-16 13:11:02,549 - INFO - [Valid] [41/90] | Loss: 0.4119 | Val Acc: 86.38%
2026-03-16 13:11:02,721 - INFO - [Metrics for 'Normal'] | Precision: 0.8767 | Recall: 0.8635 | F1: 0.8701
2026-03-16 13:11:02,721 - INFO - [Metrics for 'Defect'] | Precision: 0.8498 | Recall: 0.8641 | F1: 0.8569
2026-03-16 13:11:02,787 - INFO - [Best Model Saved] (val loss: 0.4119) -> 'log/Sewer_ML_params/baseline_deit_tiny_l1_20260316_073725/best_model.pth'
2026-03-16 13:11:02,787 - INFO - --------------------------------------------------
2026-03-16 13:11:02,787 - INFO - [LR]    [42/90] | Learning Rate: 0.000706
2026-03-16 13:18:28,932 - INFO - [Train] [42/90] | Loss: 0.4151 | Train Acc: 86.17%
2026-03-16 13:19:08,236 - INFO - [Valid] [42/90] | Loss: 0.4118 | Val Acc: 86.45%
2026-03-16 13:19:08,412 - INFO - [Metrics for 'Normal'] | Precision: 0.8730 | Recall: 0.8700 | F1: 0.8715
2026-03-16 13:19:08,412 - INFO - [Metrics for 'Defect'] | Precision: 0.8551 | Recall: 0.8583 | F1: 0.8567
2026-03-16 13:19:08,478 - INFO - [Best Model Saved] (val loss: 0.4118) -> 'log/Sewer_ML_params/baseline_deit_tiny_l1_20260316_073725/best_model.pth'
2026-03-16 13:19:08,478 - INFO - --------------------------------------------------
2026-03-16 13:19:08,479 - INFO - [LR]    [43/90] | Learning Rate: 0.000689
2026-03-16 13:26:32,865 - INFO - [Train] [43/90] | Loss: 0.4147 | Train Acc: 86.23%
2026-03-16 13:27:11,881 - INFO - [Valid] [43/90] | Loss: 0.4139 | Val Acc: 86.29%
2026-03-16 13:27:12,066 - INFO - [Metrics for 'Normal'] | Precision: 0.8593 | Recall: 0.8854 | F1: 0.8721
2026-03-16 13:27:12,067 - INFO - [Metrics for 'Defect'] | Precision: 0.8672 | Recall: 0.8378 | F1: 0.8522
2026-03-16 13:27:12,127 - INFO - --------------------------------------------------
2026-03-16 13:27:12,128 - INFO - [LR]    [44/90] | Learning Rate: 0.000672
2026-03-16 13:34:38,039 - INFO - [Train] [44/90] | Loss: 0.4142 | Train Acc: 86.26%
2026-03-16 13:35:16,858 - INFO - [Valid] [44/90] | Loss: 0.4099 | Val Acc: 86.60%
2026-03-16 13:35:17,033 - INFO - [Metrics for 'Normal'] | Precision: 0.8748 | Recall: 0.8710 | F1: 0.8729
2026-03-16 13:35:17,033 - INFO - [Metrics for 'Defect'] | Precision: 0.8564 | Recall: 0.8604 | F1: 0.8584
2026-03-16 13:35:17,099 - INFO - [Best Model Saved] (val loss: 0.4099) -> 'log/Sewer_ML_params/baseline_deit_tiny_l1_20260316_073725/best_model.pth'
2026-03-16 13:35:17,099 - INFO - --------------------------------------------------
2026-03-16 13:35:17,100 - INFO - [LR]    [45/90] | Learning Rate: 0.000655
2026-03-16 13:42:44,560 - INFO - [Train] [45/90] | Loss: 0.4136 | Train Acc: 86.29%
2026-03-16 13:43:23,297 - INFO - [Valid] [45/90] | Loss: 0.4111 | Val Acc: 86.46%
2026-03-16 13:43:23,480 - INFO - [Metrics for 'Normal'] | Precision: 0.8760 | Recall: 0.8663 | F1: 0.8711
2026-03-16 13:43:23,480 - INFO - [Metrics for 'Defect'] | Precision: 0.8522 | Recall: 0.8628 | F1: 0.8575
2026-03-16 13:43:23,539 - INFO - --------------------------------------------------
2026-03-16 13:43:23,540 - INFO - [LR]    [46/90] | Learning Rate: 0.000638
2026-03-16 13:50:49,070 - INFO - [Train] [46/90] | Loss: 0.4131 | Train Acc: 86.31%
2026-03-16 13:51:28,213 - INFO - [Valid] [46/90] | Loss: 0.4161 | Val Acc: 86.06%
2026-03-16 13:51:28,350 - INFO - [Metrics for 'Normal'] | Precision: 0.8588 | Recall: 0.8810 | F1: 0.8697
2026-03-16 13:51:28,350 - INFO - [Metrics for 'Defect'] | Precision: 0.8628 | Recall: 0.8378 | F1: 0.8501
2026-03-16 13:51:28,398 - INFO - --------------------------------------------------
2026-03-16 13:51:28,398 - INFO - [LR]    [47/90] | Learning Rate: 0.000620
2026-03-16 13:58:54,547 - INFO - [Train] [47/90] | Loss: 0.4127 | Train Acc: 86.37%
2026-03-16 13:59:33,323 - INFO - [Valid] [47/90] | Loss: 0.4125 | Val Acc: 86.29%
2026-03-16 13:59:33,470 - INFO - [Metrics for 'Normal'] | Precision: 0.8657 | Recall: 0.8764 | F1: 0.8710
2026-03-16 13:59:33,470 - INFO - [Metrics for 'Defect'] | Precision: 0.8597 | Recall: 0.8479 | F1: 0.8538
2026-03-16 13:59:33,517 - INFO - --------------------------------------------------
2026-03-16 13:59:33,518 - INFO - [LR]    [48/90] | Learning Rate: 0.000603
2026-03-16 14:07:01,066 - INFO - [Train] [48/90] | Loss: 0.4124 | Train Acc: 86.39%
2026-03-16 14:07:40,057 - INFO - [Valid] [48/90] | Loss: 0.4141 | Val Acc: 86.26%
2026-03-16 14:07:40,245 - INFO - [Metrics for 'Normal'] | Precision: 0.8891 | Recall: 0.8452 | F1: 0.8666
2026-03-16 14:07:40,245 - INFO - [Metrics for 'Defect'] | Precision: 0.8359 | Recall: 0.8821 | F1: 0.8583
2026-03-16 14:07:40,305 - INFO - --------------------------------------------------
2026-03-16 14:07:40,305 - INFO - [LR]    [49/90] | Learning Rate: 0.000585
2026-03-16 14:15:06,662 - INFO - [Train] [49/90] | Loss: 0.4120 | Train Acc: 86.41%
2026-03-16 14:15:51,145 - INFO - [Valid] [49/90] | Loss: 0.4110 | Val Acc: 86.50%
2026-03-16 14:15:51,282 - INFO - [Metrics for 'Normal'] | Precision: 0.8857 | Recall: 0.8547 | F1: 0.8699
2026-03-16 14:15:51,282 - INFO - [Metrics for 'Defect'] | Precision: 0.8435 | Recall: 0.8765 | F1: 0.8597
2026-03-16 14:15:51,329 - INFO - --------------------------------------------------
2026-03-16 14:15:51,330 - INFO - [LR]    [50/90] | Learning Rate: 0.000568
2026-03-16 14:23:15,627 - INFO - [Train] [50/90] | Loss: 0.4116 | Train Acc: 86.43%
2026-03-16 14:23:54,769 - INFO - [Valid] [50/90] | Loss: 0.4106 | Val Acc: 86.55%
2026-03-16 14:23:54,951 - INFO - [Metrics for 'Normal'] | Precision: 0.8755 | Recall: 0.8688 | F1: 0.8721
2026-03-16 14:23:54,951 - INFO - [Metrics for 'Defect'] | Precision: 0.8544 | Recall: 0.8617 | F1: 0.8580
2026-03-16 14:23:55,005 - INFO - --------------------------------------------------
2026-03-16 14:23:55,005 - INFO - [LR]    [51/90] | Learning Rate: 0.000550
2026-03-16 14:31:20,896 - INFO - [Train] [51/90] | Loss: 0.4111 | Train Acc: 86.48%
2026-03-16 14:32:00,377 - INFO - [Valid] [51/90] | Loss: 0.4090 | Val Acc: 86.64%
2026-03-16 14:32:00,563 - INFO - [Metrics for 'Normal'] | Precision: 0.8781 | Recall: 0.8674 | F1: 0.8727
2026-03-16 14:32:00,563 - INFO - [Metrics for 'Defect'] | Precision: 0.8535 | Recall: 0.8652 | F1: 0.8594
2026-03-16 14:32:00,630 - INFO - [Best Model Saved] (val loss: 0.4090) -> 'log/Sewer_ML_params/baseline_deit_tiny_l1_20260316_073725/best_model.pth'
2026-03-16 14:32:00,630 - INFO - --------------------------------------------------
2026-03-16 14:32:00,630 - INFO - [LR]    [52/90] | Learning Rate: 0.000532
2026-03-16 14:39:26,638 - INFO - [Train] [52/90] | Loss: 0.4110 | Train Acc: 86.52%
2026-03-16 14:40:05,813 - INFO - [Valid] [52/90] | Loss: 0.4087 | Val Acc: 86.64%
2026-03-16 14:40:05,950 - INFO - [Metrics for 'Normal'] | Precision: 0.8728 | Recall: 0.8746 | F1: 0.8737
2026-03-16 14:40:05,950 - INFO - [Metrics for 'Defect'] | Precision: 0.8593 | Recall: 0.8573 | F1: 0.8583
2026-03-16 14:40:06,002 - INFO - [Best Model Saved] (val loss: 0.4087) -> 'log/Sewer_ML_params/baseline_deit_tiny_l1_20260316_073725/best_model.pth'
2026-03-16 14:40:06,002 - INFO - --------------------------------------------------
2026-03-16 14:40:06,003 - INFO - [LR]    [53/90] | Learning Rate: 0.000515
2026-03-16 14:47:31,275 - INFO - [Train] [53/90] | Loss: 0.4102 | Train Acc: 86.56%
2026-03-16 14:48:10,243 - INFO - [Valid] [53/90] | Loss: 0.4091 | Val Acc: 86.62%
2026-03-16 14:48:10,430 - INFO - [Metrics for 'Normal'] | Precision: 0.8886 | Recall: 0.8536 | F1: 0.8708
2026-03-16 14:48:10,430 - INFO - [Metrics for 'Defect'] | Precision: 0.8431 | Recall: 0.8802 | F1: 0.8613
2026-03-16 14:48:10,493 - INFO - --------------------------------------------------
2026-03-16 14:48:10,493 - INFO - [LR]    [54/90] | Learning Rate: 0.000497
2026-03-16 14:55:35,441 - INFO - [Train] [54/90] | Loss: 0.4102 | Train Acc: 86.52%
2026-03-16 14:56:14,855 - INFO - [Valid] [54/90] | Loss: 0.4093 | Val Acc: 86.60%
2026-03-16 14:56:15,033 - INFO - [Metrics for 'Normal'] | Precision: 0.8968 | Recall: 0.8434 | F1: 0.8693
2026-03-16 14:56:15,033 - INFO - [Metrics for 'Defect'] | Precision: 0.8357 | Recall: 0.8914 | F1: 0.8626
2026-03-16 14:56:15,096 - INFO - --------------------------------------------------
2026-03-16 14:56:15,097 - INFO - [LR]    [55/90] | Learning Rate: 0.000480
2026-03-16 15:03:40,745 - INFO - [Train] [55/90] | Loss: 0.4096 | Train Acc: 86.62%
2026-03-16 15:04:20,176 - INFO - [Valid] [55/90] | Loss: 0.4088 | Val Acc: 86.62%
2026-03-16 15:04:20,361 - INFO - [Metrics for 'Normal'] | Precision: 0.8693 | Recall: 0.8788 | F1: 0.8740
2026-03-16 15:04:20,362 - INFO - [Metrics for 'Defect'] | Precision: 0.8627 | Recall: 0.8522 | F1: 0.8574
2026-03-16 15:04:20,422 - INFO - --------------------------------------------------
2026-03-16 15:04:20,423 - INFO - [LR]    [56/90] | Learning Rate: 0.000462
2026-03-16 15:11:47,707 - INFO - [Train] [56/90] | Loss: 0.4092 | Train Acc: 86.62%
2026-03-16 15:12:27,204 - INFO - [Valid] [56/90] | Loss: 0.4092 | Val Acc: 86.59%
2026-03-16 15:12:27,340 - INFO - [Metrics for 'Normal'] | Precision: 0.8950 | Recall: 0.8453 | F1: 0.8694
2026-03-16 15:12:27,340 - INFO - [Metrics for 'Defect'] | Precision: 0.8369 | Recall: 0.8890 | F1: 0.8622
2026-03-16 15:12:27,388 - INFO - --------------------------------------------------
2026-03-16 15:12:27,388 - INFO - [LR]    [57/90] | Learning Rate: 0.000445
2026-03-16 15:19:52,718 - INFO - [Train] [57/90] | Loss: 0.4089 | Train Acc: 86.64%
2026-03-16 15:20:32,190 - INFO - [Valid] [57/90] | Loss: 0.4112 | Val Acc: 86.47%
2026-03-16 15:20:32,367 - INFO - [Metrics for 'Normal'] | Precision: 0.8894 | Recall: 0.8495 | F1: 0.8690
2026-03-16 15:20:32,367 - INFO - [Metrics for 'Defect'] | Precision: 0.8396 | Recall: 0.8818 | F1: 0.8602
2026-03-16 15:20:32,428 - INFO - --------------------------------------------------
2026-03-16 15:20:32,429 - INFO - [LR]    [58/90] | Learning Rate: 0.000428
2026-03-16 15:27:58,511 - INFO - [Train] [58/90] | Loss: 0.4084 | Train Acc: 86.66%
2026-03-16 15:28:37,887 - INFO - [Valid] [58/90] | Loss: 0.4093 | Val Acc: 86.55%
2026-03-16 15:28:38,036 - INFO - [Metrics for 'Normal'] | Precision: 0.8835 | Recall: 0.8585 | F1: 0.8708
2026-03-16 15:28:38,036 - INFO - [Metrics for 'Defect'] | Precision: 0.8465 | Recall: 0.8732 | F1: 0.8597
2026-03-16 15:28:38,083 - INFO - --------------------------------------------------
2026-03-16 15:28:38,084 - INFO - [LR]    [59/90] | Learning Rate: 0.000411
2026-03-16 15:36:05,111 - INFO - [Train] [59/90] | Loss: 0.4082 | Train Acc: 86.68%
2026-03-16 15:36:43,878 - INFO - [Valid] [59/90] | Loss: 0.4067 | Val Acc: 86.84%
2026-03-16 15:36:44,026 - INFO - [Metrics for 'Normal'] | Precision: 0.8793 | Recall: 0.8704 | F1: 0.8748
2026-03-16 15:36:44,026 - INFO - [Metrics for 'Defect'] | Precision: 0.8565 | Recall: 0.8662 | F1: 0.8614
2026-03-16 15:36:44,080 - INFO - [Best Model Saved] (val loss: 0.4067) -> 'log/Sewer_ML_params/baseline_deit_tiny_l1_20260316_073725/best_model.pth'
2026-03-16 15:36:44,080 - INFO - --------------------------------------------------
2026-03-16 15:36:44,080 - INFO - [LR]    [60/90] | Learning Rate: 0.000394
2026-03-16 15:44:09,306 - INFO - [Train] [60/90] | Loss: 0.4078 | Train Acc: 86.74%
2026-03-16 15:44:48,229 - INFO - [Valid] [60/90] | Loss: 0.4068 | Val Acc: 86.81%
2026-03-16 15:44:48,377 - INFO - [Metrics for 'Normal'] | Precision: 0.8796 | Recall: 0.8692 | F1: 0.8744
2026-03-16 15:44:48,377 - INFO - [Metrics for 'Defect'] | Precision: 0.8555 | Recall: 0.8668 | F1: 0.8611
2026-03-16 15:44:48,424 - INFO - --------------------------------------------------
2026-03-16 15:44:48,424 - INFO - [LR]    [61/90] | Learning Rate: 0.000378
2026-03-16 15:52:14,935 - INFO - [Train] [61/90] | Loss: 0.4076 | Train Acc: 86.74%
2026-03-16 15:52:54,397 - INFO - [Valid] [61/90] | Loss: 0.4069 | Val Acc: 86.74%
2026-03-16 15:52:54,576 - INFO - [Metrics for 'Normal'] | Precision: 0.8778 | Recall: 0.8701 | F1: 0.8739
2026-03-16 15:52:54,577 - INFO - [Metrics for 'Defect'] | Precision: 0.8560 | Recall: 0.8645 | F1: 0.8602
2026-03-16 15:52:54,642 - INFO - --------------------------------------------------
2026-03-16 15:52:54,642 - INFO - [LR]    [62/90] | Learning Rate: 0.000362
2026-03-16 16:00:24,966 - INFO - [Train] [62/90] | Loss: 0.4072 | Train Acc: 86.77%
2026-03-16 16:01:04,278 - INFO - [Valid] [62/90] | Loss: 0.4073 | Val Acc: 86.80%
2026-03-16 16:01:04,416 - INFO - [Metrics for 'Normal'] | Precision: 0.8928 | Recall: 0.8524 | F1: 0.8721
2026-03-16 16:01:04,416 - INFO - [Metrics for 'Defect'] | Precision: 0.8427 | Recall: 0.8855 | F1: 0.8636
2026-03-16 16:01:04,464 - INFO - --------------------------------------------------
2026-03-16 16:01:04,464 - INFO - [LR]    [63/90] | Learning Rate: 0.000346
2026-03-16 16:08:29,327 - INFO - [Train] [63/90] | Loss: 0.4069 | Train Acc: 86.80%
2026-03-16 16:09:08,484 - INFO - [Valid] [63/90] | Loss: 0.4058 | Val Acc: 86.85%
2026-03-16 16:09:08,624 - INFO - [Metrics for 'Normal'] | Precision: 0.8837 | Recall: 0.8648 | F1: 0.8741
2026-03-16 16:09:08,624 - INFO - [Metrics for 'Defect'] | Precision: 0.8522 | Recall: 0.8726 | F1: 0.8623
2026-03-16 16:09:08,677 - INFO - [Best Model Saved] (val loss: 0.4058) -> 'log/Sewer_ML_params/baseline_deit_tiny_l1_20260316_073725/best_model.pth'
2026-03-16 16:09:08,677 - INFO - --------------------------------------------------
2026-03-16 16:09:08,677 - INFO - [LR]    [64/90] | Learning Rate: 0.000330
2026-03-16 16:16:34,359 - INFO - [Train] [64/90] | Loss: 0.4067 | Train Acc: 86.78%
2026-03-16 16:17:13,364 - INFO - [Valid] [64/90] | Loss: 0.4071 | Val Acc: 86.79%
2026-03-16 16:17:13,503 - INFO - [Metrics for 'Normal'] | Precision: 0.8823 | Recall: 0.8654 | F1: 0.8738
2026-03-16 16:17:13,503 - INFO - [Metrics for 'Defect'] | Precision: 0.8525 | Recall: 0.8708 | F1: 0.8615
2026-03-16 16:17:13,550 - INFO - --------------------------------------------------
2026-03-16 16:17:13,550 - INFO - [LR]    [65/90] | Learning Rate: 0.000315
2026-03-16 16:24:39,565 - INFO - [Train] [65/90] | Loss: 0.4063 | Train Acc: 86.82%
2026-03-16 16:25:18,297 - INFO - [Valid] [65/90] | Loss: 0.4057 | Val Acc: 86.90%
2026-03-16 16:25:18,446 - INFO - [Metrics for 'Normal'] | Precision: 0.8862 | Recall: 0.8628 | F1: 0.8743
2026-03-16 16:25:18,446 - INFO - [Metrics for 'Defect'] | Precision: 0.8508 | Recall: 0.8760 | F1: 0.8632
2026-03-16 16:25:18,513 - INFO - [Best Model Saved] (val loss: 0.4057) -> 'log/Sewer_ML_params/baseline_deit_tiny_l1_20260316_073725/best_model.pth'
2026-03-16 16:25:18,514 - INFO - --------------------------------------------------
2026-03-16 16:25:18,514 - INFO - [LR]    [66/90] | Learning Rate: 0.000300
2026-03-16 16:32:44,199 - INFO - [Train] [66/90] | Loss: 0.4060 | Train Acc: 86.85%
2026-03-16 16:33:23,156 - INFO - [Valid] [66/90] | Loss: 0.4056 | Val Acc: 86.87%
2026-03-16 16:33:23,313 - INFO - [Metrics for 'Normal'] | Precision: 0.8869 | Recall: 0.8613 | F1: 0.8739
2026-03-16 16:33:23,313 - INFO - [Metrics for 'Defect'] | Precision: 0.8497 | Recall: 0.8770 | F1: 0.8631
2026-03-16 16:33:23,367 - INFO - [Best Model Saved] (val loss: 0.4056) -> 'log/Sewer_ML_params/baseline_deit_tiny_l1_20260316_073725/best_model.pth'
2026-03-16 16:33:23,367 - INFO - --------------------------------------------------
2026-03-16 16:33:23,367 - INFO - [LR]    [67/90] | Learning Rate: 0.000285
2026-03-16 16:40:49,670 - INFO - [Train] [67/90] | Loss: 0.4057 | Train Acc: 86.83%
2026-03-16 16:41:28,701 - INFO - [Valid] [67/90] | Loss: 0.4053 | Val Acc: 86.90%
2026-03-16 16:41:28,890 - INFO - [Metrics for 'Normal'] | Precision: 0.8795 | Recall: 0.8713 | F1: 0.8754
2026-03-16 16:41:28,890 - INFO - [Metrics for 'Defect'] | Precision: 0.8574 | Recall: 0.8664 | F1: 0.8619
2026-03-16 16:41:28,960 - INFO - [Best Model Saved] (val loss: 0.4053) -> 'log/Sewer_ML_params/baseline_deit_tiny_l1_20260316_073725/best_model.pth'
2026-03-16 16:41:28,960 - INFO - --------------------------------------------------
2026-03-16 16:41:28,961 - INFO - [LR]    [68/90] | Learning Rate: 0.000271
2026-03-16 16:48:55,316 - INFO - [Train] [68/90] | Loss: 0.4057 | Train Acc: 86.88%
2026-03-16 16:49:34,292 - INFO - [Valid] [68/90] | Loss: 0.4072 | Val Acc: 86.75%
2026-03-16 16:49:34,431 - INFO - [Metrics for 'Normal'] | Precision: 0.8879 | Recall: 0.8574 | F1: 0.8724
2026-03-16 16:49:34,431 - INFO - [Metrics for 'Defect'] | Precision: 0.8463 | Recall: 0.8789 | F1: 0.8623
2026-03-16 16:49:34,479 - INFO - --------------------------------------------------
2026-03-16 16:49:34,479 - INFO - [LR]    [69/90] | Learning Rate: 0.000258
2026-03-16 16:57:00,453 - INFO - [Train] [69/90] | Loss: 0.4053 | Train Acc: 86.88%
2026-03-16 16:57:39,534 - INFO - [Valid] [69/90] | Loss: 0.4057 | Val Acc: 86.88%
2026-03-16 16:57:39,682 - INFO - [Metrics for 'Normal'] | Precision: 0.8897 | Recall: 0.8579 | F1: 0.8735
2026-03-16 16:57:39,683 - INFO - [Metrics for 'Defect'] | Precision: 0.8471 | Recall: 0.8809 | F1: 0.8637
2026-03-16 16:57:39,730 - INFO - --------------------------------------------------
2026-03-16 16:57:39,730 - INFO - [LR]    [70/90] | Learning Rate: 0.000245
2026-03-16 17:05:06,726 - INFO - [Train] [70/90] | Loss: 0.4049 | Train Acc: 86.91%
2026-03-16 17:05:45,854 - INFO - [Valid] [70/90] | Loss: 0.4056 | Val Acc: 86.86%
2026-03-16 17:05:46,005 - INFO - [Metrics for 'Normal'] | Precision: 0.8910 | Recall: 0.8560 | F1: 0.8731
2026-03-16 17:05:46,005 - INFO - [Metrics for 'Defect'] | Precision: 0.8456 | Recall: 0.8828 | F1: 0.8638
2026-03-16 17:05:46,053 - INFO - --------------------------------------------------
2026-03-16 17:05:46,053 - INFO - [LR]    [71/90] | Learning Rate: 0.000232
2026-03-16 17:13:12,126 - INFO - [Train] [71/90] | Loss: 0.4047 | Train Acc: 86.93%
2026-03-16 17:13:51,602 - INFO - [Valid] [71/90] | Loss: 0.4052 | Val Acc: 86.87%
2026-03-16 17:13:51,793 - INFO - [Metrics for 'Normal'] | Precision: 0.8768 | Recall: 0.8742 | F1: 0.8755
2026-03-16 17:13:51,793 - INFO - [Metrics for 'Defect'] | Precision: 0.8597 | Recall: 0.8625 | F1: 0.8611
2026-03-16 17:13:51,860 - INFO - [Best Model Saved] (val loss: 0.4052) -> 'log/Sewer_ML_params/baseline_deit_tiny_l1_20260316_073725/best_model.pth'
2026-03-16 17:13:51,861 - INFO - --------------------------------------------------
2026-03-16 17:13:51,861 - INFO - [LR]    [72/90] | Learning Rate: 0.000220
2026-03-16 17:21:15,904 - INFO - [Train] [72/90] | Loss: 0.4044 | Train Acc: 86.96%
2026-03-16 17:21:55,255 - INFO - [Valid] [72/90] | Loss: 0.4048 | Val Acc: 86.90%
2026-03-16 17:21:55,394 - INFO - [Metrics for 'Normal'] | Precision: 0.8837 | Recall: 0.8659 | F1: 0.8747
2026-03-16 17:21:55,394 - INFO - [Metrics for 'Defect'] | Precision: 0.8532 | Recall: 0.8725 | F1: 0.8627
2026-03-16 17:21:55,447 - INFO - [Best Model Saved] (val loss: 0.4048) -> 'log/Sewer_ML_params/baseline_deit_tiny_l1_20260316_073725/best_model.pth'
2026-03-16 17:21:55,447 - INFO - --------------------------------------------------
2026-03-16 17:21:55,448 - INFO - [LR]    [73/90] | Learning Rate: 0.000208
2026-03-16 17:29:20,131 - INFO - [Train] [73/90] | Loss: 0.4043 | Train Acc: 86.95%
2026-03-16 17:29:59,775 - INFO - [Valid] [73/90] | Loss: 0.4043 | Val Acc: 86.94%
2026-03-16 17:29:59,950 - INFO - [Metrics for 'Normal'] | Precision: 0.8789 | Recall: 0.8728 | F1: 0.8759
2026-03-16 17:29:59,951 - INFO - [Metrics for 'Defect'] | Precision: 0.8588 | Recall: 0.8655 | F1: 0.8621
2026-03-16 17:30:00,020 - INFO - [Best Model Saved] (val loss: 0.4043) -> 'log/Sewer_ML_params/baseline_deit_tiny_l1_20260316_073725/best_model.pth'
2026-03-16 17:30:00,020 - INFO - --------------------------------------------------
2026-03-16 17:30:00,020 - INFO - [LR]    [74/90] | Learning Rate: 0.000197
2026-03-16 17:37:26,807 - INFO - [Train] [74/90] | Loss: 0.4041 | Train Acc: 86.96%
2026-03-16 17:38:05,986 - INFO - [Valid] [74/90] | Loss: 0.4049 | Val Acc: 86.91%
2026-03-16 17:38:06,174 - INFO - [Metrics for 'Normal'] | Precision: 0.8887 | Recall: 0.8598 | F1: 0.8740
2026-03-16 17:38:06,174 - INFO - [Metrics for 'Defect'] | Precision: 0.8486 | Recall: 0.8795 | F1: 0.8638
2026-03-16 17:38:06,235 - INFO - --------------------------------------------------
2026-03-16 17:38:06,236 - INFO - [LR]    [75/90] | Learning Rate: 0.000186
2026-03-16 17:45:32,720 - INFO - [Train] [75/90] | Loss: 0.4037 | Train Acc: 86.99%
2026-03-16 17:46:11,922 - INFO - [Valid] [75/90] | Loss: 0.4046 | Val Acc: 86.89%
2026-03-16 17:46:12,107 - INFO - [Metrics for 'Normal'] | Precision: 0.8896 | Recall: 0.8583 | F1: 0.8737
2026-03-16 17:46:12,107 - INFO - [Metrics for 'Defect'] | Precision: 0.8474 | Recall: 0.8808 | F1: 0.8638
2026-03-16 17:46:12,168 - INFO - --------------------------------------------------
2026-03-16 17:46:12,169 - INFO - [LR]    [76/90] | Learning Rate: 0.000176
2026-03-16 17:53:37,841 - INFO - [Train] [76/90] | Loss: 0.4036 | Train Acc: 87.01%
2026-03-16 17:54:17,227 - INFO - [Valid] [76/90] | Loss: 0.4048 | Val Acc: 86.92%
2026-03-16 17:54:17,378 - INFO - [Metrics for 'Normal'] | Precision: 0.8918 | Recall: 0.8563 | F1: 0.8737
2026-03-16 17:54:17,378 - INFO - [Metrics for 'Defect'] | Precision: 0.8460 | Recall: 0.8837 | F1: 0.8644
2026-03-16 17:54:17,426 - INFO - --------------------------------------------------
2026-03-16 17:54:17,426 - INFO - [LR]    [77/90] | Learning Rate: 0.000166
2026-03-16 18:01:44,455 - INFO - [Train] [77/90] | Loss: 0.4033 | Train Acc: 87.03%
2026-03-16 18:02:23,584 - INFO - [Valid] [77/90] | Loss: 0.4037 | Val Acc: 87.02%
2026-03-16 18:02:23,775 - INFO - [Metrics for 'Normal'] | Precision: 0.8806 | Recall: 0.8725 | F1: 0.8765
2026-03-16 18:02:23,775 - INFO - [Metrics for 'Defect'] | Precision: 0.8588 | Recall: 0.8676 | F1: 0.8632
2026-03-16 18:02:23,846 - INFO - [Best Model Saved] (val loss: 0.4037) -> 'log/Sewer_ML_params/baseline_deit_tiny_l1_20260316_073725/best_model.pth'
2026-03-16 18:02:23,847 - INFO - --------------------------------------------------
2026-03-16 18:02:23,847 - INFO - [LR]    [78/90] | Learning Rate: 0.000157
2026-03-16 18:09:49,111 - INFO - [Train] [78/90] | Loss: 0.4032 | Train Acc: 87.05%
2026-03-16 18:10:28,088 - INFO - [Valid] [78/90] | Loss: 0.4037 | Val Acc: 86.99%
2026-03-16 18:10:28,275 - INFO - [Metrics for 'Normal'] | Precision: 0.8824 | Recall: 0.8696 | F1: 0.8759
2026-03-16 18:10:28,275 - INFO - [Metrics for 'Defect'] | Precision: 0.8564 | Recall: 0.8703 | F1: 0.8633
2026-03-16 18:10:28,342 - INFO - [Best Model Saved] (val loss: 0.4037) -> 'log/Sewer_ML_params/baseline_deit_tiny_l1_20260316_073725/best_model.pth'
2026-03-16 18:10:28,343 - INFO - --------------------------------------------------
2026-03-16 18:10:28,343 - INFO - [LR]    [79/90] | Learning Rate: 0.000149
2026-03-16 18:17:53,861 - INFO - [Train] [79/90] | Loss: 0.4030 | Train Acc: 87.06%
2026-03-16 18:18:33,141 - INFO - [Valid] [79/90] | Loss: 0.4040 | Val Acc: 86.93%
2026-03-16 18:18:33,329 - INFO - [Metrics for 'Normal'] | Precision: 0.8784 | Recall: 0.8735 | F1: 0.8760
2026-03-16 18:18:33,329 - INFO - [Metrics for 'Defect'] | Precision: 0.8593 | Recall: 0.8647 | F1: 0.8620
2026-03-16 18:18:33,390 - INFO - --------------------------------------------------
2026-03-16 18:18:33,391 - INFO - [LR]    [80/90] | Learning Rate: 0.000141
2026-03-16 18:26:01,208 - INFO - [Train] [80/90] | Loss: 0.4028 | Train Acc: 87.07%
2026-03-16 18:26:39,906 - INFO - [Valid] [80/90] | Loss: 0.4041 | Val Acc: 86.91%
2026-03-16 18:26:40,086 - INFO - [Metrics for 'Normal'] | Precision: 0.8836 | Recall: 0.8662 | F1: 0.8748
2026-03-16 18:26:40,086 - INFO - [Metrics for 'Defect'] | Precision: 0.8535 | Recall: 0.8723 | F1: 0.8628
2026-03-16 18:26:40,148 - INFO - --------------------------------------------------
2026-03-16 18:26:40,148 - INFO - [LR]    [81/90] | Learning Rate: 0.000134
2026-03-16 18:34:05,697 - INFO - [Train] [81/90] | Loss: 0.4027 | Train Acc: 87.06%
2026-03-16 18:34:44,961 - INFO - [Valid] [81/90] | Loss: 0.4035 | Val Acc: 86.97%
2026-03-16 18:34:45,144 - INFO - [Metrics for 'Normal'] | Precision: 0.8771 | Recall: 0.8761 | F1: 0.8766
2026-03-16 18:34:45,144 - INFO - [Metrics for 'Defect'] | Precision: 0.8615 | Recall: 0.8626 | F1: 0.8620
2026-03-16 18:34:45,212 - INFO - [Best Model Saved] (val loss: 0.4035) -> 'log/Sewer_ML_params/baseline_deit_tiny_l1_20260316_073725/best_model.pth'
2026-03-16 18:34:45,212 - INFO - --------------------------------------------------
2026-03-16 18:34:45,213 - INFO - [LR]    [82/90] | Learning Rate: 0.000128
2026-03-16 18:42:10,248 - INFO - [Train] [82/90] | Loss: 0.4024 | Train Acc: 87.11%
2026-03-16 18:42:49,334 - INFO - [Valid] [82/90] | Loss: 0.4040 | Val Acc: 87.02%
2026-03-16 18:42:49,483 - INFO - [Metrics for 'Normal'] | Precision: 0.8847 | Recall: 0.8672 | F1: 0.8759
2026-03-16 18:42:49,483 - INFO - [Metrics for 'Defect'] | Precision: 0.8546 | Recall: 0.8735 | F1: 0.8639
2026-03-16 18:42:49,531 - INFO - --------------------------------------------------
2026-03-16 18:42:49,531 - INFO - [LR]    [83/90] | Learning Rate: 0.000122
2026-03-16 18:50:16,764 - INFO - [Train] [83/90] | Loss: 0.4023 | Train Acc: 87.09%
2026-03-16 18:50:56,207 - INFO - [Valid] [83/90] | Loss: 0.4036 | Val Acc: 87.02%
2026-03-16 18:50:56,347 - INFO - [Metrics for 'Normal'] | Precision: 0.8776 | Recall: 0.8765 | F1: 0.8770
2026-03-16 18:50:56,347 - INFO - [Metrics for 'Defect'] | Precision: 0.8620 | Recall: 0.8631 | F1: 0.8625
2026-03-16 18:50:56,395 - INFO - --------------------------------------------------
2026-03-16 18:50:56,396 - INFO - [LR]    [84/90] | Learning Rate: 0.000117
2026-03-16 18:58:23,197 - INFO - [Train] [84/90] | Loss: 0.4023 | Train Acc: 87.09%
2026-03-16 18:59:02,194 - INFO - [Valid] [84/90] | Loss: 0.4037 | Val Acc: 87.00%
2026-03-16 18:59:02,344 - INFO - [Metrics for 'Normal'] | Precision: 0.8800 | Recall: 0.8729 | F1: 0.8764
2026-03-16 18:59:02,344 - INFO - [Metrics for 'Defect'] | Precision: 0.8590 | Recall: 0.8668 | F1: 0.8629
2026-03-16 18:59:02,392 - INFO - --------------------------------------------------
2026-03-16 18:59:02,392 - INFO - [LR]    [85/90] | Learning Rate: 0.000112
2026-03-16 19:06:29,369 - INFO - [Train] [85/90] | Loss: 0.4023 | Train Acc: 87.08%
2026-03-16 19:07:08,609 - INFO - [Valid] [85/90] | Loss: 0.4044 | Val Acc: 86.95%
2026-03-16 19:07:08,797 - INFO - [Metrics for 'Normal'] | Precision: 0.8890 | Recall: 0.8604 | F1: 0.8745
2026-03-16 19:07:08,797 - INFO - [Metrics for 'Defect'] | Precision: 0.8492 | Recall: 0.8797 | F1: 0.8642
2026-03-16 19:07:08,859 - INFO - --------------------------------------------------
2026-03-16 19:07:08,859 - INFO - [LR]    [86/90] | Learning Rate: 0.000109
2026-03-16 19:14:42,662 - INFO - [Train] [86/90] | Loss: 0.4021 | Train Acc: 87.12%
2026-03-16 19:15:21,965 - INFO - [Valid] [86/90] | Loss: 0.4036 | Val Acc: 87.02%
2026-03-16 19:15:22,124 - INFO - [Metrics for 'Normal'] | Precision: 0.8841 | Recall: 0.8680 | F1: 0.8760
2026-03-16 19:15:22,124 - INFO - [Metrics for 'Defect'] | Precision: 0.8552 | Recall: 0.8726 | F1: 0.8639
2026-03-16 19:15:22,185 - INFO - --------------------------------------------------
2026-03-16 19:15:22,186 - INFO - [LR]    [87/90] | Learning Rate: 0.000106
2026-03-16 19:22:51,165 - INFO - [Train] [87/90] | Loss: 0.4019 | Train Acc: 87.13%
2026-03-16 19:23:30,562 - INFO - [Valid] [87/90] | Loss: 0.4036 | Val Acc: 86.95%
2026-03-16 19:23:30,753 - INFO - [Metrics for 'Normal'] | Precision: 0.8880 | Recall: 0.8616 | F1: 0.8746
2026-03-16 19:23:30,753 - INFO - [Metrics for 'Defect'] | Precision: 0.8501 | Recall: 0.8784 | F1: 0.8640
2026-03-16 19:23:30,815 - INFO - --------------------------------------------------
2026-03-16 19:23:30,816 - INFO - [LR]    [88/90] | Learning Rate: 0.000103
2026-03-16 19:30:58,207 - INFO - [Train] [88/90] | Loss: 0.4019 | Train Acc: 87.11%
2026-03-16 19:31:38,005 - INFO - [Valid] [88/90] | Loss: 0.4039 | Val Acc: 86.92%
2026-03-16 19:31:38,187 - INFO - [Metrics for 'Normal'] | Precision: 0.8802 | Recall: 0.8708 | F1: 0.8755
2026-03-16 19:31:38,187 - INFO - [Metrics for 'Defect'] | Precision: 0.8571 | Recall: 0.8674 | F1: 0.8622
2026-03-16 19:31:38,249 - INFO - --------------------------------------------------
2026-03-16 19:31:38,250 - INFO - [LR]    [89/90] | Learning Rate: 0.000101
2026-03-16 19:39:15,004 - INFO - [Train] [89/90] | Loss: 0.4016 | Train Acc: 87.15%
2026-03-16 19:39:54,908 - INFO - [Valid] [89/90] | Loss: 0.4037 | Val Acc: 87.00%
2026-03-16 19:39:55,114 - INFO - [Metrics for 'Normal'] | Precision: 0.8858 | Recall: 0.8655 | F1: 0.8755
2026-03-16 19:39:55,115 - INFO - [Metrics for 'Defect'] | Precision: 0.8532 | Recall: 0.8751 | F1: 0.8640
2026-03-16 19:39:55,195 - INFO - --------------------------------------------------
2026-03-16 19:39:55,196 - INFO - [LR]    [90/90] | Learning Rate: 0.000100
2026-03-16 19:47:26,463 - INFO - [Train] [90/90] | Loss: 0.4019 | Train Acc: 87.11%
2026-03-16 19:48:06,267 - INFO - [Valid] [90/90] | Loss: 0.4038 | Val Acc: 86.96%
2026-03-16 19:48:06,440 - INFO - [Metrics for 'Normal'] | Precision: 0.8868 | Recall: 0.8632 | F1: 0.8749
2026-03-16 19:48:06,440 - INFO - [Metrics for 'Defect'] | Precision: 0.8513 | Recall: 0.8767 | F1: 0.8638
2026-03-16 19:48:06,493 - INFO - ==================================================
2026-03-16 19:48:06,493 - INFO - 훈련 완료. 최고 성능 모델을 불러와 테스트 세트로 최종 평가합니다.
2026-03-16 19:48:06,494 - INFO - 최종 평가를 위해 새로운 모델 객체를 생성합니다.
2026-03-16 19:48:06,494 - INFO - Baseline 모델 'deit_tiny'을(를) 생성합니다 (사전 훈련 가중치: 미사용).
2026-03-16 19:48:06,556 - INFO - timm 모델(deit_tiny)의 Attention.forward를 Pruning 호환성을 위해 Monkey-patching 합니다.
2026-03-16 19:48:06,557 - INFO - 최종 평가 모델에 Pruning 구조를 재적용합니다.
2026-03-16 19:48:07,587 - INFO - torch-pruning을 사용한 L1 Norm Pruning을 시작합니다.
2026-03-16 19:48:07,587 - INFO - 분류 레이어 'Linear'을(를) Pruning 대상에서 제외합니다.
2026-03-16 19:48:07,587 - INFO - ViT 계열 모델의 모든 qkv 레이어를 Pruning 대상에서 제외합니다.
2026-03-16 19:48:07,666 - INFO - 저장된 pruning_history를 사용해 Pruning 구조를 재현했습니다.
2026-03-16 19:48:07,666 - INFO - torch-pruning 완료. 모델 구조가 희소도(0.9629)에 맞춰 변경되었습니다.
2026-03-16 19:48:07,666 - INFO - ==================================================
2026-03-16 19:48:07,677 - INFO - 최고 성능 모델 가중치를 새로 생성된 모델 객체에 로드 완료: 'log/Sewer_ML_params/baseline_deit_tiny_l1_20260316_073725/best_model.pth'
2026-03-16 19:48:07,678 - INFO - ==================================================
2026-03-16 19:48:07,678 - INFO - Test 모드를 시작합니다.
2026-03-16 19:48:07,678 - INFO - FLOPs 및 MACs 측정을 시작합니다...
2026-03-16 19:48:07,692 - INFO - Model FLOPs: 0.0294 GFLOPs
2026-03-16 19:48:07,692 - INFO - Model MACs: 0.0147 GMACs
2026-03-16 19:48:07,826 - INFO - 테스트 데이터셋에 대한 추론을 시작합니다.
2026-03-16 19:48:46,285 - INFO - [Test] Loss: 0.3239 | Test Acc: 86.97%
2026-03-16 19:48:46,442 - INFO - [Metrics for 'Normal'] | Precision: 0.8771 | Recall: 0.8761 | F1: 0.8766
2026-03-16 19:48:46,443 - INFO - [Metrics for 'Defect'] | Precision: 0.8615 | Recall: 0.8626 | F1: 0.8620
2026-03-16 19:48:46,756 - INFO - ==================================================
2026-03-16 19:48:46,756 - INFO - 혼동 행렬 저장 완료. 'log/Sewer_ML_params/baseline_deit_tiny_l1_20260316_073725/confusion_matrix_20260316_073725.png' and 'log/Sewer_ML_params/baseline_deit_tiny_l1_20260316_073725/confusion_matrix_20260316_073725.pdf'
2026-03-16 19:48:46,871 - INFO - Val Acc 그래프 저장 완료: 'log/Sewer_ML_params/baseline_deit_tiny_l1_20260316_073725/graph_20260316_073725/val_acc.png' and 'log/Sewer_ML_params/baseline_deit_tiny_l1_20260316_073725/graph_20260316_073725/val_acc.pdf'
2026-03-16 19:48:46,999 - INFO - Train/Val Acc 그래프 저장 완료: 'log/Sewer_ML_params/baseline_deit_tiny_l1_20260316_073725/graph_20260316_073725/train_val_acc.png' and 'log/Sewer_ML_params/baseline_deit_tiny_l1_20260316_073725/graph_20260316_073725/train_val_acc.pdf'
2026-03-16 19:48:47,088 - INFO - F1 (Normal) 그래프 저장 완료: 'log/Sewer_ML_params/baseline_deit_tiny_l1_20260316_073725/graph_20260316_073725/F1_normal.png' and 'log/Sewer_ML_params/baseline_deit_tiny_l1_20260316_073725/graph_20260316_073725/F1_normal.pdf'
2026-03-16 19:48:47,179 - INFO - Validation Loss 그래프 저장 완료: 'log/Sewer_ML_params/baseline_deit_tiny_l1_20260316_073725/graph_20260316_073725/val_loss.png' and 'log/Sewer_ML_params/baseline_deit_tiny_l1_20260316_073725/graph_20260316_073725/val_loss.pdf'
2026-03-16 19:48:47,269 - INFO - Learning Rate 그래프 저장 완료: 'log/Sewer_ML_params/baseline_deit_tiny_l1_20260316_073725/graph_20260316_073725/learning_rate.png' and 'log/Sewer_ML_params/baseline_deit_tiny_l1_20260316_073725/graph_20260316_073725/learning_rate.pdf'
2026-03-16 19:48:49,550 - INFO - 종합 그래프 저장 완료: 'log/Sewer_ML_params/baseline_deit_tiny_l1_20260316_073725/graph_20260316_073725/compile.png' and 'log/Sewer_ML_params/baseline_deit_tiny_l1_20260316_073725/graph_20260316_073725/compile.pdf'
